MONGO_CONNECTION=mongodb://localhost:27017/test_db CUSTOMCONNSTR_mongo_collection=test_sgvs ./node_modules/mocha/bin/_mocha --timeout 30000 --exit --bail -R tap tests/*.js
Profile not updated yet. Converted profile: {
  defaultProfile: 'Default',
  store: { Default: { timezone: 'UTC', basal: [Array] } },
  startDate: '2015-06-21',
  _id: undefined,
  convertedOnTheFly: true
}
Profile not updated yet. Converted profile: {
  defaultProfile: 'Default',
  store: { Default: { sens: 95, carbratio: 18, carbs_hr: 30 } },
  startDate: '2015-06-21',
  _id: undefined,
  convertedOnTheFly: true
}
Profile not updated yet. Converted profile: {
  defaultProfile: 'Default',
  store: { Default: { dia: 3, sens: 0 } },
  startDate: '1980-01-01',
  _id: undefined,
  convertedOnTheFly: true
}
Profile not updated yet. Converted profile: {
  defaultProfile: 'Default',
  store: {
    Default: {
      dia: 3,
      carbs_hr: 30,
      carbratio: 7,
      sens: 35,
      target_low: 95,
      target_high: 120
    }
  },
  startDate: '1980-01-01',
  _id: undefined,
  convertedOnTheFly: true
}
Profile not updated yet. Converted profile: {
  defaultProfile: 'Default',
  store: {
    Default: {
      timezone: 'Coordinated Universal Time',
      sens: [Array],
      dia: 3,
      carbratio: [Array],
      carbs_hr: 30,
      basal: [Array],
      target_low: 4.5,
      target_high: 8,
      units: 'mmol'
    }
  },
  startDate: '2015-06-21',
  _id: undefined,
  convertedOnTheFly: true
}
Pushover is ready to push
Pushover is ready to push
Pushover is ready to push
Pushover is ready to push
API_SECRET has 159 bits of entropy
++++++++++++++++++++++++++++++
Nightscout Executing startBoot
++++++++++++++++++++++++++++++
Executing checkNodeVersion
Node LTS version v14.21.3 is supported
Executing checkEnv
Executing augmentSettings
Executing checkSettings
Checking settings
Executing setupStorage
Setting up new connection to MongoDB
Successfully established connection to MongoDB
Mongo user role seems ok: []
Mongo Storage system ready
Executing setupAuthorization
ensuring index for: auth_roles.name
ensuring index for: auth_subjects.name
Reloading auth data
Loading { sort: { name: 1 } }
Roles listed
Loading { sort: { name: 1 } }
Executing setupInternals
Pushover was NOT configured
Executing ensureIndexes
Ensuring indexes
ensuring index for: test_sgvs.date
ensuring index for: test_sgvs.type
ensuring index for: test_sgvs.sgv
ensuring index for: test_sgvs.mbg
ensuring index for: test_sgvs.sysTime
ensuring index for: test_sgvs.dateString
ensuring index for: test_sgvs.[object Object]
ensuring index for: treatments.created_at
ensuring index for: treatments.eventType
ensuring index for: treatments.insulin
ensuring index for: treatments.carbs
ensuring index for: treatments.glucose
ensuring index for: treatments.enteredBy
ensuring index for: treatments.boluscalc.foods._id
ensuring index for: treatments.notes
ensuring index for: treatments.NSCLIENT_ID
ensuring index for: treatments.percent
ensuring index for: treatments.absolute
ensuring index for: treatments.duration
ensuring index for: treatments.[object Object]
ensuring index for: devicestatus.created_at
ensuring index for: devicestatus.NSCLIENT_ID
ensuring index for: profile.startDate
ensuring index for: food.type
ensuring index for: food.position
ensuring index for: food.hidden
ensuring index for: activity.created_at
Executing setupListeners
Executing setupConnect
Skipping disabled nightscout-connect
Executing setupBridge
Dexcom bridge not enabled
Executing setupMMConnect
MiniMed Connect not enabled
Executing finishBoot
tick 2026-01-18T05:42:53.517Z
API KEY present, enabling API
enabling feature: careportal
enabling feature: api
ok 1 Clean MONGO after tests wipe treatment data
API_SECRET has 159 bits of entropy
++++++++++++++++++++++++++++++
Nightscout Executing startBoot
++++++++++++++++++++++++++++++
Executing checkNodeVersion
Node LTS version v14.21.3 is supported
Executing checkEnv
Executing augmentSettings
Executing checkSettings
Checking settings
Executing setupStorage
Reusing MongoDB connection handler
Mongo Storage system ready
Executing setupAuthorization
ensuring index for: auth_roles.name
ensuring index for: auth_subjects.name
Reloading auth data
Loading { sort: { name: 1 } }
Load Complete:
	 sgvs:3, treatments:2, devicestatus:2
data loaded: reloading sandbox data and updating plugins
Roles listed
Loading { sort: { name: 1 } }
Executing setupInternals
Pushover was NOT configured
Executing ensureIndexes
Ensuring indexes
ensuring index for: test_sgvs.date
ensuring index for: test_sgvs.type
ensuring index for: test_sgvs.sgv
ensuring index for: test_sgvs.mbg
ensuring index for: test_sgvs.sysTime
ensuring index for: test_sgvs.dateString
ensuring index for: test_sgvs.[object Object]
ensuring index for: treatments.created_at
ensuring index for: treatments.eventType
ensuring index for: treatments.insulin
ensuring index for: treatments.carbs
ensuring index for: treatments.glucose
ensuring index for: treatments.enteredBy
ensuring index for: treatments.boluscalc.foods._id
ensuring index for: treatments.notes
ensuring index for: treatments.NSCLIENT_ID
ensuring index for: treatments.percent
ensuring index for: treatments.absolute
ensuring index for: treatments.duration
ensuring index for: treatments.[object Object]
ensuring index for: devicestatus.created_at
ensuring index for: devicestatus.NSCLIENT_ID
ensuring index for: profile.startDate
ensuring index for: food.type
ensuring index for: food.position
ensuring index for: food.hidden
ensuring index for: activity.created_at
Executing setupListeners
Executing setupConnect
Skipping disabled nightscout-connect
Executing setupBridge
Dexcom bridge not enabled
Executing setupMMConnect
MiniMed Connect not enabled
Executing finishBoot
tick 2026-01-18T05:42:53.552Z
API KEY present, enabling API
enabling feature: careportal
enabling feature: api
ok 2 Clean MONGO after tests wipe entries data
Load Complete:
	 sgvs:3, devicestatus:2
data loaded: reloading sandbox data and updating plugins
ok 3 adminnotifies should aggregate a message
Nightscout bundle ready
language is en
Application appears to be online
Authentication passed.
Client connected to server.
Authorizing socket
+++++Data for /api/v1/devicestatus.json?count=500 sent
+++++Data for /api/v1/treatments.json?&find[created_at][$gte]= sent
+++++Data for /api/v1/entries.json?&find[date][$gte]= sent
language is en
Application appears to be online
Client connected to server.
Authorizing socket
got dataUpdate 2026-01-18T05:42:53.791Z
Unable to find element for #chartContainer
Unable to find element for #chartContainer
Confirm: Delete all documents from devicestatus collection?
Running action 0 on plugin cleanstatusdb
Confirm: Delete old documents from devicestatus collection?
Running action 1 on plugin cleanstatusdb
+++++Data for /api/v1/devicestatus/?find[created_at][$lte]= sent
Confirm: Remove 1 selected records?
Running action 0 on plugin futureitems
Confirm: Remove 1 selected records?
Running action 1 on plugin futureitems
Confirm: Delete old documents from treatments collection?
Running action 0 on plugin cleantreatmentsdb
+++++Data for /api/v1/treatments/?find[created_at][$lte]= sent
Confirm: Delete old documents from entries collection?
Running action 0 on plugin cleanentriesdb
+++++Data for /api/v1/entries/?find[date][$lte]= sent
ok 4 admintools should produce some html
API_SECRET has 159 bits of entropy
++++++++++++++++++++++++++++++
Nightscout Executing startBoot
++++++++++++++++++++++++++++++
Executing checkNodeVersion
Node LTS version v14.21.3 is supported
Executing checkEnv
Executing augmentSettings
Executing checkSettings
Checking settings
Executing setupStorage
Reusing MongoDB connection handler
Mongo Storage system ready
Executing setupAuthorization
ensuring index for: auth_roles.name
ensuring index for: auth_subjects.name
Reloading auth data
Loading { sort: { name: 1 } }
Roles listed
Loading { sort: { name: 1 } }
Executing setupInternals
Pushover was NOT configured
Executing ensureIndexes
Ensuring indexes
ensuring index for: test_sgvs.date
ensuring index for: test_sgvs.type
ensuring index for: test_sgvs.sgv
ensuring index for: test_sgvs.mbg
ensuring index for: test_sgvs.sysTime
ensuring index for: test_sgvs.dateString
ensuring index for: test_sgvs.[object Object]
ensuring index for: treatments.created_at
ensuring index for: treatments.eventType
ensuring index for: treatments.insulin
ensuring index for: treatments.carbs
ensuring index for: treatments.glucose
ensuring index for: treatments.enteredBy
ensuring index for: treatments.boluscalc.foods._id
ensuring index for: treatments.notes
ensuring index for: treatments.NSCLIENT_ID
ensuring index for: treatments.percent
ensuring index for: treatments.absolute
ensuring index for: treatments.duration
ensuring index for: treatments.[object Object]
ensuring index for: devicestatus.created_at
ensuring index for: devicestatus.NSCLIENT_ID
ensuring index for: profile.startDate
ensuring index for: food.type
ensuring index for: food.position
ensuring index for: food.hidden
ensuring index for: activity.created_at
Executing setupListeners
Executing setupConnect
Skipping disabled nightscout-connect
Executing setupBridge
Dexcom bridge not enabled
Executing setupMMConnect
MiniMed Connect not enabled
Executing finishBoot
tick 2026-01-18T05:42:53.819Z
API KEY present, enabling API
enabling feature: careportal
enabling feature: api
Load Complete:
	 devicestatus:2
data loaded: reloading sandbox data and updating plugins
got data-received event, requesting reload
got data-received event, requesting reload
Load Complete:
	 devicestatus:2
data loaded: reloading sandbox data and updating plugins
Load Complete:
	 devicestatus:2
data loaded: reloading sandbox data and updating plugins
got data-received event, requesting reload
Load Complete:
	 sgvs:1, devicestatus:2
data loaded: reloading sandbox data and updating plugins
      ✓ AAPS SGV entry stored with all metadata
        device: AndroidAPS-DexcomG6, app: AAPS, sgv: 120
ok 5 AAPS Client Document Handling AAPS Entry Format SGV entry with AAPS device metadata is stored correctly
API_SECRET has 159 bits of entropy
++++++++++++++++++++++++++++++
Nightscout Executing startBoot
++++++++++++++++++++++++++++++
Executing checkNodeVersion
Node LTS version v14.21.3 is supported
Executing checkEnv
Executing augmentSettings
Executing checkSettings
Checking settings
Executing setupStorage
Reusing MongoDB connection handler
Mongo Storage system ready
Executing setupAuthorization
ensuring index for: auth_roles.name
ensuring index for: auth_subjects.name
Reloading auth data
Loading { sort: { name: 1 } }
Roles listed
Loading { sort: { name: 1 } }
Executing setupInternals
Pushover was NOT configured
Executing ensureIndexes
Ensuring indexes
ensuring index for: test_sgvs.date
ensuring index for: test_sgvs.type
ensuring index for: test_sgvs.sgv
ensuring index for: test_sgvs.mbg
ensuring index for: test_sgvs.sysTime
ensuring index for: test_sgvs.dateString
ensuring index for: test_sgvs.[object Object]
ensuring index for: treatments.created_at
ensuring index for: treatments.eventType
ensuring index for: treatments.insulin
ensuring index for: treatments.carbs
ensuring index for: treatments.glucose
ensuring index for: treatments.enteredBy
ensuring index for: treatments.boluscalc.foods._id
ensuring index for: treatments.notes
ensuring index for: treatments.NSCLIENT_ID
ensuring index for: treatments.percent
ensuring index for: treatments.absolute
ensuring index for: treatments.duration
ensuring index for: treatments.[object Object]
ensuring index for: devicestatus.created_at
ensuring index for: devicestatus.NSCLIENT_ID
ensuring index for: profile.startDate
ensuring index for: food.type
ensuring index for: food.position
ensuring index for: food.hidden
ensuring index for: activity.created_at
Executing setupListeners
Executing setupConnect
Skipping disabled nightscout-connect
Executing setupBridge
Dexcom bridge not enabled
Executing setupMMConnect
MiniMed Connect not enabled
Executing finishBoot
tick 2026-01-18T05:42:53.877Z
API KEY present, enabling API
enabling feature: careportal
enabling feature: api
Load Complete:
	 sgvs:1, devicestatus:2
data loaded: reloading sandbox data and updating plugins
got data-received event, requesting reload
Load Complete:
	 sgvs:1, devicestatus:2
data loaded: reloading sandbox data and updating plugins
got data-received event, requesting reload
Load Complete:
	 devicestatus:2
data loaded: reloading sandbox data and updating plugins
got data-received event, requesting reload
REST API treatment created [
  {
    eventType: 'Correction Bolus',
    insulin: 0.25,
    created_at: '2026-01-18T05:42:53.025Z',
    date: 1768714973025,
    type: 'SMB',
    isValid: true,
    isSMB: true,
    pumpId: 4148,
    pumpType: 'ACCU_CHEK_INSIGHT_BLUETOOTH',
    pumpSerial: '33013206',
    app: 'AAPS',
    utcOffset: 0,
    _id: new ObjectId("696c72ddcc4c6d62366fe7b2")
  }
]
      ✓ SMB bolus stored with AAPS pump metadata
        pumpId: 4148, pumpType: ACCU_CHEK_INSIGHT_BLUETOOTH, insulin: 0.25U
ok 6 AAPS Client Document Handling AAPS Treatment Formats SMB (Super Micro Bolus) is stored with AAPS metadata
Load Complete:
	 treatments:1, devicestatus:2
data loaded: reloading sandbox data and updating plugins
API_SECRET has 159 bits of entropy
++++++++++++++++++++++++++++++
Nightscout Executing startBoot
++++++++++++++++++++++++++++++
Executing checkNodeVersion
Node LTS version v14.21.3 is supported
Executing checkEnv
Executing augmentSettings
Executing checkSettings
Checking settings
Executing setupStorage
Reusing MongoDB connection handler
Mongo Storage system ready
Executing setupAuthorization
ensuring index for: auth_roles.name
ensuring index for: auth_subjects.name
Reloading auth data
Loading { sort: { name: 1 } }
Roles listed
Loading { sort: { name: 1 } }
Executing setupInternals
Pushover was NOT configured
Executing ensureIndexes
Ensuring indexes
ensuring index for: test_sgvs.date
ensuring index for: test_sgvs.type
ensuring index for: test_sgvs.sgv
ensuring index for: test_sgvs.mbg
ensuring index for: test_sgvs.sysTime
ensuring index for: test_sgvs.dateString
ensuring index for: test_sgvs.[object Object]
ensuring index for: treatments.created_at
ensuring index for: treatments.eventType
ensuring index for: treatments.insulin
ensuring index for: treatments.carbs
ensuring index for: treatments.glucose
ensuring index for: treatments.enteredBy
ensuring index for: treatments.boluscalc.foods._id
ensuring index for: treatments.notes
ensuring index for: treatments.NSCLIENT_ID
ensuring index for: treatments.percent
ensuring index for: treatments.absolute
ensuring index for: treatments.duration
ensuring index for: treatments.[object Object]
ensuring index for: devicestatus.created_at
ensuring index for: devicestatus.NSCLIENT_ID
ensuring index for: profile.startDate
ensuring index for: food.type
ensuring index for: food.position
ensuring index for: food.hidden
ensuring index for: activity.created_at
Executing setupListeners
Executing setupConnect
Skipping disabled nightscout-connect
Executing setupBridge
Dexcom bridge not enabled
Executing setupMMConnect
MiniMed Connect not enabled
Executing finishBoot
tick 2026-01-18T05:42:53.922Z
API KEY present, enabling API
enabling feature: careportal
enabling feature: api
got data-received event, requesting reload
Load Complete:
	 treatments:1, devicestatus:2
data loaded: reloading sandbox data and updating plugins
Load Complete:
	 devicestatus:2
data loaded: reloading sandbox data and updating plugins
got data-received event, requesting reload
Load Complete:
	 devicestatus:2
data loaded: reloading sandbox data and updating plugins
got data-received event, requesting reload
REST API treatment created [
  {
    eventType: 'Meal Bolus',
    insulin: 8.1,
    carbs: 45,
    created_at: '2026-01-18T05:42:53.025Z',
    date: 1768714973025,
    type: 'NORMAL',
    isValid: true,
    isSMB: false,
    pumpId: 4102,
    pumpType: 'ACCU_CHEK_INSIGHT_BLUETOOTH',
    pumpSerial: '33013206',
    app: 'AAPS',
    utcOffset: 0,
    _id: new ObjectId("696c72ddcc4c6d62366fe811")
  }
]
Load Complete:
	 treatments:1, devicestatus:2
data loaded: reloading sandbox data and updating plugins
      ✓ Meal bolus stored with insulin and carbs
        insulin: 8.1U, carbs: 45g
ok 7 AAPS Client Document Handling AAPS Treatment Formats Meal Bolus with carbs is stored correctly
API_SECRET has 159 bits of entropy
++++++++++++++++++++++++++++++
Nightscout Executing startBoot
++++++++++++++++++++++++++++++
Executing checkNodeVersion
Node LTS version v14.21.3 is supported
Executing checkEnv
Executing augmentSettings
Executing checkSettings
Checking settings
Executing setupStorage
Reusing MongoDB connection handler
Mongo Storage system ready
Executing setupAuthorization
ensuring index for: auth_roles.name
ensuring index for: auth_subjects.name
Reloading auth data
Loading { sort: { name: 1 } }
Roles listed
Loading { sort: { name: 1 } }
Executing setupInternals
Pushover was NOT configured
Executing ensureIndexes
Ensuring indexes
ensuring index for: test_sgvs.date
ensuring index for: test_sgvs.type
ensuring index for: test_sgvs.sgv
ensuring index for: test_sgvs.mbg
ensuring index for: test_sgvs.sysTime
ensuring index for: test_sgvs.dateString
ensuring index for: test_sgvs.[object Object]
ensuring index for: treatments.created_at
ensuring index for: treatments.eventType
ensuring index for: treatments.insulin
ensuring index for: treatments.carbs
ensuring index for: treatments.glucose
ensuring index for: treatments.enteredBy
ensuring index for: treatments.boluscalc.foods._id
ensuring index for: treatments.notes
ensuring index for: treatments.NSCLIENT_ID
ensuring index for: treatments.percent
ensuring index for: treatments.absolute
ensuring index for: treatments.duration
ensuring index for: treatments.[object Object]
ensuring index for: devicestatus.created_at
ensuring index for: devicestatus.NSCLIENT_ID
ensuring index for: profile.startDate
ensuring index for: food.type
ensuring index for: food.position
ensuring index for: food.hidden
ensuring index for: activity.created_at
Executing setupListeners
Executing setupConnect
Skipping disabled nightscout-connect
Executing setupBridge
Dexcom bridge not enabled
Executing setupMMConnect
MiniMed Connect not enabled
Executing finishBoot
tick 2026-01-18T05:42:53.962Z
API KEY present, enabling API
enabling feature: careportal
enabling feature: api
Load Complete:
	 treatments:1, devicestatus:2
data loaded: reloading sandbox data and updating plugins
got data-received event, requesting reload
Load Complete:
	 devicestatus:2
data loaded: reloading sandbox data and updating plugins
got data-received event, requesting reload
Load Complete:
	 devicestatus:2
data loaded: reloading sandbox data and updating plugins
got data-received event, requesting reload
REST API treatment created [
  {
    eventType: 'Temp Basal',
    created_at: '2026-01-18T05:42:53.025Z',
    enteredBy: 'openaps://AndroidAPS',
    isValid: true,
    duration: 60,
    rate: 0,
    type: 'NORMAL',
    absolute: 0,
    pumpId: 284835,
    pumpType: 'ACCU_CHEK_INSIGHT_BLUETOOTH',
    pumpSerial: '33013206',
    app: 'AAPS',
    utcOffset: 0,
    _id: new ObjectId("696c72ddcc4c6d62366fe872")
  }
]
Load Complete:
	 treatments:1, devicestatus:2, tempbasalTreatments:1
data loaded: reloading sandbox data and updating plugins
      ✓ Temp basal stored with duration and rate
        duration: 60min, rate: 0U/hr
ok 8 AAPS Client Document Handling AAPS Treatment Formats Temp Basal with duration and rate is stored correctly
API_SECRET has 159 bits of entropy
++++++++++++++++++++++++++++++
Nightscout Executing startBoot
++++++++++++++++++++++++++++++
Executing checkNodeVersion
Node LTS version v14.21.3 is supported
Executing checkEnv
Executing augmentSettings
Executing checkSettings
Checking settings
Executing setupStorage
Reusing MongoDB connection handler
Mongo Storage system ready
Executing setupAuthorization
ensuring index for: auth_roles.name
ensuring index for: auth_subjects.name
Reloading auth data
Loading { sort: { name: 1 } }
Roles listed
Loading { sort: { name: 1 } }
Executing setupInternals
Pushover was NOT configured
Executing ensureIndexes
Ensuring indexes
ensuring index for: test_sgvs.date
ensuring index for: test_sgvs.type
ensuring index for: test_sgvs.sgv
ensuring index for: test_sgvs.mbg
ensuring index for: test_sgvs.sysTime
ensuring index for: test_sgvs.dateString
ensuring index for: test_sgvs.[object Object]
ensuring index for: treatments.created_at
ensuring index for: treatments.eventType
ensuring index for: treatments.insulin
ensuring index for: treatments.carbs
ensuring index for: treatments.glucose
ensuring index for: treatments.enteredBy
ensuring index for: treatments.boluscalc.foods._id
ensuring index for: treatments.notes
ensuring index for: treatments.NSCLIENT_ID
ensuring index for: treatments.percent
ensuring index for: treatments.absolute
ensuring index for: treatments.duration
ensuring index for: treatments.[object Object]
ensuring index for: devicestatus.created_at
ensuring index for: devicestatus.NSCLIENT_ID
ensuring index for: profile.startDate
ensuring index for: food.type
ensuring index for: food.position
ensuring index for: food.hidden
ensuring index for: activity.created_at
Executing setupListeners
Executing setupConnect
Skipping disabled nightscout-connect
Executing setupBridge
Dexcom bridge not enabled
Executing setupMMConnect
MiniMed Connect not enabled
Executing finishBoot
tick 2026-01-18T05:42:54.004Z
API KEY present, enabling API
enabling feature: careportal
enabling feature: api
Load Complete:
	 treatments:1, devicestatus:2, tempbasalTreatments:1
data loaded: reloading sandbox data and updating plugins
got data-received event, requesting reload
Load Complete:
	 devicestatus:2
data loaded: reloading sandbox data and updating plugins
got data-received event, requesting reload
Load Complete:
	 devicestatus:2
data loaded: reloading sandbox data and updating plugins
got data-received event, requesting reload
REST API treatment created [
  {
    eventType: 'Correction Bolus',
    insulin: 0.25,
    created_at: '2026-01-18T05:42:53.025Z',
    date: 1768714973025,
    type: 'SMB',
    isValid: true,
    isSMB: true,
    pumpId: 4148,
    pumpType: 'ACCU_CHEK_INSIGHT_BLUETOOTH',
    pumpSerial: '33013206',
    app: 'AAPS',
    utcOffset: 0,
    _id: new ObjectId("696c72decc4c6d62366fe8d1")
  }
]
Load Complete:
	 treatments:1, devicestatus:2
data loaded: reloading sandbox data and updating plugins
      ✓ Pump deduplication fields preserved
ok 9 AAPS Client Document Handling AAPS Pump Metadata Preservation pumpId, pumpType, pumpSerial are preserved for deduplication
API_SECRET has 159 bits of entropy
++++++++++++++++++++++++++++++
Nightscout Executing startBoot
++++++++++++++++++++++++++++++
Executing checkNodeVersion
Node LTS version v14.21.3 is supported
Executing checkEnv
Executing augmentSettings
Executing checkSettings
Checking settings
Executing setupStorage
Reusing MongoDB connection handler
Mongo Storage system ready
Executing setupAuthorization
ensuring index for: auth_roles.name
ensuring index for: auth_subjects.name
Reloading auth data
Loading { sort: { name: 1 } }
Roles listed
Loading { sort: { name: 1 } }
Executing setupInternals
Pushover was NOT configured
Executing ensureIndexes
Ensuring indexes
ensuring index for: test_sgvs.date
ensuring index for: test_sgvs.type
ensuring index for: test_sgvs.sgv
ensuring index for: test_sgvs.mbg
ensuring index for: test_sgvs.sysTime
ensuring index for: test_sgvs.dateString
ensuring index for: test_sgvs.[object Object]
ensuring index for: treatments.created_at
ensuring index for: treatments.eventType
ensuring index for: treatments.insulin
ensuring index for: treatments.carbs
ensuring index for: treatments.glucose
ensuring index for: treatments.enteredBy
ensuring index for: treatments.boluscalc.foods._id
ensuring index for: treatments.notes
ensuring index for: treatments.NSCLIENT_ID
ensuring index for: treatments.percent
ensuring index for: treatments.absolute
ensuring index for: treatments.duration
ensuring index for: treatments.[object Object]
ensuring index for: devicestatus.created_at
ensuring index for: devicestatus.NSCLIENT_ID
ensuring index for: profile.startDate
ensuring index for: food.type
ensuring index for: food.position
ensuring index for: food.hidden
ensuring index for: activity.created_at
Executing setupListeners
Executing setupConnect
Skipping disabled nightscout-connect
Executing setupBridge
Dexcom bridge not enabled
Executing setupMMConnect
MiniMed Connect not enabled
Executing finishBoot
tick 2026-01-18T05:42:54.043Z
API KEY present, enabling API
enabling feature: careportal
enabling feature: api
Load Complete:
	 treatments:1, devicestatus:2
data loaded: reloading sandbox data and updating plugins
got data-received event, requesting reload
Load Complete:
	 devicestatus:2
data loaded: reloading sandbox data and updating plugins
got data-received event, requesting reload
Load Complete:
	 devicestatus:2
data loaded: reloading sandbox data and updating plugins
got data-received event, requesting reload
REST API treatment created [
  {
    eventType: 'Correction Bolus',
    insulin: 0.25,
    created_at: '2026-01-18T05:42:53.025Z',
    date: 1768714973025,
    type: 'SMB',
    isValid: true,
    isSMB: true,
    pumpId: 4148,
    pumpType: 'ACCU_CHEK_INSIGHT_BLUETOOTH',
    pumpSerial: '33013206',
    app: 'AAPS',
    utcOffset: 0,
    _id: new ObjectId("696c72decc4c6d62366fe930")
  }
]
Load Complete:
	 treatments:1, devicestatus:2
data loaded: reloading sandbox data and updating plugins
      ✓ AAPS boolean flags preserved
ok 10 AAPS Client Document Handling AAPS Pump Metadata Preservation isValid and isSMB flags are preserved
API_SECRET has 159 bits of entropy
++++++++++++++++++++++++++++++
Nightscout Executing startBoot
++++++++++++++++++++++++++++++
Executing checkNodeVersion
Node LTS version v14.21.3 is supported
Executing checkEnv
Executing augmentSettings
Executing checkSettings
Checking settings
Executing setupStorage
Reusing MongoDB connection handler
Mongo Storage system ready
Executing setupAuthorization
ensuring index for: auth_roles.name
ensuring index for: auth_subjects.name
Reloading auth data
Loading { sort: { name: 1 } }
Roles listed
Loading { sort: { name: 1 } }
Executing setupInternals
Pushover was NOT configured
Executing ensureIndexes
Ensuring indexes
ensuring index for: test_sgvs.date
ensuring index for: test_sgvs.type
ensuring index for: test_sgvs.sgv
ensuring index for: test_sgvs.mbg
ensuring index for: test_sgvs.sysTime
ensuring index for: test_sgvs.dateString
ensuring index for: test_sgvs.[object Object]
ensuring index for: treatments.created_at
ensuring index for: treatments.eventType
ensuring index for: treatments.insulin
ensuring index for: treatments.carbs
ensuring index for: treatments.glucose
ensuring index for: treatments.enteredBy
ensuring index for: treatments.boluscalc.foods._id
ensuring index for: treatments.notes
ensuring index for: treatments.NSCLIENT_ID
ensuring index for: treatments.percent
ensuring index for: treatments.absolute
ensuring index for: treatments.duration
ensuring index for: treatments.[object Object]
ensuring index for: devicestatus.created_at
ensuring index for: devicestatus.NSCLIENT_ID
ensuring index for: profile.startDate
ensuring index for: food.type
ensuring index for: food.position
ensuring index for: food.hidden
ensuring index for: activity.created_at
Executing setupListeners
Executing setupConnect
Skipping disabled nightscout-connect
Executing setupBridge
Dexcom bridge not enabled
Executing setupMMConnect
MiniMed Connect not enabled
Executing finishBoot
tick 2026-01-18T05:42:54.077Z
API KEY present, enabling API
enabling feature: careportal
enabling feature: api
Load Complete:
	 treatments:1, devicestatus:2
data loaded: reloading sandbox data and updating plugins
got data-received event, requesting reload
got data-received event, requesting reload
Load Complete:
	 devicestatus:2
data loaded: reloading sandbox data and updating plugins
Load Complete:
	 devicestatus:2
data loaded: reloading sandbox data and updating plugins
got data-received event, requesting reload
REST API treatment created [
  {
    eventType: 'Meal Bolus',
    insulin: 8.1,
    carbs: 45,
    created_at: '2026-01-18T05:42:53.025Z',
    date: 1768714973025,
    type: 'NORMAL',
    isValid: true,
    isSMB: false,
    pumpId: 4102,
    pumpType: 'ACCU_CHEK_INSIGHT_BLUETOOTH',
    pumpSerial: '33013206',
    app: 'AAPS',
    utcOffset: 0,
    _id: new ObjectId("696c72decc4c6d62366fe990")
  }
]
      ✓ Single-item array processed correctly
ok 11 AAPS Client Document Handling AAPS Single vs Batch Behavior single document wrapped in array is processed correctly
Load Complete:
	 treatments:1, devicestatus:2
data loaded: reloading sandbox data and updating plugins
API_SECRET has 159 bits of entropy
++++++++++++++++++++++++++++++
Nightscout Executing startBoot
++++++++++++++++++++++++++++++
Executing checkNodeVersion
Node LTS version v14.21.3 is supported
Executing checkEnv
Executing augmentSettings
Executing checkSettings
Checking settings
Executing setupStorage
Reusing MongoDB connection handler
Mongo Storage system ready
Executing setupAuthorization
ensuring index for: auth_roles.name
ensuring index for: auth_subjects.name
Reloading auth data
Loading { sort: { name: 1 } }
Roles listed
Loading { sort: { name: 1 } }
Executing setupInternals
Pushover was NOT configured
Executing ensureIndexes
Ensuring indexes
ensuring index for: test_sgvs.date
ensuring index for: test_sgvs.type
ensuring index for: test_sgvs.sgv
ensuring index for: test_sgvs.mbg
ensuring index for: test_sgvs.sysTime
ensuring index for: test_sgvs.dateString
ensuring index for: test_sgvs.[object Object]
ensuring index for: treatments.created_at
ensuring index for: treatments.eventType
ensuring index for: treatments.insulin
ensuring index for: treatments.carbs
ensuring index for: treatments.glucose
ensuring index for: treatments.enteredBy
ensuring index for: treatments.boluscalc.foods._id
ensuring index for: treatments.notes
ensuring index for: treatments.NSCLIENT_ID
ensuring index for: treatments.percent
ensuring index for: treatments.absolute
ensuring index for: treatments.duration
ensuring index for: treatments.[object Object]
ensuring index for: devicestatus.created_at
ensuring index for: devicestatus.NSCLIENT_ID
ensuring index for: profile.startDate
ensuring index for: food.type
ensuring index for: food.position
ensuring index for: food.hidden
ensuring index for: activity.created_at
Executing setupListeners
Executing setupConnect
Skipping disabled nightscout-connect
Executing setupBridge
Dexcom bridge not enabled
Executing setupMMConnect
MiniMed Connect not enabled
Executing finishBoot
tick 2026-01-18T05:42:54.115Z
API KEY present, enabling API
enabling feature: careportal
enabling feature: api
got data-received event, requesting reload
Load Complete:
	 devicestatus:2
data loaded: reloading sandbox data and updating plugins
got data-received event, requesting reload
Load Complete:
	 devicestatus:2
data loaded: reloading sandbox data and updating plugins
Load Complete:
	 devicestatus:2
data loaded: reloading sandbox data and updating plugins
got data-received event, requesting reload
REST API treatment created [
  {
    eventType: 'Correction Bolus',
    insulin: 0.25,
    created_at: '2026-01-18T05:42:53.025Z',
    date: 1768714973025,
    type: 'SMB',
    isValid: true,
    isSMB: true,
    pumpId: 4148,
    pumpType: 'ACCU_CHEK_INSIGHT_BLUETOOTH',
    pumpSerial: '33013206',
    app: 'AAPS',
    utcOffset: 0,
    _id: new ObjectId("696c72decc4c6d62366fe9ee")
  },
  {
    eventType: 'Meal Bolus',
    insulin: 8.1,
    carbs: 45,
    created_at: '2026-01-18T05:42:53.025Z',
    date: 1768714973025,
    type: 'NORMAL',
    isValid: true,
    isSMB: false,
    pumpId: 4102,
    pumpType: 'ACCU_CHEK_INSIGHT_BLUETOOTH',
    pumpSerial: '33013206',
    app: 'AAPS',
    utcOffset: 0,
    _id: new ObjectId("696c72decc4c6d62366fe9f0")
  },
  {
    eventType: 'Temp Basal',
    created_at: '2026-01-18T05:42:53.025Z',
    enteredBy: 'openaps://AndroidAPS',
    isValid: true,
    duration: 60,
    rate: 0,
    type: 'NORMAL',
    absolute: 0,
    pumpId: 284835,
    pumpType: 'ACCU_CHEK_INSIGHT_BLUETOOTH',
    pumpSerial: '33013206',
    app: 'AAPS',
    utcOffset: 0,
    _id: new ObjectId("696c72decc4c6d62366fe9f2")
  }
]
Load Complete:
	 treatments:3, devicestatus:2, tempbasalTreatments:1
data loaded: reloading sandbox data and updating plugins
      ✓ AAPS batch insert works correctly
ok 12 AAPS Client Document Handling AAPS Single vs Batch Behavior multiple AAPS documents can be batched
API_SECRET has 159 bits of entropy
++++++++++++++++++++++++++++++
Nightscout Executing startBoot
++++++++++++++++++++++++++++++
Executing checkNodeVersion
Node LTS version v14.21.3 is supported
Executing checkEnv
Executing augmentSettings
Executing checkSettings
Checking settings
Executing setupStorage
Reusing MongoDB connection handler
Mongo Storage system ready
Executing setupAuthorization
ensuring index for: auth_roles.name
ensuring index for: auth_subjects.name
Reloading auth data
Loading { sort: { name: 1 } }
Roles listed
Loading { sort: { name: 1 } }
Executing setupInternals
Pushover was NOT configured
Executing ensureIndexes
Ensuring indexes
ensuring index for: test_sgvs.date
ensuring index for: test_sgvs.type
ensuring index for: test_sgvs.sgv
ensuring index for: test_sgvs.mbg
ensuring index for: test_sgvs.sysTime
ensuring index for: test_sgvs.dateString
ensuring index for: test_sgvs.[object Object]
ensuring index for: treatments.created_at
ensuring index for: treatments.eventType
ensuring index for: treatments.insulin
ensuring index for: treatments.carbs
ensuring index for: treatments.glucose
ensuring index for: treatments.enteredBy
ensuring index for: treatments.boluscalc.foods._id
ensuring index for: treatments.notes
ensuring index for: treatments.NSCLIENT_ID
ensuring index for: treatments.percent
ensuring index for: treatments.absolute
ensuring index for: treatments.duration
ensuring index for: treatments.[object Object]
ensuring index for: devicestatus.created_at
ensuring index for: devicestatus.NSCLIENT_ID
ensuring index for: profile.startDate
ensuring index for: food.type
ensuring index for: food.position
ensuring index for: food.hidden
ensuring index for: activity.created_at
Executing setupListeners
Executing setupConnect
Skipping disabled nightscout-connect
Executing setupBridge
Dexcom bridge not enabled
Executing setupMMConnect
MiniMed Connect not enabled
Executing finishBoot
tick 2026-01-18T05:42:54.151Z
API KEY present, enabling API
enabling feature: careportal
enabling feature: api
got data-received event, requesting reload
Load Complete:
	 devicestatus:2
data loaded: reloading sandbox data and updating plugins
got data-received event, requesting reload
Load Complete:
	 devicestatus:2
data loaded: reloading sandbox data and updating plugins
Load Complete:
	 treatments:3, devicestatus:2, tempbasalTreatments:1
data loaded: reloading sandbox data and updating plugins
got data-received event, requesting reload
REST API treatment created [
  {
    eventType: 'Correction Bolus',
    insulin: 0.25,
    created_at: '2026-01-18T05:42:53.025Z',
    date: 1768714973025,
    type: 'SMB',
    isValid: true,
    isSMB: true,
    pumpId: 4148,
    pumpType: 'ACCU_CHEK_INSIGHT_BLUETOOTH',
    pumpSerial: '33013206',
    app: 'AAPS',
    utcOffset: 0,
    _id: new ObjectId("696c72decc4c6d62366fea51")
  }
]
      ✓ Response _id: 696c72decc4c6d62366fea51
ok 13 AAPS Client Document Handling AAPS Response Format response includes _id for AAPS to track inserted documents
Load Complete:
	 treatments:1, devicestatus:2
data loaded: reloading sandbox data and updating plugins
API_SECRET has 159 bits of entropy
++++++++++++++++++++++++++++++
Nightscout Executing startBoot
++++++++++++++++++++++++++++++
Executing checkNodeVersion
Node LTS version v14.21.3 is supported
Executing checkEnv
Executing augmentSettings
Executing checkSettings
Checking settings
Executing setupStorage
Reusing MongoDB connection handler
Mongo Storage system ready
Executing setupAuthorization
ensuring index for: auth_roles.name
ensuring index for: auth_subjects.name
Reloading auth data
Loading { sort: { name: 1 } }
Roles listed
Loading { sort: { name: 1 } }
Executing setupInternals
Pushover was NOT configured
Executing ensureIndexes
Ensuring indexes
ensuring index for: test_sgvs.date
ensuring index for: test_sgvs.type
ensuring index for: test_sgvs.sgv
ensuring index for: test_sgvs.mbg
ensuring index for: test_sgvs.sysTime
ensuring index for: test_sgvs.dateString
ensuring index for: test_sgvs.[object Object]
ensuring index for: treatments.created_at
ensuring index for: treatments.eventType
ensuring index for: treatments.insulin
ensuring index for: treatments.carbs
ensuring index for: treatments.glucose
ensuring index for: treatments.enteredBy
ensuring index for: treatments.boluscalc.foods._id
ensuring index for: treatments.notes
ensuring index for: treatments.NSCLIENT_ID
ensuring index for: treatments.percent
ensuring index for: treatments.absolute
ensuring index for: treatments.duration
ensuring index for: treatments.[object Object]
ensuring index for: devicestatus.created_at
ensuring index for: devicestatus.NSCLIENT_ID
ensuring index for: profile.startDate
ensuring index for: food.type
ensuring index for: food.position
ensuring index for: food.hidden
ensuring index for: activity.created_at
Executing setupListeners
Executing setupConnect
Skipping disabled nightscout-connect
Executing setupBridge
Dexcom bridge not enabled
Executing setupMMConnect
MiniMed Connect not enabled
Executing finishBoot
tick 2026-01-18T05:42:54.182Z
API KEY present, enabling API
enabling feature: careportal
enabling feature: api
got data-received event, requesting reload
Load Complete:
	 devicestatus:2
data loaded: reloading sandbox data and updating plugins
got data-received event, requesting reload
Load Complete:
	 devicestatus:2
data loaded: reloading sandbox data and updating plugins
Load Complete:
	 treatments:1, devicestatus:2
data loaded: reloading sandbox data and updating plugins
got data-received event, requesting reload
Load Complete:
	 sgvs:1, devicestatus:2
data loaded: reloading sandbox data and updating plugins
      ✓ utcOffset recalculated from dateString: 120 minutes (from 2026-01-18T10:30:00+02:00)
ok 14 AAPS Client Document Handling AAPS utcOffset Handling utcOffset is recalculated from dateString timezone info
API_SECRET has 159 bits of entropy
++++++++++++++++++++++++++++++
Nightscout Executing startBoot
++++++++++++++++++++++++++++++
Executing checkNodeVersion
Node LTS version v14.21.3 is supported
Executing checkEnv
Executing augmentSettings
Executing checkSettings
Checking settings
Executing setupStorage
Reusing MongoDB connection handler
Mongo Storage system ready
Executing setupAuthorization
ensuring index for: auth_roles.name
ensuring index for: auth_subjects.name
Reloading auth data
Loading { sort: { name: 1 } }
Roles listed
Loading { sort: { name: 1 } }
Executing setupInternals
Pushover was NOT configured
Executing ensureIndexes
Ensuring indexes
ensuring index for: test_sgvs.date
ensuring index for: test_sgvs.type
ensuring index for: test_sgvs.sgv
ensuring index for: test_sgvs.mbg
ensuring index for: test_sgvs.sysTime
ensuring index for: test_sgvs.dateString
ensuring index for: test_sgvs.[object Object]
ensuring index for: treatments.created_at
ensuring index for: treatments.eventType
ensuring index for: treatments.insulin
ensuring index for: treatments.carbs
ensuring index for: treatments.glucose
ensuring index for: treatments.enteredBy
ensuring index for: treatments.boluscalc.foods._id
ensuring index for: treatments.notes
ensuring index for: treatments.NSCLIENT_ID
ensuring index for: treatments.percent
ensuring index for: treatments.absolute
ensuring index for: treatments.duration
ensuring index for: treatments.[object Object]
ensuring index for: devicestatus.created_at
ensuring index for: devicestatus.NSCLIENT_ID
ensuring index for: profile.startDate
ensuring index for: food.type
ensuring index for: food.position
ensuring index for: food.hidden
ensuring index for: activity.created_at
Executing setupListeners
Executing setupConnect
Skipping disabled nightscout-connect
Executing setupBridge
Dexcom bridge not enabled
Executing setupMMConnect
MiniMed Connect not enabled
Executing finishBoot
tick 2026-01-18T05:42:54.216Z
API KEY present, enabling API
enabling feature: careportal
enabling feature: api
Inserting activity entry
Activity measure saved {
  created_at: '2024-10-26T20:32:49.173Z',
  heartrate: 120,
  steps: 0,
  activitylevel: '?',
  _id: new ObjectId("696c72dedd4dc41f4351bf1b")
}
Load Complete:
	 sgvs:1, devicestatus:2
data loaded: reloading sandbox data and updating plugins
Ensuring activity was inserted successfully
{"_id":"696c72dedd4dc41f4351bf1b","created_at":"2024-10-26T20:32:49.173Z","heartrate":120,"steps":0,"activitylevel":"?"}
Deleting test activity entry [
  {
    _id: '696c72dedd4dc41f4351bf1b',
    created_at: '2024-10-26T20:32:49.173Z',
    heartrate: 120,
    steps: 0,
    activitylevel: '?'
  }
]
Testing if activity was deleted
ok 15 Activity API put a activity, query, delete, verify gone
API_SECRET has 159 bits of entropy
++++++++++++++++++++++++++++++
Nightscout Executing startBoot
++++++++++++++++++++++++++++++
Executing checkNodeVersion
Node LTS version v14.21.3 is supported
Executing checkEnv
Executing augmentSettings
Executing checkSettings
Checking settings
Executing setupStorage
Reusing MongoDB connection handler
Mongo Storage system ready
Executing setupAuthorization
ensuring index for: auth_roles.name
ensuring index for: auth_subjects.name
Reloading auth data
Loading { sort: { name: 1 } }
Roles listed
Loading { sort: { name: 1 } }
Executing setupInternals
Pushover was NOT configured
Executing ensureIndexes
Ensuring indexes
ensuring index for: test_sgvs.date
ensuring index for: test_sgvs.type
ensuring index for: test_sgvs.sgv
ensuring index for: test_sgvs.mbg
ensuring index for: test_sgvs.sysTime
ensuring index for: test_sgvs.dateString
ensuring index for: test_sgvs.[object Object]
ensuring index for: treatments.created_at
ensuring index for: treatments.eventType
ensuring index for: treatments.insulin
ensuring index for: treatments.carbs
ensuring index for: treatments.glucose
ensuring index for: treatments.enteredBy
ensuring index for: treatments.boluscalc.foods._id
ensuring index for: treatments.notes
ensuring index for: treatments.NSCLIENT_ID
ensuring index for: treatments.percent
ensuring index for: treatments.absolute
ensuring index for: treatments.duration
ensuring index for: treatments.[object Object]
ensuring index for: devicestatus.created_at
ensuring index for: devicestatus.NSCLIENT_ID
ensuring index for: profile.startDate
ensuring index for: food.type
ensuring index for: food.position
ensuring index for: food.hidden
ensuring index for: activity.created_at
Executing setupListeners
Executing setupConnect
Skipping disabled nightscout-connect
Executing setupBridge
Dexcom bridge not enabled
Executing setupMMConnect
MiniMed Connect not enabled
Executing finishBoot
tick 2026-01-18T05:42:54.240Z
API KEY present, enabling API
enabling feature: careportal
enabling feature: api
Inserting activity entry
Activity measure created
Load Complete:
	 sgvs:1, devicestatus:2
data loaded: reloading sandbox data and updating plugins
Ensuring activity was inserted successfully
{"_id":"696c72decc4c6d62366feb20","created_at":"2024-10-26T20:32:49.173Z","heartrate":120,"steps":0,"activitylevel":"?"}
Deleting test activity entry [
  {
    _id: '696c72decc4c6d62366feb20',
    created_at: '2024-10-26T20:32:49.173Z',
    heartrate: 120,
    steps: 0,
    activitylevel: '?'
  }
]
Testing if activity was deleted
ok 16 Activity API post a activity, query, delete, verify gone
API_SECRET has 159 bits of entropy
++++++++++++++++++++++++++++++
Nightscout Executing startBoot
++++++++++++++++++++++++++++++
Executing checkNodeVersion
Node LTS version v14.21.3 is supported
Executing checkEnv
Executing augmentSettings
Executing checkSettings
Checking settings
Executing setupStorage
Reusing MongoDB connection handler
Mongo Storage system ready
Executing setupAuthorization
ensuring index for: auth_roles.name
ensuring index for: auth_subjects.name
Reloading auth data
Loading { sort: { name: 1 } }
Roles listed
Loading { sort: { name: 1 } }
Executing setupInternals
Pushover was NOT configured
Configuring Alexa...
Executing ensureIndexes
Ensuring indexes
ensuring index for: test_sgvs.date
ensuring index for: test_sgvs.type
ensuring index for: test_sgvs.sgv
ensuring index for: test_sgvs.mbg
ensuring index for: test_sgvs.sysTime
ensuring index for: test_sgvs.dateString
ensuring index for: test_sgvs.[object Object]
ensuring index for: treatments.created_at
ensuring index for: treatments.eventType
ensuring index for: treatments.insulin
ensuring index for: treatments.carbs
ensuring index for: treatments.glucose
ensuring index for: treatments.enteredBy
ensuring index for: treatments.boluscalc.foods._id
ensuring index for: treatments.notes
ensuring index for: treatments.NSCLIENT_ID
ensuring index for: treatments.percent
ensuring index for: treatments.absolute
ensuring index for: treatments.duration
ensuring index for: treatments.[object Object]
ensuring index for: devicestatus.created_at
ensuring index for: devicestatus.NSCLIENT_ID
ensuring index for: profile.startDate
ensuring index for: food.type
ensuring index for: food.position
ensuring index for: food.hidden
ensuring index for: activity.created_at
Executing setupListeners
Executing setupConnect
Skipping disabled nightscout-connect
Executing setupBridge
Dexcom bridge not enabled
Executing setupMMConnect
MiniMed Connect not enabled
Executing finishBoot
tick 2026-01-18T05:42:54.266Z
Sun, 18 Jan 2026 05:42:54 GMT body-parser deprecated bodyParser: use individual json/urlencoded middlewares at tests/api.alexa.test.js:27:28
Sun, 18 Jan 2026 05:42:54 GMT body-parser deprecated undefined extended: provide extended option at node_modules/body-parser/index.js:104:29
Sun, 18 Jan 2026 05:42:54 GMT body-parser deprecated bodyParser: use individual json/urlencoded middlewares at tests/api.alexa.test.js:31:31
API KEY present, enabling API
enabling feature: alexa
Creating the rollup group:  Status
Storing handler for intent 'NSStatus'
Storing handler for intent 'MetricNow' for metric 'bg'
Storing handler for intent 'MetricNow' for metric 'blood glucose'
Storing handler for intent 'MetricNow' for metric 'number'
Incoming request from Alexa
Session launched
Load Complete:
	 sgvs:1, devicestatus:2
data loaded: reloading sandbox data and updating plugins
ok 17 Alexa REST api Launch Request
Incoming request from Alexa
Received intent request
{"name":"UNKNOWN"}
Looking for handler for intent 'UNKNOWN'
Not found!
ok 18 Alexa REST api Launch Request With Intent
Incoming request from Alexa
Session ended
ok 19 Alexa REST api Session Ended
API_SECRET has 159 bits of entropy
++++++++++++++++++++++++++++++
Nightscout Executing startBoot
++++++++++++++++++++++++++++++
Executing checkNodeVersion
Node LTS version v14.21.3 is supported
Executing checkEnv
Executing augmentSettings
Executing checkSettings
Checking settings
Executing setupStorage
Reusing MongoDB connection handler
Mongo Storage system ready
Executing setupAuthorization
ensuring index for: auth_roles.name
ensuring index for: auth_subjects.name
Reloading auth data
Loading { sort: { name: 1 } }
Roles listed
Loading { sort: { name: 1 } }
Executing setupInternals
Pushover was NOT configured
Executing ensureIndexes
Ensuring indexes
ensuring index for: test_sgvs.date
ensuring index for: test_sgvs.type
ensuring index for: test_sgvs.sgv
ensuring index for: test_sgvs.mbg
ensuring index for: test_sgvs.sysTime
ensuring index for: test_sgvs.dateString
ensuring index for: test_sgvs.[object Object]
ensuring index for: treatments.created_at
ensuring index for: treatments.eventType
ensuring index for: treatments.insulin
ensuring index for: treatments.carbs
ensuring index for: treatments.glucose
ensuring index for: treatments.enteredBy
ensuring index for: treatments.boluscalc.foods._id
ensuring index for: treatments.notes
ensuring index for: treatments.NSCLIENT_ID
ensuring index for: treatments.percent
ensuring index for: treatments.absolute
ensuring index for: treatments.duration
ensuring index for: treatments.[object Object]
ensuring index for: devicestatus.created_at
ensuring index for: devicestatus.NSCLIENT_ID
ensuring index for: profile.startDate
ensuring index for: food.type
ensuring index for: food.position
ensuring index for: food.hidden
ensuring index for: activity.created_at
Executing setupListeners
Executing setupConnect
Skipping disabled nightscout-connect
Executing setupBridge
Dexcom bridge not enabled
Executing setupMMConnect
MiniMed Connect not enabled
Executing finishBoot
tick 2026-01-18T05:42:54.291Z
API KEY present, enabling API
enabling feature: careportal
enabling feature: api
got data-received event, requesting reload
Load Complete:
	 sgvs:1, devicestatus:2
data loaded: reloading sandbox data and updating plugins
got data-received event, requesting reload
Load Complete:
	 sgvs:1, devicestatus:2
data loaded: reloading sandbox data and updating plugins
Load Complete:
	 devicestatus:2
data loaded: reloading sandbox data and updating plugins
got data-received event, requesting reload
REST API treatment created [
  {
    eventType: 'Correction Bolus',
    insulin: 0.25,
    created_at: '2026-01-18T05:42:53.027Z',
    date: 1768714973027,
    type: 'SMB',
    isValid: true,
    isSMB: true,
    pumpId: 4148,
    pumpType: 'ACCU_CHEK_INSIGHT_BLUETOOTH',
    pumpSerial: '33013206',
    app: 'AAPS',
    utcOffset: 0,
    _id: new ObjectId("696c72decc4c6d62366feba5")
  }
]
Load Complete:
	 treatments:1, devicestatus:2
data loaded: reloading sandbox data and updating plugins
got data-received event, requesting reload
REST API treatment created [
  {
    eventType: 'Correction Bolus',
    insulin: 0.25,
    created_at: '2026-01-18T05:42:53.027Z',
    date: 1768714973027,
    type: 'SMB',
    isValid: true,
    isSMB: true,
    pumpId: 4148,
    pumpType: 'ACCU_CHEK_INSIGHT_BLUETOOTH',
    pumpSerial: '33013206',
    app: 'AAPS',
    utcOffset: 0
  }
]
      First insert _id: 696c72decc4c6d62366feba5
      Second insert response: [{"eventType":"Correction Bolus","insulin":0.25,"created_at":"2026-01-18T05:42:53.027Z","date":1768714973027,"type":"SMB","isValid":true,"isSMB":true,"pumpId":4148,"pumpType":"ACCU_CHEK_INSIGHT_BLUETOOTH","pumpSerial":"33013206","app":"AAPS","utcOffset":0}]
Load Complete:
	 treatments:1, devicestatus:2
data loaded: reloading sandbox data and updating plugins
      ✓ AAPS pumpId deduplication working
ok 20 v1 API Deduplication Behavior AAPS Deduplication - pumpId based duplicate pumpId+pumpType+pumpSerial is detected and rejected
API_SECRET has 159 bits of entropy
++++++++++++++++++++++++++++++
Nightscout Executing startBoot
++++++++++++++++++++++++++++++
Executing checkNodeVersion
Node LTS version v14.21.3 is supported
Executing checkEnv
Executing augmentSettings
Executing checkSettings
Checking settings
Executing setupStorage
Reusing MongoDB connection handler
Mongo Storage system ready
Executing setupAuthorization
ensuring index for: auth_roles.name
ensuring index for: auth_subjects.name
Reloading auth data
Loading { sort: { name: 1 } }
Roles listed
Loading { sort: { name: 1 } }
Executing setupInternals
Pushover was NOT configured
Executing ensureIndexes
Ensuring indexes
ensuring index for: test_sgvs.date
ensuring index for: test_sgvs.type
ensuring index for: test_sgvs.sgv
ensuring index for: test_sgvs.mbg
ensuring index for: test_sgvs.sysTime
ensuring index for: test_sgvs.dateString
ensuring index for: test_sgvs.[object Object]
ensuring index for: treatments.created_at
ensuring index for: treatments.eventType
ensuring index for: treatments.insulin
ensuring index for: treatments.carbs
ensuring index for: treatments.glucose
ensuring index for: treatments.enteredBy
ensuring index for: treatments.boluscalc.foods._id
ensuring index for: treatments.notes
ensuring index for: treatments.NSCLIENT_ID
ensuring index for: treatments.percent
ensuring index for: treatments.absolute
ensuring index for: treatments.duration
ensuring index for: treatments.[object Object]
ensuring index for: devicestatus.created_at
ensuring index for: devicestatus.NSCLIENT_ID
ensuring index for: profile.startDate
ensuring index for: food.type
ensuring index for: food.position
ensuring index for: food.hidden
ensuring index for: activity.created_at
Executing setupListeners
Executing setupConnect
Skipping disabled nightscout-connect
Executing setupBridge
Dexcom bridge not enabled
Executing setupMMConnect
MiniMed Connect not enabled
Executing finishBoot
tick 2026-01-18T05:42:54.343Z
API KEY present, enabling API
enabling feature: careportal
enabling feature: api
Load Complete:
	 treatments:1, devicestatus:2
data loaded: reloading sandbox data and updating plugins
got data-received event, requesting reload
Load Complete:
	 devicestatus:2
data loaded: reloading sandbox data and updating plugins
got data-received event, requesting reload
Load Complete:
	 devicestatus:2
data loaded: reloading sandbox data and updating plugins
got data-received event, requesting reload
Load Complete:
	 sgvs:1, devicestatus:2
data loaded: reloading sandbox data and updating plugins
got data-received event, requesting reload
      ✓ AAPS entry deduplication working
ok 21 v1 API Deduplication Behavior AAPS Deduplication - pumpId based duplicate entry with same date+device+type is detected
Load Complete:
	 sgvs:1, devicestatus:2
data loaded: reloading sandbox data and updating plugins
API_SECRET has 159 bits of entropy
++++++++++++++++++++++++++++++
Nightscout Executing startBoot
++++++++++++++++++++++++++++++
Executing checkNodeVersion
Node LTS version v14.21.3 is supported
Executing checkEnv
Executing augmentSettings
Executing checkSettings
Checking settings
Executing setupStorage
Reusing MongoDB connection handler
Mongo Storage system ready
Executing setupAuthorization
ensuring index for: auth_roles.name
ensuring index for: auth_subjects.name
Reloading auth data
Loading { sort: { name: 1 } }
Roles listed
Loading { sort: { name: 1 } }
Executing setupInternals
Pushover was NOT configured
Executing ensureIndexes
Ensuring indexes
ensuring index for: test_sgvs.date
ensuring index for: test_sgvs.type
ensuring index for: test_sgvs.sgv
ensuring index for: test_sgvs.mbg
ensuring index for: test_sgvs.sysTime
ensuring index for: test_sgvs.dateString
ensuring index for: test_sgvs.[object Object]
ensuring index for: treatments.created_at
ensuring index for: treatments.eventType
ensuring index for: treatments.insulin
ensuring index for: treatments.carbs
ensuring index for: treatments.glucose
ensuring index for: treatments.enteredBy
ensuring index for: treatments.boluscalc.foods._id
ensuring index for: treatments.notes
ensuring index for: treatments.NSCLIENT_ID
ensuring index for: treatments.percent
ensuring index for: treatments.absolute
ensuring index for: treatments.duration
ensuring index for: treatments.[object Object]
ensuring index for: devicestatus.created_at
ensuring index for: devicestatus.NSCLIENT_ID
ensuring index for: profile.startDate
ensuring index for: food.type
ensuring index for: food.position
ensuring index for: food.hidden
ensuring index for: activity.created_at
Executing setupListeners
Executing setupConnect
Skipping disabled nightscout-connect
Executing setupBridge
Dexcom bridge not enabled
Executing setupMMConnect
MiniMed Connect not enabled
Executing finishBoot
tick 2026-01-18T05:42:54.387Z
API KEY present, enabling API
enabling feature: careportal
enabling feature: api
Load Complete:
	 sgvs:1, devicestatus:2
data loaded: reloading sandbox data and updating plugins
got data-received event, requesting reload
Load Complete:
	 sgvs:1, devicestatus:2
data loaded: reloading sandbox data and updating plugins
got data-received event, requesting reload
Load Complete:
	 devicestatus:2
data loaded: reloading sandbox data and updating plugins
got data-received event, requesting reload
REST API treatment created [
  {
    eventType: 'Carb Correction',
    carbs: 15,
    syncIdentifier: 'loop-sync-abc123',
    created_at: '2026-01-18T05:42:53.027Z',
    enteredBy: 'loop://iPhone',
    utcOffset: 0,
    _id: new ObjectId("696c72decc4c6d62366fec7e")
  }
]
Load Complete:
	 treatments:1, devicestatus:2
data loaded: reloading sandbox data and updating plugins
got data-received event, requesting reload
REST API treatment created [
  {
    eventType: 'Carb Correction',
    carbs: 15,
    syncIdentifier: 'loop-sync-abc123',
    created_at: '2026-01-18T05:42:53.027Z',
    enteredBy: 'loop://iPhone',
    utcOffset: 0
  }
]
      First insert _id: 696c72decc4c6d62366fec7e
      Second insert response: [{"eventType":"Carb Correction","carbs":15,"syncIdentifier":"loop-sync-abc123","created_at":"2026-01-18T05:42:53.027Z","enteredBy":"loop://iPhone","utcOffset":0}]
Load Complete:
	 treatments:1, devicestatus:2
data loaded: reloading sandbox data and updating plugins
      ✓ Loop syncIdentifier deduplication working
ok 22 v1 API Deduplication Behavior Loop Deduplication - syncIdentifier based duplicate syncIdentifier is detected and rejected
API_SECRET has 159 bits of entropy
++++++++++++++++++++++++++++++
Nightscout Executing startBoot
++++++++++++++++++++++++++++++
Executing checkNodeVersion
Node LTS version v14.21.3 is supported
Executing checkEnv
Executing augmentSettings
Executing checkSettings
Checking settings
Executing setupStorage
Reusing MongoDB connection handler
Mongo Storage system ready
Executing setupAuthorization
ensuring index for: auth_roles.name
ensuring index for: auth_subjects.name
Reloading auth data
Loading { sort: { name: 1 } }
Roles listed
Loading { sort: { name: 1 } }
Executing setupInternals
Pushover was NOT configured
Executing ensureIndexes
Ensuring indexes
ensuring index for: test_sgvs.date
ensuring index for: test_sgvs.type
ensuring index for: test_sgvs.sgv
ensuring index for: test_sgvs.mbg
ensuring index for: test_sgvs.sysTime
ensuring index for: test_sgvs.dateString
ensuring index for: test_sgvs.[object Object]
ensuring index for: treatments.created_at
ensuring index for: treatments.eventType
ensuring index for: treatments.insulin
ensuring index for: treatments.carbs
ensuring index for: treatments.glucose
ensuring index for: treatments.enteredBy
ensuring index for: treatments.boluscalc.foods._id
ensuring index for: treatments.notes
ensuring index for: treatments.NSCLIENT_ID
ensuring index for: treatments.percent
ensuring index for: treatments.absolute
ensuring index for: treatments.duration
ensuring index for: treatments.[object Object]
ensuring index for: devicestatus.created_at
ensuring index for: devicestatus.NSCLIENT_ID
ensuring index for: profile.startDate
ensuring index for: food.type
ensuring index for: food.position
ensuring index for: food.hidden
ensuring index for: activity.created_at
Executing setupListeners
Executing setupConnect
Skipping disabled nightscout-connect
Executing setupBridge
Dexcom bridge not enabled
Executing setupMMConnect
MiniMed Connect not enabled
Executing finishBoot
tick 2026-01-18T05:42:54.423Z
API KEY present, enabling API
enabling feature: careportal
enabling feature: api
Load Complete:
	 treatments:1, devicestatus:2
data loaded: reloading sandbox data and updating plugins
got data-received event, requesting reload
Load Complete:
	 devicestatus:2
data loaded: reloading sandbox data and updating plugins
got data-received event, requesting reload
Load Complete:
	 devicestatus:2
data loaded: reloading sandbox data and updating plugins
got data-received event, requesting reload
REST API treatment created [
  {
    eventType: 'Temp Basal',
    duration: 30,
    rate: 1.5,
    absolute: 1.5,
    syncIdentifier: 'loop-dose-xyz789',
    created_at: '2026-01-18T05:42:53.027Z',
    enteredBy: 'loop://iPhone',
    utcOffset: 0,
    _id: new ObjectId("696c72decc4c6d62366fecec")
  }
]
Load Complete:
	 treatments:1, devicestatus:2, tempbasalTreatments:1
data loaded: reloading sandbox data and updating plugins
got data-received event, requesting reload
REST API treatment created [
  {
    eventType: 'Temp Basal',
    duration: 30,
    rate: 1.5,
    absolute: 1.5,
    syncIdentifier: 'loop-dose-xyz789',
    created_at: '2026-01-18T05:42:53.027Z',
    enteredBy: 'loop://iPhone',
    utcOffset: 0
  }
]
Load Complete:
	 treatments:1, devicestatus:2, tempbasalTreatments:1
data loaded: reloading sandbox data and updating plugins
      ✓ Loop dose deduplication working
ok 23 v1 API Deduplication Behavior Loop Deduplication - syncIdentifier based duplicate dose with syncIdentifier is detected
API_SECRET has 159 bits of entropy
++++++++++++++++++++++++++++++
Nightscout Executing startBoot
++++++++++++++++++++++++++++++
Executing checkNodeVersion
Node LTS version v14.21.3 is supported
Executing checkEnv
Executing augmentSettings
Executing checkSettings
Checking settings
Executing setupStorage
Reusing MongoDB connection handler
Mongo Storage system ready
Executing setupAuthorization
ensuring index for: auth_roles.name
ensuring index for: auth_subjects.name
Reloading auth data
Loading { sort: { name: 1 } }
Roles listed
Loading { sort: { name: 1 } }
Executing setupInternals
Pushover was NOT configured
Executing ensureIndexes
Ensuring indexes
ensuring index for: test_sgvs.date
ensuring index for: test_sgvs.type
ensuring index for: test_sgvs.sgv
ensuring index for: test_sgvs.mbg
ensuring index for: test_sgvs.sysTime
ensuring index for: test_sgvs.dateString
ensuring index for: test_sgvs.[object Object]
ensuring index for: treatments.created_at
ensuring index for: treatments.eventType
ensuring index for: treatments.insulin
ensuring index for: treatments.carbs
ensuring index for: treatments.glucose
ensuring index for: treatments.enteredBy
ensuring index for: treatments.boluscalc.foods._id
ensuring index for: treatments.notes
ensuring index for: treatments.NSCLIENT_ID
ensuring index for: treatments.percent
ensuring index for: treatments.absolute
ensuring index for: treatments.duration
ensuring index for: treatments.[object Object]
ensuring index for: devicestatus.created_at
ensuring index for: devicestatus.NSCLIENT_ID
ensuring index for: profile.startDate
ensuring index for: food.type
ensuring index for: food.position
ensuring index for: food.hidden
ensuring index for: activity.created_at
Executing setupListeners
Executing setupConnect
Skipping disabled nightscout-connect
Executing setupBridge
Dexcom bridge not enabled
Executing setupMMConnect
MiniMed Connect not enabled
Executing finishBoot
tick 2026-01-18T05:42:54.458Z
API KEY present, enabling API
enabling feature: careportal
enabling feature: api
Load Complete:
	 treatments:1, devicestatus:2, tempbasalTreatments:1
data loaded: reloading sandbox data and updating plugins
got data-received event, requesting reload
Load Complete:
	 devicestatus:2
data loaded: reloading sandbox data and updating plugins
got data-received event, requesting reload
Load Complete:
	 devicestatus:2
data loaded: reloading sandbox data and updating plugins
got data-received event, requesting reload
REST API treatment created [
  {
    eventType: 'Meal Bolus',
    id: 'trio-uuid-abc123',
    insulin: 5,
    carbs: 45,
    created_at: '2026-01-18T05:42:53.027Z',
    enteredBy: 'Trio',
    utcOffset: 0,
    _id: new ObjectId("696c72decc4c6d62366fed58")
  }
]
Load Complete:
	 treatments:1, devicestatus:2
data loaded: reloading sandbox data and updating plugins
got data-received event, requesting reload
REST API treatment created [
  {
    eventType: 'Meal Bolus',
    id: 'trio-uuid-abc123',
    insulin: 5,
    carbs: 45,
    created_at: '2026-01-18T05:42:53.027Z',
    enteredBy: 'Trio',
    utcOffset: 0
  }
]
      First insert _id: 696c72decc4c6d62366fed58
      Second insert response: [{"eventType":"Meal Bolus","id":"trio-uuid-abc123","insulin":5,"carbs":45,"created_at":"2026-01-18T05:42:53.027Z","enteredBy":"Trio","utcOffset":0}]
Load Complete:
	 treatments:1, devicestatus:2
data loaded: reloading sandbox data and updating plugins
      ✓ Trio id field deduplication working
ok 24 v1 API Deduplication Behavior Trio Deduplication - id field based duplicate id field (UUID) is detected and rejected
API_SECRET has 159 bits of entropy
++++++++++++++++++++++++++++++
Nightscout Executing startBoot
++++++++++++++++++++++++++++++
Executing checkNodeVersion
Node LTS version v14.21.3 is supported
Executing checkEnv
Executing augmentSettings
Executing checkSettings
Checking settings
Executing setupStorage
Reusing MongoDB connection handler
Mongo Storage system ready
Executing setupAuthorization
ensuring index for: auth_roles.name
ensuring index for: auth_subjects.name
Reloading auth data
Loading { sort: { name: 1 } }
Roles listed
Loading { sort: { name: 1 } }
Executing setupInternals
Pushover was NOT configured
Executing ensureIndexes
Ensuring indexes
ensuring index for: test_sgvs.date
ensuring index for: test_sgvs.type
ensuring index for: test_sgvs.sgv
ensuring index for: test_sgvs.mbg
ensuring index for: test_sgvs.sysTime
ensuring index for: test_sgvs.dateString
ensuring index for: test_sgvs.[object Object]
ensuring index for: treatments.created_at
ensuring index for: treatments.eventType
ensuring index for: treatments.insulin
ensuring index for: treatments.carbs
ensuring index for: treatments.glucose
ensuring index for: treatments.enteredBy
ensuring index for: treatments.boluscalc.foods._id
ensuring index for: treatments.notes
ensuring index for: treatments.NSCLIENT_ID
ensuring index for: treatments.percent
ensuring index for: treatments.absolute
ensuring index for: treatments.duration
ensuring index for: treatments.[object Object]
ensuring index for: devicestatus.created_at
ensuring index for: devicestatus.NSCLIENT_ID
ensuring index for: profile.startDate
ensuring index for: food.type
ensuring index for: food.position
ensuring index for: food.hidden
ensuring index for: activity.created_at
Executing setupListeners
Executing setupConnect
Skipping disabled nightscout-connect
Executing setupBridge
Dexcom bridge not enabled
Executing setupMMConnect
MiniMed Connect not enabled
Executing finishBoot
tick 2026-01-18T05:42:54.490Z
API KEY present, enabling API
enabling feature: careportal
enabling feature: api
Load Complete:
	 treatments:1, devicestatus:2
data loaded: reloading sandbox data and updating plugins
got data-received event, requesting reload
got data-received event, requesting reload
Load Complete:
	 
data loaded: reloading sandbox data and updating plugins
Load Complete:
	 devicestatus:2
data loaded: reloading sandbox data and updating plugins
got data-received event, requesting reload
REST API treatment created [
  {
    eventType: 'Temporary Target',
    id: 'trio-tt-def456',
    duration: 60,
    targetTop: 110,
    targetBottom: 110,
    reason: 'Eating Soon',
    created_at: '2026-01-18T05:42:53.027Z',
    enteredBy: 'Trio',
    utcOffset: 0,
    _id: new ObjectId("696c72decc4c6d62366fedc5")
  }
]
Load Complete:
	 treatments:1, devicestatus:2, tempTargetTreatments:1
data loaded: reloading sandbox data and updating plugins
got data-received event, requesting reload
REST API treatment created [
  {
    eventType: 'Temporary Target',
    id: 'trio-tt-def456',
    duration: 60,
    targetTop: 110,
    targetBottom: 110,
    reason: 'Eating Soon',
    created_at: '2026-01-18T05:42:53.027Z',
    enteredBy: 'Trio',
    utcOffset: 0
  }
]
Load Complete:
	 treatments:1, devicestatus:2, tempTargetTreatments:1
data loaded: reloading sandbox data and updating plugins
      ✓ Trio temp target deduplication working
ok 25 v1 API Deduplication Behavior Trio Deduplication - id field based duplicate temporary target with id is detected
API_SECRET has 159 bits of entropy
++++++++++++++++++++++++++++++
Nightscout Executing startBoot
++++++++++++++++++++++++++++++
Executing checkNodeVersion
Node LTS version v14.21.3 is supported
Executing checkEnv
Executing augmentSettings
Executing checkSettings
Checking settings
Executing setupStorage
Reusing MongoDB connection handler
Mongo Storage system ready
Executing setupAuthorization
ensuring index for: auth_roles.name
ensuring index for: auth_subjects.name
Reloading auth data
Loading { sort: { name: 1 } }
Roles listed
Loading { sort: { name: 1 } }
Executing setupInternals
Pushover was NOT configured
Executing ensureIndexes
Ensuring indexes
ensuring index for: test_sgvs.date
ensuring index for: test_sgvs.type
ensuring index for: test_sgvs.sgv
ensuring index for: test_sgvs.mbg
ensuring index for: test_sgvs.sysTime
ensuring index for: test_sgvs.dateString
ensuring index for: test_sgvs.[object Object]
ensuring index for: treatments.created_at
ensuring index for: treatments.eventType
ensuring index for: treatments.insulin
ensuring index for: treatments.carbs
ensuring index for: treatments.glucose
ensuring index for: treatments.enteredBy
ensuring index for: treatments.boluscalc.foods._id
ensuring index for: treatments.notes
ensuring index for: treatments.NSCLIENT_ID
ensuring index for: treatments.percent
ensuring index for: treatments.absolute
ensuring index for: treatments.duration
ensuring index for: treatments.[object Object]
ensuring index for: devicestatus.created_at
ensuring index for: devicestatus.NSCLIENT_ID
ensuring index for: profile.startDate
ensuring index for: food.type
ensuring index for: food.position
ensuring index for: food.hidden
ensuring index for: activity.created_at
Executing setupListeners
Executing setupConnect
Skipping disabled nightscout-connect
Executing setupBridge
Dexcom bridge not enabled
Executing setupMMConnect
MiniMed Connect not enabled
Executing finishBoot
tick 2026-01-18T05:42:54.521Z
API KEY present, enabling API
enabling feature: careportal
enabling feature: api
Load Complete:
	 treatments:1, devicestatus:2, tempTargetTreatments:1
data loaded: reloading sandbox data and updating plugins
got data-received event, requesting reload
got data-received event, requesting reload
Load Complete:
	 
data loaded: reloading sandbox data and updating plugins
Load Complete:
	 devicestatus:2
data loaded: reloading sandbox data and updating plugins
got data-received event, requesting reload
REST API treatment created [
  {
    eventType: 'Note',
    created_at: '2026-01-18T05:42:53.027Z',
    notes: 'First note',
    id: 'note-1',
    utcOffset: 0,
    _id: new ObjectId("696c72decc4c6d62366fee32")
  },
  {
    eventType: 'Note',
    created_at: '2026-01-18T05:43:53.027Z',
    notes: 'Second note',
    id: 'note-2',
    utcOffset: 0,
    _id: new ObjectId("696c72decc4c6d62366fee34")
  },
  {
    eventType: 'Note',
    created_at: '2026-01-18T05:42:53.027Z',
    notes: 'First note',
    id: 'note-1',
    utcOffset: 0
  },
  {
    eventType: 'Note',
    created_at: '2026-01-18T05:44:53.027Z',
    notes: 'Third note',
    id: 'note-3',
    utcOffset: 0,
    _id: new ObjectId("696c72decc4c6d62366fee37")
  }
]
      Batch sent: 4 items
      Response: [{"eventType":"Note","created_at":"2026-01-18T05:42:53.027Z","notes":"First note","id":"note-1","utcOffset":0,"_id":"696c72decc4c6d62366fee32"},{"eventType":"Note","created_at":"2026-01-18T05:43:53.027Z","notes":"Second note","id":"note-2","utcOffset":0,"_id":"696c72decc4c6d62366fee34"},{"eventType":"Note","created_at":"2026-01-18T05:42:53.027Z","notes":"First note","id":"note-1","utcOffset":0},{"eventType":"Note","created_at":"2026-01-18T05:44:53.027Z","notes":"Third note","id":"note-3","utcOffset":0,"_id":"696c72decc4c6d62366fee37"}]
Load Complete:
	 treatments:3, devicestatus:2
data loaded: reloading sandbox data and updating plugins
      Database contains: 3 documents
      Unique id values: 3 (note-3, note-2, note-1)
ok 26 v1 API Deduplication Behavior Batch with Mixed Duplicates batch containing duplicates inserts only unique items
API_SECRET has 159 bits of entropy
++++++++++++++++++++++++++++++
Nightscout Executing startBoot
++++++++++++++++++++++++++++++
Executing checkNodeVersion
Node LTS version v14.21.3 is supported
Executing checkEnv
Executing augmentSettings
Executing checkSettings
Checking settings
Executing setupStorage
Reusing MongoDB connection handler
Mongo Storage system ready
Executing setupAuthorization
ensuring index for: auth_roles.name
ensuring index for: auth_subjects.name
Reloading auth data
Loading { sort: { name: 1 } }
Roles listed
Loading { sort: { name: 1 } }
Executing setupInternals
Pushover was NOT configured
Executing ensureIndexes
Ensuring indexes
ensuring index for: test_sgvs.date
ensuring index for: test_sgvs.type
ensuring index for: test_sgvs.sgv
ensuring index for: test_sgvs.mbg
ensuring index for: test_sgvs.sysTime
ensuring index for: test_sgvs.dateString
ensuring index for: test_sgvs.[object Object]
ensuring index for: treatments.created_at
ensuring index for: treatments.eventType
ensuring index for: treatments.insulin
ensuring index for: treatments.carbs
ensuring index for: treatments.glucose
ensuring index for: treatments.enteredBy
ensuring index for: treatments.boluscalc.foods._id
ensuring index for: treatments.notes
ensuring index for: treatments.NSCLIENT_ID
ensuring index for: treatments.percent
ensuring index for: treatments.absolute
ensuring index for: treatments.duration
ensuring index for: treatments.[object Object]
ensuring index for: devicestatus.created_at
ensuring index for: devicestatus.NSCLIENT_ID
ensuring index for: profile.startDate
ensuring index for: food.type
ensuring index for: food.position
ensuring index for: food.hidden
ensuring index for: activity.created_at
Executing setupListeners
Executing setupConnect
Skipping disabled nightscout-connect
Executing setupBridge
Dexcom bridge not enabled
Executing setupMMConnect
MiniMed Connect not enabled
Executing finishBoot
tick 2026-01-18T05:42:54.548Z
API KEY present, enabling API
enabling feature: careportal
enabling feature: api
got data-received event, requesting reload
Load Complete:
	 treatments:3, devicestatus:2
data loaded: reloading sandbox data and updating plugins
Load Complete:
	 devicestatus:2
data loaded: reloading sandbox data and updating plugins
got data-received event, requesting reload
Load Complete:
	 devicestatus:2
data loaded: reloading sandbox data and updating plugins
got data-received event, requesting reload
REST API treatment created [
  {
    eventType: 'Correction Bolus',
    insulin: 0.25,
    pumpId: 4148,
    pumpType: 'OMNIPOD_DASH',
    pumpSerial: 'PDM-12345',
    app: 'AAPS',
    created_at: '2026-01-18T05:42:54.564Z',
    utcOffset: 0,
    _id: new ObjectId("696c72decc4c6d62366fee94")
  }
]
Load Complete:
	 treatments:1, devicestatus:2
data loaded: reloading sandbox data and updating plugins
got data-received event, requesting reload
REST API treatment created [
  {
    eventType: 'Correction Bolus',
    insulin: 0.25,
    id: 'trio-smb-4148',
    enteredBy: 'Trio',
    created_at: '2026-01-18T05:42:54.571Z',
    utcOffset: 0,
    _id: new ObjectId("696c72decc4c6d62366feea4")
  }
]
Load Complete:
	 treatments:2, devicestatus:2
data loaded: reloading sandbox data and updating plugins
      ✓ Cross-client uploads do NOT deduplicate (expected behavior)
ok 27 v1 API Deduplication Behavior Cross-Client Duplicate Detection AAPS and Trio uploads of same event do NOT deduplicate (different fields)
API_SECRET has 159 bits of entropy
++++++++++++++++++++++++++++++
Nightscout Executing startBoot
++++++++++++++++++++++++++++++
Executing checkNodeVersion
Node LTS version v14.21.3 is supported
Executing checkEnv
Executing augmentSettings
Executing checkSettings
Checking settings
Executing setupStorage
Reusing MongoDB connection handler
Mongo Storage system ready
Executing setupAuthorization
ensuring index for: auth_roles.name
ensuring index for: auth_subjects.name
Reloading auth data
Loading { sort: { name: 1 } }
Roles listed
Loading { sort: { name: 1 } }
Executing setupInternals
Pushover was NOT configured
Executing ensureIndexes
Ensuring indexes
ensuring index for: test_sgvs.date
ensuring index for: test_sgvs.type
ensuring index for: test_sgvs.sgv
ensuring index for: test_sgvs.mbg
ensuring index for: test_sgvs.sysTime
ensuring index for: test_sgvs.dateString
ensuring index for: test_sgvs.[object Object]
ensuring index for: treatments.created_at
ensuring index for: treatments.eventType
ensuring index for: treatments.insulin
ensuring index for: treatments.carbs
ensuring index for: treatments.glucose
ensuring index for: treatments.enteredBy
ensuring index for: treatments.boluscalc.foods._id
ensuring index for: treatments.notes
ensuring index for: treatments.NSCLIENT_ID
ensuring index for: treatments.percent
ensuring index for: treatments.absolute
ensuring index for: treatments.duration
ensuring index for: treatments.[object Object]
ensuring index for: devicestatus.created_at
ensuring index for: devicestatus.NSCLIENT_ID
ensuring index for: profile.startDate
ensuring index for: food.type
ensuring index for: food.position
ensuring index for: food.hidden
ensuring index for: activity.created_at
Executing setupListeners
Executing setupConnect
Skipping disabled nightscout-connect
Executing setupBridge
Dexcom bridge not enabled
Executing setupMMConnect
MiniMed Connect not enabled
Executing finishBoot
tick 2026-01-18T05:42:54.580Z
API KEY present, enabling API
enabling feature: careportal
enabling feature: api
Load Complete:
	 treatments:2, devicestatus:2
data loaded: reloading sandbox data and updating plugins
got data-received event, requesting reload
got data-received event, requesting reload
Load Complete:
	 
data loaded: reloading sandbox data and updating plugins
Load Complete:
	 devicestatus:2
data loaded: reloading sandbox data and updating plugins
got data-received event, requesting reload
REST API treatment created [
  {
    eventType: 'Carb Correction',
    carbs: 15,
    syncIdentifier: 'loop-sync-abc123',
    created_at: '2026-01-18T05:42:53.027Z',
    enteredBy: 'loop://iPhone',
    utcOffset: 0,
    _id: new ObjectId("696c72decc4c6d62366fef01")
  }
]
Load Complete:
	 treatments:1, devicestatus:2
data loaded: reloading sandbox data and updating plugins
got data-received event, requesting reload
REST API treatment created [
  {
    eventType: 'Carb Correction',
    carbs: 15,
    syncIdentifier: 'loop-sync-abc123',
    created_at: '2026-01-18T05:42:53.027Z',
    enteredBy: 'loop://iPhone',
    utcOffset: 0
  }
]
      Original _id: 696c72decc4c6d62366fef01
      Duplicate response: [{"eventType":"Carb Correction","carbs":15,"syncIdentifier":"loop-sync-abc123","created_at":"2026-01-18T05:42:53.027Z","enteredBy":"loop://iPhone","utcOffset":0}]
ok 28 v1 API Deduplication Behavior Deduplication Response Format deduplicated item returns original _id in response
Load Complete:
	 treatments:1, devicestatus:2
data loaded: reloading sandbox data and updating plugins
API_SECRET has 159 bits of entropy
++++++++++++++++++++++++++++++
Nightscout Executing startBoot
++++++++++++++++++++++++++++++
Executing checkNodeVersion
Node LTS version v14.21.3 is supported
Executing checkEnv
Executing augmentSettings
Executing checkSettings
Checking settings
Executing setupStorage
Reusing MongoDB connection handler
Mongo Storage system ready
Executing setupAuthorization
ensuring index for: auth_roles.name
ensuring index for: auth_subjects.name
Reloading auth data
Loading { sort: { name: 1 } }
Roles listed
Loading { sort: { name: 1 } }
Executing setupInternals
Pushover was NOT configured
Executing ensureIndexes
Ensuring indexes
ensuring index for: test_sgvs.date
ensuring index for: test_sgvs.type
ensuring index for: test_sgvs.sgv
ensuring index for: test_sgvs.mbg
ensuring index for: test_sgvs.sysTime
ensuring index for: test_sgvs.dateString
ensuring index for: test_sgvs.[object Object]
ensuring index for: treatments.created_at
ensuring index for: treatments.eventType
ensuring index for: treatments.insulin
ensuring index for: treatments.carbs
ensuring index for: treatments.glucose
ensuring index for: treatments.enteredBy
ensuring index for: treatments.boluscalc.foods._id
ensuring index for: treatments.notes
ensuring index for: treatments.NSCLIENT_ID
ensuring index for: treatments.percent
ensuring index for: treatments.absolute
ensuring index for: treatments.duration
ensuring index for: treatments.[object Object]
ensuring index for: devicestatus.created_at
ensuring index for: devicestatus.NSCLIENT_ID
ensuring index for: profile.startDate
ensuring index for: food.type
ensuring index for: food.position
ensuring index for: food.hidden
ensuring index for: activity.created_at
Executing setupListeners
Executing setupConnect
Skipping disabled nightscout-connect
Executing setupBridge
Dexcom bridge not enabled
Executing setupMMConnect
MiniMed Connect not enabled
Executing finishBoot
tick 2026-01-18T05:42:54.612Z
API KEY present, enabling API
enabling feature: careportal
enabling feature: api
Inserting devicestatus entry
Load Complete:
	 treatments:1, devicestatus:2
data loaded: reloading sandbox data and updating plugins
got data-received event, requesting reload
Ensuring devicestatus entry was inserted successfully
Load Complete:
	 treatments:1, devicestatus:2
data loaded: reloading sandbox data and updating plugins
{"_id":"696c72dedd4dc41f4351bf1c","device":"xdripjs://rigName","xdripjs":{"state":6,"stateString":"OK","txStatus":0,"txStatusString":"OK"},"created_at":"2018-12-16T01:00:52.000Z","utcOffset":0}
Deleting test treatment entry
Delete records with query:  { find: { created_at: { '$gte': '2018-12-16' } }, count: 10 }
removed undefined { acknowledged: true, deletedCount: 3 }
devicestatus records deleted
Testing if devicestatus was deleted
ok 29 Devicestatus API post a devicestatus, query, delete, verify gone
API_SECRET has 159 bits of entropy
++++++++++++++++++++++++++++++
Nightscout Executing startBoot
++++++++++++++++++++++++++++++
Executing checkNodeVersion
Node LTS version v14.21.3 is supported
Executing checkEnv
Executing augmentSettings
Executing checkSettings
Checking settings
Executing setupStorage
Reusing MongoDB connection handler
Mongo Storage system ready
Executing setupAuthorization
ensuring index for: auth_roles.name
ensuring index for: auth_subjects.name
Reloading auth data
Loading { sort: { name: 1 } }
Roles listed
Loading { sort: { name: 1 } }
Executing setupInternals
Pushover was NOT configured
Executing ensureIndexes
Ensuring indexes
ensuring index for: test_sgvs.date
ensuring index for: test_sgvs.type
ensuring index for: test_sgvs.sgv
ensuring index for: test_sgvs.mbg
ensuring index for: test_sgvs.sysTime
ensuring index for: test_sgvs.dateString
ensuring index for: test_sgvs.[object Object]
ensuring index for: treatments.created_at
ensuring index for: treatments.eventType
ensuring index for: treatments.insulin
ensuring index for: treatments.carbs
ensuring index for: treatments.glucose
ensuring index for: treatments.enteredBy
ensuring index for: treatments.boluscalc.foods._id
ensuring index for: treatments.notes
ensuring index for: treatments.NSCLIENT_ID
ensuring index for: treatments.percent
ensuring index for: treatments.absolute
ensuring index for: treatments.duration
ensuring index for: treatments.[object Object]
ensuring index for: devicestatus.created_at
ensuring index for: devicestatus.NSCLIENT_ID
ensuring index for: profile.startDate
ensuring index for: food.type
ensuring index for: food.position
ensuring index for: food.hidden
ensuring index for: activity.created_at
Executing setupListeners
Executing setupConnect
Skipping disabled nightscout-connect
Executing setupBridge
Dexcom bridge not enabled
Executing setupMMConnect
MiniMed Connect not enabled
Executing finishBoot
tick 2026-01-18T05:42:54.635Z
Load Complete:
	 treatments:1
data loaded: reloading sandbox data and updating plugins
For the Basal plugin to function you need a treatment profile
got data-received event, requesting reload
Load Complete:
	 sgvs:20, treatments:1
data loaded: reloading sandbox data and updating plugins
For the Basal plugin to function you need a treatment profile
Setup complete
ok 30 Entries REST api gets requested number of entries
got data-received event, requesting reload
Load Complete:
	 sgvs:40, treatments:1
data loaded: reloading sandbox data and updating plugins
For the Basal plugin to function you need a treatment profile
Setup complete
ok 31 Entries REST api gets default number of entries
got data-received event, requesting reload
Load Complete:
	 sgvs:60, treatments:1
data loaded: reloading sandbox data and updating plugins
For the Basal plugin to function you need a treatment profile
Setup complete
ok 32 Entries REST api gets entries in right order
got data-received event, requesting reload
Load Complete:
	 sgvs:80, treatments:1
data loaded: reloading sandbox data and updating plugins
For the Basal plugin to function you need a treatment profile
Setup complete
ok 33 Entries REST api gets entries in right order without type specifier
got data-received event, requesting reload
Load Complete:
	 sgvs:100, treatments:1
data loaded: reloading sandbox data and updating plugins
For the Basal plugin to function you need a treatment profile
Setup complete
echo entries
ok 34 Entries REST api /echo/ api shows query
got data-received event, requesting reload
Load Complete:
	 sgvs:120, treatments:1
data loaded: reloading sandbox data and updating plugins
For the Basal plugin to function you need a treatment profile
Setup complete
ok 35 Entries REST api /slice/ can slice time
got data-received event, requesting reload
Load Complete:
	 sgvs:140, treatments:1
data loaded: reloading sandbox data and updating plugins
For the Basal plugin to function you need a treatment profile
Setup complete
ok 36 Entries REST api /times/echo can describe query
got data-received event, requesting reload
Load Complete:
	 sgvs:160, treatments:1
data loaded: reloading sandbox data and updating plugins
For the Basal plugin to function you need a treatment profile
Setup complete
ok 37 Entries REST api /slice/ can slice with multiple prefix
got data-received event, requesting reload
Load Complete:
	 sgvs:180, treatments:1
data loaded: reloading sandbox data and updating plugins
For the Basal plugin to function you need a treatment profile
Setup complete
ok 38 Entries REST api /slice/ can slice time with prefix and no results
got data-received event, requesting reload
Load Complete:
	 sgvs:200, treatments:1
data loaded: reloading sandbox data and updating plugins
For the Basal plugin to function you need a treatment profile
Setup complete
ok 39 Entries REST api /times/ can get modal times
got data-received event, requesting reload
Load Complete:
	 sgvs:220, treatments:1
data loaded: reloading sandbox data and updating plugins
For the Basal plugin to function you need a treatment profile
Setup complete
ok 40 Entries REST api /times/ can get modal minutes and times
got data-received event, requesting reload
Load Complete:
	 sgvs:240, treatments:1
data loaded: reloading sandbox data and updating plugins
For the Basal plugin to function you need a treatment profile
Setup complete
ok 41 Entries REST api /times/ can get multiple prefixen and modal minutes and times
got data-received event, requesting reload
Load Complete:
	 sgvs:260, treatments:1
data loaded: reloading sandbox data and updating plugins
For the Basal plugin to function you need a treatment profile
Setup complete
ok 42 Entries REST api /entries/current.json
got data-received event, requesting reload
Load Complete:
	 sgvs:280, treatments:1
data loaded: reloading sandbox data and updating plugins
For the Basal plugin to function you need a treatment profile
Setup complete
ok 43 Entries REST api /entries/:id
got data-received event, requesting reload
Load Complete:
	 sgvs:300, treatments:1
data loaded: reloading sandbox data and updating plugins
For the Basal plugin to function you need a treatment profile
Setup complete
ok 44 Entries REST api /entries/:model
got data-received event, requesting reload
Load Complete:
	 sgvs:320, treatments:1
data loaded: reloading sandbox data and updating plugins
For the Basal plugin to function you need a treatment profile
Setup complete
ok 45 Entries REST api disallow POST by readable /entries/preview
got data-received event, requesting reload
Load Complete:
	 sgvs:340, treatments:1
data loaded: reloading sandbox data and updating plugins
For the Basal plugin to function you need a treatment profile
Setup complete
ok 46 Entries REST api disallow deletes unauthorized
got data-received event, requesting reload
Load Complete:
	 sgvs:360, treatments:1
data loaded: reloading sandbox data and updating plugins
For the Basal plugin to function you need a treatment profile
Setup complete
Inserting glucose entry
got data-received event, requesting reload
Ensuring glucose entry was inserted successfully
Load Complete:
	 sgvs:360, treatments:1
data loaded: reloading sandbox data and updating plugins
For the Basal plugin to function you need a treatment profile
Deleting test glucose entry
got data-received event, requesting reload
Testing if glucose entry was deleted
Load Complete:
	 sgvs:20, treatments:1
data loaded: reloading sandbox data and updating plugins
For the Basal plugin to function you need a treatment profile
ok 47 Entries REST api post an entry, query, delete, verify gone
got data-received event, requesting reload
Load Complete:
	 sgvs:40, treatments:1
data loaded: reloading sandbox data and updating plugins
For the Basal plugin to function you need a treatment profile
Setup complete
Inserting glucose entry
got data-received event, requesting reload
Ensuring glucose entry was inserted successfully
Load Complete:
	 sgvs:40, treatments:1
data loaded: reloading sandbox data and updating plugins
For the Basal plugin to function you need a treatment profile
Deleting test glucose entry
got data-received event, requesting reload
Testing if glucose entries were deleted
Load Complete:
	 sgvs:20, treatments:1
data loaded: reloading sandbox data and updating plugins
For the Basal plugin to function you need a treatment profile
ok 48 Entries REST api post multiple entries, query, delete, verify gone
API_SECRET has 159 bits of entropy
++++++++++++++++++++++++++++++
Nightscout Executing startBoot
++++++++++++++++++++++++++++++
Executing checkNodeVersion
Node LTS version v14.21.3 is supported
Executing checkEnv
Executing augmentSettings
Executing checkSettings
Checking settings
Executing setupStorage
Reusing MongoDB connection handler
Mongo Storage system ready
Executing setupAuthorization
ensuring index for: auth_roles.name
ensuring index for: auth_subjects.name
Reloading auth data
Loading { sort: { name: 1 } }
Roles listed
Loading { sort: { name: 1 } }
Executing setupInternals
Pushover was NOT configured
Executing ensureIndexes
Ensuring indexes
ensuring index for: test_sgvs.date
ensuring index for: test_sgvs.type
ensuring index for: test_sgvs.sgv
ensuring index for: test_sgvs.mbg
ensuring index for: test_sgvs.sysTime
ensuring index for: test_sgvs.dateString
ensuring index for: test_sgvs.[object Object]
ensuring index for: treatments.created_at
ensuring index for: treatments.eventType
ensuring index for: treatments.insulin
ensuring index for: treatments.carbs
ensuring index for: treatments.glucose
ensuring index for: treatments.enteredBy
ensuring index for: treatments.boluscalc.foods._id
ensuring index for: treatments.notes
ensuring index for: treatments.NSCLIENT_ID
ensuring index for: treatments.percent
ensuring index for: treatments.absolute
ensuring index for: treatments.duration
ensuring index for: treatments.[object Object]
ensuring index for: devicestatus.created_at
ensuring index for: devicestatus.NSCLIENT_ID
ensuring index for: profile.startDate
ensuring index for: food.type
ensuring index for: food.position
ensuring index for: food.hidden
ensuring index for: activity.created_at
Executing setupListeners
Executing setupConnect
Skipping disabled nightscout-connect
Executing setupBridge
Dexcom bridge not enabled
Executing setupMMConnect
MiniMed Connect not enabled
Executing finishBoot
tick 2026-01-18T05:42:57.050Z
API KEY present, enabling API
enabling feature: careportal
enabling feature: api
Inserting food entry
Load Complete:
	 treatments:1
data loaded: reloading sandbox data and updating plugins
food saved
Ensuring food was inserted successfully
{"_id":"696c72e1dd4dc41f4351bf1d","type":"food","category":"snack","subcategory":"fast","name":"a food","portion":"0","carbs":"10","fat":"0","protein":"0","energy":"0","gi":"2","unit":"g","created_at":"2026-01-18T05:42:57.058Z"}
Deleting test food entry 1
Testing if food was deleted
ok 49 Food API put a food, query, delete, verify gone
API_SECRET has 159 bits of entropy
++++++++++++++++++++++++++++++
Nightscout Executing startBoot
++++++++++++++++++++++++++++++
Executing checkNodeVersion
Node LTS version v14.21.3 is supported
Executing checkEnv
Executing augmentSettings
Executing checkSettings
Checking settings
Executing setupStorage
Reusing MongoDB connection handler
Mongo Storage system ready
Executing setupAuthorization
ensuring index for: auth_roles.name
ensuring index for: auth_subjects.name
Reloading auth data
Loading { sort: { name: 1 } }
Roles listed
Loading { sort: { name: 1 } }
Executing setupInternals
Pushover was NOT configured
Executing ensureIndexes
Ensuring indexes
ensuring index for: test_sgvs.date
ensuring index for: test_sgvs.type
ensuring index for: test_sgvs.sgv
ensuring index for: test_sgvs.mbg
ensuring index for: test_sgvs.sysTime
ensuring index for: test_sgvs.dateString
ensuring index for: test_sgvs.[object Object]
ensuring index for: treatments.created_at
ensuring index for: treatments.eventType
ensuring index for: treatments.insulin
ensuring index for: treatments.carbs
ensuring index for: treatments.glucose
ensuring index for: treatments.enteredBy
ensuring index for: treatments.boluscalc.foods._id
ensuring index for: treatments.notes
ensuring index for: treatments.NSCLIENT_ID
ensuring index for: treatments.percent
ensuring index for: treatments.absolute
ensuring index for: treatments.duration
ensuring index for: treatments.[object Object]
ensuring index for: devicestatus.created_at
ensuring index for: devicestatus.NSCLIENT_ID
ensuring index for: profile.startDate
ensuring index for: food.type
ensuring index for: food.position
ensuring index for: food.hidden
ensuring index for: activity.created_at
Executing setupListeners
Executing setupConnect
Skipping disabled nightscout-connect
Executing setupBridge
Dexcom bridge not enabled
Executing setupMMConnect
MiniMed Connect not enabled
Executing finishBoot
tick 2026-01-18T05:42:57.067Z
API KEY present, enabling API
enabling feature: careportal
enabling feature: api
Inserting food entry
Load Complete:
	 treatments:1
data loaded: reloading sandbox data and updating plugins
food created {
  type: 'food',
  category: 'snack',
  subcategory: 'fast',
  name: 'a food',
  portion: '0',
  carbs: '10',
  fat: '0',
  protein: '0',
  energy: '0',
  gi: '2',
  unit: 'g',
  created_at: '2026-01-18T05:42:57.075Z',
  _id: new ObjectId("696c72e1dd4dc41f4351bf1e")
}
Ensuring food was inserted successfully
{"_id":"696c72e1dd4dc41f4351bf1e","type":"food","category":"snack","subcategory":"fast","name":"a food","portion":"0","carbs":"10","fat":"0","protein":"0","energy":"0","gi":"2","unit":"g","created_at":"2026-01-18T05:42:57.075Z"}
Deleting test food entry 1
Testing if food was deleted
ok 50 Food API post a food, query, delete, verify gone
API_SECRET has 159 bits of entropy
++++++++++++++++++++++++++++++
Nightscout Executing startBoot
++++++++++++++++++++++++++++++
Executing checkNodeVersion
Node LTS version v14.21.3 is supported
Executing checkEnv
Executing augmentSettings
Executing checkSettings
Checking settings
Executing setupStorage
Reusing MongoDB connection handler
Mongo Storage system ready
Executing setupAuthorization
ensuring index for: auth_roles.name
ensuring index for: auth_subjects.name
Reloading auth data
Loading { sort: { name: 1 } }
Roles listed
Loading { sort: { name: 1 } }
Executing setupInternals
Pushover was NOT configured
Executing ensureIndexes
Ensuring indexes
ensuring index for: test_sgvs.date
ensuring index for: test_sgvs.type
ensuring index for: test_sgvs.sgv
ensuring index for: test_sgvs.mbg
ensuring index for: test_sgvs.sysTime
ensuring index for: test_sgvs.dateString
ensuring index for: test_sgvs.[object Object]
ensuring index for: treatments.created_at
ensuring index for: treatments.eventType
ensuring index for: treatments.insulin
ensuring index for: treatments.carbs
ensuring index for: treatments.glucose
ensuring index for: treatments.enteredBy
ensuring index for: treatments.boluscalc.foods._id
ensuring index for: treatments.notes
ensuring index for: treatments.NSCLIENT_ID
ensuring index for: treatments.percent
ensuring index for: treatments.absolute
ensuring index for: treatments.duration
ensuring index for: treatments.[object Object]
ensuring index for: devicestatus.created_at
ensuring index for: devicestatus.NSCLIENT_ID
ensuring index for: profile.startDate
ensuring index for: food.type
ensuring index for: food.position
ensuring index for: food.hidden
ensuring index for: activity.created_at
Executing setupListeners
Executing setupConnect
Skipping disabled nightscout-connect
Executing setupBridge
Dexcom bridge not enabled
Executing setupMMConnect
MiniMed Connect not enabled
Executing finishBoot
tick 2026-01-18T05:42:57.084Z
API KEY present, enabling API
enabling feature: careportal
enabling feature: api
Load Complete:
	 treatments:1
data loaded: reloading sandbox data and updating plugins
got data-received event, requesting reload
got data-received event, requesting reload
Load Complete:
	 
data loaded: reloading sandbox data and updating plugins
Load Complete:
	 
data loaded: reloading sandbox data and updating plugins
got data-received event, requesting reload
REST API treatment created [
  {
    eventType: 'Note',
    created_at: '2026-01-18T05:42:53.028Z',
    notes: 'First note',
    id: 'note-unique-1',
    utcOffset: 0,
    _id: new ObjectId("696c72e1cc4c6d62366ff92f")
  },
  {
    eventType: 'Note',
    created_at: '2026-01-18T05:43:53.028Z',
    notes: 'Second note',
    id: 'note-duplicate',
    utcOffset: 0,
    _id: new ObjectId("696c72e1cc4c6d62366ff931")
  },
  {
    eventType: 'Note',
    created_at: '2026-01-18T05:44:53.028Z',
    notes: 'Third note',
    id: 'note-duplicate',
    utcOffset: 0,
    _id: new ObjectId("696c72e1cc4c6d62366ff933")
  },
  {
    eventType: 'Note',
    created_at: '2026-01-18T05:45:53.028Z',
    notes: 'Fourth note',
    id: 'note-unique-2',
    utcOffset: 0,
    _id: new ObjectId("696c72e1cc4c6d62366ff935")
  }
]
Load Complete:
	 treatments:4
data loaded: reloading sandbox data and updating plugins
      ✓ Batch insert: 4 docs inserted (id field not unique-constrained)
ok 51 v1 API Partial Failures and Edge Cases Duplicate Key Handling in Batches batch with duplicate id field - all documents inserted (id field not unique-indexed)
API_SECRET has 159 bits of entropy
++++++++++++++++++++++++++++++
Nightscout Executing startBoot
++++++++++++++++++++++++++++++
Executing checkNodeVersion
Node LTS version v14.21.3 is supported
Executing checkEnv
Executing augmentSettings
Executing checkSettings
Checking settings
Executing setupStorage
Reusing MongoDB connection handler
Mongo Storage system ready
Executing setupAuthorization
ensuring index for: auth_roles.name
ensuring index for: auth_subjects.name
Reloading auth data
Loading { sort: { name: 1 } }
Roles listed
Loading { sort: { name: 1 } }
Executing setupInternals
Pushover was NOT configured
Executing ensureIndexes
Ensuring indexes
ensuring index for: test_sgvs.date
ensuring index for: test_sgvs.type
ensuring index for: test_sgvs.sgv
ensuring index for: test_sgvs.mbg
ensuring index for: test_sgvs.sysTime
ensuring index for: test_sgvs.dateString
ensuring index for: test_sgvs.[object Object]
ensuring index for: treatments.created_at
ensuring index for: treatments.eventType
ensuring index for: treatments.insulin
ensuring index for: treatments.carbs
ensuring index for: treatments.glucose
ensuring index for: treatments.enteredBy
ensuring index for: treatments.boluscalc.foods._id
ensuring index for: treatments.notes
ensuring index for: treatments.NSCLIENT_ID
ensuring index for: treatments.percent
ensuring index for: treatments.absolute
ensuring index for: treatments.duration
ensuring index for: treatments.[object Object]
ensuring index for: devicestatus.created_at
ensuring index for: devicestatus.NSCLIENT_ID
ensuring index for: profile.startDate
ensuring index for: food.type
ensuring index for: food.position
ensuring index for: food.hidden
ensuring index for: activity.created_at
Executing setupListeners
Executing setupConnect
Skipping disabled nightscout-connect
Executing setupBridge
Dexcom bridge not enabled
Executing setupMMConnect
MiniMed Connect not enabled
Executing finishBoot
tick 2026-01-18T05:42:57.108Z
API KEY present, enabling API
enabling feature: careportal
enabling feature: api
Load Complete:
	 treatments:4
data loaded: reloading sandbox data and updating plugins
got data-received event, requesting reload
Load Complete:
	 
data loaded: reloading sandbox data and updating plugins
got data-received event, requesting reload
Load Complete:
	 
data loaded: reloading sandbox data and updating plugins
got data-received event, requesting reload
REST API treatment created [
  {
    eventType: 'Note',
    created_at: '2026-01-18T05:42:53.028Z',
    notes: 'First note',
    id: 'note-unique-1',
    utcOffset: 0,
    _id: new ObjectId("696c72e1cc4c6d62366ff991")
  },
  {
    eventType: 'Note',
    created_at: '2026-01-18T05:43:53.028Z',
    notes: 'Second note',
    id: 'note-duplicate',
    utcOffset: 0,
    _id: new ObjectId("696c72e1cc4c6d62366ff993")
  },
  {
    eventType: 'Note',
    created_at: '2026-01-18T05:44:53.028Z',
    notes: 'Third note',
    id: 'note-duplicate',
    utcOffset: 0,
    _id: new ObjectId("696c72e1cc4c6d62366ff995")
  },
  {
    eventType: 'Note',
    created_at: '2026-01-18T05:45:53.028Z',
    notes: 'Fourth note',
    id: 'note-unique-2',
    utcOffset: 0,
    _id: new ObjectId("696c72e1cc4c6d62366ff997")
  }
]
      ℹ Response is array with 4 items
ok 52 v1 API Partial Failures and Edge Cases Duplicate Key Handling in Batches batch response preserves order even with partial failure
Load Complete:
	 treatments:4
data loaded: reloading sandbox data and updating plugins
API_SECRET has 159 bits of entropy
++++++++++++++++++++++++++++++
Nightscout Executing startBoot
++++++++++++++++++++++++++++++
Executing checkNodeVersion
Node LTS version v14.21.3 is supported
Executing checkEnv
Executing augmentSettings
Executing checkSettings
Checking settings
Executing setupStorage
Reusing MongoDB connection handler
Mongo Storage system ready
Executing setupAuthorization
ensuring index for: auth_roles.name
ensuring index for: auth_subjects.name
Reloading auth data
Loading { sort: { name: 1 } }
Roles listed
Loading { sort: { name: 1 } }
Executing setupInternals
Pushover was NOT configured
Executing ensureIndexes
Ensuring indexes
ensuring index for: test_sgvs.date
ensuring index for: test_sgvs.type
ensuring index for: test_sgvs.sgv
ensuring index for: test_sgvs.mbg
ensuring index for: test_sgvs.sysTime
ensuring index for: test_sgvs.dateString
ensuring index for: test_sgvs.[object Object]
ensuring index for: treatments.created_at
ensuring index for: treatments.eventType
ensuring index for: treatments.insulin
ensuring index for: treatments.carbs
ensuring index for: treatments.glucose
ensuring index for: treatments.enteredBy
ensuring index for: treatments.boluscalc.foods._id
ensuring index for: treatments.notes
ensuring index for: treatments.NSCLIENT_ID
ensuring index for: treatments.percent
ensuring index for: treatments.absolute
ensuring index for: treatments.duration
ensuring index for: treatments.[object Object]
ensuring index for: devicestatus.created_at
ensuring index for: devicestatus.NSCLIENT_ID
ensuring index for: profile.startDate
ensuring index for: food.type
ensuring index for: food.position
ensuring index for: food.hidden
ensuring index for: activity.created_at
Executing setupListeners
Executing setupConnect
Skipping disabled nightscout-connect
Executing setupBridge
Dexcom bridge not enabled
Executing setupMMConnect
MiniMed Connect not enabled
Executing finishBoot
tick 2026-01-18T05:42:57.133Z
API KEY present, enabling API
enabling feature: careportal
enabling feature: api
Load Complete:
	 treatments:4
data loaded: reloading sandbox data and updating plugins
got data-received event, requesting reload
Load Complete:
	 
data loaded: reloading sandbox data and updating plugins
got data-received event, requesting reload
Load Complete:
	 
data loaded: reloading sandbox data and updating plugins
got data-received event, requesting reload
REST API treatment created [
  {
    eventType: 'Carb Correction',
    carbs: 15,
    syncIdentifier: 'loop-sync-1',
    created_at: '2026-01-18T05:42:53.028Z',
    utcOffset: 0,
    _id: new ObjectId("696c72e1cc4c6d62366ff9f2")
  },
  {
    eventType: 'Carb Correction',
    carbs: 20,
    syncIdentifier: 'loop-sync-2',
    created_at: '2026-01-18T05:43:53.028Z',
    utcOffset: 0,
    _id: new ObjectId("696c72e1cc4c6d62366ff9f4")
  },
  {
    eventType: 'Carb Correction',
    carbs: 25,
    syncIdentifier: 'loop-sync-3',
    created_at: '2026-01-18T05:44:53.028Z',
    utcOffset: 0,
    _id: new ObjectId("696c72e1cc4c6d62366ff9f6")
  }
]
      Position 0: syncId=loop-sync-1 → _id=696c72e1cc4c6d62366ff9f2
      Position 1: syncId=loop-sync-2 → _id=696c72e1cc4c6d62366ff9f4
      Position 2: syncId=loop-sync-3 → _id=696c72e1cc4c6d62366ff9f6
Load Complete:
	 treatments:3
data loaded: reloading sandbox data and updating plugins
      ✓ Response order matches request order - Loop mapping safe
ok 53 v1 API Partial Failures and Edge Cases Loop syncIdentifier Response Ordering (CRITICAL) response order MUST match request order for syncIdentifier mapping
API_SECRET has 159 bits of entropy
++++++++++++++++++++++++++++++
Nightscout Executing startBoot
++++++++++++++++++++++++++++++
Executing checkNodeVersion
Node LTS version v14.21.3 is supported
Executing checkEnv
Executing augmentSettings
Executing checkSettings
Checking settings
Executing setupStorage
Reusing MongoDB connection handler
Mongo Storage system ready
Executing setupAuthorization
ensuring index for: auth_roles.name
ensuring index for: auth_subjects.name
Reloading auth data
Loading { sort: { name: 1 } }
Roles listed
Loading { sort: { name: 1 } }
Executing setupInternals
Pushover was NOT configured
Executing ensureIndexes
Ensuring indexes
ensuring index for: test_sgvs.date
ensuring index for: test_sgvs.type
ensuring index for: test_sgvs.sgv
ensuring index for: test_sgvs.mbg
ensuring index for: test_sgvs.sysTime
ensuring index for: test_sgvs.dateString
ensuring index for: test_sgvs.[object Object]
ensuring index for: treatments.created_at
ensuring index for: treatments.eventType
ensuring index for: treatments.insulin
ensuring index for: treatments.carbs
ensuring index for: treatments.glucose
ensuring index for: treatments.enteredBy
ensuring index for: treatments.boluscalc.foods._id
ensuring index for: treatments.notes
ensuring index for: treatments.NSCLIENT_ID
ensuring index for: treatments.percent
ensuring index for: treatments.absolute
ensuring index for: treatments.duration
ensuring index for: treatments.[object Object]
ensuring index for: devicestatus.created_at
ensuring index for: devicestatus.NSCLIENT_ID
ensuring index for: profile.startDate
ensuring index for: food.type
ensuring index for: food.position
ensuring index for: food.hidden
ensuring index for: activity.created_at
Executing setupListeners
Executing setupConnect
Skipping disabled nightscout-connect
Executing setupBridge
Dexcom bridge not enabled
Executing setupMMConnect
MiniMed Connect not enabled
Executing finishBoot
tick 2026-01-18T05:42:57.158Z
API KEY present, enabling API
enabling feature: careportal
enabling feature: api
Load Complete:
	 treatments:3
data loaded: reloading sandbox data and updating plugins
got data-received event, requesting reload
Load Complete:
	 
data loaded: reloading sandbox data and updating plugins
got data-received event, requesting reload
Load Complete:
	 
data loaded: reloading sandbox data and updating plugins
got data-received event, requesting reload
Load Complete:
	 treatments:1
data loaded: reloading sandbox data and updating plugins
got data-received event, requesting reload
REST API treatment created [
  {
    eventType: 'Carb Correction',
    carbs: 15,
    syncIdentifier: 'loop-sync-new',
    created_at: '2026-01-18T05:42:53.028Z',
    utcOffset: 0,
    _id: new ObjectId("696c72e1cc4c6d62366ffa61")
  },
  {
    eventType: 'Carb Correction',
    carbs: 20,
    syncIdentifier: 'loop-sync-exists',
    created_at: '2026-01-18T05:43:53.028Z',
    utcOffset: 0,
    _id: new ObjectId("696c72e1cc4c6d62366ffa63")
  },
  {
    eventType: 'Carb Correction',
    carbs: 25,
    syncIdentifier: 'loop-sync-new2',
    created_at: '2026-01-18T05:44:53.028Z',
    utcOffset: 0,
    _id: new ObjectId("696c72e1cc4c6d62366ffa65")
  }
]
      Position 0: _id=696c72e1cc4c6d62366ffa61, syncId=loop-sync-new
      Position 1: _id=696c72e1cc4c6d62366ffa63, syncId=loop-sync-exists
      Position 2: _id=696c72e1cc4c6d62366ffa65, syncId=loop-sync-new2
      Deduplication check: response[1]._id=696c72e1cc4c6d62366ffa63, existing._id=existing-objectId
ok 54 v1 API Partial Failures and Edge Cases Loop syncIdentifier Response Ordering (CRITICAL) batch with some deduplicated items still returns all positions
Load Complete:
	 treatments:4
data loaded: reloading sandbox data and updating plugins
API_SECRET has 159 bits of entropy
++++++++++++++++++++++++++++++
Nightscout Executing startBoot
++++++++++++++++++++++++++++++
Executing checkNodeVersion
Node LTS version v14.21.3 is supported
Executing checkEnv
Executing augmentSettings
Executing checkSettings
Checking settings
Executing setupStorage
Reusing MongoDB connection handler
Mongo Storage system ready
Executing setupAuthorization
ensuring index for: auth_roles.name
ensuring index for: auth_subjects.name
Reloading auth data
Loading { sort: { name: 1 } }
Roles listed
Loading { sort: { name: 1 } }
Executing setupInternals
Pushover was NOT configured
Executing ensureIndexes
Ensuring indexes
ensuring index for: test_sgvs.date
ensuring index for: test_sgvs.type
ensuring index for: test_sgvs.sgv
ensuring index for: test_sgvs.mbg
ensuring index for: test_sgvs.sysTime
ensuring index for: test_sgvs.dateString
ensuring index for: test_sgvs.[object Object]
ensuring index for: treatments.created_at
ensuring index for: treatments.eventType
ensuring index for: treatments.insulin
ensuring index for: treatments.carbs
ensuring index for: treatments.glucose
ensuring index for: treatments.enteredBy
ensuring index for: treatments.boluscalc.foods._id
ensuring index for: treatments.notes
ensuring index for: treatments.NSCLIENT_ID
ensuring index for: treatments.percent
ensuring index for: treatments.absolute
ensuring index for: treatments.duration
ensuring index for: treatments.[object Object]
ensuring index for: devicestatus.created_at
ensuring index for: devicestatus.NSCLIENT_ID
ensuring index for: profile.startDate
ensuring index for: food.type
ensuring index for: food.position
ensuring index for: food.hidden
ensuring index for: activity.created_at
Executing setupListeners
Executing setupConnect
Skipping disabled nightscout-connect
Executing setupBridge
Dexcom bridge not enabled
Executing setupMMConnect
MiniMed Connect not enabled
Executing finishBoot
tick 2026-01-18T05:42:57.184Z
API KEY present, enabling API
enabling feature: careportal
enabling feature: api
Load Complete:
	 treatments:4
data loaded: reloading sandbox data and updating plugins
got data-received event, requesting reload
Load Complete:
	 
data loaded: reloading sandbox data and updating plugins
got data-received event, requesting reload
Load Complete:
	 
data loaded: reloading sandbox data and updating plugins
got data-received event, requesting reload
REST API treatment created [
  {
    eventType: 'Carb Correction',
    _id: '507f1f77bcf86cd799439011',
    carbs: 15,
    created_at: '2026-01-18T05:42:53.028Z',
    utcOffset: 0
  }
]
      Client provided: 507f1f77bcf86cd799439011, Server returned: 507f1f77bcf86cd799439011
Load Complete:
	 treatments:1
data loaded: reloading sandbox data and updating plugins
      Database _id: 507f1f77bcf86cd799439011
ok 55 v1 API Partial Failures and Edge Cases Client-Provided ID Handling client-provided _id is used if valid ObjectId format
API_SECRET has 159 bits of entropy
++++++++++++++++++++++++++++++
Nightscout Executing startBoot
++++++++++++++++++++++++++++++
Executing checkNodeVersion
Node LTS version v14.21.3 is supported
Executing checkEnv
Executing augmentSettings
Executing checkSettings
Checking settings
Executing setupStorage
Reusing MongoDB connection handler
Mongo Storage system ready
Executing setupAuthorization
ensuring index for: auth_roles.name
ensuring index for: auth_subjects.name
Reloading auth data
Loading { sort: { name: 1 } }
Roles listed
Loading { sort: { name: 1 } }
Executing setupInternals
Pushover was NOT configured
Executing ensureIndexes
Ensuring indexes
ensuring index for: test_sgvs.date
ensuring index for: test_sgvs.type
ensuring index for: test_sgvs.sgv
ensuring index for: test_sgvs.mbg
ensuring index for: test_sgvs.sysTime
ensuring index for: test_sgvs.dateString
ensuring index for: test_sgvs.[object Object]
ensuring index for: treatments.created_at
ensuring index for: treatments.eventType
ensuring index for: treatments.insulin
ensuring index for: treatments.carbs
ensuring index for: treatments.glucose
ensuring index for: treatments.enteredBy
ensuring index for: treatments.boluscalc.foods._id
ensuring index for: treatments.notes
ensuring index for: treatments.NSCLIENT_ID
ensuring index for: treatments.percent
ensuring index for: treatments.absolute
ensuring index for: treatments.duration
ensuring index for: treatments.[object Object]
ensuring index for: devicestatus.created_at
ensuring index for: devicestatus.NSCLIENT_ID
ensuring index for: profile.startDate
ensuring index for: food.type
ensuring index for: food.position
ensuring index for: food.hidden
ensuring index for: activity.created_at
Executing setupListeners
Executing setupConnect
Skipping disabled nightscout-connect
Executing setupBridge
Dexcom bridge not enabled
Executing setupMMConnect
MiniMed Connect not enabled
Executing finishBoot
tick 2026-01-18T05:42:57.205Z
API KEY present, enabling API
enabling feature: careportal
enabling feature: api
Load Complete:
	 treatments:1
data loaded: reloading sandbox data and updating plugins
got data-received event, requesting reload
Load Complete:
	 
data loaded: reloading sandbox data and updating plugins
got data-received event, requesting reload
Load Complete:
	 
data loaded: reloading sandbox data and updating plugins
got data-received event, requesting reload
REST API treatment created [
  {
    eventType: 'Meal Bolus',
    id: 'trio-uuid-abc',
    insulin: 5,
    created_at: '2026-01-18T05:42:53.028Z',
    utcOffset: 0,
    _id: new ObjectId("696c72e1cc4c6d62366ffb1b")
  }
]
Load Complete:
	 treatments:1
data loaded: reloading sandbox data and updating plugins
      ✓ Trio id field: trio-uuid-abc, MongoDB _id: 696c72e1cc4c6d62366ffb1b
ok 56 v1 API Partial Failures and Edge Cases Client-Provided ID Handling Trio id field (not _id) is preserved for deduplication
API_SECRET has 159 bits of entropy
++++++++++++++++++++++++++++++
Nightscout Executing startBoot
++++++++++++++++++++++++++++++
Executing checkNodeVersion
Node LTS version v14.21.3 is supported
Executing checkEnv
Executing augmentSettings
Executing checkSettings
Checking settings
Executing setupStorage
Reusing MongoDB connection handler
Mongo Storage system ready
Executing setupAuthorization
ensuring index for: auth_roles.name
ensuring index for: auth_subjects.name
Reloading auth data
Loading { sort: { name: 1 } }
Roles listed
Loading { sort: { name: 1 } }
Executing setupInternals
Pushover was NOT configured
Executing ensureIndexes
Ensuring indexes
ensuring index for: test_sgvs.date
ensuring index for: test_sgvs.type
ensuring index for: test_sgvs.sgv
ensuring index for: test_sgvs.mbg
ensuring index for: test_sgvs.sysTime
ensuring index for: test_sgvs.dateString
ensuring index for: test_sgvs.[object Object]
ensuring index for: treatments.created_at
ensuring index for: treatments.eventType
ensuring index for: treatments.insulin
ensuring index for: treatments.carbs
ensuring index for: treatments.glucose
ensuring index for: treatments.enteredBy
ensuring index for: treatments.boluscalc.foods._id
ensuring index for: treatments.notes
ensuring index for: treatments.NSCLIENT_ID
ensuring index for: treatments.percent
ensuring index for: treatments.absolute
ensuring index for: treatments.duration
ensuring index for: treatments.[object Object]
ensuring index for: devicestatus.created_at
ensuring index for: devicestatus.NSCLIENT_ID
ensuring index for: profile.startDate
ensuring index for: food.type
ensuring index for: food.position
ensuring index for: food.hidden
ensuring index for: activity.created_at
Executing setupListeners
Executing setupConnect
Skipping disabled nightscout-connect
Executing setupBridge
Dexcom bridge not enabled
Executing setupMMConnect
MiniMed Connect not enabled
Executing finishBoot
tick 2026-01-18T05:42:57.233Z
API KEY present, enabling API
enabling feature: careportal
enabling feature: api
Load Complete:
	 treatments:1
data loaded: reloading sandbox data and updating plugins
got data-received event, requesting reload
Load Complete:
	 
data loaded: reloading sandbox data and updating plugins
got data-received event, requesting reload
Load Complete:
	 
data loaded: reloading sandbox data and updating plugins
got data-received event, requesting reload
REST API treatment created [
  {
    eventType: 'Correction Bolus',
    identifier: 'server-assigned-identifier',
    pumpId: 4148,
    pumpType: 'DANA_R',
    pumpSerial: '12345',
    created_at: '2026-01-18T05:42:57.246Z',
    utcOffset: 0,
    _id: new ObjectId("696c72e1cc4c6d62366ffb77")
  }
]
Load Complete:
	 treatments:1
data loaded: reloading sandbox data and updating plugins
      ✓ AAPS identifier: server-assigned-identifier, MongoDB _id: 696c72e1cc4c6d62366ffb77
ok 57 v1 API Partial Failures and Edge Cases Client-Provided ID Handling AAPS identifier field is separate from MongoDB _id
API_SECRET has 159 bits of entropy
++++++++++++++++++++++++++++++
Nightscout Executing startBoot
++++++++++++++++++++++++++++++
Executing checkNodeVersion
Node LTS version v14.21.3 is supported
Executing checkEnv
Executing augmentSettings
Executing checkSettings
Checking settings
Executing setupStorage
Reusing MongoDB connection handler
Mongo Storage system ready
Executing setupAuthorization
ensuring index for: auth_roles.name
ensuring index for: auth_subjects.name
Reloading auth data
Loading { sort: { name: 1 } }
Roles listed
Loading { sort: { name: 1 } }
Executing setupInternals
Pushover was NOT configured
Executing ensureIndexes
Ensuring indexes
ensuring index for: test_sgvs.date
ensuring index for: test_sgvs.type
ensuring index for: test_sgvs.sgv
ensuring index for: test_sgvs.mbg
ensuring index for: test_sgvs.sysTime
ensuring index for: test_sgvs.dateString
ensuring index for: test_sgvs.[object Object]
ensuring index for: treatments.created_at
ensuring index for: treatments.eventType
ensuring index for: treatments.insulin
ensuring index for: treatments.carbs
ensuring index for: treatments.glucose
ensuring index for: treatments.enteredBy
ensuring index for: treatments.boluscalc.foods._id
ensuring index for: treatments.notes
ensuring index for: treatments.NSCLIENT_ID
ensuring index for: treatments.percent
ensuring index for: treatments.absolute
ensuring index for: treatments.duration
ensuring index for: treatments.[object Object]
ensuring index for: devicestatus.created_at
ensuring index for: devicestatus.NSCLIENT_ID
ensuring index for: profile.startDate
ensuring index for: food.type
ensuring index for: food.position
ensuring index for: food.hidden
ensuring index for: activity.created_at
Executing setupListeners
Executing setupConnect
Skipping disabled nightscout-connect
Executing setupBridge
Dexcom bridge not enabled
Executing setupMMConnect
MiniMed Connect not enabled
Executing finishBoot
tick 2026-01-18T05:42:57.254Z
API KEY present, enabling API
enabling feature: careportal
enabling feature: api
Load Complete:
	 treatments:1
data loaded: reloading sandbox data and updating plugins
got data-received event, requesting reload
Load Complete:
	 
data loaded: reloading sandbox data and updating plugins
got data-received event, requesting reload
Load Complete:
	 
data loaded: reloading sandbox data and updating plugins
got data-received event, requesting reload
REST API treatment created [
  {
    eventType: 'Note',
    created_at: '2026-01-18T05:42:57.265Z',
    notes: 'Test 1',
    utcOffset: 0,
    _id: new ObjectId("696c72e1cc4c6d62366ffbd3")
  },
  {
    eventType: 'Announcement',
    created_at: '2026-01-18T05:42:57.265Z',
    notes: 'Test 2',
    utcOffset: 0,
    isAnnouncement: true,
    _id: new ObjectId("696c72e1cc4c6d62366ffbd5")
  }
]
      ✓ Response[0] has _id: 696c72e1cc4c6d62366ffbd3
      ✓ Response[1] has _id: 696c72e1cc4c6d62366ffbd5
ok 58 v1 API Partial Failures and Edge Cases Write Result Format Translation v1 API response format includes _id field for each document
Load Complete:
	 treatments:2
data loaded: reloading sandbox data and updating plugins
API_SECRET has 159 bits of entropy
++++++++++++++++++++++++++++++
Nightscout Executing startBoot
++++++++++++++++++++++++++++++
Executing checkNodeVersion
Node LTS version v14.21.3 is supported
Executing checkEnv
Executing augmentSettings
Executing checkSettings
Checking settings
Executing setupStorage
Reusing MongoDB connection handler
Mongo Storage system ready
Executing setupAuthorization
ensuring index for: auth_roles.name
ensuring index for: auth_subjects.name
Reloading auth data
Loading { sort: { name: 1 } }
Roles listed
Loading { sort: { name: 1 } }
Executing setupInternals
Pushover was NOT configured
Executing ensureIndexes
Ensuring indexes
ensuring index for: test_sgvs.date
ensuring index for: test_sgvs.type
ensuring index for: test_sgvs.sgv
ensuring index for: test_sgvs.mbg
ensuring index for: test_sgvs.sysTime
ensuring index for: test_sgvs.dateString
ensuring index for: test_sgvs.[object Object]
ensuring index for: treatments.created_at
ensuring index for: treatments.eventType
ensuring index for: treatments.insulin
ensuring index for: treatments.carbs
ensuring index for: treatments.glucose
ensuring index for: treatments.enteredBy
ensuring index for: treatments.boluscalc.foods._id
ensuring index for: treatments.notes
ensuring index for: treatments.NSCLIENT_ID
ensuring index for: treatments.percent
ensuring index for: treatments.absolute
ensuring index for: treatments.duration
ensuring index for: treatments.[object Object]
ensuring index for: devicestatus.created_at
ensuring index for: devicestatus.NSCLIENT_ID
ensuring index for: profile.startDate
ensuring index for: food.type
ensuring index for: food.position
ensuring index for: food.hidden
ensuring index for: activity.created_at
Executing setupListeners
Executing setupConnect
Skipping disabled nightscout-connect
Executing setupBridge
Dexcom bridge not enabled
Executing setupMMConnect
MiniMed Connect not enabled
Executing finishBoot
tick 2026-01-18T05:42:57.275Z
API KEY present, enabling API
enabling feature: careportal
enabling feature: api
Load Complete:
	 treatments:2
data loaded: reloading sandbox data and updating plugins
got data-received event, requesting reload
Load Complete:
	 
data loaded: reloading sandbox data and updating plugins
got data-received event, requesting reload
Load Complete:
	 
data loaded: reloading sandbox data and updating plugins
got data-received event, requesting reload
Load Complete:
	 devicestatus:1
data loaded: reloading sandbox data and updating plugins
      ✓ Large predictions inserted: 1000 IOB values
ok 59 v1 API Partial Failures and Edge Cases Large Document Handling devicestatus with large prediction arrays is inserted successfully
API_SECRET has 159 bits of entropy
++++++++++++++++++++++++++++++
Nightscout Executing startBoot
++++++++++++++++++++++++++++++
Executing checkNodeVersion
Node LTS version v14.21.3 is supported
Executing checkEnv
Executing augmentSettings
Executing checkSettings
Checking settings
Executing setupStorage
Reusing MongoDB connection handler
Mongo Storage system ready
Executing setupAuthorization
ensuring index for: auth_roles.name
ensuring index for: auth_subjects.name
Reloading auth data
Loading { sort: { name: 1 } }
Roles listed
Loading { sort: { name: 1 } }
Executing setupInternals
Pushover was NOT configured
Executing ensureIndexes
Ensuring indexes
ensuring index for: test_sgvs.date
ensuring index for: test_sgvs.type
ensuring index for: test_sgvs.sgv
ensuring index for: test_sgvs.mbg
ensuring index for: test_sgvs.sysTime
ensuring index for: test_sgvs.dateString
ensuring index for: test_sgvs.[object Object]
ensuring index for: treatments.created_at
ensuring index for: treatments.eventType
ensuring index for: treatments.insulin
ensuring index for: treatments.carbs
ensuring index for: treatments.glucose
ensuring index for: treatments.enteredBy
ensuring index for: treatments.boluscalc.foods._id
ensuring index for: treatments.notes
ensuring index for: treatments.NSCLIENT_ID
ensuring index for: treatments.percent
ensuring index for: treatments.absolute
ensuring index for: treatments.duration
ensuring index for: treatments.[object Object]
ensuring index for: devicestatus.created_at
ensuring index for: devicestatus.NSCLIENT_ID
ensuring index for: profile.startDate
ensuring index for: food.type
ensuring index for: food.position
ensuring index for: food.hidden
ensuring index for: activity.created_at
Executing setupListeners
Executing setupConnect
Skipping disabled nightscout-connect
Executing setupBridge
Dexcom bridge not enabled
Executing setupMMConnect
MiniMed Connect not enabled
Executing finishBoot
tick 2026-01-18T05:42:57.303Z
API KEY present, enabling API
enabling feature: careportal
enabling feature: api
Load Complete:
	 devicestatus:1
data loaded: reloading sandbox data and updating plugins
got data-received event, requesting reload
Load Complete:
	 devicestatus:1
data loaded: reloading sandbox data and updating plugins
got data-received event, requesting reload
Load Complete:
	 devicestatus:1
data loaded: reloading sandbox data and updating plugins
got data-received event, requesting reload
Load Complete:
	 sgvs:3, devicestatus:1
data loaded: reloading sandbox data and updating plugins
      Entries inserted: 3 (expected: 1 with ordered, 2 with unordered)
      Valid entries: 2
ok 60 v1 API Partial Failures and Edge Cases Validation Error Handling batch with validation error in middle - ordered insert stops
API_SECRET has 159 bits of entropy
++++++++++++++++++++++++++++++
Nightscout Executing startBoot
++++++++++++++++++++++++++++++
Executing checkNodeVersion
Node LTS version v14.21.3 is supported
Executing checkEnv
Executing augmentSettings
Executing checkSettings
Checking settings
Executing setupStorage
Reusing MongoDB connection handler
Mongo Storage system ready
Executing setupAuthorization
ensuring index for: auth_roles.name
ensuring index for: auth_subjects.name
Reloading auth data
Loading { sort: { name: 1 } }
Roles listed
Loading { sort: { name: 1 } }
Executing setupInternals
Pushover was NOT configured
Executing ensureIndexes
Ensuring indexes
ensuring index for: test_sgvs.date
ensuring index for: test_sgvs.type
ensuring index for: test_sgvs.sgv
ensuring index for: test_sgvs.mbg
ensuring index for: test_sgvs.sysTime
ensuring index for: test_sgvs.dateString
ensuring index for: test_sgvs.[object Object]
ensuring index for: treatments.created_at
ensuring index for: treatments.eventType
ensuring index for: treatments.insulin
ensuring index for: treatments.carbs
ensuring index for: treatments.glucose
ensuring index for: treatments.enteredBy
ensuring index for: treatments.boluscalc.foods._id
ensuring index for: treatments.notes
ensuring index for: treatments.NSCLIENT_ID
ensuring index for: treatments.percent
ensuring index for: treatments.absolute
ensuring index for: treatments.duration
ensuring index for: treatments.[object Object]
ensuring index for: devicestatus.created_at
ensuring index for: devicestatus.NSCLIENT_ID
ensuring index for: profile.startDate
ensuring index for: food.type
ensuring index for: food.position
ensuring index for: food.hidden
ensuring index for: activity.created_at
Executing setupListeners
Executing setupConnect
Skipping disabled nightscout-connect
Executing setupBridge
Dexcom bridge not enabled
Executing setupMMConnect
MiniMed Connect not enabled
Executing finishBoot
tick 2026-01-18T05:42:57.331Z
API KEY present, enabling API
enabling feature: careportal
enabling feature: api
Load Complete:
	 sgvs:3, devicestatus:1
data loaded: reloading sandbox data and updating plugins
got data-received event, requesting reload
Load Complete:
	 sgvs:3, devicestatus:1
data loaded: reloading sandbox data and updating plugins
got data-received event, requesting reload
Load Complete:
	 devicestatus:1
data loaded: reloading sandbox data and updating plugins
got data-received event, requesting reload
Load Complete:
	 sgvs:50, devicestatus:1
data loaded: reloading sandbox data and updating plugins
      ✓ Large batch (50 items) inserted successfully
ok 61 v1 API Partial Failures and Edge Cases Connection and Recovery Scenarios large batch insert completes successfully
API_SECRET has 159 bits of entropy
++++++++++++++++++++++++++++++
Nightscout Executing startBoot
++++++++++++++++++++++++++++++
Executing checkNodeVersion
Node LTS version v14.21.3 is supported
Executing checkEnv
Executing augmentSettings
Executing checkSettings
Checking settings
Executing setupStorage
Reusing MongoDB connection handler
Mongo Storage system ready
Executing setupAuthorization
ensuring index for: auth_roles.name
ensuring index for: auth_subjects.name
Reloading auth data
Loading { sort: { name: 1 } }
Roles listed
Loading { sort: { name: 1 } }
Executing setupInternals
Pushover was NOT configured
Executing ensureIndexes
Ensuring indexes
ensuring index for: test_sgvs.date
ensuring index for: test_sgvs.type
ensuring index for: test_sgvs.sgv
ensuring index for: test_sgvs.mbg
ensuring index for: test_sgvs.sysTime
ensuring index for: test_sgvs.dateString
ensuring index for: test_sgvs.[object Object]
ensuring index for: treatments.created_at
ensuring index for: treatments.eventType
ensuring index for: treatments.insulin
ensuring index for: treatments.carbs
ensuring index for: treatments.glucose
ensuring index for: treatments.enteredBy
ensuring index for: treatments.boluscalc.foods._id
ensuring index for: treatments.notes
ensuring index for: treatments.NSCLIENT_ID
ensuring index for: treatments.percent
ensuring index for: treatments.absolute
ensuring index for: treatments.duration
ensuring index for: treatments.[object Object]
ensuring index for: devicestatus.created_at
ensuring index for: devicestatus.NSCLIENT_ID
ensuring index for: profile.startDate
ensuring index for: food.type
ensuring index for: food.position
ensuring index for: food.hidden
ensuring index for: activity.created_at
Executing setupListeners
Executing setupConnect
Skipping disabled nightscout-connect
Executing setupBridge
Dexcom bridge not enabled
Executing setupMMConnect
MiniMed Connect not enabled
Executing finishBoot
tick 2026-01-18T05:42:57.370Z
API KEY present, enabling API
enabling feature: careportal
enabling feature: api
Inserting profile entry
Load Complete:
	 sgvs:50, devicestatus:1
data loaded: reloading sandbox data and updating plugins
got data-received event, requesting reload
Profile saved {
  defaultProfile: 'Default',
  store: {
    Default: {
      dia: 3,
      carbratio: [Array],
      carbs_hr: 20,
      delay: 20,
      sens: [Array],
      timezone: 'US/Pacific',
      basal: [Array],
      target_low: [Array],
      target_high: [Array],
      units: 'mg/dl'
    }
  },
  startDate: '2024-10-19T23:00:00.000Z',
  mills: 0,
  created_at: '2024-10-26T20:32:49.173Z',
  srvModified: 1732653169173,
  units: 'mg/dl',
  _id: new ObjectId("696c72e1dd4dc41f4351bf20")
}
Load Complete:
	 sgvs:50, profiles:1, devicestatus:1
data loaded: reloading sandbox data and updating plugins
Ensuring profile was inserted successfully
{"_id":"696c72e1dd4dc41f4351bf20","defaultProfile":"Default","store":{"Default":{"dia":3,"carbratio":[{"time":"00:00","value":30,"timeAsSeconds":0}],"carbs_hr":20,"delay":20,"sens":[{"time":"00:00","value":100,"timeAsSeconds":0}],"timezone":"US/Pacific","basal":[{"time":"00:00","value":0.1,"timeAsSeconds":0}],"target_low":[{"time":"00:00","value":100,"timeAsSeconds":0}],"target_high":[{"time":"00:00","value":100,"timeAsSeconds":0}],"units":"mg/dl"}},"startDate":"2024-10-19T23:00:00.000Z","mills":0,"created_at":"2024-10-26T20:32:49.173Z","srvModified":1732653169173,"units":"mg/dl"}
Deleting test profile entry 1
got data-received event, requesting reload
Load Complete:
	 sgvs:50, devicestatus:1
data loaded: reloading sandbox data and updating plugins
Testing if profile was deleted
ok 62 Profiles API put a profile, query, delete, verify gone
API_SECRET has 159 bits of entropy
++++++++++++++++++++++++++++++
Nightscout Executing startBoot
++++++++++++++++++++++++++++++
Executing checkNodeVersion
Node LTS version v14.21.3 is supported
Executing checkEnv
Executing augmentSettings
Executing checkSettings
Checking settings
Executing setupStorage
Reusing MongoDB connection handler
Mongo Storage system ready
Executing setupAuthorization
ensuring index for: auth_roles.name
ensuring index for: auth_subjects.name
Reloading auth data
Loading { sort: { name: 1 } }
Roles listed
Loading { sort: { name: 1 } }
Executing setupInternals
Pushover was NOT configured
Executing ensureIndexes
Ensuring indexes
ensuring index for: test_sgvs.date
ensuring index for: test_sgvs.type
ensuring index for: test_sgvs.sgv
ensuring index for: test_sgvs.mbg
ensuring index for: test_sgvs.sysTime
ensuring index for: test_sgvs.dateString
ensuring index for: test_sgvs.[object Object]
ensuring index for: treatments.created_at
ensuring index for: treatments.eventType
ensuring index for: treatments.insulin
ensuring index for: treatments.carbs
ensuring index for: treatments.glucose
ensuring index for: treatments.enteredBy
ensuring index for: treatments.boluscalc.foods._id
ensuring index for: treatments.notes
ensuring index for: treatments.NSCLIENT_ID
ensuring index for: treatments.percent
ensuring index for: treatments.absolute
ensuring index for: treatments.duration
ensuring index for: treatments.[object Object]
ensuring index for: devicestatus.created_at
ensuring index for: devicestatus.NSCLIENT_ID
ensuring index for: profile.startDate
ensuring index for: food.type
ensuring index for: food.position
ensuring index for: food.hidden
ensuring index for: activity.created_at
Executing setupListeners
Executing setupConnect
Skipping disabled nightscout-connect
Executing setupBridge
Dexcom bridge not enabled
Executing setupMMConnect
MiniMed Connect not enabled
Executing finishBoot
tick 2026-01-18T05:42:57.397Z
API KEY present, enabling API
enabling feature: careportal
enabling feature: api
Inserting profile entry
Load Complete:
	 sgvs:50, devicestatus:1
data loaded: reloading sandbox data and updating plugins
got data-received event, requesting reload
Profile created {
  defaultProfile: 'Default',
  store: {
    Default: {
      dia: 3,
      carbratio: [Array],
      carbs_hr: 20,
      delay: 20,
      sens: [Array],
      timezone: 'US/Pacific',
      basal: [Array],
      target_low: [Array],
      target_high: [Array],
      units: 'mg/dl'
    }
  },
  startDate: '2024-10-19T23:00:00.000Z',
  mills: 0,
  created_at: '2026-01-18T05:42:57.410Z',
  srvModified: 1732653169173,
  units: 'mg/dl',
  _id: new ObjectId("696c72e1dd4dc41f4351bf21")
}
Load Complete:
	 sgvs:50, profiles:1, devicestatus:1
data loaded: reloading sandbox data and updating plugins
Ensuring profile was inserted successfully
{"_id":"696c72e1dd4dc41f4351bf21","defaultProfile":"Default","store":{"Default":{"dia":3,"carbratio":[{"time":"00:00","value":30,"timeAsSeconds":0}],"carbs_hr":20,"delay":20,"sens":[{"time":"00:00","value":100,"timeAsSeconds":0}],"timezone":"US/Pacific","basal":[{"time":"00:00","value":0.1,"timeAsSeconds":0}],"target_low":[{"time":"00:00","value":100,"timeAsSeconds":0}],"target_high":[{"time":"00:00","value":100,"timeAsSeconds":0}],"units":"mg/dl"}},"startDate":"2024-10-19T23:00:00.000Z","mills":0,"created_at":"2026-01-18T05:42:57.410Z","srvModified":1732653169173,"units":"mg/dl"}
Deleting test profile entry 1
got data-received event, requesting reload
Load Complete:
	 sgvs:50, devicestatus:1
data loaded: reloading sandbox data and updating plugins
Testing if profile was deleted
ok 63 Profiles API post a profile, query, delete, verify gone
API_SECRET has 159 bits of entropy
++++++++++++++++++++++++++++++
Nightscout Executing startBoot
++++++++++++++++++++++++++++++
Executing checkNodeVersion
Node LTS version v14.21.3 is supported
Executing checkEnv
Executing augmentSettings
Executing checkSettings
Checking settings
Executing setupStorage
Reusing MongoDB connection handler
Mongo Storage system ready
Executing setupAuthorization
ensuring index for: auth_roles.name
ensuring index for: auth_subjects.name
Reloading auth data
Loading { sort: { name: 1 } }
Roles listed
Loading { sort: { name: 1 } }
Executing setupInternals
Pushover was NOT configured
Executing ensureIndexes
Ensuring indexes
ensuring index for: test_sgvs.date
ensuring index for: test_sgvs.type
ensuring index for: test_sgvs.sgv
ensuring index for: test_sgvs.mbg
ensuring index for: test_sgvs.sysTime
ensuring index for: test_sgvs.dateString
ensuring index for: test_sgvs.[object Object]
ensuring index for: treatments.created_at
ensuring index for: treatments.eventType
ensuring index for: treatments.insulin
ensuring index for: treatments.carbs
ensuring index for: treatments.glucose
ensuring index for: treatments.enteredBy
ensuring index for: treatments.boluscalc.foods._id
ensuring index for: treatments.notes
ensuring index for: treatments.NSCLIENT_ID
ensuring index for: treatments.percent
ensuring index for: treatments.absolute
ensuring index for: treatments.duration
ensuring index for: treatments.[object Object]
ensuring index for: devicestatus.created_at
ensuring index for: devicestatus.NSCLIENT_ID
ensuring index for: profile.startDate
ensuring index for: food.type
ensuring index for: food.position
ensuring index for: food.hidden
ensuring index for: activity.created_at
Executing setupListeners
Executing setupConnect
Skipping disabled nightscout-connect
Executing setupBridge
Dexcom bridge not enabled
Executing setupMMConnect
MiniMed Connect not enabled
Executing finishBoot
tick 2026-01-18T05:42:57.429Z
Started SSL instance on https://localhost:33189
Load Complete:
	 sgvs:50, devicestatus:1
data loaded: reloading sandbox data and updating plugins
ok 64 Root REST API GET /api/versions
API_SECRET has 159 bits of entropy
++++++++++++++++++++++++++++++
Nightscout Executing startBoot
++++++++++++++++++++++++++++++
Executing checkNodeVersion
Node LTS version v14.21.3 is supported
Executing checkEnv
Executing augmentSettings
Executing checkSettings
Checking settings
Executing setupStorage
Reusing MongoDB connection handler
Mongo Storage system ready
Executing setupAuthorization
ensuring index for: auth_roles.name
ensuring index for: auth_subjects.name
Reloading auth data
Loading { sort: { name: 1 } }
Roles listed
Loading { sort: { name: 1 } }
Executing setupInternals
Pushover was NOT configured
Executing ensureIndexes
Ensuring indexes
ensuring index for: test_sgvs.date
ensuring index for: test_sgvs.type
ensuring index for: test_sgvs.sgv
ensuring index for: test_sgvs.mbg
ensuring index for: test_sgvs.sysTime
ensuring index for: test_sgvs.dateString
ensuring index for: test_sgvs.[object Object]
ensuring index for: treatments.created_at
ensuring index for: treatments.eventType
ensuring index for: treatments.insulin
ensuring index for: treatments.carbs
ensuring index for: treatments.glucose
ensuring index for: treatments.enteredBy
ensuring index for: treatments.boluscalc.foods._id
ensuring index for: treatments.notes
ensuring index for: treatments.NSCLIENT_ID
ensuring index for: treatments.percent
ensuring index for: treatments.absolute
ensuring index for: treatments.duration
ensuring index for: treatments.[object Object]
ensuring index for: devicestatus.created_at
ensuring index for: devicestatus.NSCLIENT_ID
ensuring index for: profile.startDate
ensuring index for: food.type
ensuring index for: food.position
ensuring index for: food.hidden
ensuring index for: activity.created_at
Executing setupListeners
Executing setupConnect
Skipping disabled nightscout-connect
Executing setupBridge
Dexcom bridge not enabled
Executing setupMMConnect
MiniMed Connect not enabled
Executing finishBoot
tick 2026-01-18T05:42:57.448Z
API KEY present, enabling API
enabling feature: bgnow
enabling feature: delta
enabling feature: direction
enabling feature: timeago
enabling feature: devicestatus
enabling feature: upbat
enabling feature: errorcodes
enabling feature: profile
enabling feature: bolus
enabling feature: dbsize
enabling feature: runtimestate
enabling feature: basal
enabling feature: careportal
enabling feature: ar2
Load Complete:
	 sgvs:50, devicestatus:1
data loaded: reloading sandbox data and updating plugins
For the Basal plugin to function you need a treatment profile
Error: cannot GET /api/v2/authorization/request/12345 (401)
    at Response.toError (/home/bewest/src/cgm-remote-monitor/node_modules/superagent/lib/node/response.js:94:15)
    at ResponseBase._setStatusProperties (/home/bewest/src/cgm-remote-monitor/node_modules/superagent/lib/response-base.js:123:16)
    at new Response (/home/bewest/src/cgm-remote-monitor/node_modules/superagent/lib/node/response.js:41:8)
    at Test.Request._emitResponse (/home/bewest/src/cgm-remote-monitor/node_modules/superagent/lib/node/index.js:752:20)
    at /home/bewest/src/cgm-remote-monitor/node_modules/superagent/lib/node/index.js:916:38
    at IncomingMessage.<anonymous> (/home/bewest/src/cgm-remote-monitor/node_modules/superagent/lib/node/parsers/json.js:19:7)
    at IncomingMessage.emit (events.js:412:35)
    at endReadableNT (internal/streams/readable.js:1333:12)
    at processTicksAndRejections (internal/process/task_queues.js:82:21) {
  status: 401,
  text: '{"status":401,"message":"Unauthorized","description":"Invalid/Missing"}',
  method: 'GET',
  path: '/api/v2/authorization/request/12345'
}
ok 65 Security of REST API V1 Should fail on false token
Error: cannot GET /api/v1/entries.json (401)
    at Response.toError (/home/bewest/src/cgm-remote-monitor/node_modules/superagent/lib/node/response.js:94:15)
    at ResponseBase._setStatusProperties (/home/bewest/src/cgm-remote-monitor/node_modules/superagent/lib/response-base.js:123:16)
    at new Response (/home/bewest/src/cgm-remote-monitor/node_modules/superagent/lib/node/response.js:41:8)
    at Test.Request._emitResponse (/home/bewest/src/cgm-remote-monitor/node_modules/superagent/lib/node/index.js:752:20)
    at /home/bewest/src/cgm-remote-monitor/node_modules/superagent/lib/node/index.js:916:38
    at IncomingMessage.<anonymous> (/home/bewest/src/cgm-remote-monitor/node_modules/superagent/lib/node/parsers/json.js:19:7)
    at IncomingMessage.emit (events.js:412:35)
    at endReadableNT (internal/streams/readable.js:1333:12)
    at processTicksAndRejections (internal/process/task_queues.js:82:21) {
  status: 401,
  text: '{"status":401,"message":"Unauthorized","description":"Invalid/Missing"}',
  method: 'GET',
  path: '/api/v1/entries.json'
}
ok 66 Security of REST API V1 Data load should fail unauthenticated
ok 67 Security of REST API V1 Should return a JWT on token
ok 68 Security of REST API V1 Should return a JWT with default roles on broken role token
ok 69 Security of REST API V1 Data load should succeed with API SECRET
ok 70 Security of REST API V1 Data load should succeed with GET token
ok 71 Security of REST API V1 Data load should succeed with token in place of a secret
ok 72 Security of REST API V1 Data load should succeed with a bearer token
Resolving secret/token to permissions failed
ok 73 Security of REST API V1 Data load fail succeed with a false bearer token
ok 74 Security of REST API V1 /verifyauth should return OK for Bearer tokens
API_SECRET has 159 bits of entropy
++++++++++++++++++++++++++++++
Nightscout Executing startBoot
++++++++++++++++++++++++++++++
Executing checkNodeVersion
Node LTS version v14.21.3 is supported
Executing checkEnv
Executing augmentSettings
Executing checkSettings
Checking settings
Executing setupStorage
Reusing MongoDB connection handler
Mongo Storage system ready
Executing setupAuthorization
ensuring index for: auth_roles.name
ensuring index for: auth_subjects.name
Reloading auth data
Loading { sort: { name: 1 } }
Roles listed
Loading { sort: { name: 1 } }
Executing setupInternals
Pushover was NOT configured
Executing ensureIndexes
Ensuring indexes
ensuring index for: test_sgvs.date
ensuring index for: test_sgvs.type
ensuring index for: test_sgvs.sgv
ensuring index for: test_sgvs.mbg
ensuring index for: test_sgvs.sysTime
ensuring index for: test_sgvs.dateString
ensuring index for: test_sgvs.[object Object]
ensuring index for: treatments.created_at
ensuring index for: treatments.eventType
ensuring index for: treatments.insulin
ensuring index for: treatments.carbs
ensuring index for: treatments.glucose
ensuring index for: treatments.enteredBy
ensuring index for: treatments.boluscalc.foods._id
ensuring index for: treatments.notes
ensuring index for: treatments.NSCLIENT_ID
ensuring index for: treatments.percent
ensuring index for: treatments.absolute
ensuring index for: treatments.duration
ensuring index for: treatments.[object Object]
ensuring index for: devicestatus.created_at
ensuring index for: devicestatus.NSCLIENT_ID
ensuring index for: profile.startDate
ensuring index for: food.type
ensuring index for: food.position
ensuring index for: food.hidden
ensuring index for: activity.created_at
Executing setupListeners
Executing setupConnect
Skipping disabled nightscout-connect
Executing setupBridge
Dexcom bridge not enabled
Executing setupMMConnect
MiniMed Connect not enabled
Executing finishBoot
tick 2026-01-18T05:43:02.483Z
API KEY present, enabling API
enabling feature: careportal
enabling feature: api
Load Complete:
	 sgvs:50, devicestatus:1
data loaded: reloading sandbox data and updating plugins
got data-received event, requesting reload
Load Complete:
	 sgvs:50, devicestatus:1
data loaded: reloading sandbox data and updating plugins
got data-received event, requesting reload
REST API treatment created [
  {
    eventType: 'Note',
    created_at: '2026-01-18T05:43:02.495Z',
    notes: 'single object test',
    utcOffset: 0,
    _id: new ObjectId("696c72e6cc4c6d62366ffe8e")
  }
]
ok 75 API Shape Handling - Single Object vs Array Input Treatments API - /api/treatments/ POST accepts single object
Load Complete:
	 sgvs:50, treatments:1, devicestatus:1
data loaded: reloading sandbox data and updating plugins
API_SECRET has 159 bits of entropy
++++++++++++++++++++++++++++++
Nightscout Executing startBoot
++++++++++++++++++++++++++++++
Executing checkNodeVersion
Node LTS version v14.21.3 is supported
Executing checkEnv
Executing augmentSettings
Executing checkSettings
Checking settings
Executing setupStorage
Reusing MongoDB connection handler
Mongo Storage system ready
Executing setupAuthorization
ensuring index for: auth_roles.name
ensuring index for: auth_subjects.name
Reloading auth data
Loading { sort: { name: 1 } }
Roles listed
Loading { sort: { name: 1 } }
Executing setupInternals
Pushover was NOT configured
Executing ensureIndexes
Ensuring indexes
ensuring index for: test_sgvs.date
ensuring index for: test_sgvs.type
ensuring index for: test_sgvs.sgv
ensuring index for: test_sgvs.mbg
ensuring index for: test_sgvs.sysTime
ensuring index for: test_sgvs.dateString
ensuring index for: test_sgvs.[object Object]
ensuring index for: treatments.created_at
ensuring index for: treatments.eventType
ensuring index for: treatments.insulin
ensuring index for: treatments.carbs
ensuring index for: treatments.glucose
ensuring index for: treatments.enteredBy
ensuring index for: treatments.boluscalc.foods._id
ensuring index for: treatments.notes
ensuring index for: treatments.NSCLIENT_ID
ensuring index for: treatments.percent
ensuring index for: treatments.absolute
ensuring index for: treatments.duration
ensuring index for: treatments.[object Object]
ensuring index for: devicestatus.created_at
ensuring index for: devicestatus.NSCLIENT_ID
ensuring index for: profile.startDate
ensuring index for: food.type
ensuring index for: food.position
ensuring index for: food.hidden
ensuring index for: activity.created_at
Executing setupListeners
Executing setupConnect
Skipping disabled nightscout-connect
Executing setupBridge
Dexcom bridge not enabled
Executing setupMMConnect
MiniMed Connect not enabled
Executing finishBoot
tick 2026-01-18T05:43:02.511Z
API KEY present, enabling API
enabling feature: careportal
enabling feature: api
Load Complete:
	 sgvs:50, treatments:1, devicestatus:1
data loaded: reloading sandbox data and updating plugins
got data-received event, requesting reload
Load Complete:
	 sgvs:50, devicestatus:1
data loaded: reloading sandbox data and updating plugins
got data-received event, requesting reload
REST API treatment created [
  {
    eventType: 'Note',
    created_at: '2026-01-18T05:43:02.520Z',
    notes: 'array single element test',
    utcOffset: 0,
    _id: new ObjectId("696c72e6cc4c6d62366ffeda")
  }
]
ok 76 API Shape Handling - Single Object vs Array Input Treatments API - /api/treatments/ POST accepts array with single element
Load Complete:
	 sgvs:50, treatments:1, devicestatus:1
data loaded: reloading sandbox data and updating plugins
API_SECRET has 159 bits of entropy
++++++++++++++++++++++++++++++
Nightscout Executing startBoot
++++++++++++++++++++++++++++++
Executing checkNodeVersion
Node LTS version v14.21.3 is supported
Executing checkEnv
Executing augmentSettings
Executing checkSettings
Checking settings
Executing setupStorage
Reusing MongoDB connection handler
Mongo Storage system ready
Executing setupAuthorization
ensuring index for: auth_roles.name
ensuring index for: auth_subjects.name
Reloading auth data
Loading { sort: { name: 1 } }
Roles listed
Loading { sort: { name: 1 } }
Executing setupInternals
Pushover was NOT configured
Executing ensureIndexes
Ensuring indexes
ensuring index for: test_sgvs.date
ensuring index for: test_sgvs.type
ensuring index for: test_sgvs.sgv
ensuring index for: test_sgvs.mbg
ensuring index for: test_sgvs.sysTime
ensuring index for: test_sgvs.dateString
ensuring index for: test_sgvs.[object Object]
ensuring index for: treatments.created_at
ensuring index for: treatments.eventType
ensuring index for: treatments.insulin
ensuring index for: treatments.carbs
ensuring index for: treatments.glucose
ensuring index for: treatments.enteredBy
ensuring index for: treatments.boluscalc.foods._id
ensuring index for: treatments.notes
ensuring index for: treatments.NSCLIENT_ID
ensuring index for: treatments.percent
ensuring index for: treatments.absolute
ensuring index for: treatments.duration
ensuring index for: treatments.[object Object]
ensuring index for: devicestatus.created_at
ensuring index for: devicestatus.NSCLIENT_ID
ensuring index for: profile.startDate
ensuring index for: food.type
ensuring index for: food.position
ensuring index for: food.hidden
ensuring index for: activity.created_at
Executing setupListeners
Executing setupConnect
Skipping disabled nightscout-connect
Executing setupBridge
Dexcom bridge not enabled
Executing setupMMConnect
MiniMed Connect not enabled
Executing finishBoot
tick 2026-01-18T05:43:02.534Z
API KEY present, enabling API
enabling feature: careportal
enabling feature: api
Load Complete:
	 sgvs:50, treatments:1, devicestatus:1
data loaded: reloading sandbox data and updating plugins
got data-received event, requesting reload
Load Complete:
	 sgvs:50, devicestatus:1
data loaded: reloading sandbox data and updating plugins
got data-received event, requesting reload
REST API treatment created [
  {
    eventType: 'Note',
    created_at: '2026-01-18T05:43:02.542Z',
    notes: 'first treatment',
    utcOffset: 0,
    _id: new ObjectId("696c72e6cc4c6d62366fff26")
  },
  {
    eventType: 'BG Check',
    created_at: '2026-01-18T05:43:03.542Z',
    glucose: 120,
    glucoseType: 'Finger',
    units: 'mg/dl',
    utcOffset: 0,
    _id: new ObjectId("696c72e6cc4c6d62366fff28")
  }
]
ok 77 API Shape Handling - Single Object vs Array Input Treatments API - /api/treatments/ POST accepts array with multiple elements
Load Complete:
	 sgvs:50, treatments:2, devicestatus:1
data loaded: reloading sandbox data and updating plugins
API_SECRET has 159 bits of entropy
++++++++++++++++++++++++++++++
Nightscout Executing startBoot
++++++++++++++++++++++++++++++
Executing checkNodeVersion
Node LTS version v14.21.3 is supported
Executing checkEnv
Executing augmentSettings
Executing checkSettings
Checking settings
Executing setupStorage
Reusing MongoDB connection handler
Mongo Storage system ready
Executing setupAuthorization
ensuring index for: auth_roles.name
ensuring index for: auth_subjects.name
Reloading auth data
Loading { sort: { name: 1 } }
Roles listed
Loading { sort: { name: 1 } }
Executing setupInternals
Pushover was NOT configured
Executing ensureIndexes
Ensuring indexes
ensuring index for: test_sgvs.date
ensuring index for: test_sgvs.type
ensuring index for: test_sgvs.sgv
ensuring index for: test_sgvs.mbg
ensuring index for: test_sgvs.sysTime
ensuring index for: test_sgvs.dateString
ensuring index for: test_sgvs.[object Object]
ensuring index for: treatments.created_at
ensuring index for: treatments.eventType
ensuring index for: treatments.insulin
ensuring index for: treatments.carbs
ensuring index for: treatments.glucose
ensuring index for: treatments.enteredBy
ensuring index for: treatments.boluscalc.foods._id
ensuring index for: treatments.notes
ensuring index for: treatments.NSCLIENT_ID
ensuring index for: treatments.percent
ensuring index for: treatments.absolute
ensuring index for: treatments.duration
ensuring index for: treatments.[object Object]
ensuring index for: devicestatus.created_at
ensuring index for: devicestatus.NSCLIENT_ID
ensuring index for: profile.startDate
ensuring index for: food.type
ensuring index for: food.position
ensuring index for: food.hidden
ensuring index for: activity.created_at
Executing setupListeners
Executing setupConnect
Skipping disabled nightscout-connect
Executing setupBridge
Dexcom bridge not enabled
Executing setupMMConnect
MiniMed Connect not enabled
Executing finishBoot
tick 2026-01-18T05:43:02.558Z
API KEY present, enabling API
enabling feature: careportal
enabling feature: api
Load Complete:
	 sgvs:50, treatments:2, devicestatus:1
data loaded: reloading sandbox data and updating plugins
got data-received event, requesting reload
Load Complete:
	 sgvs:50, devicestatus:1
data loaded: reloading sandbox data and updating plugins
got data-received event, requesting reload
REST API treatment created [
  {
    eventType: 'Note',
    created_at: '2026-01-18T05:43:02.567Z',
    notes: 'batch item 0',
    utcOffset: 0,
    _id: new ObjectId("696c72e6cc4c6d62366fff74")
  },
  {
    eventType: 'Note',
    created_at: '2026-01-18T05:43:03.567Z',
    notes: 'batch item 1',
    utcOffset: 0,
    _id: new ObjectId("696c72e6cc4c6d62366fff76")
  },
  {
    eventType: 'Note',
    created_at: '2026-01-18T05:43:04.567Z',
    notes: 'batch item 2',
    utcOffset: 0,
    _id: new ObjectId("696c72e6cc4c6d62366fff78")
  },
  {
    eventType: 'Note',
    created_at: '2026-01-18T05:43:05.567Z',
    notes: 'batch item 3',
    utcOffset: 0,
    _id: new ObjectId("696c72e6cc4c6d62366fff7a")
  },
  {
    eventType: 'Note',
    created_at: '2026-01-18T05:43:06.567Z',
    notes: 'batch item 4',
    utcOffset: 0,
    _id: new ObjectId("696c72e6cc4c6d62366fff7c")
  },
  {
    eventType: 'Note',
    created_at: '2026-01-18T05:43:07.567Z',
    notes: 'batch item 5',
    utcOffset: 0,
    _id: new ObjectId("696c72e6cc4c6d62366fff7e")
  },
  {
    eventType: 'Note',
    created_at: '2026-01-18T05:43:08.567Z',
    notes: 'batch item 6',
    utcOffset: 0,
    _id: new ObjectId("696c72e6cc4c6d62366fff80")
  },
  {
    eventType: 'Note',
    created_at: '2026-01-18T05:43:09.567Z',
    notes: 'batch item 7',
    utcOffset: 0,
    _id: new ObjectId("696c72e6cc4c6d62366fff82")
  },
  {
    eventType: 'Note',
    created_at: '2026-01-18T05:43:10.567Z',
    notes: 'batch item 8',
    utcOffset: 0,
    _id: new ObjectId("696c72e6cc4c6d62366fff84")
  },
  {
    eventType: 'Note',
    created_at: '2026-01-18T05:43:11.567Z',
    notes: 'batch item 9',
    utcOffset: 0,
    _id: new ObjectId("696c72e6cc4c6d62366fff86")
  }
]
Load Complete:
	 sgvs:50, treatments:10, devicestatus:1
data loaded: reloading sandbox data and updating plugins
ok 78 API Shape Handling - Single Object vs Array Input Treatments API - /api/treatments/ POST handles large batch array
API_SECRET has 159 bits of entropy
++++++++++++++++++++++++++++++
Nightscout Executing startBoot
++++++++++++++++++++++++++++++
Executing checkNodeVersion
Node LTS version v14.21.3 is supported
Executing checkEnv
Executing augmentSettings
Executing checkSettings
Checking settings
Executing setupStorage
Reusing MongoDB connection handler
Mongo Storage system ready
Executing setupAuthorization
ensuring index for: auth_roles.name
ensuring index for: auth_subjects.name
Reloading auth data
Loading { sort: { name: 1 } }
Roles listed
Loading { sort: { name: 1 } }
Executing setupInternals
Pushover was NOT configured
Executing ensureIndexes
Ensuring indexes
ensuring index for: test_sgvs.date
ensuring index for: test_sgvs.type
ensuring index for: test_sgvs.sgv
ensuring index for: test_sgvs.mbg
ensuring index for: test_sgvs.sysTime
ensuring index for: test_sgvs.dateString
ensuring index for: test_sgvs.[object Object]
ensuring index for: treatments.created_at
ensuring index for: treatments.eventType
ensuring index for: treatments.insulin
ensuring index for: treatments.carbs
ensuring index for: treatments.glucose
ensuring index for: treatments.enteredBy
ensuring index for: treatments.boluscalc.foods._id
ensuring index for: treatments.notes
ensuring index for: treatments.NSCLIENT_ID
ensuring index for: treatments.percent
ensuring index for: treatments.absolute
ensuring index for: treatments.duration
ensuring index for: treatments.[object Object]
ensuring index for: devicestatus.created_at
ensuring index for: devicestatus.NSCLIENT_ID
ensuring index for: profile.startDate
ensuring index for: food.type
ensuring index for: food.position
ensuring index for: food.hidden
ensuring index for: activity.created_at
Executing setupListeners
Executing setupConnect
Skipping disabled nightscout-connect
Executing setupBridge
Dexcom bridge not enabled
Executing setupMMConnect
MiniMed Connect not enabled
Executing finishBoot
tick 2026-01-18T05:43:02.587Z
API KEY present, enabling API
enabling feature: careportal
enabling feature: api
Load Complete:
	 sgvs:50, treatments:10, devicestatus:1
data loaded: reloading sandbox data and updating plugins
removed undefined { acknowledged: true, deletedCount: 1 }
got data-received event, requesting reload
ok 79 API Shape Handling - Single Object vs Array Input Devicestatus API - /api/devicestatus/ POST accepts single object
Load Complete:
	 sgvs:50, treatments:10, devicestatus:1
data loaded: reloading sandbox data and updating plugins
API_SECRET has 159 bits of entropy
++++++++++++++++++++++++++++++
Nightscout Executing startBoot
++++++++++++++++++++++++++++++
Executing checkNodeVersion
Node LTS version v14.21.3 is supported
Executing checkEnv
Executing augmentSettings
Executing checkSettings
Checking settings
Executing setupStorage
Reusing MongoDB connection handler
Mongo Storage system ready
Executing setupAuthorization
ensuring index for: auth_roles.name
ensuring index for: auth_subjects.name
Reloading auth data
Loading { sort: { name: 1 } }
Roles listed
Loading { sort: { name: 1 } }
Executing setupInternals
Pushover was NOT configured
Executing ensureIndexes
Ensuring indexes
ensuring index for: test_sgvs.date
ensuring index for: test_sgvs.type
ensuring index for: test_sgvs.sgv
ensuring index for: test_sgvs.mbg
ensuring index for: test_sgvs.sysTime
ensuring index for: test_sgvs.dateString
ensuring index for: test_sgvs.[object Object]
ensuring index for: treatments.created_at
ensuring index for: treatments.eventType
ensuring index for: treatments.insulin
ensuring index for: treatments.carbs
ensuring index for: treatments.glucose
ensuring index for: treatments.enteredBy
ensuring index for: treatments.boluscalc.foods._id
ensuring index for: treatments.notes
ensuring index for: treatments.NSCLIENT_ID
ensuring index for: treatments.percent
ensuring index for: treatments.absolute
ensuring index for: treatments.duration
ensuring index for: treatments.[object Object]
ensuring index for: devicestatus.created_at
ensuring index for: devicestatus.NSCLIENT_ID
ensuring index for: profile.startDate
ensuring index for: food.type
ensuring index for: food.position
ensuring index for: food.hidden
ensuring index for: activity.created_at
Executing setupListeners
Executing setupConnect
Skipping disabled nightscout-connect
Executing setupBridge
Dexcom bridge not enabled
Executing setupMMConnect
MiniMed Connect not enabled
Executing finishBoot
tick 2026-01-18T05:43:02.606Z
API KEY present, enabling API
enabling feature: careportal
enabling feature: api
Load Complete:
	 sgvs:50, treatments:10, devicestatus:1
data loaded: reloading sandbox data and updating plugins
removed undefined { acknowledged: true, deletedCount: 1 }
got data-received event, requesting reload
ok 80 API Shape Handling - Single Object vs Array Input Devicestatus API - /api/devicestatus/ POST accepts array with single element
Load Complete:
	 sgvs:50, treatments:10, devicestatus:1
data loaded: reloading sandbox data and updating plugins
API_SECRET has 159 bits of entropy
++++++++++++++++++++++++++++++
Nightscout Executing startBoot
++++++++++++++++++++++++++++++
Executing checkNodeVersion
Node LTS version v14.21.3 is supported
Executing checkEnv
Executing augmentSettings
Executing checkSettings
Checking settings
Executing setupStorage
Reusing MongoDB connection handler
Mongo Storage system ready
Executing setupAuthorization
ensuring index for: auth_roles.name
ensuring index for: auth_subjects.name
Reloading auth data
Loading { sort: { name: 1 } }
Roles listed
Loading { sort: { name: 1 } }
Executing setupInternals
Pushover was NOT configured
Executing ensureIndexes
Ensuring indexes
ensuring index for: test_sgvs.date
ensuring index for: test_sgvs.type
ensuring index for: test_sgvs.sgv
ensuring index for: test_sgvs.mbg
ensuring index for: test_sgvs.sysTime
ensuring index for: test_sgvs.dateString
ensuring index for: test_sgvs.[object Object]
ensuring index for: treatments.created_at
ensuring index for: treatments.eventType
ensuring index for: treatments.insulin
ensuring index for: treatments.carbs
ensuring index for: treatments.glucose
ensuring index for: treatments.enteredBy
ensuring index for: treatments.boluscalc.foods._id
ensuring index for: treatments.notes
ensuring index for: treatments.NSCLIENT_ID
ensuring index for: treatments.percent
ensuring index for: treatments.absolute
ensuring index for: treatments.duration
ensuring index for: treatments.[object Object]
ensuring index for: devicestatus.created_at
ensuring index for: devicestatus.NSCLIENT_ID
ensuring index for: profile.startDate
ensuring index for: food.type
ensuring index for: food.position
ensuring index for: food.hidden
ensuring index for: activity.created_at
Executing setupListeners
Executing setupConnect
Skipping disabled nightscout-connect
Executing setupBridge
Dexcom bridge not enabled
Executing setupMMConnect
MiniMed Connect not enabled
Executing finishBoot
tick 2026-01-18T05:43:02.623Z
API KEY present, enabling API
enabling feature: careportal
enabling feature: api
Load Complete:
	 sgvs:50, treatments:10, devicestatus:1
data loaded: reloading sandbox data and updating plugins
removed undefined { acknowledged: true, deletedCount: 1 }
got data-received event, requesting reload
ok 81 API Shape Handling - Single Object vs Array Input Devicestatus API - /api/devicestatus/ POST accepts array with multiple elements
Load Complete:
	 sgvs:50, treatments:10, devicestatus:3
data loaded: reloading sandbox data and updating plugins
API_SECRET has 159 bits of entropy
++++++++++++++++++++++++++++++
Nightscout Executing startBoot
++++++++++++++++++++++++++++++
Executing checkNodeVersion
Node LTS version v14.21.3 is supported
Executing checkEnv
Executing augmentSettings
Executing checkSettings
Checking settings
Executing setupStorage
Reusing MongoDB connection handler
Mongo Storage system ready
Executing setupAuthorization
ensuring index for: auth_roles.name
ensuring index for: auth_subjects.name
Reloading auth data
Loading { sort: { name: 1 } }
Roles listed
Loading { sort: { name: 1 } }
Executing setupInternals
Pushover was NOT configured
Executing ensureIndexes
Ensuring indexes
ensuring index for: test_sgvs.date
ensuring index for: test_sgvs.type
ensuring index for: test_sgvs.sgv
ensuring index for: test_sgvs.mbg
ensuring index for: test_sgvs.sysTime
ensuring index for: test_sgvs.dateString
ensuring index for: test_sgvs.[object Object]
ensuring index for: treatments.created_at
ensuring index for: treatments.eventType
ensuring index for: treatments.insulin
ensuring index for: treatments.carbs
ensuring index for: treatments.glucose
ensuring index for: treatments.enteredBy
ensuring index for: treatments.boluscalc.foods._id
ensuring index for: treatments.notes
ensuring index for: treatments.NSCLIENT_ID
ensuring index for: treatments.percent
ensuring index for: treatments.absolute
ensuring index for: treatments.duration
ensuring index for: treatments.[object Object]
ensuring index for: devicestatus.created_at
ensuring index for: devicestatus.NSCLIENT_ID
ensuring index for: profile.startDate
ensuring index for: food.type
ensuring index for: food.position
ensuring index for: food.hidden
ensuring index for: activity.created_at
Executing setupListeners
Executing setupConnect
Skipping disabled nightscout-connect
Executing setupBridge
Dexcom bridge not enabled
Executing setupMMConnect
MiniMed Connect not enabled
Executing finishBoot
tick 2026-01-18T05:43:02.642Z
API KEY present, enabling API
enabling feature: careportal
enabling feature: api
Load Complete:
	 sgvs:50, treatments:10, devicestatus:3
data loaded: reloading sandbox data and updating plugins
removed undefined { acknowledged: true, deletedCount: 3 }
got data-received event, requesting reload
ok 82 API Shape Handling - Single Object vs Array Input Devicestatus API - /api/devicestatus/ POST handles large batch array
Load Complete:
	 sgvs:50, treatments:10, devicestatus:10
data loaded: reloading sandbox data and updating plugins
API_SECRET has 159 bits of entropy
++++++++++++++++++++++++++++++
Nightscout Executing startBoot
++++++++++++++++++++++++++++++
Executing checkNodeVersion
Node LTS version v14.21.3 is supported
Executing checkEnv
Executing augmentSettings
Executing checkSettings
Checking settings
Executing setupStorage
Reusing MongoDB connection handler
Mongo Storage system ready
Executing setupAuthorization
ensuring index for: auth_roles.name
ensuring index for: auth_subjects.name
Reloading auth data
Loading { sort: { name: 1 } }
Roles listed
Loading { sort: { name: 1 } }
Executing setupInternals
Pushover was NOT configured
Executing ensureIndexes
Ensuring indexes
ensuring index for: test_sgvs.date
ensuring index for: test_sgvs.type
ensuring index for: test_sgvs.sgv
ensuring index for: test_sgvs.mbg
ensuring index for: test_sgvs.sysTime
ensuring index for: test_sgvs.dateString
ensuring index for: test_sgvs.[object Object]
ensuring index for: treatments.created_at
ensuring index for: treatments.eventType
ensuring index for: treatments.insulin
ensuring index for: treatments.carbs
ensuring index for: treatments.glucose
ensuring index for: treatments.enteredBy
ensuring index for: treatments.boluscalc.foods._id
ensuring index for: treatments.notes
ensuring index for: treatments.NSCLIENT_ID
ensuring index for: treatments.percent
ensuring index for: treatments.absolute
ensuring index for: treatments.duration
ensuring index for: treatments.[object Object]
ensuring index for: devicestatus.created_at
ensuring index for: devicestatus.NSCLIENT_ID
ensuring index for: profile.startDate
ensuring index for: food.type
ensuring index for: food.position
ensuring index for: food.hidden
ensuring index for: activity.created_at
Executing setupListeners
Executing setupConnect
Skipping disabled nightscout-connect
Executing setupBridge
Dexcom bridge not enabled
Executing setupMMConnect
MiniMed Connect not enabled
Executing finishBoot
tick 2026-01-18T05:43:02.662Z
API KEY present, enabling API
enabling feature: careportal
enabling feature: api
Load Complete:
	 sgvs:50, treatments:10, devicestatus:10
data loaded: reloading sandbox data and updating plugins
got data-received event, requesting reload
Load Complete:
	 sgvs:50, devicestatus:10
data loaded: reloading sandbox data and updating plugins
removed undefined { acknowledged: true, deletedCount: 10 }
got data-received event, requesting reload
REST API treatment created [
  {
    eventType: 'Note',
    created_at: '2026-01-18T05:43:02.676Z',
    notes: 'response shape test',
    utcOffset: 0,
    _id: new ObjectId("696c72e6cc4c6d62367000d2")
  }
]
ok 83 API Shape Handling - Single Object vs Array Input Response Shape Consistency treatments single object input returns array response
Load Complete:
	 sgvs:50, treatments:1
data loaded: reloading sandbox data and updating plugins
API_SECRET has 159 bits of entropy
++++++++++++++++++++++++++++++
Nightscout Executing startBoot
++++++++++++++++++++++++++++++
Executing checkNodeVersion
Node LTS version v14.21.3 is supported
Executing checkEnv
Executing augmentSettings
Executing checkSettings
Checking settings
Executing setupStorage
Reusing MongoDB connection handler
Mongo Storage system ready
Executing setupAuthorization
ensuring index for: auth_roles.name
ensuring index for: auth_subjects.name
Reloading auth data
Loading { sort: { name: 1 } }
Roles listed
Loading { sort: { name: 1 } }
Executing setupInternals
Pushover was NOT configured
Executing ensureIndexes
Ensuring indexes
ensuring index for: test_sgvs.date
ensuring index for: test_sgvs.type
ensuring index for: test_sgvs.sgv
ensuring index for: test_sgvs.mbg
ensuring index for: test_sgvs.sysTime
ensuring index for: test_sgvs.dateString
ensuring index for: test_sgvs.[object Object]
ensuring index for: treatments.created_at
ensuring index for: treatments.eventType
ensuring index for: treatments.insulin
ensuring index for: treatments.carbs
ensuring index for: treatments.glucose
ensuring index for: treatments.enteredBy
ensuring index for: treatments.boluscalc.foods._id
ensuring index for: treatments.notes
ensuring index for: treatments.NSCLIENT_ID
ensuring index for: treatments.percent
ensuring index for: treatments.absolute
ensuring index for: treatments.duration
ensuring index for: treatments.[object Object]
ensuring index for: devicestatus.created_at
ensuring index for: devicestatus.NSCLIENT_ID
ensuring index for: profile.startDate
ensuring index for: food.type
ensuring index for: food.position
ensuring index for: food.hidden
ensuring index for: activity.created_at
Executing setupListeners
Executing setupConnect
Skipping disabled nightscout-connect
Executing setupBridge
Dexcom bridge not enabled
Executing setupMMConnect
MiniMed Connect not enabled
Executing finishBoot
tick 2026-01-18T05:43:02.685Z
API KEY present, enabling API
enabling feature: careportal
enabling feature: api
Load Complete:
	 sgvs:50, treatments:1
data loaded: reloading sandbox data and updating plugins
got data-received event, requesting reload
Load Complete:
	 sgvs:50
data loaded: reloading sandbox data and updating plugins
removed undefined { acknowledged: true, deletedCount: 0 }
got data-received event, requesting reload
REST API treatment created [
  {
    eventType: 'Note',
    created_at: '2026-01-18T05:43:02.696Z',
    notes: 'response shape test array',
    utcOffset: 0,
    _id: new ObjectId("696c72e6cc4c6d623670011f")
  }
]
ok 84 API Shape Handling - Single Object vs Array Input Response Shape Consistency treatments array input returns array response
Load Complete:
	 sgvs:50, treatments:1
data loaded: reloading sandbox data and updating plugins
API_SECRET has 159 bits of entropy
++++++++++++++++++++++++++++++
Nightscout Executing startBoot
++++++++++++++++++++++++++++++
Executing checkNodeVersion
Node LTS version v14.21.3 is supported
Executing checkEnv
Executing augmentSettings
Executing checkSettings
Checking settings
Executing setupStorage
Reusing MongoDB connection handler
Mongo Storage system ready
Executing setupAuthorization
ensuring index for: auth_roles.name
ensuring index for: auth_subjects.name
Reloading auth data
Loading { sort: { name: 1 } }
Roles listed
Loading { sort: { name: 1 } }
Executing setupInternals
Pushover was NOT configured
Executing ensureIndexes
Ensuring indexes
ensuring index for: test_sgvs.date
ensuring index for: test_sgvs.type
ensuring index for: test_sgvs.sgv
ensuring index for: test_sgvs.mbg
ensuring index for: test_sgvs.sysTime
ensuring index for: test_sgvs.dateString
ensuring index for: test_sgvs.[object Object]
ensuring index for: treatments.created_at
ensuring index for: treatments.eventType
ensuring index for: treatments.insulin
ensuring index for: treatments.carbs
ensuring index for: treatments.glucose
ensuring index for: treatments.enteredBy
ensuring index for: treatments.boluscalc.foods._id
ensuring index for: treatments.notes
ensuring index for: treatments.NSCLIENT_ID
ensuring index for: treatments.percent
ensuring index for: treatments.absolute
ensuring index for: treatments.duration
ensuring index for: treatments.[object Object]
ensuring index for: devicestatus.created_at
ensuring index for: devicestatus.NSCLIENT_ID
ensuring index for: profile.startDate
ensuring index for: food.type
ensuring index for: food.position
ensuring index for: food.hidden
ensuring index for: activity.created_at
Executing setupListeners
Executing setupConnect
Skipping disabled nightscout-connect
Executing setupBridge
Dexcom bridge not enabled
Executing setupMMConnect
MiniMed Connect not enabled
Executing finishBoot
tick 2026-01-18T05:43:02.705Z
API KEY present, enabling API
enabling feature: careportal
enabling feature: api
Load Complete:
	 sgvs:50, treatments:1
data loaded: reloading sandbox data and updating plugins
got data-received event, requesting reload
Load Complete:
	 sgvs:50
data loaded: reloading sandbox data and updating plugins
removed undefined { acknowledged: true, deletedCount: 0 }
got data-received event, requesting reload
ok 85 API Shape Handling - Single Object vs Array Input Response Shape Consistency devicestatus single object input returns array response
Load Complete:
	 sgvs:50, devicestatus:1
data loaded: reloading sandbox data and updating plugins
API_SECRET has 159 bits of entropy
++++++++++++++++++++++++++++++
Nightscout Executing startBoot
++++++++++++++++++++++++++++++
Executing checkNodeVersion
Node LTS version v14.21.3 is supported
Executing checkEnv
Executing augmentSettings
Executing checkSettings
Checking settings
Executing setupStorage
Reusing MongoDB connection handler
Mongo Storage system ready
Executing setupAuthorization
ensuring index for: auth_roles.name
ensuring index for: auth_subjects.name
Reloading auth data
Loading { sort: { name: 1 } }
Roles listed
Loading { sort: { name: 1 } }
Executing setupInternals
Pushover was NOT configured
Executing ensureIndexes
Ensuring indexes
ensuring index for: test_sgvs.date
ensuring index for: test_sgvs.type
ensuring index for: test_sgvs.sgv
ensuring index for: test_sgvs.mbg
ensuring index for: test_sgvs.sysTime
ensuring index for: test_sgvs.dateString
ensuring index for: test_sgvs.[object Object]
ensuring index for: treatments.created_at
ensuring index for: treatments.eventType
ensuring index for: treatments.insulin
ensuring index for: treatments.carbs
ensuring index for: treatments.glucose
ensuring index for: treatments.enteredBy
ensuring index for: treatments.boluscalc.foods._id
ensuring index for: treatments.notes
ensuring index for: treatments.NSCLIENT_ID
ensuring index for: treatments.percent
ensuring index for: treatments.absolute
ensuring index for: treatments.duration
ensuring index for: treatments.[object Object]
ensuring index for: devicestatus.created_at
ensuring index for: devicestatus.NSCLIENT_ID
ensuring index for: profile.startDate
ensuring index for: food.type
ensuring index for: food.position
ensuring index for: food.hidden
ensuring index for: activity.created_at
Executing setupListeners
Executing setupConnect
Skipping disabled nightscout-connect
Executing setupBridge
Dexcom bridge not enabled
Executing setupMMConnect
MiniMed Connect not enabled
Executing finishBoot
tick 2026-01-18T05:43:02.729Z
API KEY present, enabling API
enabling feature: careportal
enabling feature: api
Load Complete:
	 sgvs:50, devicestatus:1
data loaded: reloading sandbox data and updating plugins
got data-received event, requesting reload
Load Complete:
	 sgvs:50, devicestatus:1
data loaded: reloading sandbox data and updating plugins
removed undefined { acknowledged: true, deletedCount: 1 }
got data-received event, requesting reload
ok 86 API Shape Handling - Single Object vs Array Input Response Shape Consistency devicestatus array input returns array response
Load Complete:
	 sgvs:50, devicestatus:1
data loaded: reloading sandbox data and updating plugins
API_SECRET has 159 bits of entropy
++++++++++++++++++++++++++++++
Nightscout Executing startBoot
++++++++++++++++++++++++++++++
Executing checkNodeVersion
Node LTS version v14.21.3 is supported
Executing checkEnv
Executing augmentSettings
Executing checkSettings
Checking settings
Executing setupStorage
Reusing MongoDB connection handler
Mongo Storage system ready
Executing setupAuthorization
ensuring index for: auth_roles.name
ensuring index for: auth_subjects.name
Reloading auth data
Loading { sort: { name: 1 } }
Roles listed
Loading { sort: { name: 1 } }
Executing setupInternals
Pushover was NOT configured
Executing ensureIndexes
Ensuring indexes
ensuring index for: test_sgvs.date
ensuring index for: test_sgvs.type
ensuring index for: test_sgvs.sgv
ensuring index for: test_sgvs.mbg
ensuring index for: test_sgvs.sysTime
ensuring index for: test_sgvs.dateString
ensuring index for: test_sgvs.[object Object]
ensuring index for: treatments.created_at
ensuring index for: treatments.eventType
ensuring index for: treatments.insulin
ensuring index for: treatments.carbs
ensuring index for: treatments.glucose
ensuring index for: treatments.enteredBy
ensuring index for: treatments.boluscalc.foods._id
ensuring index for: treatments.notes
ensuring index for: treatments.NSCLIENT_ID
ensuring index for: treatments.percent
ensuring index for: treatments.absolute
ensuring index for: treatments.duration
ensuring index for: treatments.[object Object]
ensuring index for: devicestatus.created_at
ensuring index for: devicestatus.NSCLIENT_ID
ensuring index for: profile.startDate
ensuring index for: food.type
ensuring index for: food.position
ensuring index for: food.hidden
ensuring index for: activity.created_at
Executing setupListeners
Executing setupConnect
Skipping disabled nightscout-connect
Executing setupBridge
Dexcom bridge not enabled
Executing setupMMConnect
MiniMed Connect not enabled
Executing finishBoot
tick 2026-01-18T05:43:02.750Z
API KEY present, enabling API
enabling feature: careportal
enabling feature: api
Load Complete:
	 sgvs:50, devicestatus:1
data loaded: reloading sandbox data and updating plugins
got data-received event, requesting reload
REST API treatment created [
  {
    created_at: '2026-01-18T05:43:02.759Z',
    utcOffset: 0,
    _id: new ObjectId("696c72e6cc4c6d62367001f4")
  }
]
ok 87 API Shape Handling - Single Object vs Array Input Edge Cases - Empty and Malformed Input treatments POST with empty object
Load Complete:
	 sgvs:50, treatments:1, devicestatus:1
data loaded: reloading sandbox data and updating plugins
API_SECRET has 159 bits of entropy
++++++++++++++++++++++++++++++
Nightscout Executing startBoot
++++++++++++++++++++++++++++++
Executing checkNodeVersion
Node LTS version v14.21.3 is supported
Executing checkEnv
Executing augmentSettings
Executing checkSettings
Checking settings
Executing setupStorage
Reusing MongoDB connection handler
Mongo Storage system ready
Executing setupAuthorization
ensuring index for: auth_roles.name
ensuring index for: auth_subjects.name
Reloading auth data
Loading { sort: { name: 1 } }
Roles listed
Loading { sort: { name: 1 } }
Executing setupInternals
Pushover was NOT configured
Executing ensureIndexes
Ensuring indexes
ensuring index for: test_sgvs.date
ensuring index for: test_sgvs.type
ensuring index for: test_sgvs.sgv
ensuring index for: test_sgvs.mbg
ensuring index for: test_sgvs.sysTime
ensuring index for: test_sgvs.dateString
ensuring index for: test_sgvs.[object Object]
ensuring index for: treatments.created_at
ensuring index for: treatments.eventType
ensuring index for: treatments.insulin
ensuring index for: treatments.carbs
ensuring index for: treatments.glucose
ensuring index for: treatments.enteredBy
ensuring index for: treatments.boluscalc.foods._id
ensuring index for: treatments.notes
ensuring index for: treatments.NSCLIENT_ID
ensuring index for: treatments.percent
ensuring index for: treatments.absolute
ensuring index for: treatments.duration
ensuring index for: treatments.[object Object]
ensuring index for: devicestatus.created_at
ensuring index for: devicestatus.NSCLIENT_ID
ensuring index for: profile.startDate
ensuring index for: food.type
ensuring index for: food.position
ensuring index for: food.hidden
ensuring index for: activity.created_at
Executing setupListeners
Executing setupConnect
Skipping disabled nightscout-connect
Executing setupBridge
Dexcom bridge not enabled
Executing setupMMConnect
MiniMed Connect not enabled
Executing finishBoot
tick 2026-01-18T05:43:02.768Z
API KEY present, enabling API
enabling feature: careportal
enabling feature: api
Load Complete:
	 sgvs:50, treatments:1, devicestatus:1
data loaded: reloading sandbox data and updating plugins
got data-received event, requesting reload
REST API treatment created []
ok 88 API Shape Handling - Single Object vs Array Input Edge Cases - Empty and Malformed Input treatments POST with empty array
Load Complete:
	 sgvs:50, treatments:1, devicestatus:1
data loaded: reloading sandbox data and updating plugins
API_SECRET has 159 bits of entropy
++++++++++++++++++++++++++++++
Nightscout Executing startBoot
++++++++++++++++++++++++++++++
Executing checkNodeVersion
Node LTS version v14.21.3 is supported
Executing checkEnv
Executing augmentSettings
Executing checkSettings
Checking settings
Executing setupStorage
Reusing MongoDB connection handler
Mongo Storage system ready
Executing setupAuthorization
ensuring index for: auth_roles.name
ensuring index for: auth_subjects.name
Reloading auth data
Loading { sort: { name: 1 } }
Roles listed
Loading { sort: { name: 1 } }
Executing setupInternals
Pushover was NOT configured
Executing ensureIndexes
Ensuring indexes
ensuring index for: test_sgvs.date
ensuring index for: test_sgvs.type
ensuring index for: test_sgvs.sgv
ensuring index for: test_sgvs.mbg
ensuring index for: test_sgvs.sysTime
ensuring index for: test_sgvs.dateString
ensuring index for: test_sgvs.[object Object]
ensuring index for: treatments.created_at
ensuring index for: treatments.eventType
ensuring index for: treatments.insulin
ensuring index for: treatments.carbs
ensuring index for: treatments.glucose
ensuring index for: treatments.enteredBy
ensuring index for: treatments.boluscalc.foods._id
ensuring index for: treatments.notes
ensuring index for: treatments.NSCLIENT_ID
ensuring index for: treatments.percent
ensuring index for: treatments.absolute
ensuring index for: treatments.duration
ensuring index for: treatments.[object Object]
ensuring index for: devicestatus.created_at
ensuring index for: devicestatus.NSCLIENT_ID
ensuring index for: profile.startDate
ensuring index for: food.type
ensuring index for: food.position
ensuring index for: food.hidden
ensuring index for: activity.created_at
Executing setupListeners
Executing setupConnect
Skipping disabled nightscout-connect
Executing setupBridge
Dexcom bridge not enabled
Executing setupMMConnect
MiniMed Connect not enabled
Executing finishBoot
tick 2026-01-18T05:43:02.783Z
API KEY present, enabling API
enabling feature: careportal
enabling feature: api
Load Complete:
	 sgvs:50, treatments:1, devicestatus:1
data loaded: reloading sandbox data and updating plugins
got data-received event, requesting reload
ok 89 API Shape Handling - Single Object vs Array Input Edge Cases - Empty and Malformed Input devicestatus POST with empty object
Load Complete:
	 sgvs:50, treatments:1, devicestatus:2
data loaded: reloading sandbox data and updating plugins
API_SECRET has 159 bits of entropy
++++++++++++++++++++++++++++++
Nightscout Executing startBoot
++++++++++++++++++++++++++++++
Executing checkNodeVersion
Node LTS version v14.21.3 is supported
Executing checkEnv
Executing augmentSettings
Executing checkSettings
Checking settings
Executing setupStorage
Reusing MongoDB connection handler
Mongo Storage system ready
Executing setupAuthorization
ensuring index for: auth_roles.name
ensuring index for: auth_subjects.name
Reloading auth data
Loading { sort: { name: 1 } }
Roles listed
Loading { sort: { name: 1 } }
Executing setupInternals
Pushover was NOT configured
Executing ensureIndexes
Ensuring indexes
ensuring index for: test_sgvs.date
ensuring index for: test_sgvs.type
ensuring index for: test_sgvs.sgv
ensuring index for: test_sgvs.mbg
ensuring index for: test_sgvs.sysTime
ensuring index for: test_sgvs.dateString
ensuring index for: test_sgvs.[object Object]
ensuring index for: treatments.created_at
ensuring index for: treatments.eventType
ensuring index for: treatments.insulin
ensuring index for: treatments.carbs
ensuring index for: treatments.glucose
ensuring index for: treatments.enteredBy
ensuring index for: treatments.boluscalc.foods._id
ensuring index for: treatments.notes
ensuring index for: treatments.NSCLIENT_ID
ensuring index for: treatments.percent
ensuring index for: treatments.absolute
ensuring index for: treatments.duration
ensuring index for: treatments.[object Object]
ensuring index for: devicestatus.created_at
ensuring index for: devicestatus.NSCLIENT_ID
ensuring index for: profile.startDate
ensuring index for: food.type
ensuring index for: food.position
ensuring index for: food.hidden
ensuring index for: activity.created_at
Executing setupListeners
Executing setupConnect
Skipping disabled nightscout-connect
Executing setupBridge
Dexcom bridge not enabled
Executing setupMMConnect
MiniMed Connect not enabled
Executing finishBoot
tick 2026-01-18T05:43:02.801Z
API KEY present, enabling API
enabling feature: careportal
enabling feature: api
Load Complete:
	 sgvs:50, treatments:1, devicestatus:2
data loaded: reloading sandbox data and updating plugins
ok 90 API Shape Handling - Single Object vs Array Input Edge Cases - Empty and Malformed Input devicestatus POST with empty array
API_SECRET has 159 bits of entropy
++++++++++++++++++++++++++++++
Nightscout Executing startBoot
++++++++++++++++++++++++++++++
Executing checkNodeVersion
Node LTS version v14.21.3 is supported
Executing checkEnv
Executing augmentSettings
Executing checkSettings
Checking settings
Executing setupStorage
Reusing MongoDB connection handler
Mongo Storage system ready
Executing setupAuthorization
ensuring index for: auth_roles.name
ensuring index for: auth_subjects.name
Reloading auth data
Loading { sort: { name: 1 } }
Roles listed
Loading { sort: { name: 1 } }
Executing setupInternals
Pushover was NOT configured
Executing ensureIndexes
Ensuring indexes
ensuring index for: test_sgvs.date
ensuring index for: test_sgvs.type
ensuring index for: test_sgvs.sgv
ensuring index for: test_sgvs.mbg
ensuring index for: test_sgvs.sysTime
ensuring index for: test_sgvs.dateString
ensuring index for: test_sgvs.[object Object]
ensuring index for: treatments.created_at
ensuring index for: treatments.eventType
ensuring index for: treatments.insulin
ensuring index for: treatments.carbs
ensuring index for: treatments.glucose
ensuring index for: treatments.enteredBy
ensuring index for: treatments.boluscalc.foods._id
ensuring index for: treatments.notes
ensuring index for: treatments.NSCLIENT_ID
ensuring index for: treatments.percent
ensuring index for: treatments.absolute
ensuring index for: treatments.duration
ensuring index for: treatments.[object Object]
ensuring index for: devicestatus.created_at
ensuring index for: devicestatus.NSCLIENT_ID
ensuring index for: profile.startDate
ensuring index for: food.type
ensuring index for: food.position
ensuring index for: food.hidden
ensuring index for: activity.created_at
Executing setupListeners
Executing setupConnect
Skipping disabled nightscout-connect
Executing setupBridge
Dexcom bridge not enabled
Executing setupMMConnect
MiniMed Connect not enabled
Executing finishBoot
tick 2026-01-18T05:43:02.812Z
API KEY present, enabling API
enabling feature: careportal
enabling feature: api
Load Complete:
	 sgvs:50, treatments:1, devicestatus:2
data loaded: reloading sandbox data and updating plugins
got data-received event, requesting reload
Load Complete:
	 sgvs:50, devicestatus:2
data loaded: reloading sandbox data and updating plugins
got data-received event, requesting reload
REST API treatment created [
  {
    eventType: 'Note',
    created_at: '2026-01-18T05:43:02.820Z',
    notes: 'a note',
    utcOffset: 0,
    _id: new ObjectId("696c72e6cc4c6d62367002e4")
  },
  {
    eventType: 'BG Check',
    created_at: '2026-01-18T05:43:03.820Z',
    glucose: 100,
    glucoseType: 'Finger',
    units: 'mg/dl',
    utcOffset: 0,
    _id: new ObjectId("696c72e6cc4c6d62367002e6")
  },
  {
    eventType: 'Meal Bolus',
    created_at: '2026-01-18T05:43:04.820Z',
    carbs: 30,
    insulin: 2,
    utcOffset: 0,
    _id: new ObjectId("696c72e6cc4c6d62367002e8")
  },
  {
    eventType: 'Correction Bolus',
    created_at: '2026-01-18T05:43:05.820Z',
    insulin: 1.5,
    utcOffset: 0,
    _id: new ObjectId("696c72e6cc4c6d62367002ea")
  }
]
ok 91 API Shape Handling - Single Object vs Array Input Mixed Array Content Types treatments array with different eventTypes
Load Complete:
	 sgvs:50, treatments:4, devicestatus:2
data loaded: reloading sandbox data and updating plugins
API_SECRET has 159 bits of entropy
++++++++++++++++++++++++++++++
Nightscout Executing startBoot
++++++++++++++++++++++++++++++
Executing checkNodeVersion
Node LTS version v14.21.3 is supported
Executing checkEnv
Executing augmentSettings
Executing checkSettings
Checking settings
Executing setupStorage
Reusing MongoDB connection handler
Mongo Storage system ready
Executing setupAuthorization
ensuring index for: auth_roles.name
ensuring index for: auth_subjects.name
Reloading auth data
Loading { sort: { name: 1 } }
Roles listed
Loading { sort: { name: 1 } }
Executing setupInternals
Pushover was NOT configured
Executing ensureIndexes
Ensuring indexes
ensuring index for: test_sgvs.date
ensuring index for: test_sgvs.type
ensuring index for: test_sgvs.sgv
ensuring index for: test_sgvs.mbg
ensuring index for: test_sgvs.sysTime
ensuring index for: test_sgvs.dateString
ensuring index for: test_sgvs.[object Object]
ensuring index for: treatments.created_at
ensuring index for: treatments.eventType
ensuring index for: treatments.insulin
ensuring index for: treatments.carbs
ensuring index for: treatments.glucose
ensuring index for: treatments.enteredBy
ensuring index for: treatments.boluscalc.foods._id
ensuring index for: treatments.notes
ensuring index for: treatments.NSCLIENT_ID
ensuring index for: treatments.percent
ensuring index for: treatments.absolute
ensuring index for: treatments.duration
ensuring index for: treatments.[object Object]
ensuring index for: devicestatus.created_at
ensuring index for: devicestatus.NSCLIENT_ID
ensuring index for: profile.startDate
ensuring index for: food.type
ensuring index for: food.position
ensuring index for: food.hidden
ensuring index for: activity.created_at
Executing setupListeners
Executing setupConnect
Skipping disabled nightscout-connect
Executing setupBridge
Dexcom bridge not enabled
Executing setupMMConnect
MiniMed Connect not enabled
Executing finishBoot
tick 2026-01-18T05:43:02.834Z
API KEY present, enabling API
enabling feature: careportal
enabling feature: api
Load Complete:
	 sgvs:50, treatments:4, devicestatus:2
data loaded: reloading sandbox data and updating plugins
got data-received event, requesting reload
ok 92 API Shape Handling - Single Object vs Array Input Entries API - /api/entries/ POST accepts single SGV entry object
Load Complete:
	 sgvs:51, treatments:4, devicestatus:2
data loaded: reloading sandbox data and updating plugins
API_SECRET has 159 bits of entropy
++++++++++++++++++++++++++++++
Nightscout Executing startBoot
++++++++++++++++++++++++++++++
Executing checkNodeVersion
Node LTS version v14.21.3 is supported
Executing checkEnv
Executing augmentSettings
Executing checkSettings
Checking settings
Executing setupStorage
Reusing MongoDB connection handler
Mongo Storage system ready
Executing setupAuthorization
ensuring index for: auth_roles.name
ensuring index for: auth_subjects.name
Reloading auth data
Loading { sort: { name: 1 } }
Roles listed
Loading { sort: { name: 1 } }
Executing setupInternals
Pushover was NOT configured
Executing ensureIndexes
Ensuring indexes
ensuring index for: test_sgvs.date
ensuring index for: test_sgvs.type
ensuring index for: test_sgvs.sgv
ensuring index for: test_sgvs.mbg
ensuring index for: test_sgvs.sysTime
ensuring index for: test_sgvs.dateString
ensuring index for: test_sgvs.[object Object]
ensuring index for: treatments.created_at
ensuring index for: treatments.eventType
ensuring index for: treatments.insulin
ensuring index for: treatments.carbs
ensuring index for: treatments.glucose
ensuring index for: treatments.enteredBy
ensuring index for: treatments.boluscalc.foods._id
ensuring index for: treatments.notes
ensuring index for: treatments.NSCLIENT_ID
ensuring index for: treatments.percent
ensuring index for: treatments.absolute
ensuring index for: treatments.duration
ensuring index for: treatments.[object Object]
ensuring index for: devicestatus.created_at
ensuring index for: devicestatus.NSCLIENT_ID
ensuring index for: profile.startDate
ensuring index for: food.type
ensuring index for: food.position
ensuring index for: food.hidden
ensuring index for: activity.created_at
Executing setupListeners
Executing setupConnect
Skipping disabled nightscout-connect
Executing setupBridge
Dexcom bridge not enabled
Executing setupMMConnect
MiniMed Connect not enabled
Executing finishBoot
tick 2026-01-18T05:43:02.850Z
API KEY present, enabling API
enabling feature: careportal
enabling feature: api
Load Complete:
	 treatments:4, devicestatus:2
data loaded: reloading sandbox data and updating plugins
got data-received event, requesting reload
ok 93 API Shape Handling - Single Object vs Array Input Entries API - /api/entries/ POST accepts array with single SGV entry
Load Complete:
	 sgvs:1, treatments:4, devicestatus:2
data loaded: reloading sandbox data and updating plugins
API_SECRET has 159 bits of entropy
++++++++++++++++++++++++++++++
Nightscout Executing startBoot
++++++++++++++++++++++++++++++
Executing checkNodeVersion
Node LTS version v14.21.3 is supported
Executing checkEnv
Executing augmentSettings
Executing checkSettings
Checking settings
Executing setupStorage
Reusing MongoDB connection handler
Mongo Storage system ready
Executing setupAuthorization
ensuring index for: auth_roles.name
ensuring index for: auth_subjects.name
Reloading auth data
Loading { sort: { name: 1 } }
Roles listed
Loading { sort: { name: 1 } }
Executing setupInternals
Pushover was NOT configured
Executing ensureIndexes
Ensuring indexes
ensuring index for: test_sgvs.date
ensuring index for: test_sgvs.type
ensuring index for: test_sgvs.sgv
ensuring index for: test_sgvs.mbg
ensuring index for: test_sgvs.sysTime
ensuring index for: test_sgvs.dateString
ensuring index for: test_sgvs.[object Object]
ensuring index for: treatments.created_at
ensuring index for: treatments.eventType
ensuring index for: treatments.insulin
ensuring index for: treatments.carbs
ensuring index for: treatments.glucose
ensuring index for: treatments.enteredBy
ensuring index for: treatments.boluscalc.foods._id
ensuring index for: treatments.notes
ensuring index for: treatments.NSCLIENT_ID
ensuring index for: treatments.percent
ensuring index for: treatments.absolute
ensuring index for: treatments.duration
ensuring index for: treatments.[object Object]
ensuring index for: devicestatus.created_at
ensuring index for: devicestatus.NSCLIENT_ID
ensuring index for: profile.startDate
ensuring index for: food.type
ensuring index for: food.position
ensuring index for: food.hidden
ensuring index for: activity.created_at
Executing setupListeners
Executing setupConnect
Skipping disabled nightscout-connect
Executing setupBridge
Dexcom bridge not enabled
Executing setupMMConnect
MiniMed Connect not enabled
Executing finishBoot
tick 2026-01-18T05:43:02.866Z
API KEY present, enabling API
enabling feature: careportal
enabling feature: api
Load Complete:
	 treatments:4, devicestatus:2
data loaded: reloading sandbox data and updating plugins
got data-received event, requesting reload
ok 94 API Shape Handling - Single Object vs Array Input Entries API - /api/entries/ POST accepts array with multiple SGV entries
Load Complete:
	 sgvs:3, treatments:4, devicestatus:2
data loaded: reloading sandbox data and updating plugins
API_SECRET has 159 bits of entropy
++++++++++++++++++++++++++++++
Nightscout Executing startBoot
++++++++++++++++++++++++++++++
Executing checkNodeVersion
Node LTS version v14.21.3 is supported
Executing checkEnv
Executing augmentSettings
Executing checkSettings
Checking settings
Executing setupStorage
Reusing MongoDB connection handler
Mongo Storage system ready
Executing setupAuthorization
ensuring index for: auth_roles.name
ensuring index for: auth_subjects.name
Reloading auth data
Loading { sort: { name: 1 } }
Roles listed
Loading { sort: { name: 1 } }
Executing setupInternals
Pushover was NOT configured
Executing ensureIndexes
Ensuring indexes
ensuring index for: test_sgvs.date
ensuring index for: test_sgvs.type
ensuring index for: test_sgvs.sgv
ensuring index for: test_sgvs.mbg
ensuring index for: test_sgvs.sysTime
ensuring index for: test_sgvs.dateString
ensuring index for: test_sgvs.[object Object]
ensuring index for: treatments.created_at
ensuring index for: treatments.eventType
ensuring index for: treatments.insulin
ensuring index for: treatments.carbs
ensuring index for: treatments.glucose
ensuring index for: treatments.enteredBy
ensuring index for: treatments.boluscalc.foods._id
ensuring index for: treatments.notes
ensuring index for: treatments.NSCLIENT_ID
ensuring index for: treatments.percent
ensuring index for: treatments.absolute
ensuring index for: treatments.duration
ensuring index for: treatments.[object Object]
ensuring index for: devicestatus.created_at
ensuring index for: devicestatus.NSCLIENT_ID
ensuring index for: profile.startDate
ensuring index for: food.type
ensuring index for: food.position
ensuring index for: food.hidden
ensuring index for: activity.created_at
Executing setupListeners
Executing setupConnect
Skipping disabled nightscout-connect
Executing setupBridge
Dexcom bridge not enabled
Executing setupMMConnect
MiniMed Connect not enabled
Executing finishBoot
tick 2026-01-18T05:43:02.884Z
API KEY present, enabling API
enabling feature: careportal
enabling feature: api
Load Complete:
	 treatments:4, devicestatus:2
data loaded: reloading sandbox data and updating plugins
got data-received event, requesting reload
ok 95 API Shape Handling - Single Object vs Array Input Entries API - /api/entries/ POST accepts single MBG entry object
Load Complete:
	 treatments:4, mbgs:1, devicestatus:2
data loaded: reloading sandbox data and updating plugins
API_SECRET has 159 bits of entropy
++++++++++++++++++++++++++++++
Nightscout Executing startBoot
++++++++++++++++++++++++++++++
Executing checkNodeVersion
Node LTS version v14.21.3 is supported
Executing checkEnv
Executing augmentSettings
Executing checkSettings
Checking settings
Executing setupStorage
Reusing MongoDB connection handler
Mongo Storage system ready
Executing setupAuthorization
ensuring index for: auth_roles.name
ensuring index for: auth_subjects.name
Reloading auth data
Loading { sort: { name: 1 } }
Roles listed
Loading { sort: { name: 1 } }
Executing setupInternals
Pushover was NOT configured
Executing ensureIndexes
Ensuring indexes
ensuring index for: test_sgvs.date
ensuring index for: test_sgvs.type
ensuring index for: test_sgvs.sgv
ensuring index for: test_sgvs.mbg
ensuring index for: test_sgvs.sysTime
ensuring index for: test_sgvs.dateString
ensuring index for: test_sgvs.[object Object]
ensuring index for: treatments.created_at
ensuring index for: treatments.eventType
ensuring index for: treatments.insulin
ensuring index for: treatments.carbs
ensuring index for: treatments.glucose
ensuring index for: treatments.enteredBy
ensuring index for: treatments.boluscalc.foods._id
ensuring index for: treatments.notes
ensuring index for: treatments.NSCLIENT_ID
ensuring index for: treatments.percent
ensuring index for: treatments.absolute
ensuring index for: treatments.duration
ensuring index for: treatments.[object Object]
ensuring index for: devicestatus.created_at
ensuring index for: devicestatus.NSCLIENT_ID
ensuring index for: profile.startDate
ensuring index for: food.type
ensuring index for: food.position
ensuring index for: food.hidden
ensuring index for: activity.created_at
Executing setupListeners
Executing setupConnect
Skipping disabled nightscout-connect
Executing setupBridge
Dexcom bridge not enabled
Executing setupMMConnect
MiniMed Connect not enabled
Executing finishBoot
tick 2026-01-18T05:43:02.900Z
API KEY present, enabling API
enabling feature: careportal
enabling feature: api
Load Complete:
	 treatments:4, devicestatus:2
data loaded: reloading sandbox data and updating plugins
got data-received event, requesting reload
ok 96 API Shape Handling - Single Object vs Array Input Entries API - /api/entries/ POST accepts mixed entry types in array
Load Complete:
	 sgvs:1, treatments:4, mbgs:1, devicestatus:2
data loaded: reloading sandbox data and updating plugins
API_SECRET has 159 bits of entropy
++++++++++++++++++++++++++++++
Nightscout Executing startBoot
++++++++++++++++++++++++++++++
Executing checkNodeVersion
Node LTS version v14.21.3 is supported
Executing checkEnv
Executing augmentSettings
Executing checkSettings
Checking settings
Executing setupStorage
Reusing MongoDB connection handler
Mongo Storage system ready
Executing setupAuthorization
ensuring index for: auth_roles.name
ensuring index for: auth_subjects.name
Reloading auth data
Loading { sort: { name: 1 } }
Roles listed
Loading { sort: { name: 1 } }
Executing setupInternals
Pushover was NOT configured
Executing ensureIndexes
Ensuring indexes
ensuring index for: test_sgvs.date
ensuring index for: test_sgvs.type
ensuring index for: test_sgvs.sgv
ensuring index for: test_sgvs.mbg
ensuring index for: test_sgvs.sysTime
ensuring index for: test_sgvs.dateString
ensuring index for: test_sgvs.[object Object]
ensuring index for: treatments.created_at
ensuring index for: treatments.eventType
ensuring index for: treatments.insulin
ensuring index for: treatments.carbs
ensuring index for: treatments.glucose
ensuring index for: treatments.enteredBy
ensuring index for: treatments.boluscalc.foods._id
ensuring index for: treatments.notes
ensuring index for: treatments.NSCLIENT_ID
ensuring index for: treatments.percent
ensuring index for: treatments.absolute
ensuring index for: treatments.duration
ensuring index for: treatments.[object Object]
ensuring index for: devicestatus.created_at
ensuring index for: devicestatus.NSCLIENT_ID
ensuring index for: profile.startDate
ensuring index for: food.type
ensuring index for: food.position
ensuring index for: food.hidden
ensuring index for: activity.created_at
Executing setupListeners
Executing setupConnect
Skipping disabled nightscout-connect
Executing setupBridge
Dexcom bridge not enabled
Executing setupMMConnect
MiniMed Connect not enabled
Executing finishBoot
tick 2026-01-18T05:43:02.917Z
API KEY present, enabling API
enabling feature: careportal
enabling feature: api
Load Complete:
	 treatments:4, devicestatus:2
data loaded: reloading sandbox data and updating plugins
got data-received event, requesting reload
ok 97 API Shape Handling - Single Object vs Array Input Entries API - /api/entries/ POST handles large batch of entries
Load Complete:
	 sgvs:10, treatments:4, devicestatus:2
data loaded: reloading sandbox data and updating plugins
API_SECRET has 159 bits of entropy
++++++++++++++++++++++++++++++
Nightscout Executing startBoot
++++++++++++++++++++++++++++++
Executing checkNodeVersion
Node LTS version v14.21.3 is supported
Executing checkEnv
Executing augmentSettings
Executing checkSettings
Checking settings
Executing setupStorage
Reusing MongoDB connection handler
Mongo Storage system ready
Executing setupAuthorization
ensuring index for: auth_roles.name
ensuring index for: auth_subjects.name
Reloading auth data
Loading { sort: { name: 1 } }
Roles listed
Loading { sort: { name: 1 } }
Executing setupInternals
Pushover was NOT configured
Executing ensureIndexes
Ensuring indexes
ensuring index for: test_sgvs.date
ensuring index for: test_sgvs.type
ensuring index for: test_sgvs.sgv
ensuring index for: test_sgvs.mbg
ensuring index for: test_sgvs.sysTime
ensuring index for: test_sgvs.dateString
ensuring index for: test_sgvs.[object Object]
ensuring index for: treatments.created_at
ensuring index for: treatments.eventType
ensuring index for: treatments.insulin
ensuring index for: treatments.carbs
ensuring index for: treatments.glucose
ensuring index for: treatments.enteredBy
ensuring index for: treatments.boluscalc.foods._id
ensuring index for: treatments.notes
ensuring index for: treatments.NSCLIENT_ID
ensuring index for: treatments.percent
ensuring index for: treatments.absolute
ensuring index for: treatments.duration
ensuring index for: treatments.[object Object]
ensuring index for: devicestatus.created_at
ensuring index for: devicestatus.NSCLIENT_ID
ensuring index for: profile.startDate
ensuring index for: food.type
ensuring index for: food.position
ensuring index for: food.hidden
ensuring index for: activity.created_at
Executing setupListeners
Executing setupConnect
Skipping disabled nightscout-connect
Executing setupBridge
Dexcom bridge not enabled
Executing setupMMConnect
MiniMed Connect not enabled
Executing finishBoot
tick 2026-01-18T05:43:02.935Z
API KEY present, enabling API
enabling feature: careportal
enabling feature: api
Load Complete:
	 treatments:4, devicestatus:2
data loaded: reloading sandbox data and updating plugins
ok 98 API Shape Handling - Single Object vs Array Input Entries API - /api/entries/ POST with empty array returns empty array
API_SECRET has 159 bits of entropy
++++++++++++++++++++++++++++++
Nightscout Executing startBoot
++++++++++++++++++++++++++++++
Executing checkNodeVersion
Node LTS version v14.21.3 is supported
Executing checkEnv
Executing augmentSettings
Executing checkSettings
Checking settings
Executing setupStorage
Reusing MongoDB connection handler
Mongo Storage system ready
Executing setupAuthorization
ensuring index for: auth_roles.name
ensuring index for: auth_subjects.name
Reloading auth data
Loading { sort: { name: 1 } }
Roles listed
Loading { sort: { name: 1 } }
Executing setupInternals
Pushover was NOT configured
Executing ensureIndexes
Ensuring indexes
ensuring index for: test_sgvs.date
ensuring index for: test_sgvs.type
ensuring index for: test_sgvs.sgv
ensuring index for: test_sgvs.mbg
ensuring index for: test_sgvs.sysTime
ensuring index for: test_sgvs.dateString
ensuring index for: test_sgvs.[object Object]
ensuring index for: treatments.created_at
ensuring index for: treatments.eventType
ensuring index for: treatments.insulin
ensuring index for: treatments.carbs
ensuring index for: treatments.glucose
ensuring index for: treatments.enteredBy
ensuring index for: treatments.boluscalc.foods._id
ensuring index for: treatments.notes
ensuring index for: treatments.NSCLIENT_ID
ensuring index for: treatments.percent
ensuring index for: treatments.absolute
ensuring index for: treatments.duration
ensuring index for: treatments.[object Object]
ensuring index for: devicestatus.created_at
ensuring index for: devicestatus.NSCLIENT_ID
ensuring index for: profile.startDate
ensuring index for: food.type
ensuring index for: food.position
ensuring index for: food.hidden
ensuring index for: activity.created_at
Executing setupListeners
Executing setupConnect
Skipping disabled nightscout-connect
Executing setupBridge
Dexcom bridge not enabled
Executing setupMMConnect
MiniMed Connect not enabled
Executing finishBoot
tick 2026-01-18T05:43:02.947Z
API KEY present, enabling API
enabling feature: careportal
enabling feature: api
Load Complete:
	 treatments:4, devicestatus:2
data loaded: reloading sandbox data and updating plugins
got data-received event, requesting reload
ok 99 API Shape Handling - Single Object vs Array Input Entries API - /api/entries/ single entry input returns array response
Load Complete:
	 sgvs:1, treatments:4, devicestatus:2
data loaded: reloading sandbox data and updating plugins
API_SECRET has 159 bits of entropy
++++++++++++++++++++++++++++++
Nightscout Executing startBoot
++++++++++++++++++++++++++++++
Executing checkNodeVersion
Node LTS version v14.21.3 is supported
Executing checkEnv
Executing augmentSettings
Executing checkSettings
Checking settings
Executing setupStorage
Reusing MongoDB connection handler
Mongo Storage system ready
Executing setupAuthorization
ensuring index for: auth_roles.name
ensuring index for: auth_subjects.name
Reloading auth data
Loading { sort: { name: 1 } }
Roles listed
Loading { sort: { name: 1 } }
Executing setupInternals
Pushover was NOT configured
Executing ensureIndexes
Ensuring indexes
ensuring index for: test_sgvs.date
ensuring index for: test_sgvs.type
ensuring index for: test_sgvs.sgv
ensuring index for: test_sgvs.mbg
ensuring index for: test_sgvs.sysTime
ensuring index for: test_sgvs.dateString
ensuring index for: test_sgvs.[object Object]
ensuring index for: treatments.created_at
ensuring index for: treatments.eventType
ensuring index for: treatments.insulin
ensuring index for: treatments.carbs
ensuring index for: treatments.glucose
ensuring index for: treatments.enteredBy
ensuring index for: treatments.boluscalc.foods._id
ensuring index for: treatments.notes
ensuring index for: treatments.NSCLIENT_ID
ensuring index for: treatments.percent
ensuring index for: treatments.absolute
ensuring index for: treatments.duration
ensuring index for: treatments.[object Object]
ensuring index for: devicestatus.created_at
ensuring index for: devicestatus.NSCLIENT_ID
ensuring index for: profile.startDate
ensuring index for: food.type
ensuring index for: food.position
ensuring index for: food.hidden
ensuring index for: activity.created_at
Executing setupListeners
Executing setupConnect
Skipping disabled nightscout-connect
Executing setupBridge
Dexcom bridge not enabled
Executing setupMMConnect
MiniMed Connect not enabled
Executing finishBoot
tick 2026-01-18T05:43:02.966Z
API KEY present, enabling API
enabling feature: careportal
enabling feature: api
Load Complete:
	 treatments:4, devicestatus:2
data loaded: reloading sandbox data and updating plugins
got data-received event, requesting reload
ok 100 API Shape Handling - Single Object vs Array Input Entries API - /api/entries/ array input returns array response
Load Complete:
	 sgvs:1, treatments:4, devicestatus:2
data loaded: reloading sandbox data and updating plugins
API_SECRET has 159 bits of entropy
++++++++++++++++++++++++++++++
Nightscout Executing startBoot
++++++++++++++++++++++++++++++
Executing checkNodeVersion
Node LTS version v14.21.3 is supported
Executing checkEnv
Executing augmentSettings
Executing checkSettings
Checking settings
Executing setupStorage
Reusing MongoDB connection handler
Mongo Storage system ready
Executing setupAuthorization
ensuring index for: auth_roles.name
ensuring index for: auth_subjects.name
Reloading auth data
Loading { sort: { name: 1 } }
Roles listed
Loading { sort: { name: 1 } }
Executing setupInternals
Pushover was NOT configured
Executing ensureIndexes
Ensuring indexes
ensuring index for: test_sgvs.date
ensuring index for: test_sgvs.type
ensuring index for: test_sgvs.sgv
ensuring index for: test_sgvs.mbg
ensuring index for: test_sgvs.sysTime
ensuring index for: test_sgvs.dateString
ensuring index for: test_sgvs.[object Object]
ensuring index for: treatments.created_at
ensuring index for: treatments.eventType
ensuring index for: treatments.insulin
ensuring index for: treatments.carbs
ensuring index for: treatments.glucose
ensuring index for: treatments.enteredBy
ensuring index for: treatments.boluscalc.foods._id
ensuring index for: treatments.notes
ensuring index for: treatments.NSCLIENT_ID
ensuring index for: treatments.percent
ensuring index for: treatments.absolute
ensuring index for: treatments.duration
ensuring index for: treatments.[object Object]
ensuring index for: devicestatus.created_at
ensuring index for: devicestatus.NSCLIENT_ID
ensuring index for: profile.startDate
ensuring index for: food.type
ensuring index for: food.position
ensuring index for: food.hidden
ensuring index for: activity.created_at
Executing setupListeners
Executing setupConnect
Skipping disabled nightscout-connect
Executing setupBridge
Dexcom bridge not enabled
Executing setupMMConnect
MiniMed Connect not enabled
Executing finishBoot
tick 2026-01-18T05:43:02.982Z
API KEY present, enabling API
enabling feature: careportal
enabling feature: rawbg
Load Complete:
	 treatments:4, devicestatus:2
data loaded: reloading sandbox data and updating plugins
ok 101 Status REST api /status.json
ok 102 Status REST api /status.html
ok 103 Status REST api /status.svg
ok 104 Status REST api /status.txt
ok 105 Status REST api /status.js
ok 106 Status REST api /status.png
API_SECRET has 159 bits of entropy
++++++++++++++++++++++++++++++
Nightscout Executing startBoot
++++++++++++++++++++++++++++++
Executing checkNodeVersion
Node LTS version v14.21.3 is supported
Executing checkEnv
Executing augmentSettings
Executing checkSettings
Checking settings
Executing setupStorage
Reusing MongoDB connection handler
Mongo Storage system ready
Executing setupAuthorization
ensuring index for: auth_roles.name
ensuring index for: auth_subjects.name
Reloading auth data
Loading { sort: { name: 1 } }
Roles listed
Loading { sort: { name: 1 } }
Executing setupInternals
Pushover was NOT configured
Executing ensureIndexes
Ensuring indexes
ensuring index for: test_sgvs.date
ensuring index for: test_sgvs.type
ensuring index for: test_sgvs.sgv
ensuring index for: test_sgvs.mbg
ensuring index for: test_sgvs.sysTime
ensuring index for: test_sgvs.dateString
ensuring index for: test_sgvs.[object Object]
ensuring index for: treatments.created_at
ensuring index for: treatments.eventType
ensuring index for: treatments.insulin
ensuring index for: treatments.carbs
ensuring index for: treatments.glucose
ensuring index for: treatments.enteredBy
ensuring index for: treatments.boluscalc.foods._id
ensuring index for: treatments.notes
ensuring index for: treatments.NSCLIENT_ID
ensuring index for: treatments.percent
ensuring index for: treatments.absolute
ensuring index for: treatments.duration
ensuring index for: treatments.[object Object]
ensuring index for: devicestatus.created_at
ensuring index for: devicestatus.NSCLIENT_ID
ensuring index for: profile.startDate
ensuring index for: food.type
ensuring index for: food.position
ensuring index for: food.hidden
ensuring index for: activity.created_at
Executing setupListeners
Executing setupConnect
Skipping disabled nightscout-connect
Executing setupBridge
Dexcom bridge not enabled
Executing setupMMConnect
MiniMed Connect not enabled
Executing finishBoot
tick 2026-01-18T05:43:03.001Z
API KEY present, enabling API
enabling feature: careportal
enabling feature: api
Load Complete:
	 treatments:4, devicestatus:2
data loaded: reloading sandbox data and updating plugins
got data-received event, requesting reload
Load Complete:
	 devicestatus:2
data loaded: reloading sandbox data and updating plugins
got data-received event, requesting reload
REST API treatment created [
  {
    eventType: 'Meal Bolus',
    created_at: '2026-01-18T05:43:03.010Z',
    insulin: 2,
    preBolus: 15,
    glucose: 100,
    glucoseType: 'Finger',
    units: 'mg/dl',
    notes: '<img>',
    utcOffset: 0,
    _id: new ObjectId("696c72e7cc4c6d62367005a2")
  },
  {
    created_at: '2026-01-18T05:58:03.010Z',
    eventType: 'Meal Bolus',
    carbs: 30,
    notes: '<img>',
    _id: new ObjectId("696c72e7cc4c6d62367005a4")
  }
]
Load Complete:
	 treatments:2, devicestatus:2
data loaded: reloading sandbox data and updating plugins
ok 107 Treatment API post single treatments
API_SECRET has 159 bits of entropy
++++++++++++++++++++++++++++++
Nightscout Executing startBoot
++++++++++++++++++++++++++++++
Executing checkNodeVersion
Node LTS version v14.21.3 is supported
Executing checkEnv
Executing augmentSettings
Executing checkSettings
Checking settings
Executing setupStorage
Reusing MongoDB connection handler
Mongo Storage system ready
Executing setupAuthorization
ensuring index for: auth_roles.name
ensuring index for: auth_subjects.name
Reloading auth data
Loading { sort: { name: 1 } }
Roles listed
Loading { sort: { name: 1 } }
Executing setupInternals
Pushover was NOT configured
Executing ensureIndexes
Ensuring indexes
ensuring index for: test_sgvs.date
ensuring index for: test_sgvs.type
ensuring index for: test_sgvs.sgv
ensuring index for: test_sgvs.mbg
ensuring index for: test_sgvs.sysTime
ensuring index for: test_sgvs.dateString
ensuring index for: test_sgvs.[object Object]
ensuring index for: treatments.created_at
ensuring index for: treatments.eventType
ensuring index for: treatments.insulin
ensuring index for: treatments.carbs
ensuring index for: treatments.glucose
ensuring index for: treatments.enteredBy
ensuring index for: treatments.boluscalc.foods._id
ensuring index for: treatments.notes
ensuring index for: treatments.NSCLIENT_ID
ensuring index for: treatments.percent
ensuring index for: treatments.absolute
ensuring index for: treatments.duration
ensuring index for: treatments.[object Object]
ensuring index for: devicestatus.created_at
ensuring index for: devicestatus.NSCLIENT_ID
ensuring index for: profile.startDate
ensuring index for: food.type
ensuring index for: food.position
ensuring index for: food.hidden
ensuring index for: activity.created_at
Executing setupListeners
Executing setupConnect
Skipping disabled nightscout-connect
Executing setupBridge
Dexcom bridge not enabled
Executing setupMMConnect
MiniMed Connect not enabled
Executing finishBoot
tick 2026-01-18T05:43:03.023Z
API KEY present, enabling API
enabling feature: careportal
enabling feature: api
Testing date with local format:  2026-01-17T21:43:03.025-0800
Load Complete:
	 treatments:2, devicestatus:2
data loaded: reloading sandbox data and updating plugins
got data-received event, requesting reload
Load Complete:
	 devicestatus:2
data loaded: reloading sandbox data and updating plugins
got data-received event, requesting reload
REST API treatment created [
  {
    eventType: 'Meal Bolus',
    created_at: '2026-01-18T05:43:03.025Z',
    carbs: 30,
    insulin: 2,
    glucose: 100,
    glucoseType: 'Finger',
    units: 'mg/dl',
    utcOffset: -480,
    _id: new ObjectId("696c72e7cc4c6d62367005f1")
  }
]
Load Complete:
	 treatments:1, devicestatus:2
data loaded: reloading sandbox data and updating plugins
[
  {
    _id: new ObjectId("696c72e7cc4c6d62367005f1"),
    eventType: 'Meal Bolus',
    created_at: '2026-01-18T05:43:03.025Z',
    carbs: 30,
    insulin: 2,
    glucose: 100,
    glucoseType: 'Finger',
    units: 'mg/dl',
    utcOffset: -480
  }
]
ok 108 Treatment API post single treatments in zoned time format
API_SECRET has 159 bits of entropy
++++++++++++++++++++++++++++++
Nightscout Executing startBoot
++++++++++++++++++++++++++++++
Executing checkNodeVersion
Node LTS version v14.21.3 is supported
Executing checkEnv
Executing augmentSettings
Executing checkSettings
Checking settings
Executing setupStorage
Reusing MongoDB connection handler
Mongo Storage system ready
Executing setupAuthorization
ensuring index for: auth_roles.name
ensuring index for: auth_subjects.name
Reloading auth data
Loading { sort: { name: 1 } }
Roles listed
Loading { sort: { name: 1 } }
Executing setupInternals
Pushover was NOT configured
Executing ensureIndexes
Ensuring indexes
ensuring index for: test_sgvs.date
ensuring index for: test_sgvs.type
ensuring index for: test_sgvs.sgv
ensuring index for: test_sgvs.mbg
ensuring index for: test_sgvs.sysTime
ensuring index for: test_sgvs.dateString
ensuring index for: test_sgvs.[object Object]
ensuring index for: treatments.created_at
ensuring index for: treatments.eventType
ensuring index for: treatments.insulin
ensuring index for: treatments.carbs
ensuring index for: treatments.glucose
ensuring index for: treatments.enteredBy
ensuring index for: treatments.boluscalc.foods._id
ensuring index for: treatments.notes
ensuring index for: treatments.NSCLIENT_ID
ensuring index for: treatments.percent
ensuring index for: treatments.absolute
ensuring index for: treatments.duration
ensuring index for: treatments.[object Object]
ensuring index for: devicestatus.created_at
ensuring index for: devicestatus.NSCLIENT_ID
ensuring index for: profile.startDate
ensuring index for: food.type
ensuring index for: food.position
ensuring index for: food.hidden
ensuring index for: activity.created_at
Executing setupListeners
Executing setupConnect
Skipping disabled nightscout-connect
Executing setupBridge
Dexcom bridge not enabled
Executing setupMMConnect
MiniMed Connect not enabled
Executing finishBoot
tick 2026-01-18T05:43:03.044Z
API KEY present, enabling API
enabling feature: careportal
enabling feature: api
got data-received event, requesting reload
Load Complete:
	 treatments:1, devicestatus:2
data loaded: reloading sandbox data and updating plugins
Load Complete:
	 devicestatus:2
data loaded: reloading sandbox data and updating plugins
got data-received event, requesting reload
REST API treatment created [
  {
    eventType: 'BG Check',
    created_at: '2026-01-18T05:43:03.050Z',
    glucose: 100,
    glucoseType: 'Finger',
    units: 'mg/dl',
    utcOffset: 0,
    _id: new ObjectId("696c72e7cc4c6d623670063e")
  },
  {
    eventType: 'Meal Bolus',
    created_at: '2026-01-18T05:43:03.050Z',
    insulin: 2,
    preBolus: 15,
    glucose: 100,
    glucoseType: 'Finger',
    units: 'mg/dl',
    utcOffset: 0,
    _id: new ObjectId("696c72e7cc4c6d6236700640")
  },
  {
    created_at: '2026-01-18T05:58:03.050Z',
    eventType: 'Meal Bolus',
    carbs: 30,
    _id: new ObjectId("696c72e7cc4c6d6236700642")
  }
]
Load Complete:
	 treatments:3, devicestatus:2
data loaded: reloading sandbox data and updating plugins
ok 109 Treatment API post a treatment array
API_SECRET has 159 bits of entropy
++++++++++++++++++++++++++++++
Nightscout Executing startBoot
++++++++++++++++++++++++++++++
Executing checkNodeVersion
Node LTS version v14.21.3 is supported
Executing checkEnv
Executing augmentSettings
Executing checkSettings
Checking settings
Executing setupStorage
Reusing MongoDB connection handler
Mongo Storage system ready
Executing setupAuthorization
ensuring index for: auth_roles.name
ensuring index for: auth_subjects.name
Reloading auth data
Loading { sort: { name: 1 } }
Roles listed
Loading { sort: { name: 1 } }
Executing setupInternals
Pushover was NOT configured
Executing ensureIndexes
Ensuring indexes
ensuring index for: test_sgvs.date
ensuring index for: test_sgvs.type
ensuring index for: test_sgvs.sgv
ensuring index for: test_sgvs.mbg
ensuring index for: test_sgvs.sysTime
ensuring index for: test_sgvs.dateString
ensuring index for: test_sgvs.[object Object]
ensuring index for: treatments.created_at
ensuring index for: treatments.eventType
ensuring index for: treatments.insulin
ensuring index for: treatments.carbs
ensuring index for: treatments.glucose
ensuring index for: treatments.enteredBy
ensuring index for: treatments.boluscalc.foods._id
ensuring index for: treatments.notes
ensuring index for: treatments.NSCLIENT_ID
ensuring index for: treatments.percent
ensuring index for: treatments.absolute
ensuring index for: treatments.duration
ensuring index for: treatments.[object Object]
ensuring index for: devicestatus.created_at
ensuring index for: devicestatus.NSCLIENT_ID
ensuring index for: profile.startDate
ensuring index for: food.type
ensuring index for: food.position
ensuring index for: food.hidden
ensuring index for: activity.created_at
Executing setupListeners
Executing setupConnect
Skipping disabled nightscout-connect
Executing setupBridge
Dexcom bridge not enabled
Executing setupMMConnect
MiniMed Connect not enabled
Executing finishBoot
tick 2026-01-18T05:43:03.061Z
API KEY present, enabling API
enabling feature: careportal
enabling feature: api
Load Complete:
	 treatments:3, devicestatus:2
data loaded: reloading sandbox data and updating plugins
got data-received event, requesting reload
Load Complete:
	 devicestatus:2
data loaded: reloading sandbox data and updating plugins
got data-received event, requesting reload
REST API treatment created [
  {
    eventType: 'BG Check',
    glucose: 100,
    units: 'mg/dl',
    created_at: '2026-01-18T05:43:03.067Z',
    utcOffset: 0,
    _id: new ObjectId("696c72e7cc4c6d623670068f")
  },
  {
    eventType: 'BG Check',
    glucose: 100,
    units: 'mg/dl',
    created_at: '2026-01-18T05:43:03.067Z',
    utcOffset: 0
  },
  {
    eventType: 'BG Check',
    glucose: 100,
    units: 'mg/dl',
    created_at: '2026-01-18T05:43:03.067Z',
    utcOffset: 0
  },
  {
    eventType: 'BG Check',
    glucose: 100,
    units: 'mg/dl',
    created_at: '2026-01-18T05:43:03.067Z',
    utcOffset: 0
  },
  {
    eventType: 'BG Check',
    glucose: 100,
    units: 'mg/dl',
    created_at: '2026-01-18T05:43:03.067Z',
    utcOffset: 0
  },
  {
    eventType: 'BG Check',
    glucose: 100,
    units: 'mg/dl',
    created_at: '2026-01-18T05:43:03.067Z',
    utcOffset: 0
  },
  {
    eventType: 'BG Check',
    glucose: 100,
    units: 'mg/dl',
    created_at: '2026-01-18T05:43:03.067Z',
    utcOffset: 0
  },
  {
    eventType: 'BG Check',
    glucose: 100,
    units: 'mg/dl',
    created_at: '2026-01-18T05:43:03.067Z',
    utcOffset: 0
  },
  {
    eventType: 'Meal Bolus',
    created_at: '2026-01-18T05:43:03.067Z',
    insulin: 2,
    preBolus: 15,
    glucose: 100,
    glucoseType: 'Finger',
    units: 'mg/dl',
    utcOffset: 0,
    _id: new ObjectId("696c72e7cc4c6d6236700698")
  },
  {
    created_at: '2026-01-18T05:58:03.067Z',
    eventType: 'Meal Bolus',
    carbs: 30,
    _id: new ObjectId("696c72e7cc4c6d623670069a")
  }
]
Load Complete:
	 treatments:3, devicestatus:2
data loaded: reloading sandbox data and updating plugins
ok 110 Treatment API post a treatment array and dedupe
API_SECRET has 159 bits of entropy
++++++++++++++++++++++++++++++
Nightscout Executing startBoot
++++++++++++++++++++++++++++++
Executing checkNodeVersion
Node LTS version v14.21.3 is supported
Executing checkEnv
Executing augmentSettings
Executing checkSettings
Checking settings
Executing setupStorage
Reusing MongoDB connection handler
Mongo Storage system ready
Executing setupAuthorization
ensuring index for: auth_roles.name
ensuring index for: auth_subjects.name
Reloading auth data
Loading { sort: { name: 1 } }
Roles listed
Loading { sort: { name: 1 } }
Executing setupInternals
Pushover was NOT configured
Executing ensureIndexes
Ensuring indexes
ensuring index for: test_sgvs.date
ensuring index for: test_sgvs.type
ensuring index for: test_sgvs.sgv
ensuring index for: test_sgvs.mbg
ensuring index for: test_sgvs.sysTime
ensuring index for: test_sgvs.dateString
ensuring index for: test_sgvs.[object Object]
ensuring index for: treatments.created_at
ensuring index for: treatments.eventType
ensuring index for: treatments.insulin
ensuring index for: treatments.carbs
ensuring index for: treatments.glucose
ensuring index for: treatments.enteredBy
ensuring index for: treatments.boluscalc.foods._id
ensuring index for: treatments.notes
ensuring index for: treatments.NSCLIENT_ID
ensuring index for: treatments.percent
ensuring index for: treatments.absolute
ensuring index for: treatments.duration
ensuring index for: treatments.[object Object]
ensuring index for: devicestatus.created_at
ensuring index for: devicestatus.NSCLIENT_ID
ensuring index for: profile.startDate
ensuring index for: food.type
ensuring index for: food.position
ensuring index for: food.hidden
ensuring index for: activity.created_at
Executing setupListeners
Executing setupConnect
Skipping disabled nightscout-connect
Executing setupBridge
Dexcom bridge not enabled
Executing setupMMConnect
MiniMed Connect not enabled
Executing finishBoot
tick 2026-01-18T05:43:03.080Z
API KEY present, enabling API
enabling feature: careportal
enabling feature: api
Inserting treatment entry
Load Complete:
	 treatments:3, devicestatus:2
data loaded: reloading sandbox data and updating plugins
got data-received event, requesting reload
REST API treatment created [
  {
    eventType: 'Meal Bolus',
    created_at: '2026-01-18T05:43:03.082Z',
    insulin: 2,
    preBolus: 15,
    glucose: 100,
    glucoseType: 'Finger',
    units: 'mg/dl',
    utcOffset: 0,
    _id: new ObjectId("696c72e7cc4c6d62367006d8")
  },
  {
    created_at: '2026-01-18T05:58:03.082Z',
    eventType: 'Meal Bolus',
    carbs: 99,
    _id: new ObjectId("696c72e7cc4c6d62367006da")
  }
]
Ensuring treatment entry was inserted successfully
Load Complete:
	 treatments:5, devicestatus:2
data loaded: reloading sandbox data and updating plugins
Deleting test treatment entry
got data-received event, requesting reload
Testing if entry was deleted
Load Complete:
	 treatments:4, devicestatus:2
data loaded: reloading sandbox data and updating plugins
ok 111 Treatment API post a treatment, query, delete, verify gone
API_SECRET has 159 bits of entropy
++++++++++++++++++++++++++++++
Nightscout Executing startBoot
++++++++++++++++++++++++++++++
Executing checkNodeVersion
Node LTS version v14.21.3 is supported
Executing checkEnv
Executing augmentSettings
Executing checkSettings
Checking settings
Executing setupStorage
Reusing MongoDB connection handler
Mongo Storage system ready
Executing setupAuthorization
ensuring index for: auth_roles.name
ensuring index for: auth_subjects.name
Reloading auth data
Loading { sort: { name: 1 } }
Roles listed
Loading { sort: { name: 1 } }
Executing setupInternals
Pushover was NOT configured
Executing ensureIndexes
Ensuring indexes
ensuring index for: test_sgvs.date
ensuring index for: test_sgvs.type
ensuring index for: test_sgvs.sgv
ensuring index for: test_sgvs.mbg
ensuring index for: test_sgvs.sysTime
ensuring index for: test_sgvs.dateString
ensuring index for: test_sgvs.[object Object]
ensuring index for: treatments.created_at
ensuring index for: treatments.eventType
ensuring index for: treatments.insulin
ensuring index for: treatments.carbs
ensuring index for: treatments.glucose
ensuring index for: treatments.enteredBy
ensuring index for: treatments.boluscalc.foods._id
ensuring index for: treatments.notes
ensuring index for: treatments.NSCLIENT_ID
ensuring index for: treatments.percent
ensuring index for: treatments.absolute
ensuring index for: treatments.duration
ensuring index for: treatments.[object Object]
ensuring index for: devicestatus.created_at
ensuring index for: devicestatus.NSCLIENT_ID
ensuring index for: profile.startDate
ensuring index for: food.type
ensuring index for: food.position
ensuring index for: food.hidden
ensuring index for: activity.created_at
Executing setupListeners
Executing setupConnect
Skipping disabled nightscout-connect
Executing setupBridge
Dexcom bridge not enabled
Executing setupMMConnect
MiniMed Connect not enabled
Executing finishBoot
tick 2026-01-18T05:43:03.105Z
Load Complete:
	 treatments:4, devicestatus:2
data loaded: reloading sandbox data and updating plugins
For the Basal plugin to function you need a treatment profile
got data-received event, requesting reload
Load Complete:
	 treatments:4, devicestatus:2
data loaded: reloading sandbox data and updating plugins
For the Basal plugin to function you need a treatment profile
got data-received event, requesting reload
Load Complete:
	 sgvs:1, treatments:4, devicestatus:2
data loaded: reloading sandbox data and updating plugins
For the Basal plugin to function you need a treatment profile
ok 112 authed REST api disallow unauthorized POST
got data-received event, requesting reload
Load Complete:
	 sgvs:2, treatments:4, devicestatus:2
data loaded: reloading sandbox data and updating plugins
For the Basal plugin to function you need a treatment profile
ok 113 authed REST api /entries/preview
got data-received event, requesting reload
Load Complete:
	 sgvs:3, treatments:4, devicestatus:2
data loaded: reloading sandbox data and updating plugins
For the Basal plugin to function you need a treatment profile
got data-received event, requesting reload
Load Complete:
	 sgvs:4, treatments:4, devicestatus:2
data loaded: reloading sandbox data and updating plugins
For the Basal plugin to function you need a treatment profile
got data-received event, requesting reload
ok 114 authed REST api allow authorized POST
Load Complete:
	 sgvs:1, treatments:4, devicestatus:2
data loaded: reloading sandbox data and updating plugins
For the Basal plugin to function you need a treatment profile
got data-received event, requesting reload
Load Complete:
	 sgvs:2, treatments:4, devicestatus:2
data loaded: reloading sandbox data and updating plugins
For the Basal plugin to function you need a treatment profile
ok 115 authed REST api disallow deletes unauthorized
got data-received event, requesting reload
Load Complete:
	 sgvs:3, treatments:4, devicestatus:2
data loaded: reloading sandbox data and updating plugins
For the Basal plugin to function you need a treatment profile
got data-received event, requesting reload
Load Complete:
	 sgvs:1, treatments:4, devicestatus:2
data loaded: reloading sandbox data and updating plugins
For the Basal plugin to function you need a treatment profile
ok 116 authed REST api allow deletes when authorized
API_SECRET has 159 bits of entropy
++++++++++++++++++++++++++++++
Nightscout Executing startBoot
++++++++++++++++++++++++++++++
Executing checkNodeVersion
Node LTS version v14.21.3 is supported
Executing checkEnv
Executing augmentSettings
Executing checkSettings
Checking settings
Executing setupStorage
Reusing MongoDB connection handler
Mongo Storage system ready
Executing setupAuthorization
ensuring index for: auth_roles.name
ensuring index for: auth_subjects.name
Reloading auth data
Loading { sort: { name: 1 } }
Roles listed
Loading { sort: { name: 1 } }
Executing setupInternals
Pushover was NOT configured
Executing ensureIndexes
Ensuring indexes
ensuring index for: test_sgvs.date
ensuring index for: test_sgvs.type
ensuring index for: test_sgvs.sgv
ensuring index for: test_sgvs.mbg
ensuring index for: test_sgvs.sysTime
ensuring index for: test_sgvs.dateString
ensuring index for: test_sgvs.[object Object]
ensuring index for: treatments.created_at
ensuring index for: treatments.eventType
ensuring index for: treatments.insulin
ensuring index for: treatments.carbs
ensuring index for: treatments.glucose
ensuring index for: treatments.enteredBy
ensuring index for: treatments.boluscalc.foods._id
ensuring index for: treatments.notes
ensuring index for: treatments.NSCLIENT_ID
ensuring index for: treatments.percent
ensuring index for: treatments.absolute
ensuring index for: treatments.duration
ensuring index for: treatments.[object Object]
ensuring index for: devicestatus.created_at
ensuring index for: devicestatus.NSCLIENT_ID
ensuring index for: profile.startDate
ensuring index for: food.type
ensuring index for: food.position
ensuring index for: food.hidden
ensuring index for: activity.created_at
Executing setupListeners
Executing setupConnect
Skipping disabled nightscout-connect
Executing setupBridge
Dexcom bridge not enabled
Executing setupMMConnect
MiniMed Connect not enabled
Executing finishBoot
tick 2026-01-18T05:43:03.187Z
API KEY present, enabling API
enabling feature: careportal
enabling feature: api
Load Complete:
	 treatments:4, devicestatus:2
data loaded: reloading sandbox data and updating plugins
got data-received event, requesting reload
Load Complete:
	 devicestatus:2
data loaded: reloading sandbox data and updating plugins
got data-received event, requesting reload
REST API treatment created [
  {
    eventType: 'Carb Correction',
    carbs: 15,
    created_at: '2026-01-18T05:42:53.026Z',
    enteredBy: 'loop://iPhone',
    absorptionTime: 180,
    utcOffset: 0,
    _id: new ObjectId("696c72e7cc4c6d6236700947")
  },
  {
    eventType: 'Carb Correction',
    carbs: 30,
    created_at: '2026-01-18T06:42:53.026Z',
    enteredBy: 'loop://iPhone',
    absorptionTime: 240,
    utcOffset: 0,
    _id: new ObjectId("696c72e7cc4c6d6236700949")
  }
]
Load Complete:
	 treatments:2, devicestatus:2
data loaded: reloading sandbox data and updating plugins
ok 117 v1 API Batch Operations - MongoDB Modernization Batch Insert Semantics (Section 6.1.1) POST /api/treatments with Loop carbs batch creates multiple documents
API_SECRET has 159 bits of entropy
++++++++++++++++++++++++++++++
Nightscout Executing startBoot
++++++++++++++++++++++++++++++
Executing checkNodeVersion
Node LTS version v14.21.3 is supported
Executing checkEnv
Executing augmentSettings
Executing checkSettings
Checking settings
Executing setupStorage
Reusing MongoDB connection handler
Mongo Storage system ready
Executing setupAuthorization
ensuring index for: auth_roles.name
ensuring index for: auth_subjects.name
Reloading auth data
Loading { sort: { name: 1 } }
Roles listed
Loading { sort: { name: 1 } }
Executing setupInternals
Pushover was NOT configured
Executing ensureIndexes
Ensuring indexes
ensuring index for: test_sgvs.date
ensuring index for: test_sgvs.type
ensuring index for: test_sgvs.sgv
ensuring index for: test_sgvs.mbg
ensuring index for: test_sgvs.sysTime
ensuring index for: test_sgvs.dateString
ensuring index for: test_sgvs.[object Object]
ensuring index for: treatments.created_at
ensuring index for: treatments.eventType
ensuring index for: treatments.insulin
ensuring index for: treatments.carbs
ensuring index for: treatments.glucose
ensuring index for: treatments.enteredBy
ensuring index for: treatments.boluscalc.foods._id
ensuring index for: treatments.notes
ensuring index for: treatments.NSCLIENT_ID
ensuring index for: treatments.percent
ensuring index for: treatments.absolute
ensuring index for: treatments.duration
ensuring index for: treatments.[object Object]
ensuring index for: devicestatus.created_at
ensuring index for: devicestatus.NSCLIENT_ID
ensuring index for: profile.startDate
ensuring index for: food.type
ensuring index for: food.position
ensuring index for: food.hidden
ensuring index for: activity.created_at
Executing setupListeners
Executing setupConnect
Skipping disabled nightscout-connect
Executing setupBridge
Dexcom bridge not enabled
Executing setupMMConnect
MiniMed Connect not enabled
Executing finishBoot
tick 2026-01-18T05:43:03.205Z
API KEY present, enabling API
enabling feature: careportal
enabling feature: api
Load Complete:
	 treatments:2, devicestatus:2
data loaded: reloading sandbox data and updating plugins
got data-received event, requesting reload
Load Complete:
	 devicestatus:2
data loaded: reloading sandbox data and updating plugins
got data-received event, requesting reload
REST API treatment created [
  {
    eventType: 'Temp Basal',
    duration: 30,
    rate: 1.5,
    absolute: 1.5,
    created_at: '2026-01-18T05:42:53.026Z',
    enteredBy: 'loop://iPhone',
    utcOffset: 0,
    _id: new ObjectId("696c72e7cc4c6d6236700996")
  },
  {
    eventType: 'Bolus',
    insulin: 2,
    created_at: '2026-01-18T05:43:53.026Z',
    enteredBy: 'loop://iPhone',
    utcOffset: 0,
    _id: new ObjectId("696c72e7cc4c6d6236700998")
  },
  {
    eventType: 'Temp Basal',
    duration: 30,
    rate: 0.5,
    absolute: 0.5,
    created_at: '2026-01-18T05:44:53.026Z',
    enteredBy: 'loop://iPhone',
    utcOffset: 0,
    _id: new ObjectId("696c72e7cc4c6d623670099a")
  }
]
ok 118 v1 API Batch Operations - MongoDB Modernization Batch Insert Semantics (Section 6.1.1) POST /api/treatments with Loop dose batch creates multiple documents
Load Complete:
	 treatments:3, devicestatus:2, tempbasalTreatments:2
data loaded: reloading sandbox data and updating plugins
API_SECRET has 159 bits of entropy
++++++++++++++++++++++++++++++
Nightscout Executing startBoot
++++++++++++++++++++++++++++++
Executing checkNodeVersion
Node LTS version v14.21.3 is supported
Executing checkEnv
Executing augmentSettings
Executing checkSettings
Checking settings
Executing setupStorage
Reusing MongoDB connection handler
Mongo Storage system ready
Executing setupAuthorization
ensuring index for: auth_roles.name
ensuring index for: auth_subjects.name
Reloading auth data
Loading { sort: { name: 1 } }
Roles listed
Loading { sort: { name: 1 } }
Executing setupInternals
Pushover was NOT configured
Executing ensureIndexes
Ensuring indexes
ensuring index for: test_sgvs.date
ensuring index for: test_sgvs.type
ensuring index for: test_sgvs.sgv
ensuring index for: test_sgvs.mbg
ensuring index for: test_sgvs.sysTime
ensuring index for: test_sgvs.dateString
ensuring index for: test_sgvs.[object Object]
ensuring index for: treatments.created_at
ensuring index for: treatments.eventType
ensuring index for: treatments.insulin
ensuring index for: treatments.carbs
ensuring index for: treatments.glucose
ensuring index for: treatments.enteredBy
ensuring index for: treatments.boluscalc.foods._id
ensuring index for: treatments.notes
ensuring index for: treatments.NSCLIENT_ID
ensuring index for: treatments.percent
ensuring index for: treatments.absolute
ensuring index for: treatments.duration
ensuring index for: treatments.[object Object]
ensuring index for: devicestatus.created_at
ensuring index for: devicestatus.NSCLIENT_ID
ensuring index for: profile.startDate
ensuring index for: food.type
ensuring index for: food.position
ensuring index for: food.hidden
ensuring index for: activity.created_at
Executing setupListeners
Executing setupConnect
Skipping disabled nightscout-connect
Executing setupBridge
Dexcom bridge not enabled
Executing setupMMConnect
MiniMed Connect not enabled
Executing finishBoot
tick 2026-01-18T05:43:03.222Z
API KEY present, enabling API
enabling feature: careportal
enabling feature: api
Load Complete:
	 treatments:3, devicestatus:2, tempbasalTreatments:2
data loaded: reloading sandbox data and updating plugins
got data-received event, requesting reload
Load Complete:
	 devicestatus:2
data loaded: reloading sandbox data and updating plugins
got data-received event, requesting reload
Load Complete:
	 devicestatus:2
data loaded: reloading sandbox data and updating plugins
got data-received event, requesting reload
Load Complete:
	 sgvs:3, devicestatus:2
data loaded: reloading sandbox data and updating plugins
ok 119 v1 API Batch Operations - MongoDB Modernization Batch Insert Semantics (Section 6.1.1) POST /api/entries with Loop glucose batch creates multiple documents
API_SECRET has 159 bits of entropy
++++++++++++++++++++++++++++++
Nightscout Executing startBoot
++++++++++++++++++++++++++++++
Executing checkNodeVersion
Node LTS version v14.21.3 is supported
Executing checkEnv
Executing augmentSettings
Executing checkSettings
Checking settings
Executing setupStorage
Reusing MongoDB connection handler
Mongo Storage system ready
Executing setupAuthorization
ensuring index for: auth_roles.name
ensuring index for: auth_subjects.name
Reloading auth data
Loading { sort: { name: 1 } }
Roles listed
Loading { sort: { name: 1 } }
Executing setupInternals
Pushover was NOT configured
Executing ensureIndexes
Ensuring indexes
ensuring index for: test_sgvs.date
ensuring index for: test_sgvs.type
ensuring index for: test_sgvs.sgv
ensuring index for: test_sgvs.mbg
ensuring index for: test_sgvs.sysTime
ensuring index for: test_sgvs.dateString
ensuring index for: test_sgvs.[object Object]
ensuring index for: treatments.created_at
ensuring index for: treatments.eventType
ensuring index for: treatments.insulin
ensuring index for: treatments.carbs
ensuring index for: treatments.glucose
ensuring index for: treatments.enteredBy
ensuring index for: treatments.boluscalc.foods._id
ensuring index for: treatments.notes
ensuring index for: treatments.NSCLIENT_ID
ensuring index for: treatments.percent
ensuring index for: treatments.absolute
ensuring index for: treatments.duration
ensuring index for: treatments.[object Object]
ensuring index for: devicestatus.created_at
ensuring index for: devicestatus.NSCLIENT_ID
ensuring index for: profile.startDate
ensuring index for: food.type
ensuring index for: food.position
ensuring index for: food.hidden
ensuring index for: activity.created_at
Executing setupListeners
Executing setupConnect
Skipping disabled nightscout-connect
Executing setupBridge
Dexcom bridge not enabled
Executing setupMMConnect
MiniMed Connect not enabled
Executing finishBoot
tick 2026-01-18T05:43:03.244Z
API KEY present, enabling API
enabling feature: careportal
enabling feature: api
Load Complete:
	 sgvs:3, devicestatus:2
data loaded: reloading sandbox data and updating plugins
got data-received event, requesting reload
Load Complete:
	 sgvs:3, devicestatus:2
data loaded: reloading sandbox data and updating plugins
got data-received event, requesting reload
ok 120 v1 API Batch Operations - MongoDB Modernization Batch Insert Semantics (Section 6.1.1) POST /api/entries with single-item array creates one document
Load Complete:
	 sgvs:4, devicestatus:2
data loaded: reloading sandbox data and updating plugins
API_SECRET has 159 bits of entropy
++++++++++++++++++++++++++++++
Nightscout Executing startBoot
++++++++++++++++++++++++++++++
Executing checkNodeVersion
Node LTS version v14.21.3 is supported
Executing checkEnv
Executing augmentSettings
Executing checkSettings
Checking settings
Executing setupStorage
Reusing MongoDB connection handler
Mongo Storage system ready
Executing setupAuthorization
ensuring index for: auth_roles.name
ensuring index for: auth_subjects.name
Reloading auth data
Loading { sort: { name: 1 } }
Roles listed
Loading { sort: { name: 1 } }
Executing setupInternals
Pushover was NOT configured
Executing ensureIndexes
Ensuring indexes
ensuring index for: test_sgvs.date
ensuring index for: test_sgvs.type
ensuring index for: test_sgvs.sgv
ensuring index for: test_sgvs.mbg
ensuring index for: test_sgvs.sysTime
ensuring index for: test_sgvs.dateString
ensuring index for: test_sgvs.[object Object]
ensuring index for: treatments.created_at
ensuring index for: treatments.eventType
ensuring index for: treatments.insulin
ensuring index for: treatments.carbs
ensuring index for: treatments.glucose
ensuring index for: treatments.enteredBy
ensuring index for: treatments.boluscalc.foods._id
ensuring index for: treatments.notes
ensuring index for: treatments.NSCLIENT_ID
ensuring index for: treatments.percent
ensuring index for: treatments.absolute
ensuring index for: treatments.duration
ensuring index for: treatments.[object Object]
ensuring index for: devicestatus.created_at
ensuring index for: devicestatus.NSCLIENT_ID
ensuring index for: profile.startDate
ensuring index for: food.type
ensuring index for: food.position
ensuring index for: food.hidden
ensuring index for: activity.created_at
Executing setupListeners
Executing setupConnect
Skipping disabled nightscout-connect
Executing setupBridge
Dexcom bridge not enabled
Executing setupMMConnect
MiniMed Connect not enabled
Executing finishBoot
tick 2026-01-18T05:43:03.261Z
API KEY present, enabling API
enabling feature: careportal
enabling feature: api
Load Complete:
	 sgvs:4, devicestatus:2
data loaded: reloading sandbox data and updating plugins
got data-received event, requesting reload
Load Complete:
	 sgvs:4, devicestatus:2
data loaded: reloading sandbox data and updating plugins
got data-received event, requesting reload
REST API treatment created [
  {
    created_at: '2026-01-18T05:43:03.272Z',
    utcOffset: 0,
    _id: new ObjectId("696c72e7cc4c6d6236700a92")
  }
]
ok 121 v1 API Batch Operations - MongoDB Modernization Batch Insert Semantics (Section 6.1.1) POST /api/treatments with empty array succeeds without error
Load Complete:
	 sgvs:4, treatments:1, devicestatus:2
data loaded: reloading sandbox data and updating plugins
API_SECRET has 159 bits of entropy
++++++++++++++++++++++++++++++
Nightscout Executing startBoot
++++++++++++++++++++++++++++++
Executing checkNodeVersion
Node LTS version v14.21.3 is supported
Executing checkEnv
Executing augmentSettings
Executing checkSettings
Checking settings
Executing setupStorage
Reusing MongoDB connection handler
Mongo Storage system ready
Executing setupAuthorization
ensuring index for: auth_roles.name
ensuring index for: auth_subjects.name
Reloading auth data
Loading { sort: { name: 1 } }
Roles listed
Loading { sort: { name: 1 } }
Executing setupInternals
Pushover was NOT configured
Executing ensureIndexes
Ensuring indexes
ensuring index for: test_sgvs.date
ensuring index for: test_sgvs.type
ensuring index for: test_sgvs.sgv
ensuring index for: test_sgvs.mbg
ensuring index for: test_sgvs.sysTime
ensuring index for: test_sgvs.dateString
ensuring index for: test_sgvs.[object Object]
ensuring index for: treatments.created_at
ensuring index for: treatments.eventType
ensuring index for: treatments.insulin
ensuring index for: treatments.carbs
ensuring index for: treatments.glucose
ensuring index for: treatments.enteredBy
ensuring index for: treatments.boluscalc.foods._id
ensuring index for: treatments.notes
ensuring index for: treatments.NSCLIENT_ID
ensuring index for: treatments.percent
ensuring index for: treatments.absolute
ensuring index for: treatments.duration
ensuring index for: treatments.[object Object]
ensuring index for: devicestatus.created_at
ensuring index for: devicestatus.NSCLIENT_ID
ensuring index for: profile.startDate
ensuring index for: food.type
ensuring index for: food.position
ensuring index for: food.hidden
ensuring index for: activity.created_at
Executing setupListeners
Executing setupConnect
Skipping disabled nightscout-connect
Executing setupBridge
Dexcom bridge not enabled
Executing setupMMConnect
MiniMed Connect not enabled
Executing finishBoot
tick 2026-01-18T05:43:03.280Z
API KEY present, enabling API
enabling feature: careportal
enabling feature: api
Load Complete:
	 sgvs:4, treatments:1, devicestatus:2
data loaded: reloading sandbox data and updating plugins
got data-received event, requesting reload
Load Complete:
	 sgvs:4, devicestatus:2
data loaded: reloading sandbox data and updating plugins
got data-received event, requesting reload
Load Complete:
	 devicestatus:2
data loaded: reloading sandbox data and updating plugins
got data-received event, requesting reload
ok 122 v1 API Batch Operations - MongoDB Modernization Large Batch Operations (Section 2.2) POST /api/entries with 100-item batch succeeds
Load Complete:
	 sgvs:100, devicestatus:2
data loaded: reloading sandbox data and updating plugins
API_SECRET has 159 bits of entropy
++++++++++++++++++++++++++++++
Nightscout Executing startBoot
++++++++++++++++++++++++++++++
Executing checkNodeVersion
Node LTS version v14.21.3 is supported
Executing checkEnv
Executing augmentSettings
Executing checkSettings
Checking settings
Executing setupStorage
Reusing MongoDB connection handler
Mongo Storage system ready
Executing setupAuthorization
ensuring index for: auth_roles.name
ensuring index for: auth_subjects.name
Reloading auth data
Loading { sort: { name: 1 } }
Roles listed
Loading { sort: { name: 1 } }
Executing setupInternals
Pushover was NOT configured
Executing ensureIndexes
Ensuring indexes
ensuring index for: test_sgvs.date
ensuring index for: test_sgvs.type
ensuring index for: test_sgvs.sgv
ensuring index for: test_sgvs.mbg
ensuring index for: test_sgvs.sysTime
ensuring index for: test_sgvs.dateString
ensuring index for: test_sgvs.[object Object]
ensuring index for: treatments.created_at
ensuring index for: treatments.eventType
ensuring index for: treatments.insulin
ensuring index for: treatments.carbs
ensuring index for: treatments.glucose
ensuring index for: treatments.enteredBy
ensuring index for: treatments.boluscalc.foods._id
ensuring index for: treatments.notes
ensuring index for: treatments.NSCLIENT_ID
ensuring index for: treatments.percent
ensuring index for: treatments.absolute
ensuring index for: treatments.duration
ensuring index for: treatments.[object Object]
ensuring index for: devicestatus.created_at
ensuring index for: devicestatus.NSCLIENT_ID
ensuring index for: profile.startDate
ensuring index for: food.type
ensuring index for: food.position
ensuring index for: food.hidden
ensuring index for: activity.created_at
Executing setupListeners
Executing setupConnect
Skipping disabled nightscout-connect
Executing setupBridge
Dexcom bridge not enabled
Executing setupMMConnect
MiniMed Connect not enabled
Executing finishBoot
tick 2026-01-18T05:43:03.321Z
API KEY present, enabling API
enabling feature: careportal
enabling feature: api
Load Complete:
	 sgvs:100, devicestatus:2
data loaded: reloading sandbox data and updating plugins
got data-received event, requesting reload
Load Complete:
	 sgvs:100, devicestatus:2
data loaded: reloading sandbox data and updating plugins
got data-received event, requesting reload
REST API treatment created [
  {
    eventType: 'Carb Correction',
    carbs: 15,
    created_at: '2026-01-18T05:42:53.026Z',
    enteredBy: 'loop://iPhone',
    absorptionTime: 180,
    utcOffset: 0,
    _id: new ObjectId("696c72e7cc4c6d6236700c03")
  },
  {
    eventType: 'Carb Correction',
    carbs: 30,
    created_at: '2026-01-18T06:42:53.026Z',
    enteredBy: 'loop://iPhone',
    absorptionTime: 240,
    utcOffset: 0,
    _id: new ObjectId("696c72e7cc4c6d6236700c05")
  }
]
ok 123 v1 API Batch Operations - MongoDB Modernization Response Format (Section 6.1.2) Response contains _id field for each submitted item
Load Complete:
	 sgvs:100, treatments:2, devicestatus:2
data loaded: reloading sandbox data and updating plugins
API_SECRET has 159 bits of entropy
++++++++++++++++++++++++++++++
Nightscout Executing startBoot
++++++++++++++++++++++++++++++
Executing checkNodeVersion
Node LTS version v14.21.3 is supported
Executing checkEnv
Executing augmentSettings
Executing checkSettings
Checking settings
Executing setupStorage
Reusing MongoDB connection handler
Mongo Storage system ready
Executing setupAuthorization
ensuring index for: auth_roles.name
ensuring index for: auth_subjects.name
Reloading auth data
Loading { sort: { name: 1 } }
Roles listed
Loading { sort: { name: 1 } }
Executing setupInternals
Pushover was NOT configured
Executing ensureIndexes
Ensuring indexes
ensuring index for: test_sgvs.date
ensuring index for: test_sgvs.type
ensuring index for: test_sgvs.sgv
ensuring index for: test_sgvs.mbg
ensuring index for: test_sgvs.sysTime
ensuring index for: test_sgvs.dateString
ensuring index for: test_sgvs.[object Object]
ensuring index for: treatments.created_at
ensuring index for: treatments.eventType
ensuring index for: treatments.insulin
ensuring index for: treatments.carbs
ensuring index for: treatments.glucose
ensuring index for: treatments.enteredBy
ensuring index for: treatments.boluscalc.foods._id
ensuring index for: treatments.notes
ensuring index for: treatments.NSCLIENT_ID
ensuring index for: treatments.percent
ensuring index for: treatments.absolute
ensuring index for: treatments.duration
ensuring index for: treatments.[object Object]
ensuring index for: devicestatus.created_at
ensuring index for: devicestatus.NSCLIENT_ID
ensuring index for: profile.startDate
ensuring index for: food.type
ensuring index for: food.position
ensuring index for: food.hidden
ensuring index for: activity.created_at
Executing setupListeners
Executing setupConnect
Skipping disabled nightscout-connect
Executing setupBridge
Dexcom bridge not enabled
Executing setupMMConnect
MiniMed Connect not enabled
Executing finishBoot
tick 2026-01-18T05:43:03.344Z
API KEY present, enabling API
enabling feature: careportal
enabling feature: api
Load Complete:
	 sgvs:100, treatments:2, devicestatus:2
data loaded: reloading sandbox data and updating plugins
got data-received event, requesting reload
Load Complete:
	 sgvs:100, devicestatus:2
data loaded: reloading sandbox data and updating plugins
got data-received event, requesting reload
REST API treatment created [
  {
    eventType: 'Meal Bolus',
    insulin: 5,
    carbs: 45,
    created_at: '2026-01-18T05:42:53.027Z',
    enteredBy: 'Trio',
    id: 'trio-uuid-meal-1',
    utcOffset: 0,
    _id: new ObjectId("696c72e7cc4c6d6236700c51")
  },
  {
    eventType: 'Correction Bolus',
    insulin: 1.5,
    created_at: '2026-01-18T05:43:53.027Z',
    enteredBy: 'Trio',
    id: 'trio-uuid-corr-1',
    utcOffset: 0,
    _id: new ObjectId("696c72e7cc4c6d6236700c53")
  }
]
ok 124 v1 API Batch Operations - MongoDB Modernization Trio Pipeline Scenarios (Section 3) POST /api/treatments with Trio treatment pipeline batch
Load Complete:
	 sgvs:100, treatments:2, devicestatus:2
data loaded: reloading sandbox data and updating plugins
API_SECRET has 159 bits of entropy
++++++++++++++++++++++++++++++
Nightscout Executing startBoot
++++++++++++++++++++++++++++++
Executing checkNodeVersion
Node LTS version v14.21.3 is supported
Executing checkEnv
Executing augmentSettings
Executing checkSettings
Checking settings
Executing setupStorage
Reusing MongoDB connection handler
Mongo Storage system ready
Executing setupAuthorization
ensuring index for: auth_roles.name
ensuring index for: auth_subjects.name
Reloading auth data
Loading { sort: { name: 1 } }
Roles listed
Loading { sort: { name: 1 } }
Executing setupInternals
Pushover was NOT configured
Executing ensureIndexes
Ensuring indexes
ensuring index for: test_sgvs.date
ensuring index for: test_sgvs.type
ensuring index for: test_sgvs.sgv
ensuring index for: test_sgvs.mbg
ensuring index for: test_sgvs.sysTime
ensuring index for: test_sgvs.dateString
ensuring index for: test_sgvs.[object Object]
ensuring index for: treatments.created_at
ensuring index for: treatments.eventType
ensuring index for: treatments.insulin
ensuring index for: treatments.carbs
ensuring index for: treatments.glucose
ensuring index for: treatments.enteredBy
ensuring index for: treatments.boluscalc.foods._id
ensuring index for: treatments.notes
ensuring index for: treatments.NSCLIENT_ID
ensuring index for: treatments.percent
ensuring index for: treatments.absolute
ensuring index for: treatments.duration
ensuring index for: treatments.[object Object]
ensuring index for: devicestatus.created_at
ensuring index for: devicestatus.NSCLIENT_ID
ensuring index for: profile.startDate
ensuring index for: food.type
ensuring index for: food.position
ensuring index for: food.hidden
ensuring index for: activity.created_at
Executing setupListeners
Executing setupConnect
Skipping disabled nightscout-connect
Executing setupBridge
Dexcom bridge not enabled
Executing setupMMConnect
MiniMed Connect not enabled
Executing finishBoot
tick 2026-01-18T05:43:03.367Z
API KEY present, enabling API
enabling feature: careportal
enabling feature: api
Load Complete:
	 sgvs:100, treatments:2, devicestatus:2
data loaded: reloading sandbox data and updating plugins
got data-received event, requesting reload
Load Complete:
	 sgvs:100, devicestatus:2
data loaded: reloading sandbox data and updating plugins
got data-received event, requesting reload
ok 125 v1 API Batch Operations - MongoDB Modernization Trio Pipeline Scenarios (Section 3) POST /api/entries with Trio glucose pipeline batch
Load Complete:
	 sgvs:103, devicestatus:2
data loaded: reloading sandbox data and updating plugins
ok 126 v1 API Batch Operations - MongoDB Modernization Mixed Valid/Invalid Documents (Section 4.6) Batch with mixed valid/invalid documents handles appropriately # SKIP -
API_SECRET has 159 bits of entropy
++++++++++++++++++++++++++++++
Nightscout Executing startBoot
++++++++++++++++++++++++++++++
Executing checkNodeVersion
Node LTS version v14.21.3 is supported
Executing checkEnv
Executing augmentSettings
Executing checkSettings
Checking settings
Executing setupStorage
Reusing MongoDB connection handler
Mongo Storage system ready
Executing setupAuthorization
ensuring index for: auth_roles.name
ensuring index for: auth_subjects.name
Reloading auth data
Loading { sort: { name: 1 } }
Roles listed
Loading { sort: { name: 1 } }
Executing setupInternals
Pushover was NOT configured
Executing ensureIndexes
Ensuring indexes
ensuring index for: test_sgvs.date
ensuring index for: test_sgvs.type
ensuring index for: test_sgvs.sgv
ensuring index for: test_sgvs.mbg
ensuring index for: test_sgvs.sysTime
ensuring index for: test_sgvs.dateString
ensuring index for: test_sgvs.[object Object]
ensuring index for: treatments.created_at
ensuring index for: treatments.eventType
ensuring index for: treatments.insulin
ensuring index for: treatments.carbs
ensuring index for: treatments.glucose
ensuring index for: treatments.enteredBy
ensuring index for: treatments.boluscalc.foods._id
ensuring index for: treatments.notes
ensuring index for: treatments.NSCLIENT_ID
ensuring index for: treatments.percent
ensuring index for: treatments.absolute
ensuring index for: treatments.duration
ensuring index for: treatments.[object Object]
ensuring index for: devicestatus.created_at
ensuring index for: devicestatus.NSCLIENT_ID
ensuring index for: profile.startDate
ensuring index for: food.type
ensuring index for: food.position
ensuring index for: food.hidden
ensuring index for: activity.created_at
Executing setupListeners
Executing setupConnect
Skipping disabled nightscout-connect
Executing setupBridge
Dexcom bridge not enabled
Executing setupMMConnect
MiniMed Connect not enabled
Executing finishBoot
tick 2026-01-18T05:43:03.394Z
API KEY present, enabling API
enabling feature: bgnow
enabling feature: delta
enabling feature: direction
enabling feature: timeago
enabling feature: devicestatus
enabling feature: upbat
enabling feature: errorcodes
enabling feature: profile
enabling feature: bolus
enabling feature: dbsize
enabling feature: runtimestate
enabling feature: basal
enabling feature: careportal
enabling feature: ar2
Load Complete:
	 sgvs:103, devicestatus:2
data loaded: reloading sandbox data and updating plugins
For the Basal plugin to function you need a treatment profile
ok 127 Verifyauth REST api /verifyauth should return UNAUTHORIZED
ok 128 Verifyauth REST api /verifyauth should return OK
API_SECRET has 159 bits of entropy
++++++++++++++++++++++++++++++
Nightscout Executing startBoot
++++++++++++++++++++++++++++++
Executing checkNodeVersion
Node LTS version v14.21.3 is supported
Executing checkEnv
Executing augmentSettings
Executing checkSettings
Checking settings
Executing setupStorage
Reusing MongoDB connection handler
Mongo Storage system ready
Executing setupAuthorization
ensuring index for: auth_roles.name
ensuring index for: auth_subjects.name
Reloading auth data
Loading { sort: { name: 1 } }
Roles listed
Loading { sort: { name: 1 } }
Executing setupInternals
Pushover was NOT configured
Executing ensureIndexes
Ensuring indexes
ensuring index for: test_sgvs.date
ensuring index for: test_sgvs.type
ensuring index for: test_sgvs.sgv
ensuring index for: test_sgvs.mbg
ensuring index for: test_sgvs.sysTime
ensuring index for: test_sgvs.dateString
ensuring index for: test_sgvs.[object Object]
ensuring index for: treatments.created_at
ensuring index for: treatments.eventType
ensuring index for: treatments.insulin
ensuring index for: treatments.carbs
ensuring index for: treatments.glucose
ensuring index for: treatments.enteredBy
ensuring index for: treatments.boluscalc.foods._id
ensuring index for: treatments.notes
ensuring index for: treatments.NSCLIENT_ID
ensuring index for: treatments.percent
ensuring index for: treatments.absolute
ensuring index for: treatments.duration
ensuring index for: treatments.[object Object]
ensuring index for: devicestatus.created_at
ensuring index for: devicestatus.NSCLIENT_ID
ensuring index for: profile.startDate
ensuring index for: food.type
ensuring index for: food.position
ensuring index for: food.hidden
ensuring index for: activity.created_at
Executing setupListeners
Executing setupConnect
Skipping disabled nightscout-connect
Executing setupBridge
Dexcom bridge not enabled
Executing setupMMConnect
MiniMed Connect not enabled
Executing finishBoot
tick 2026-01-18T05:43:03.410Z
ensuring index for: devicestatus.identifier
ensuring index for: devicestatus.srvModified
ensuring index for: devicestatus.isValid
ensuring index for: test_sgvs.identifier
ensuring index for: test_sgvs.srvModified
ensuring index for: test_sgvs.isValid
ensuring index for: food.identifier
ensuring index for: food.srvModified
ensuring index for: food.isValid
ensuring index for: profile.identifier
ensuring index for: profile.srvModified
ensuring index for: profile.isValid
ensuring index for: settings.identifier
ensuring index for: settings.srvModified
ensuring index for: settings.isValid
ensuring index for: treatments.identifier
ensuring index for: treatments.srvModified
ensuring index for: treatments.isValid
Started SSL instance on https://localhost:41183
Load Complete:
	 sgvs:103, devicestatus:2
data loaded: reloading sandbox data and updating plugins
(node:359996) Warning: Setting the NODE_TLS_REJECT_UNAUTHORIZED environment variable to '0' makes TLS connections and HTTPS requests insecure by disabling certificate verification.
(Use `node --trace-warnings ...` to show where the warning was created)
got data-received event, requesting reload
Load Complete:
	 sgvs:103, treatments:1, devicestatus:2
data loaded: reloading sandbox data and updating plugins
got data-received event, requesting reload
Load Complete:
	 sgvs:103, devicestatus:2
data loaded: reloading sandbox data and updating plugins
ok 129 API3 AAPS Patterns - Deduplication and Real-world Scenarios Deduplication Tests - identifier-based (device + date + eventType) returns 201 for new treatment with unique identifier and persists AAPS fields
got data-received event, requesting reload
Load Complete:
	 sgvs:103, treatments:1, devicestatus:2
data loaded: reloading sandbox data and updating plugins
got data-received event, requesting reload
Load Complete:
	 sgvs:103, treatments:1, devicestatus:2
data loaded: reloading sandbox data and updating plugins
got data-received event, requesting reload
Load Complete:
	 sgvs:103, devicestatus:2
data loaded: reloading sandbox data and updating plugins
ok 130 API3 AAPS Patterns - Deduplication and Real-world Scenarios Deduplication Tests - identifier-based (device + date + eventType) returns 200 for duplicate with same device+date+eventType (deduplication)
got data-received event, requesting reload
Load Complete:
	 sgvs:103, treatments:1, devicestatus:2
data loaded: reloading sandbox data and updating plugins
got data-received event, requesting reload
Load Complete:
	 sgvs:103, treatments:1, devicestatus:2
data loaded: reloading sandbox data and updating plugins
got data-received event, requesting reload
Load Complete:
	 sgvs:103, devicestatus:2
data loaded: reloading sandbox data and updating plugins
ok 131 API3 AAPS Patterns - Deduplication and Real-world Scenarios Deduplication Tests - identifier-based (device + date + eventType) different pumpId but same device+date+eventType triggers dedup (pumpId not in identifier)
got data-received event, requesting reload
Load Complete:
	 sgvs:103, treatments:1, devicestatus:2
data loaded: reloading sandbox data and updating plugins
got data-received event, requesting reload
Load Complete:
	 sgvs:103, treatments:2, devicestatus:2
data loaded: reloading sandbox data and updating plugins
got data-received event, requesting reload
Load Complete:
	 sgvs:103, treatments:1, devicestatus:2
data loaded: reloading sandbox data and updating plugins
got data-received event, requesting reload
Load Complete:
	 sgvs:103, devicestatus:2
data loaded: reloading sandbox data and updating plugins
ok 132 API3 AAPS Patterns - Deduplication and Real-world Scenarios Deduplication Tests - identifier-based (device + date + eventType) different date creates new unique treatment (201)
got data-received event, requesting reload
Load Complete:
	 sgvs:103, treatments:1, devicestatus:2
data loaded: reloading sandbox data and updating plugins
got data-received event, requesting reload
Load Complete:
	 sgvs:103, treatments:2, devicestatus:2
data loaded: reloading sandbox data and updating plugins
got data-received event, requesting reload
Load Complete:
	 sgvs:103, treatments:1, devicestatus:2
data loaded: reloading sandbox data and updating plugins
got data-received event, requesting reload
Load Complete:
	 sgvs:103, devicestatus:2
data loaded: reloading sandbox data and updating plugins
ok 133 API3 AAPS Patterns - Deduplication and Real-world Scenarios Deduplication Tests - identifier-based (device + date + eventType) different eventType creates new unique treatment (201)
got data-received event, requesting reload
Load Complete:
	 sgvs:103, treatments:1, devicestatus:2
data loaded: reloading sandbox data and updating plugins
got data-received event, requesting reload
Load Complete:
	 sgvs:103, treatments:1, devicestatus:2
data loaded: reloading sandbox data and updating plugins
got data-received event, requesting reload
Load Complete:
	 sgvs:103, treatments:1, devicestatus:2
data loaded: reloading sandbox data and updating plugins
got data-received event, requesting reload
Load Complete:
	 sgvs:103, devicestatus:2
data loaded: reloading sandbox data and updating plugins
ok 134 API3 AAPS Patterns - Deduplication and Real-world Scenarios Deduplication Tests - identifier-based (device + date + eventType) rapid duplicate submissions result in single persisted document with latest srvModified
got data-received event, requesting reload
Load Complete:
	 sgvs:103, treatments:1, devicestatus:2
data loaded: reloading sandbox data and updating plugins
got data-received event, requesting reload
Load Complete:
	 sgvs:103, devicestatus:2
data loaded: reloading sandbox data and updating plugins
ok 135 API3 AAPS Patterns - Deduplication and Real-world Scenarios Deduplication Tests - identifier-based (device + date + eventType) full AAPS fixture payload with created_at and dateString persists correctly
got data-received event, requesting reload
Load Complete:
	 sgvs:103, treatments:1, devicestatus:2
data loaded: reloading sandbox data and updating plugins
got data-received event, requesting reload
Load Complete:
	 sgvs:103, treatments:2, devicestatus:2
data loaded: reloading sandbox data and updating plugins
got data-received event, requesting reload
Load Complete:
	 sgvs:103, treatments:3, devicestatus:2
data loaded: reloading sandbox data and updating plugins
got data-received event, requesting reload
Load Complete:
	 sgvs:103, treatments:2, devicestatus:2
data loaded: reloading sandbox data and updating plugins
got data-received event, requesting reload
Load Complete:
	 sgvs:103, treatments:1, devicestatus:2
data loaded: reloading sandbox data and updating plugins
got data-received event, requesting reload
Load Complete:
	 sgvs:103, devicestatus:2
data loaded: reloading sandbox data and updating plugins
ok 136 API3 AAPS Patterns - Deduplication and Real-world Scenarios SMB Burst Pattern - rapid sequential micro-boluses handles sequential SMB corrections with full AAPS-realistic payloads
got data-received event, requesting reload
Load Complete:
	 sgvs:103, treatments:1, devicestatus:2
data loaded: reloading sandbox data and updating plugins
got data-received event, requesting reload
Load Complete:
	 sgvs:103, treatments:2, devicestatus:2
data loaded: reloading sandbox data and updating plugins
got data-received event, requesting reload
Load Complete:
	 sgvs:103, treatments:3, devicestatus:2
data loaded: reloading sandbox data and updating plugins
got data-received event, requesting reload
Load Complete:
	 sgvs:103, treatments:2, devicestatus:2
data loaded: reloading sandbox data and updating plugins
got data-received event, requesting reload
Load Complete:
	 sgvs:103, treatments:1, devicestatus:2
data loaded: reloading sandbox data and updating plugins
got data-received event, requesting reload
Load Complete:
	 sgvs:103, devicestatus:2
data loaded: reloading sandbox data and updating plugins
ok 137 API3 AAPS Patterns - Deduplication and Real-world Scenarios Meal Scenario - carbs, bolus wizard, meal bolus creates all meal-related treatments with full AAPS payloads and verifies persisted fields
got data-received event, requesting reload
Load Complete:
	 sgvs:104, devicestatus:2
data loaded: reloading sandbox data and updating plugins
got data-received event, requesting reload
Load Complete:
	 sgvs:105, devicestatus:2
data loaded: reloading sandbox data and updating plugins
got data-received event, requesting reload
Load Complete:
	 sgvs:106, devicestatus:2
data loaded: reloading sandbox data and updating plugins
got data-received event, requesting reload
Load Complete:
	 sgvs:105, devicestatus:2
data loaded: reloading sandbox data and updating plugins
got data-received event, requesting reload
Load Complete:
	 sgvs:104, devicestatus:2
data loaded: reloading sandbox data and updating plugins
got data-received event, requesting reload
Load Complete:
	 sgvs:103, devicestatus:2
data loaded: reloading sandbox data and updating plugins
ok 138 API3 AAPS Patterns - Deduplication and Real-world Scenarios SGV Entry Pattern - high-frequency glucose readings handles rapid sequential SGV entries with full AAPS payloads and verifies persisted fields
Initiating server teardown
API_SECRET has 159 bits of entropy
++++++++++++++++++++++++++++++
Nightscout Executing startBoot
++++++++++++++++++++++++++++++
Executing checkNodeVersion
Node LTS version v14.21.3 is supported
Executing checkEnv
Executing augmentSettings
Executing checkSettings
Checking settings
Executing setupStorage
Reusing MongoDB connection handler
Mongo Storage system ready
Executing setupAuthorization
ensuring index for: auth_roles.name
ensuring index for: auth_subjects.name
Reloading auth data
Loading { sort: { name: 1 } }
Roles listed
Loading { sort: { name: 1 } }
Executing setupInternals
Pushover was NOT configured
Executing ensureIndexes
Ensuring indexes
ensuring index for: test_sgvs.date
ensuring index for: test_sgvs.type
ensuring index for: test_sgvs.sgv
ensuring index for: test_sgvs.mbg
ensuring index for: test_sgvs.sysTime
ensuring index for: test_sgvs.dateString
ensuring index for: test_sgvs.[object Object]
ensuring index for: treatments.created_at
ensuring index for: treatments.eventType
ensuring index for: treatments.insulin
ensuring index for: treatments.carbs
ensuring index for: treatments.glucose
ensuring index for: treatments.enteredBy
ensuring index for: treatments.boluscalc.foods._id
ensuring index for: treatments.notes
ensuring index for: treatments.NSCLIENT_ID
ensuring index for: treatments.percent
ensuring index for: treatments.absolute
ensuring index for: treatments.duration
ensuring index for: treatments.[object Object]
ensuring index for: devicestatus.created_at
ensuring index for: devicestatus.NSCLIENT_ID
ensuring index for: profile.startDate
ensuring index for: food.type
ensuring index for: food.position
ensuring index for: food.hidden
ensuring index for: activity.created_at
Executing setupListeners
Executing setupConnect
Skipping disabled nightscout-connect
Executing setupBridge
Dexcom bridge not enabled
Executing setupMMConnect
MiniMed Connect not enabled
Executing finishBoot
tick 2026-01-18T05:43:04.086Z
ensuring index for: devicestatus.identifier
ensuring index for: devicestatus.srvModified
ensuring index for: devicestatus.isValid
ensuring index for: test_sgvs.identifier
ensuring index for: test_sgvs.srvModified
ensuring index for: test_sgvs.isValid
ensuring index for: food.identifier
ensuring index for: food.srvModified
ensuring index for: food.isValid
ensuring index for: profile.identifier
ensuring index for: profile.srvModified
ensuring index for: profile.isValid
ensuring index for: settings.identifier
ensuring index for: settings.srvModified
ensuring index for: settings.isValid
ensuring index for: treatments.identifier
ensuring index for: treatments.srvModified
ensuring index for: treatments.isValid
Started SSL instance on https://localhost:36019
Load Complete:
	 sgvs:103, devicestatus:2
data loaded: reloading sandbox data and updating plugins
ok 139 Basic REST API3 GET /version
Initiating server teardown
API_SECRET has 159 bits of entropy
++++++++++++++++++++++++++++++
Nightscout Executing startBoot
++++++++++++++++++++++++++++++
Executing checkNodeVersion
Node LTS version v14.21.3 is supported
Executing checkEnv
Executing augmentSettings
Executing checkSettings
Checking settings
Executing setupStorage
Reusing MongoDB connection handler
Mongo Storage system ready
Executing setupAuthorization
ensuring index for: auth_roles.name
ensuring index for: auth_subjects.name
Reloading auth data
Loading { sort: { name: 1 } }
Roles listed
Loading { sort: { name: 1 } }
Executing setupInternals
Pushover was NOT configured
Executing ensureIndexes
Ensuring indexes
ensuring index for: test_sgvs.date
ensuring index for: test_sgvs.type
ensuring index for: test_sgvs.sgv
ensuring index for: test_sgvs.mbg
ensuring index for: test_sgvs.sysTime
ensuring index for: test_sgvs.dateString
ensuring index for: test_sgvs.[object Object]
ensuring index for: treatments.created_at
ensuring index for: treatments.eventType
ensuring index for: treatments.insulin
ensuring index for: treatments.carbs
ensuring index for: treatments.glucose
ensuring index for: treatments.enteredBy
ensuring index for: treatments.boluscalc.foods._id
ensuring index for: treatments.notes
ensuring index for: treatments.NSCLIENT_ID
ensuring index for: treatments.percent
ensuring index for: treatments.absolute
ensuring index for: treatments.duration
ensuring index for: treatments.[object Object]
ensuring index for: devicestatus.created_at
ensuring index for: devicestatus.NSCLIENT_ID
ensuring index for: profile.startDate
ensuring index for: food.type
ensuring index for: food.position
ensuring index for: food.hidden
ensuring index for: activity.created_at
Executing setupListeners
Executing setupConnect
Skipping disabled nightscout-connect
Executing setupBridge
Dexcom bridge not enabled
Executing setupMMConnect
MiniMed Connect not enabled
Executing finishBoot
tick 2026-01-18T05:43:04.103Z
ensuring index for: devicestatus.identifier
ensuring index for: devicestatus.srvModified
ensuring index for: devicestatus.isValid
ensuring index for: test_sgvs.identifier
ensuring index for: test_sgvs.srvModified
ensuring index for: test_sgvs.isValid
ensuring index for: food.identifier
ensuring index for: food.srvModified
ensuring index for: food.isValid
ensuring index for: profile.identifier
ensuring index for: profile.srvModified
ensuring index for: profile.isValid
ensuring index for: settings.identifier
ensuring index for: settings.srvModified
ensuring index for: settings.isValid
ensuring index for: treatments.identifier
ensuring index for: treatments.srvModified
ensuring index for: treatments.isValid
Started SSL instance on https://localhost:39357
Load Complete:
	 sgvs:103, devicestatus:2
data loaded: reloading sandbox data and updating plugins
Missing or bad access token or JWT
ok 140 API3 CREATE should require authentication
ok 141 API3 CREATE should not found not existing collection
Missing permission api:treatments:create
ok 142 API3 CREATE should require create permission
ok 143 API3 CREATE should reject empty body
got data-received event, requesting reload
Load Complete:
	 sgvs:103, treatments:1, devicestatus:2
data loaded: reloading sandbox data and updating plugins
got data-received event, requesting reload
Load Complete:
	 sgvs:103, devicestatus:2
data loaded: reloading sandbox data and updating plugins
ok 144 API3 CREATE should accept valid document
APIv3: Identifier mismatch (expected: 91699a10-c5de-5894-95ab-d0bf5a08dcdb, received: 79667035-ae52-5865-910b-917eab5981e2)
{
  app: 'cgm-remote-monitor.test',
  device: 'Samsung XCover 4-123456735643809 API3 CREATE',
  eventType: 'Correction Bolus',
  insulin: 0.3,
  identifier: '79667035-ae52-5865-910b-917eab5981e2'
}
ok 145 API3 CREATE should reject missing date
APIv3: Identifier mismatch (expected: 8b0e33ee-5eab-5b95-bc2d-fdf1482e874b, received: 79667035-ae52-5865-910b-917eab5981e2)
{
  date: null,
  app: 'cgm-remote-monitor.test',
  device: 'Samsung XCover 4-123456735643809 API3 CREATE',
  eventType: 'Correction Bolus',
  insulin: 0.3,
  identifier: '79667035-ae52-5865-910b-917eab5981e2'
}
ok 146 API3 CREATE should reject invalid date null
APIv3: Identifier mismatch (expected: 986e5805-a59d-5bd7-9a55-a1071f2057f8, received: 79667035-ae52-5865-910b-917eab5981e2)
{
  date: 'ABC',
  app: 'cgm-remote-monitor.test',
  device: 'Samsung XCover 4-123456735643809 API3 CREATE',
  eventType: 'Correction Bolus',
  insulin: 0.3,
  identifier: '79667035-ae52-5865-910b-917eab5981e2'
}
ok 147 API3 CREATE should reject invalid date ABC
APIv3: Identifier mismatch (expected: f7bc106b-6d49-5639-bc27-178416a6f63a, received: 79667035-ae52-5865-910b-917eab5981e2)
{
  date: -1,
  app: 'cgm-remote-monitor.test',
  device: 'Samsung XCover 4-123456735643809 API3 CREATE',
  eventType: 'Correction Bolus',
  insulin: 0.3,
  identifier: '79667035-ae52-5865-910b-917eab5981e2'
}
ok 148 API3 CREATE should reject invalid date -1
APIv3: Identifier mismatch (expected: 5ee1d96c-327e-5ada-9d8e-805d5cb65b79, received: 79667035-ae52-5865-910b-917eab5981e2)
{
  date: 1,
  app: 'cgm-remote-monitor.test',
  device: 'Samsung XCover 4-123456735643809 API3 CREATE',
  eventType: 'Correction Bolus',
  insulin: 0.3,
  identifier: '79667035-ae52-5865-910b-917eab5981e2'
}
ok 149 API3 CREATE should reject invalid date 1 (too old)
APIv3: Identifier mismatch (expected: f6531723-7ceb-53c1-b2e1-91e4335c22ff, received: 79667035-ae52-5865-910b-917eab5981e2)
{
  date: '2019-20-60T50:90:90',
  app: 'cgm-remote-monitor.test',
  device: 'Samsung XCover 4-123456735643809 API3 CREATE',
  eventType: 'Correction Bolus',
  insulin: 0.3,
  identifier: '79667035-ae52-5865-910b-917eab5981e2'
}
ok 150 API3 CREATE should reject invalid date - illegal format
ok 151 API3 CREATE should reject invalid utcOffset -5000
ok 152 API3 CREATE should reject invalid utcOffset ABC
got data-received event, requesting reload
Load Complete:
	 sgvs:103, treatments:1, devicestatus:2
data loaded: reloading sandbox data and updating plugins
got data-received event, requesting reload
Load Complete:
	 sgvs:103, devicestatus:2
data loaded: reloading sandbox data and updating plugins
ok 153 API3 CREATE should accept valid utcOffset
ok 154 API3 CREATE should reject invalid utcOffset null
ok 155 API3 CREATE should reject missing app
ok 156 API3 CREATE should reject invalid app null
ok 157 API3 CREATE should reject empty app
APIv3: Identifier mismatch (expected: 7aebf8ca-bd20-51be-827b-63961d233eaf, received: 79667035-ae52-5865-910b-917eab5981e2)
{
  date: 1560146828576,
  app: 'cgm-remote-monitor.test',
  device: 'Samsung XCover 4-123456735643809 API3 CREATE',
  eventType: 'Correction Bolus',
  insulin: 0.3,
  identifier: '79667035-ae52-5865-910b-917eab5981e2',
  utcOffset: 120,
  created_at: '2019-06-10T06:07:08.576Z'
}
got data-received event, requesting reload
Load Complete:
	 sgvs:103, devicestatus:2
data loaded: reloading sandbox data and updating plugins
got data-received event, requesting reload
Load Complete:
	 sgvs:103, devicestatus:2
data loaded: reloading sandbox data and updating plugins
ok 158 API3 CREATE should normalize date and store utcOffset
APIv3: Identifier mismatch (expected: 0955d6a3-11ca-524a-bc63-a118208a13ef, received: wfpgGQo9jwVi2t3cqVedNaqJjr8CFvwW)
{
  date: 1768714984235,
  app: 'cgm-remote-monitor.test',
  device: 'Samsung XCover 4-123456735643809 API3 CREATE',
  eventType: 'Correction Bolus',
  insulin: 0.3,
  identifier: 'wfpgGQo9jwVi2t3cqVedNaqJjr8CFvwW',
  utcOffset: -480,
  created_at: '2026-01-18T05:43:04.235Z'
}
got data-received event, requesting reload
Load Complete:
	 sgvs:103, treatments:1, devicestatus:2
data loaded: reloading sandbox data and updating plugins
APIv3: Identifier mismatch (expected: 0955d6a3-11ca-524a-bc63-a118208a13ef, received: wfpgGQo9jwVi2t3cqVedNaqJjr8CFvwW)
{
  date: 1768714984235,
  app: 'cgm-remote-monitor.test',
  device: 'Samsung XCover 4-123456735643809 API3 CREATE',
  eventType: 'Correction Bolus',
  insulin: 0.3,
  identifier: 'wfpgGQo9jwVi2t3cqVedNaqJjr8CFvwW',
  utcOffset: -480,
  created_at: '2026-01-18T05:43:04.235Z'
}
Missing permission api:treatments:update
got data-received event, requesting reload
Load Complete:
	 sgvs:103, devicestatus:2
data loaded: reloading sandbox data and updating plugins
ok 159 API3 CREATE should require update permission for deduplication
APIv3: Identifier mismatch (expected: 196e86ca-971d-5908-9511-12e366ed4efb, received: tc3u5D5n42M3Lum89IuIJwbrIjG3zgJT)
{
  date: 1768714984261,
  app: 'cgm-remote-monitor.test',
  device: 'Samsung XCover 4-123456735643809 API3 CREATE',
  eventType: 'Correction Bolus',
  insulin: 0.3,
  identifier: 'tc3u5D5n42M3Lum89IuIJwbrIjG3zgJT',
  utcOffset: -480,
  created_at: '2026-01-18T05:43:04.261Z'
}
got data-received event, requesting reload
Load Complete:
	 sgvs:103, treatments:1, devicestatus:2
data loaded: reloading sandbox data and updating plugins
APIv3: Identifier mismatch (expected: 196e86ca-971d-5908-9511-12e366ed4efb, received: tc3u5D5n42M3Lum89IuIJwbrIjG3zgJT)
{
  date: 1768714984261,
  app: 'cgm-remote-monitor.test',
  device: 'Samsung XCover 4-123456735643809 API3 CREATE',
  eventType: 'Correction Bolus',
  insulin: 0.5,
  identifier: 'tc3u5D5n42M3Lum89IuIJwbrIjG3zgJT',
  utcOffset: -480,
  created_at: '2026-01-18T05:43:04.261Z'
}
got data-received event, requesting reload
Load Complete:
	 sgvs:103, treatments:1, devicestatus:2
data loaded: reloading sandbox data and updating plugins
got data-received event, requesting reload
Load Complete:
	 sgvs:103, devicestatus:2
data loaded: reloading sandbox data and updating plugins
ok 160 API3 CREATE should upsert document (matched by identifier)
got data-received event, requesting reload
Load Complete:
	 sgvs:103, treatments:1, devicestatus:2
data loaded: reloading sandbox data and updating plugins
APIv3: Identifier mismatch (expected: 16ea9115-eb7d-59bb-b9cf-a6d58834b756, received: L6NDOxpEanYAlQ2j1mjWyq7uErxicGwP)
{
  date: 1768714984296,
  app: 'cgm-remote-monitor.test',
  device: 'Samsung XCover 4-123456735643809 API3 CREATE',
  eventType: 'Correction Bolus',
  insulin: 0.4,
  created_at: '2026-01-18T05:43:04.296Z',
  utcOffset: 0,
  identifier: 'L6NDOxpEanYAlQ2j1mjWyq7uErxicGwP'
}
got data-received event, requesting reload
Load Complete:
	 sgvs:103, treatments:1, devicestatus:2
data loaded: reloading sandbox data and updating plugins
got data-received event, requesting reload
Load Complete:
	 sgvs:103, devicestatus:2
data loaded: reloading sandbox data and updating plugins
ok 161 API3 CREATE should deduplicate document by created_at+eventType
got data-received event, requesting reload
Load Complete:
	 sgvs:103, treatments:1, devicestatus:2
data loaded: reloading sandbox data and updating plugins
APIv3: Identifier mismatch (expected: 9d89c318-37f9-5067-936a-06cda2fb836b, received: 9Uu3IJEy96DRBJrjntJeCRSv5n2DJtdl)
{
  date: 1768714984321,
  app: 'cgm-remote-monitor.test',
  device: 'Samsung XCover 4-123456735643809 API3 CREATE',
  eventType: 'Meal Bolus',
  insulin: 0.4,
  created_at: '2026-01-18T05:43:04.321Z',
  utcOffset: 0,
  identifier: '9Uu3IJEy96DRBJrjntJeCRSv5n2DJtdl'
}
got data-received event, requesting reload
Load Complete:
	 sgvs:103, treatments:2, devicestatus:2
data loaded: reloading sandbox data and updating plugins
got data-received event, requesting reload
Load Complete:
	 sgvs:103, treatments:1, devicestatus:2
data loaded: reloading sandbox data and updating plugins
got data-received event, requesting reload
Load Complete:
	 sgvs:103, devicestatus:2
data loaded: reloading sandbox data and updating plugins
ok 162 API3 CREATE should not deduplicate treatment only by created_at
APIv3: Identifier mismatch (expected: 25abaeb1-4ba0-5272-a4aa-b16c2dda11a5, received: aAtS72Xm5A6vkWjyZPaTB0WewHKX1FLk)
{
  date: 1768714984360,
  app: 'cgm-remote-monitor.test',
  device: 'Samsung XCover 4-123456735643809 API3 CREATE',
  eventType: 'Correction Bolus',
  insulin: 0.3,
  identifier: 'aAtS72Xm5A6vkWjyZPaTB0WewHKX1FLk',
  utcOffset: 0,
  created_at: '2026-01-18T05:43:04.360Z'
}
got data-received event, requesting reload
Load Complete:
	 sgvs:103, treatments:1, devicestatus:2
data loaded: reloading sandbox data and updating plugins
got data-received event, requesting reload
Load Complete:
	 sgvs:103, treatments:1, devicestatus:2
data loaded: reloading sandbox data and updating plugins
APIv3: Identifier mismatch (expected: 25300439-f7a0-5b82-bbf3-095938a1805f, received: aAtS72Xm5A6vkWjyZPaTB0WewHKX1FLk)
{
  date: 1768714984376,
  app: 'cgm-remote-monitor.test',
  device: 'Samsung XCover 4-123456735643809 API3 CREATE',
  eventType: 'Correction Bolus',
  insulin: 0.3,
  identifier: 'aAtS72Xm5A6vkWjyZPaTB0WewHKX1FLk',
  utcOffset: 0,
  created_at: '2026-01-18T05:43:04.376Z'
}
Missing permission api:treatments:update
APIv3: Identifier mismatch (expected: 25300439-f7a0-5b82-bbf3-095938a1805f, received: aAtS72Xm5A6vkWjyZPaTB0WewHKX1FLk)
{
  date: 1768714984376,
  app: 'cgm-remote-monitor.test',
  device: 'Samsung XCover 4-123456735643809 API3 CREATE',
  eventType: 'Correction Bolus',
  insulin: 0.3,
  identifier: 'aAtS72Xm5A6vkWjyZPaTB0WewHKX1FLk',
  utcOffset: 0,
  created_at: '2026-01-18T05:43:04.376Z'
}
got data-received event, requesting reload
Load Complete:
	 sgvs:103, treatments:1, devicestatus:2
data loaded: reloading sandbox data and updating plugins
got data-received event, requesting reload
Load Complete:
	 sgvs:103, devicestatus:2
data loaded: reloading sandbox data and updating plugins
ok 163 API3 CREATE should overwrite deleted document
got data-received event, requesting reload
Load Complete:
	 sgvs:103, treatments:1, devicestatus:2
data loaded: reloading sandbox data and updating plugins
got data-received event, requesting reload
Load Complete:
	 sgvs:103, devicestatus:2
data loaded: reloading sandbox data and updating plugins
ok 164 API3 CREATE should calculate the identifier
got data-received event, requesting reload
Load Complete:
	 sgvs:103, treatments:1, devicestatus:2
data loaded: reloading sandbox data and updating plugins
got data-received event, requesting reload
Load Complete:
	 sgvs:103, treatments:1, devicestatus:2
data loaded: reloading sandbox data and updating plugins
got data-received event, requesting reload
Load Complete:
	 sgvs:103, devicestatus:2
data loaded: reloading sandbox data and updating plugins
ok 165 API3 CREATE should deduplicate by identifier calculation
Initiating server teardown
API_SECRET has 159 bits of entropy
++++++++++++++++++++++++++++++
Nightscout Executing startBoot
++++++++++++++++++++++++++++++
Executing checkNodeVersion
Node LTS version v14.21.3 is supported
Executing checkEnv
Executing augmentSettings
Executing checkSettings
Checking settings
Executing setupStorage
Reusing MongoDB connection handler
Mongo Storage system ready
Executing setupAuthorization
ensuring index for: auth_roles.name
ensuring index for: auth_subjects.name
Reloading auth data
Loading { sort: { name: 1 } }
Roles listed
Loading { sort: { name: 1 } }
Executing setupInternals
Pushover was NOT configured
Executing ensureIndexes
Ensuring indexes
ensuring index for: test_sgvs.date
ensuring index for: test_sgvs.type
ensuring index for: test_sgvs.sgv
ensuring index for: test_sgvs.mbg
ensuring index for: test_sgvs.sysTime
ensuring index for: test_sgvs.dateString
ensuring index for: test_sgvs.[object Object]
ensuring index for: treatments.created_at
ensuring index for: treatments.eventType
ensuring index for: treatments.insulin
ensuring index for: treatments.carbs
ensuring index for: treatments.glucose
ensuring index for: treatments.enteredBy
ensuring index for: treatments.boluscalc.foods._id
ensuring index for: treatments.notes
ensuring index for: treatments.NSCLIENT_ID
ensuring index for: treatments.percent
ensuring index for: treatments.absolute
ensuring index for: treatments.duration
ensuring index for: treatments.[object Object]
ensuring index for: devicestatus.created_at
ensuring index for: devicestatus.NSCLIENT_ID
ensuring index for: profile.startDate
ensuring index for: food.type
ensuring index for: food.position
ensuring index for: food.hidden
ensuring index for: activity.created_at
Executing setupListeners
Executing setupConnect
Skipping disabled nightscout-connect
Executing setupBridge
Dexcom bridge not enabled
Executing setupMMConnect
MiniMed Connect not enabled
Executing finishBoot
tick 2026-01-18T05:43:04.450Z
ensuring index for: devicestatus.identifier
ensuring index for: devicestatus.srvModified
ensuring index for: devicestatus.isValid
ensuring index for: test_sgvs.identifier
ensuring index for: test_sgvs.srvModified
ensuring index for: test_sgvs.isValid
ensuring index for: food.identifier
ensuring index for: food.srvModified
ensuring index for: food.isValid
ensuring index for: profile.identifier
ensuring index for: profile.srvModified
ensuring index for: profile.isValid
ensuring index for: settings.identifier
ensuring index for: settings.srvModified
ensuring index for: settings.isValid
ensuring index for: treatments.identifier
ensuring index for: treatments.srvModified
ensuring index for: treatments.isValid
Started SSL instance on https://localhost:40929
Load Complete:
	 sgvs:103, devicestatus:2
data loaded: reloading sandbox data and updating plugins
Missing or bad access token or JWT
ok 166 API3 UPDATE should require authentication
ok 167 API3 UPDATE should not found not existing collection
Initiating server teardown
API_SECRET has 159 bits of entropy
++++++++++++++++++++++++++++++
Nightscout Executing startBoot
++++++++++++++++++++++++++++++
Executing checkNodeVersion
Node LTS version v14.21.3 is supported
Executing checkEnv
Executing augmentSettings
Executing checkSettings
Checking settings
Executing setupStorage
Reusing MongoDB connection handler
Mongo Storage system ready
Executing setupAuthorization
ensuring index for: auth_roles.name
ensuring index for: auth_subjects.name
Reloading auth data
Loading { sort: { name: 1 } }
Roles listed
Loading { sort: { name: 1 } }
Executing setupInternals
Pushover was NOT configured
Executing ensureIndexes
Ensuring indexes
ensuring index for: test_sgvs.date
ensuring index for: test_sgvs.type
ensuring index for: test_sgvs.sgv
ensuring index for: test_sgvs.mbg
ensuring index for: test_sgvs.sysTime
ensuring index for: test_sgvs.dateString
ensuring index for: test_sgvs.[object Object]
ensuring index for: treatments.created_at
ensuring index for: treatments.eventType
ensuring index for: treatments.insulin
ensuring index for: treatments.carbs
ensuring index for: treatments.glucose
ensuring index for: treatments.enteredBy
ensuring index for: treatments.boluscalc.foods._id
ensuring index for: treatments.notes
ensuring index for: treatments.NSCLIENT_ID
ensuring index for: treatments.percent
ensuring index for: treatments.absolute
ensuring index for: treatments.duration
ensuring index for: treatments.[object Object]
ensuring index for: devicestatus.created_at
ensuring index for: devicestatus.NSCLIENT_ID
ensuring index for: profile.startDate
ensuring index for: food.type
ensuring index for: food.position
ensuring index for: food.hidden
ensuring index for: activity.created_at
Executing setupListeners
Executing setupConnect
Skipping disabled nightscout-connect
Executing setupBridge
Dexcom bridge not enabled
Executing setupMMConnect
MiniMed Connect not enabled
Executing finishBoot
tick 2026-01-18T05:43:04.471Z
ensuring index for: devicestatus.identifier
ensuring index for: devicestatus.srvModified
ensuring index for: devicestatus.isValid
ensuring index for: test_sgvs.identifier
ensuring index for: test_sgvs.srvModified
ensuring index for: test_sgvs.isValid
ensuring index for: food.identifier
ensuring index for: food.srvModified
ensuring index for: food.isValid
ensuring index for: profile.identifier
ensuring index for: profile.srvModified
ensuring index for: profile.isValid
ensuring index for: settings.identifier
ensuring index for: settings.srvModified
ensuring index for: settings.isValid
ensuring index for: treatments.identifier
ensuring index for: treatments.srvModified
ensuring index for: treatments.isValid
Started SSL instance on https://localhost:36663
Load Complete:
	 sgvs:103, devicestatus:2
data loaded: reloading sandbox data and updating plugins
ok 168 Generic REST API3 LAST MODIFIED to get actual server timestamp
ok 169 Generic REST API3 STATUS to get actual server timestamp
ok 170 Generic REST API3 READ of not existing document is not found
ok 171 Generic REST API3 SEARCH of not existing document (not found)
ok 172 Generic REST API3 DELETE of not existing document is not found
got data-received event, requesting reload
Load Complete:
	 sgvs:103, treatments:1, devicestatus:2
data loaded: reloading sandbox data and updating plugins
ok 173 Generic REST API3 CREATE new document
ok 174 Generic REST API3 READ existing document
ok 175 Generic REST API3 SEARCH existing document (found)
ok 176 Generic REST API3 new document in HISTORY
got data-received event, requesting reload
Load Complete:
	 sgvs:103, treatments:1, devicestatus:2
data loaded: reloading sandbox data and updating plugins
ok 177 Generic REST API3 UPDATE document
ok 178 Generic REST API3 document changed in HISTORY
ok 179 Generic REST API3 document changed in READ
ok 180 Generic REST API3 PATCH document
got data-received event, requesting reload
Load Complete:
	 sgvs:103, treatments:1, devicestatus:2
data loaded: reloading sandbox data and updating plugins
ok 181 Generic REST API3 document changed in HISTORY
ok 182 Generic REST API3 document changed in READ
got data-received event, requesting reload
Load Complete:
	 sgvs:103, treatments:1, devicestatus:2
data loaded: reloading sandbox data and updating plugins
ok 183 Generic REST API3 soft DELETE
ok 184 Generic REST API3 READ of deleted is gone
ok 185 Generic REST API3 SEARCH of deleted document missing it
ok 186 Generic REST API3 document deleted in HISTORY
got data-received event, requesting reload
Load Complete:
	 sgvs:103, devicestatus:2
data loaded: reloading sandbox data and updating plugins
ok 187 Generic REST API3 permanent DELETE
ok 188 Generic REST API3 READ of permanently deleted is not found
ok 189 Generic REST API3 document permanently deleted not in HISTORY
got data-received event, requesting reload
Load Complete:
	 sgvs:103, treatments:1, devicestatus:2
data loaded: reloading sandbox data and updating plugins
ok 190 Generic REST API3 should not modify read-only document
Initiating server teardown
API_SECRET has 159 bits of entropy
++++++++++++++++++++++++++++++
Nightscout Executing startBoot
++++++++++++++++++++++++++++++
Executing checkNodeVersion
Node LTS version v14.21.3 is supported
Executing checkEnv
Executing augmentSettings
Executing checkSettings
Checking settings
Executing setupStorage
Reusing MongoDB connection handler
Mongo Storage system ready
Executing setupAuthorization
ensuring index for: auth_roles.name
ensuring index for: auth_subjects.name
Reloading auth data
Loading { sort: { name: 1 } }
Roles listed
Loading { sort: { name: 1 } }
Executing setupInternals
Pushover was NOT configured
Executing ensureIndexes
Ensuring indexes
ensuring index for: test_sgvs.date
ensuring index for: test_sgvs.type
ensuring index for: test_sgvs.sgv
ensuring index for: test_sgvs.mbg
ensuring index for: test_sgvs.sysTime
ensuring index for: test_sgvs.dateString
ensuring index for: test_sgvs.[object Object]
ensuring index for: treatments.created_at
ensuring index for: treatments.eventType
ensuring index for: treatments.insulin
ensuring index for: treatments.carbs
ensuring index for: treatments.glucose
ensuring index for: treatments.enteredBy
ensuring index for: treatments.boluscalc.foods._id
ensuring index for: treatments.notes
ensuring index for: treatments.NSCLIENT_ID
ensuring index for: treatments.percent
ensuring index for: treatments.absolute
ensuring index for: treatments.duration
ensuring index for: treatments.[object Object]
ensuring index for: devicestatus.created_at
ensuring index for: devicestatus.NSCLIENT_ID
ensuring index for: profile.startDate
ensuring index for: food.type
ensuring index for: food.position
ensuring index for: food.hidden
ensuring index for: activity.created_at
Executing setupListeners
Executing setupConnect
Skipping disabled nightscout-connect
Executing setupBridge
Dexcom bridge not enabled
Executing setupMMConnect
MiniMed Connect not enabled
Executing finishBoot
tick 2026-01-18T05:43:04.609Z
ensuring index for: devicestatus.identifier
ensuring index for: devicestatus.srvModified
ensuring index for: devicestatus.isValid
ensuring index for: test_sgvs.identifier
ensuring index for: test_sgvs.srvModified
ensuring index for: test_sgvs.isValid
ensuring index for: food.identifier
ensuring index for: food.srvModified
ensuring index for: food.isValid
ensuring index for: profile.identifier
ensuring index for: profile.srvModified
ensuring index for: profile.isValid
ensuring index for: settings.identifier
ensuring index for: settings.srvModified
ensuring index for: settings.isValid
ensuring index for: treatments.identifier
ensuring index for: treatments.srvModified
ensuring index for: treatments.isValid
Started SSL instance on https://localhost:37105
Load Complete:
	 sgvs:103, treatments:1, devicestatus:2
data loaded: reloading sandbox data and updating plugins
Missing or bad access token or JWT
ok 191 API3 PATCH should require authentication
ok 192 API3 PATCH should not found not existing collection
got data-received event, requesting reload
Load Complete:
	 sgvs:103, treatments:2, devicestatus:2
data loaded: reloading sandbox data and updating plugins
ok 193 API3 PATCH should not found not existing document
ok 194 API3 PATCH should reject identifier alteration
ok 195 API3 PATCH should reject date alteration
ok 196 API3 PATCH should reject utcOffset alteration
ok 197 API3 PATCH should reject eventType alteration
ok 198 API3 PATCH should reject device alteration
ok 199 API3 PATCH should reject app alteration
ok 200 API3 PATCH should reject srvCreated alteration
ok 201 API3 PATCH should reject subject alteration
ok 202 API3 PATCH should reject srvModified alteration
ok 203 API3 PATCH should reject modifiedBy alteration
ok 204 API3 PATCH should reject isValid alteration
got data-received event, requesting reload
Load Complete:
	 sgvs:103, treatments:2, devicestatus:2
data loaded: reloading sandbox data and updating plugins
ok 205 API3 PATCH should patch document
Initiating server teardown
API_SECRET has 159 bits of entropy
++++++++++++++++++++++++++++++
Nightscout Executing startBoot
++++++++++++++++++++++++++++++
Executing checkNodeVersion
Node LTS version v14.21.3 is supported
Executing checkEnv
Executing augmentSettings
Executing checkSettings
Checking settings
Executing setupStorage
Reusing MongoDB connection handler
Mongo Storage system ready
Executing setupAuthorization
ensuring index for: auth_roles.name
ensuring index for: auth_subjects.name
Reloading auth data
Loading { sort: { name: 1 } }
Roles listed
Loading { sort: { name: 1 } }
Executing setupInternals
Pushover was NOT configured
Executing ensureIndexes
Ensuring indexes
ensuring index for: test_sgvs.date
ensuring index for: test_sgvs.type
ensuring index for: test_sgvs.sgv
ensuring index for: test_sgvs.mbg
ensuring index for: test_sgvs.sysTime
ensuring index for: test_sgvs.dateString
ensuring index for: test_sgvs.[object Object]
ensuring index for: treatments.created_at
ensuring index for: treatments.eventType
ensuring index for: treatments.insulin
ensuring index for: treatments.carbs
ensuring index for: treatments.glucose
ensuring index for: treatments.enteredBy
ensuring index for: treatments.boluscalc.foods._id
ensuring index for: treatments.notes
ensuring index for: treatments.NSCLIENT_ID
ensuring index for: treatments.percent
ensuring index for: treatments.absolute
ensuring index for: treatments.duration
ensuring index for: treatments.[object Object]
ensuring index for: devicestatus.created_at
ensuring index for: devicestatus.NSCLIENT_ID
ensuring index for: profile.startDate
ensuring index for: food.type
ensuring index for: food.position
ensuring index for: food.hidden
ensuring index for: activity.created_at
Executing setupListeners
Executing setupConnect
Skipping disabled nightscout-connect
Executing setupBridge
Dexcom bridge not enabled
Executing setupMMConnect
MiniMed Connect not enabled
Executing finishBoot
tick 2026-01-18T05:43:04.685Z
ensuring index for: devicestatus.identifier
ensuring index for: devicestatus.srvModified
ensuring index for: devicestatus.isValid
ensuring index for: test_sgvs.identifier
ensuring index for: test_sgvs.srvModified
ensuring index for: test_sgvs.isValid
ensuring index for: food.identifier
ensuring index for: food.srvModified
ensuring index for: food.isValid
ensuring index for: profile.identifier
ensuring index for: profile.srvModified
ensuring index for: profile.isValid
ensuring index for: settings.identifier
ensuring index for: settings.srvModified
ensuring index for: settings.isValid
ensuring index for: treatments.identifier
ensuring index for: treatments.srvModified
ensuring index for: treatments.isValid
Started SSL instance on https://localhost:33175
Load Complete:
	 sgvs:103, treatments:2, devicestatus:2
data loaded: reloading sandbox data and updating plugins
Missing or bad access token or JWT
ok 206 API3 READ should require authentication
ok 207 API3 READ should not found not existing collection
ok 208 API3 READ should not found not existing document
got data-received event, requesting reload
Load Complete:
	 sgvs:103, treatments:2, devicestatus:3
data loaded: reloading sandbox data and updating plugins
ok 209 API3 READ should read just created document
ok 210 API3 READ should contain only selected fields
ok 211 API3 READ should contain all fields
ok 212 API3 READ should not send unmodified document since
ok 213 API3 READ should send modified document since
got data-received event, requesting reload
Load Complete:
	 sgvs:103, treatments:2, devicestatus:3
data loaded: reloading sandbox data and updating plugins
ok 214 API3 READ should recognize softly deleted document
got data-received event, requesting reload
Load Complete:
	 sgvs:103, treatments:2, devicestatus:2
data loaded: reloading sandbox data and updating plugins
ok 215 API3 READ should not find permanently deleted document
got data-received event, requesting reload
Load Complete:
	 sgvs:103, treatments:2, devicestatus:3
data loaded: reloading sandbox data and updating plugins
got data-received event, requesting reload
Load Complete:
	 sgvs:103, treatments:2, devicestatus:2
data loaded: reloading sandbox data and updating plugins
ok 216 API3 READ should find document created by APIv1
Initiating server teardown
API_SECRET has 159 bits of entropy
++++++++++++++++++++++++++++++
Nightscout Executing startBoot
++++++++++++++++++++++++++++++
Executing checkNodeVersion
Node LTS version v14.21.3 is supported
Executing checkEnv
Executing augmentSettings
Executing checkSettings
Checking settings
Executing setupStorage
Reusing MongoDB connection handler
Mongo Storage system ready
Executing setupAuthorization
ensuring index for: auth_roles.name
ensuring index for: auth_subjects.name
Reloading auth data
Loading { sort: { name: 1 } }
Roles listed
Loading { sort: { name: 1 } }
Executing setupInternals
Pushover was NOT configured
Executing ensureIndexes
Ensuring indexes
ensuring index for: test_sgvs.date
ensuring index for: test_sgvs.type
ensuring index for: test_sgvs.sgv
ensuring index for: test_sgvs.mbg
ensuring index for: test_sgvs.sysTime
ensuring index for: test_sgvs.dateString
ensuring index for: test_sgvs.[object Object]
ensuring index for: treatments.created_at
ensuring index for: treatments.eventType
ensuring index for: treatments.insulin
ensuring index for: treatments.carbs
ensuring index for: treatments.glucose
ensuring index for: treatments.enteredBy
ensuring index for: treatments.boluscalc.foods._id
ensuring index for: treatments.notes
ensuring index for: treatments.NSCLIENT_ID
ensuring index for: treatments.percent
ensuring index for: treatments.absolute
ensuring index for: treatments.duration
ensuring index for: treatments.[object Object]
ensuring index for: devicestatus.created_at
ensuring index for: devicestatus.NSCLIENT_ID
ensuring index for: profile.startDate
ensuring index for: food.type
ensuring index for: food.position
ensuring index for: food.hidden
ensuring index for: activity.created_at
Executing setupListeners
Executing setupConnect
Skipping disabled nightscout-connect
Executing setupBridge
Dexcom bridge not enabled
Executing setupMMConnect
MiniMed Connect not enabled
Executing finishBoot
tick 2026-01-18T05:43:04.782Z
ensuring index for: devicestatus.identifier
ensuring index for: devicestatus.srvModified
ensuring index for: devicestatus.isValid
ensuring index for: test_sgvs.identifier
ensuring index for: test_sgvs.srvModified
ensuring index for: test_sgvs.isValid
ensuring index for: food.identifier
ensuring index for: food.srvModified
ensuring index for: food.isValid
ensuring index for: profile.identifier
ensuring index for: profile.srvModified
ensuring index for: profile.isValid
ensuring index for: settings.identifier
ensuring index for: settings.srvModified
ensuring index for: settings.isValid
ensuring index for: treatments.identifier
ensuring index for: treatments.srvModified
ensuring index for: treatments.isValid
Started SSL instance on https://localhost:33267
Load Complete:
	 sgvs:103, treatments:2, devicestatus:2
data loaded: reloading sandbox data and updating plugins
got data-received event, requesting reload
Load Complete:
	 sgvs:104, treatments:2, devicestatus:2
data loaded: reloading sandbox data and updating plugins
got data-received event, requesting reload
Load Complete:
	 sgvs:105, treatments:2, devicestatus:2
data loaded: reloading sandbox data and updating plugins
ok 217 API3 output renderers should create 2 mock documents
ok 218 API3 output renderers READ/SEARCH/HISTORY should not accept unsupported content type
ok 219 API3 output renderers READ should accept xml content type
ok 220 API3 output renderers READ should accept csv content type
ok 221 API3 output renderers SEARCH should accept xml content type
ok 222 API3 output renderers SEARCH should accept csv content type
ok 223 API3 output renderers HISTORY should accept xml content type
ok 224 API3 output renderers HISTORY should accept csv content type
got data-received event, requesting reload
Load Complete:
	 sgvs:104, treatments:2, devicestatus:2
data loaded: reloading sandbox data and updating plugins
got data-received event, requesting reload
Load Complete:
	 sgvs:103, treatments:2, devicestatus:2
data loaded: reloading sandbox data and updating plugins
ok 225 API3 output renderers should remove mock documents
API_SECRET has 159 bits of entropy
++++++++++++++++++++++++++++++
Nightscout Executing startBoot
++++++++++++++++++++++++++++++
Executing checkNodeVersion
Node LTS version v14.21.3 is supported
Executing checkEnv
Executing augmentSettings
Executing checkSettings
Checking settings
Executing setupStorage
Reusing MongoDB connection handler
Mongo Storage system ready
Executing setupAuthorization
ensuring index for: auth_roles.name
ensuring index for: auth_subjects.name
Reloading auth data
Loading { sort: { name: 1 } }
Roles listed
Loading { sort: { name: 1 } }
Executing setupInternals
Pushover was NOT configured
Executing ensureIndexes
Ensuring indexes
ensuring index for: test_sgvs.date
ensuring index for: test_sgvs.type
ensuring index for: test_sgvs.sgv
ensuring index for: test_sgvs.mbg
ensuring index for: test_sgvs.sysTime
ensuring index for: test_sgvs.dateString
ensuring index for: test_sgvs.[object Object]
ensuring index for: treatments.created_at
ensuring index for: treatments.eventType
ensuring index for: treatments.insulin
ensuring index for: treatments.carbs
ensuring index for: treatments.glucose
ensuring index for: treatments.enteredBy
ensuring index for: treatments.boluscalc.foods._id
ensuring index for: treatments.notes
ensuring index for: treatments.NSCLIENT_ID
ensuring index for: treatments.percent
ensuring index for: treatments.absolute
ensuring index for: treatments.duration
ensuring index for: treatments.[object Object]
ensuring index for: devicestatus.created_at
ensuring index for: devicestatus.NSCLIENT_ID
ensuring index for: profile.startDate
ensuring index for: food.type
ensuring index for: food.position
ensuring index for: food.hidden
ensuring index for: activity.created_at
Executing setupListeners
Executing setupConnect
Skipping disabled nightscout-connect
Executing setupBridge
Dexcom bridge not enabled
Executing setupMMConnect
MiniMed Connect not enabled
Executing finishBoot
tick 2026-01-18T05:43:04.905Z
ensuring index for: devicestatus.identifier
ensuring index for: devicestatus.srvModified
ensuring index for: devicestatus.isValid
ensuring index for: test_sgvs.identifier
ensuring index for: test_sgvs.srvModified
ensuring index for: test_sgvs.isValid
ensuring index for: food.identifier
ensuring index for: food.srvModified
ensuring index for: food.isValid
ensuring index for: profile.identifier
ensuring index for: profile.srvModified
ensuring index for: profile.isValid
ensuring index for: settings.identifier
ensuring index for: settings.srvModified
ensuring index for: settings.isValid
ensuring index for: treatments.identifier
ensuring index for: treatments.srvModified
ensuring index for: treatments.isValid
Started SSL instance on https://localhost:36845
Load Complete:
	 treatments:2, devicestatus:2
data loaded: reloading sandbox data and updating plugins
got data-received event, requesting reload
got data-received event, requesting reload
got data-received event, requesting reload
got data-received event, requesting reload
got data-received event, requesting reload
got data-received event, requesting reload
got data-received event, requesting reload
got data-received event, requesting reload
got data-received event, requesting reload
Load Complete:
	 sgvs:2, treatments:2, devicestatus:2
data loaded: reloading sandbox data and updating plugins
Load Complete:
	 sgvs:2, treatments:2, devicestatus:2
data loaded: reloading sandbox data and updating plugins
Load Complete:
	 sgvs:2, treatments:2, devicestatus:2
data loaded: reloading sandbox data and updating plugins
Load Complete:
	 sgvs:2, treatments:2, devicestatus:2
data loaded: reloading sandbox data and updating plugins
Load Complete:
	 sgvs:2, treatments:2, devicestatus:2
data loaded: reloading sandbox data and updating plugins
Load Complete:
	 sgvs:2, treatments:2, devicestatus:2
data loaded: reloading sandbox data and updating plugins
Load Complete:
	 sgvs:2, treatments:2, devicestatus:2
data loaded: reloading sandbox data and updating plugins
got data-received event, requesting reload
Load Complete:
	 sgvs:2, treatments:2, devicestatus:2
data loaded: reloading sandbox data and updating plugins
Load Complete:
	 sgvs:2, treatments:2, devicestatus:2
data loaded: reloading sandbox data and updating plugins
Load Complete:
	 sgvs:2, treatments:2, devicestatus:2
data loaded: reloading sandbox data and updating plugins
Missing or bad access token or JWT
ok 226 API3 SEARCH should require authentication
ok 227 API3 SEARCH should not found not existing collection
ok 228 API3 SEARCH should found at least 10 documents
ok 229 API3 SEARCH should found at least 10 documents from test start
ok 230 API3 SEARCH should reject invalid limit - not a number
ok 231 API3 SEARCH should reject invalid limit - negative number
ok 232 API3 SEARCH should reject invalid limit - zero
ok 233 API3 SEARCH should accept valid limit
ok 234 API3 SEARCH should reject invalid skip - not a number
ok 235 API3 SEARCH should reject invalid skip - negative number
ok 236 API3 SEARCH should reject both sort and sort$desc
ok 237 API3 SEARCH should sort well by date field
ok 238 API3 SEARCH should skip documents
ok 239 API3 SEARCH should project selected fields
ok 240 API3 SEARCH should project all fields
ok 241 API3 SEARCH should not exceed the limit of docs count
ok 242 API3 SEARCH should respect the ceiling (hard) limit of docs
Initiating server teardown
API_SECRET has 159 bits of entropy
++++++++++++++++++++++++++++++
Nightscout Executing startBoot
++++++++++++++++++++++++++++++
Executing checkNodeVersion
Node LTS version v14.21.3 is supported
Executing checkEnv
Executing augmentSettings
Executing checkSettings
Checking settings
Executing setupStorage
Reusing MongoDB connection handler
Mongo Storage system ready
Executing setupAuthorization
ensuring index for: auth_roles.name
ensuring index for: auth_subjects.name
Reloading auth data
Loading { sort: { name: 1 } }
Roles listed
Loading { sort: { name: 1 } }
Executing setupInternals
Pushover was NOT configured
Executing ensureIndexes
Ensuring indexes
ensuring index for: test_sgvs.date
ensuring index for: test_sgvs.type
ensuring index for: test_sgvs.sgv
ensuring index for: test_sgvs.mbg
ensuring index for: test_sgvs.sysTime
ensuring index for: test_sgvs.dateString
ensuring index for: test_sgvs.[object Object]
ensuring index for: treatments.created_at
ensuring index for: treatments.eventType
ensuring index for: treatments.insulin
ensuring index for: treatments.carbs
ensuring index for: treatments.glucose
ensuring index for: treatments.enteredBy
ensuring index for: treatments.boluscalc.foods._id
ensuring index for: treatments.notes
ensuring index for: treatments.NSCLIENT_ID
ensuring index for: treatments.percent
ensuring index for: treatments.absolute
ensuring index for: treatments.duration
ensuring index for: treatments.[object Object]
ensuring index for: devicestatus.created_at
ensuring index for: devicestatus.NSCLIENT_ID
ensuring index for: profile.startDate
ensuring index for: food.type
ensuring index for: food.position
ensuring index for: food.hidden
ensuring index for: activity.created_at
Executing setupListeners
Executing setupConnect
Skipping disabled nightscout-connect
Executing setupBridge
Dexcom bridge not enabled
Executing setupMMConnect
MiniMed Connect not enabled
Executing finishBoot
tick 2026-01-18T05:43:05.050Z
ensuring index for: devicestatus.identifier
ensuring index for: devicestatus.srvModified
ensuring index for: devicestatus.isValid
ensuring index for: test_sgvs.identifier
ensuring index for: test_sgvs.srvModified
ensuring index for: test_sgvs.isValid
ensuring index for: food.identifier
ensuring index for: food.srvModified
ensuring index for: food.isValid
ensuring index for: profile.identifier
ensuring index for: profile.srvModified
ensuring index for: profile.isValid
ensuring index for: settings.identifier
ensuring index for: settings.srvModified
ensuring index for: settings.isValid
ensuring index for: treatments.identifier
ensuring index for: treatments.srvModified
ensuring index for: treatments.isValid
Started HTTP instance on http://localhost:33565
API_SECRET has 159 bits of entropy
++++++++++++++++++++++++++++++
Nightscout Executing startBoot
++++++++++++++++++++++++++++++
Executing checkNodeVersion
Node LTS version v14.21.3 is supported
Executing checkEnv
Executing augmentSettings
Executing checkSettings
Checking settings
Executing setupStorage
Reusing MongoDB connection handler
Mongo Storage system ready
Executing setupAuthorization
ensuring index for: auth_roles.name
ensuring index for: auth_subjects.name
Reloading auth data
Loading { sort: { name: 1 } }
Load Complete:
	 sgvs:2, treatments:2, devicestatus:2
data loaded: reloading sandbox data and updating plugins
Roles listed
Loading { sort: { name: 1 } }
Executing setupInternals
Pushover was NOT configured
Executing ensureIndexes
Ensuring indexes
ensuring index for: test_sgvs.date
ensuring index for: test_sgvs.type
ensuring index for: test_sgvs.sgv
ensuring index for: test_sgvs.mbg
ensuring index for: test_sgvs.sysTime
ensuring index for: test_sgvs.dateString
ensuring index for: test_sgvs.[object Object]
ensuring index for: treatments.created_at
ensuring index for: treatments.eventType
ensuring index for: treatments.insulin
ensuring index for: treatments.carbs
ensuring index for: treatments.glucose
ensuring index for: treatments.enteredBy
ensuring index for: treatments.boluscalc.foods._id
ensuring index for: treatments.notes
ensuring index for: treatments.NSCLIENT_ID
ensuring index for: treatments.percent
ensuring index for: treatments.absolute
ensuring index for: treatments.duration
ensuring index for: treatments.[object Object]
ensuring index for: devicestatus.created_at
ensuring index for: devicestatus.NSCLIENT_ID
ensuring index for: profile.startDate
ensuring index for: food.type
ensuring index for: food.position
ensuring index for: food.hidden
ensuring index for: activity.created_at
Executing setupListeners
Executing setupConnect
Skipping disabled nightscout-connect
Executing setupBridge
Dexcom bridge not enabled
Executing setupMMConnect
MiniMed Connect not enabled
Executing finishBoot
tick 2026-01-18T05:43:05.064Z
ensuring index for: devicestatus.identifier
ensuring index for: devicestatus.srvModified
ensuring index for: devicestatus.isValid
ensuring index for: test_sgvs.identifier
ensuring index for: test_sgvs.srvModified
ensuring index for: test_sgvs.isValid
ensuring index for: food.identifier
ensuring index for: food.srvModified
ensuring index for: food.isValid
ensuring index for: profile.identifier
ensuring index for: profile.srvModified
ensuring index for: profile.isValid
ensuring index for: settings.identifier
ensuring index for: settings.srvModified
ensuring index for: settings.isValid
ensuring index for: treatments.identifier
ensuring index for: treatments.srvModified
ensuring index for: treatments.isValid
Started SSL instance on https://localhost:33543
Load Complete:
	 sgvs:2, treatments:2, devicestatus:2
data loaded: reloading sandbox data and updating plugins
Missing or bad access token or JWT
ok 243 Security of REST API3 should require token
Resolving secret/token to permissions failed
Bad access token or JWT
ok 244 Security of REST API3 should require valid token
Missing permission api:entries:read
ok 245 Security of REST API3 should deny subject denied
ok 246 Security of REST API3 should allow subject with read permission
Initiating server teardown
Initiating server teardown
API_SECRET has 159 bits of entropy
++++++++++++++++++++++++++++++
Nightscout Executing startBoot
++++++++++++++++++++++++++++++
Executing checkNodeVersion
Node LTS version v14.21.3 is supported
Executing checkEnv
Executing augmentSettings
Executing checkSettings
Checking settings
Executing setupStorage
Reusing MongoDB connection handler
Mongo Storage system ready
Executing setupAuthorization
ensuring index for: auth_roles.name
ensuring index for: auth_subjects.name
Reloading auth data
Loading { sort: { name: 1 } }
Roles listed
Loading { sort: { name: 1 } }
Executing setupInternals
Pushover was NOT configured
Executing ensureIndexes
Ensuring indexes
ensuring index for: test_sgvs.date
ensuring index for: test_sgvs.type
ensuring index for: test_sgvs.sgv
ensuring index for: test_sgvs.mbg
ensuring index for: test_sgvs.sysTime
ensuring index for: test_sgvs.dateString
ensuring index for: test_sgvs.[object Object]
ensuring index for: treatments.created_at
ensuring index for: treatments.eventType
ensuring index for: treatments.insulin
ensuring index for: treatments.carbs
ensuring index for: treatments.glucose
ensuring index for: treatments.enteredBy
ensuring index for: treatments.boluscalc.foods._id
ensuring index for: treatments.notes
ensuring index for: treatments.NSCLIENT_ID
ensuring index for: treatments.percent
ensuring index for: treatments.absolute
ensuring index for: treatments.duration
ensuring index for: treatments.[object Object]
ensuring index for: devicestatus.created_at
ensuring index for: devicestatus.NSCLIENT_ID
ensuring index for: profile.startDate
ensuring index for: food.type
ensuring index for: food.position
ensuring index for: food.hidden
ensuring index for: activity.created_at
Executing setupListeners
Executing setupConnect
Skipping disabled nightscout-connect
Executing setupBridge
Dexcom bridge not enabled
Executing setupMMConnect
MiniMed Connect not enabled
Executing finishBoot
tick 2026-01-18T05:43:10.096Z
ensuring index for: devicestatus.identifier
ensuring index for: devicestatus.srvModified
ensuring index for: devicestatus.isValid
ensuring index for: test_sgvs.identifier
ensuring index for: test_sgvs.srvModified
ensuring index for: test_sgvs.isValid
ensuring index for: food.identifier
ensuring index for: food.srvModified
ensuring index for: food.isValid
ensuring index for: profile.identifier
ensuring index for: profile.srvModified
ensuring index for: profile.isValid
ensuring index for: settings.identifier
ensuring index for: settings.srvModified
ensuring index for: settings.isValid
ensuring index for: treatments.identifier
ensuring index for: treatments.srvModified
ensuring index for: treatments.isValid
Started SSL instance on https://localhost:36703
Load Complete:
	 sgvs:2, treatments:2, devicestatus:2
data loaded: reloading sandbox data and updating plugins
got data-received event, requesting reload
Load Complete:
	 sgvs:2, treatments:3, devicestatus:2
data loaded: reloading sandbox data and updating plugins
got data-received event, requesting reload
Load Complete:
	 sgvs:2, treatments:2, devicestatus:2
data loaded: reloading sandbox data and updating plugins
ok 247 API3 Shape Handling - Single Object vs Array Input Treatments Collection - /api/v3/treatments POST accepts single valid object
ok 248 API3 Shape Handling - Single Object vs Array Input Treatments Collection - /api/v3/treatments POST rejects array input with 400
ok 249 API3 Shape Handling - Single Object vs Array Input Treatments Collection - /api/v3/treatments POST rejects empty array with 400
ok 250 API3 Shape Handling - Single Object vs Array Input Treatments Collection - /api/v3/treatments POST rejects empty object with 400
got data-received event, requesting reload
Load Complete:
	 sgvs:2, treatments:3, devicestatus:2
data loaded: reloading sandbox data and updating plugins
got data-received event, requesting reload
Load Complete:
	 sgvs:2, treatments:2, devicestatus:2
data loaded: reloading sandbox data and updating plugins
ok 251 API3 Shape Handling - Single Object vs Array Input Treatments Collection - /api/v3/treatments response format is object not array
got data-received event, requesting reload
Load Complete:
	 sgvs:3, treatments:2, devicestatus:2
data loaded: reloading sandbox data and updating plugins
got data-received event, requesting reload
Load Complete:
	 sgvs:2, treatments:2, devicestatus:2
data loaded: reloading sandbox data and updating plugins
ok 252 API3 Shape Handling - Single Object vs Array Input Entries Collection - /api/v3/entries POST accepts single SGV entry
ok 253 API3 Shape Handling - Single Object vs Array Input Entries Collection - /api/v3/entries POST rejects array of entries with 400
got data-received event, requesting reload
Load Complete:
	 sgvs:2, treatments:2, devicestatus:3
data loaded: reloading sandbox data and updating plugins
got data-received event, requesting reload
Load Complete:
	 sgvs:2, treatments:2, devicestatus:2
data loaded: reloading sandbox data and updating plugins
ok 254 API3 Shape Handling - Single Object vs Array Input Devicestatus Collection - /api/v3/devicestatus POST accepts single devicestatus
ok 255 API3 Shape Handling - Single Object vs Array Input Devicestatus Collection - /api/v3/devicestatus POST rejects array of devicestatus with 400
got data-received event, requesting reload
Load Complete:
	 sgvs:2, treatments:3, devicestatus:2
data loaded: reloading sandbox data and updating plugins
got data-received event, requesting reload
Load Complete:
	 sgvs:2, treatments:2, devicestatus:2
data loaded: reloading sandbox data and updating plugins
ok 256 API3 Shape Handling - Single Object vs Array Input Cross-API Consistency document created via API v3 is readable via API v3 GET
got data-received event, requesting reload
Load Complete:
	 sgvs:2, treatments:3, devicestatus:2
data loaded: reloading sandbox data and updating plugins
got data-received event, requesting reload
Load Complete:
	 sgvs:2, treatments:3, devicestatus:2
data loaded: reloading sandbox data and updating plugins
got data-received event, requesting reload
Load Complete:
	 sgvs:2, treatments:2, devicestatus:2
data loaded: reloading sandbox data and updating plugins
ok 257 API3 Shape Handling - Single Object vs Array Input Cross-API Consistency deduplication handles re-POST of same document
Initiating server teardown
API_SECRET has 159 bits of entropy
++++++++++++++++++++++++++++++
Nightscout Executing startBoot
++++++++++++++++++++++++++++++
Executing checkNodeVersion
Node LTS version v14.21.3 is supported
Executing checkEnv
Executing augmentSettings
Executing checkSettings
Checking settings
Executing setupStorage
Reusing MongoDB connection handler
Mongo Storage system ready
Executing setupAuthorization
ensuring index for: auth_roles.name
ensuring index for: auth_subjects.name
Reloading auth data
Loading { sort: { name: 1 } }
Roles listed
Loading { sort: { name: 1 } }
Executing setupInternals
Pushover was NOT configured
Executing ensureIndexes
Ensuring indexes
ensuring index for: test_sgvs.date
ensuring index for: test_sgvs.type
ensuring index for: test_sgvs.sgv
ensuring index for: test_sgvs.mbg
ensuring index for: test_sgvs.sysTime
ensuring index for: test_sgvs.dateString
ensuring index for: test_sgvs.[object Object]
ensuring index for: treatments.created_at
ensuring index for: treatments.eventType
ensuring index for: treatments.insulin
ensuring index for: treatments.carbs
ensuring index for: treatments.glucose
ensuring index for: treatments.enteredBy
ensuring index for: treatments.boluscalc.foods._id
ensuring index for: treatments.notes
ensuring index for: treatments.NSCLIENT_ID
ensuring index for: treatments.percent
ensuring index for: treatments.absolute
ensuring index for: treatments.duration
ensuring index for: treatments.[object Object]
ensuring index for: devicestatus.created_at
ensuring index for: devicestatus.NSCLIENT_ID
ensuring index for: profile.startDate
ensuring index for: food.type
ensuring index for: food.position
ensuring index for: food.hidden
ensuring index for: activity.created_at
Executing setupListeners
Executing setupConnect
Skipping disabled nightscout-connect
Executing setupBridge
Dexcom bridge not enabled
Executing setupMMConnect
MiniMed Connect not enabled
Executing finishBoot
tick 2026-01-18T05:43:10.216Z
ensuring index for: devicestatus.identifier
ensuring index for: devicestatus.srvModified
ensuring index for: devicestatus.isValid
ensuring index for: test_sgvs.identifier
ensuring index for: test_sgvs.srvModified
ensuring index for: test_sgvs.isValid
ensuring index for: food.identifier
ensuring index for: food.srvModified
ensuring index for: food.isValid
ensuring index for: profile.identifier
ensuring index for: profile.srvModified
ensuring index for: profile.isValid
ensuring index for: settings.identifier
ensuring index for: settings.srvModified
ensuring index for: settings.isValid
ensuring index for: treatments.identifier
ensuring index for: treatments.srvModified
ensuring index for: treatments.isValid
Load Complete:
	 sgvs:2, treatments:2, devicestatus:2
data loaded: reloading sandbox data and updating plugins
[32mSTORAGE SOCKET: [0mConnection from client ID:  oZ2V0rMILFQkBCbwAAAA  IP:  ::ffff:127.0.0.1
Started SSL instance on https://localhost:41305
[35mSTORAGE SOCKET: [0m Authorization failed for message: {}
ok 258 Socket.IO in REST API3 should not subscribe without accessToken
[35mSTORAGE SOCKET: [0m Authorization failed for accessToken: INVALID
ok 259 Socket.IO in REST API3 should not subscribe by invalid accessToken
ok 260 Socket.IO in REST API3 should not subscribe by subject with no rights
ok 261 Socket.IO in REST API3 should subscribe by valid accessToken
APIv3: Identifier mismatch (expected: dcd53786-e5bf-5d1a-9cef-7df23d07adbd, received: 71H2fUxZ2Z4ETnkk4Mu7WvNSauyR0RVm)
{
  identifier: '71H2fUxZ2Z4ETnkk4Mu7WvNSauyR0RVm',
  eventType: 'Correction Bolus',
  insulin: 1,
  date: 1768714973178,
  app: 'cgm-remote-monitor.test',
  utcOffset: -480,
  created_at: '2026-01-18T05:42:53.178Z'
}
got data-received event, requesting reload
ok 262 Socket.IO in REST API3 should emit create event on CREATE
Load Complete:
	 sgvs:2, treatments:3, devicestatus:2
data loaded: reloading sandbox data and updating plugins
APIv3: Identifier mismatch (expected: dcd53786-e5bf-5d1a-9cef-7df23d07adbd, received: 71H2fUxZ2Z4ETnkk4Mu7WvNSauyR0RVm)
{
  identifier: '71H2fUxZ2Z4ETnkk4Mu7WvNSauyR0RVm',
  eventType: 'Correction Bolus',
  insulin: 0.5,
  date: 1768714973178,
  app: 'cgm-remote-monitor.test',
  utcOffset: -480,
  created_at: '2026-01-18T05:42:53.178Z',
  srvModified: 1768714990242,
  srvCreated: 1768714990242
}
got data-received event, requesting reload
ok 263 Socket.IO in REST API3 should emit update event on UPDATE
Load Complete:
	 sgvs:2, treatments:3, devicestatus:2
data loaded: reloading sandbox data and updating plugins
got data-received event, requesting reload
ok 264 Socket.IO in REST API3 should emit update event on PATCH
Load Complete:
	 sgvs:2, treatments:3, devicestatus:2
data loaded: reloading sandbox data and updating plugins
got data-received event, requesting reload
ok 265 Socket.IO in REST API3 should emit delete event on DELETE
Load Complete:
	 sgvs:2, treatments:3, devicestatus:2
data loaded: reloading sandbox data and updating plugins
Initiating server teardown
[32mSTORAGE SOCKET: [0mDisconnected client ID:  oZ2V0rMILFQkBCbwAAAA
API_SECRET has 159 bits of entropy
++++++++++++++++++++++++++++++
Nightscout Executing startBoot
++++++++++++++++++++++++++++++
Executing checkNodeVersion
Node LTS version v14.21.3 is supported
Executing checkEnv
Executing augmentSettings
Executing checkSettings
Checking settings
Executing setupStorage
Reusing MongoDB connection handler
Mongo Storage system ready
Executing setupAuthorization
ensuring index for: auth_roles.name
ensuring index for: auth_subjects.name
Reloading auth data
Loading { sort: { name: 1 } }
Roles listed
Loading { sort: { name: 1 } }
Executing setupInternals
Pushover was NOT configured
Executing ensureIndexes
Ensuring indexes
ensuring index for: test_sgvs.date
ensuring index for: test_sgvs.type
ensuring index for: test_sgvs.sgv
ensuring index for: test_sgvs.mbg
ensuring index for: test_sgvs.sysTime
ensuring index for: test_sgvs.dateString
ensuring index for: test_sgvs.[object Object]
ensuring index for: treatments.created_at
ensuring index for: treatments.eventType
ensuring index for: treatments.insulin
ensuring index for: treatments.carbs
ensuring index for: treatments.glucose
ensuring index for: treatments.enteredBy
ensuring index for: treatments.boluscalc.foods._id
ensuring index for: treatments.notes
ensuring index for: treatments.NSCLIENT_ID
ensuring index for: treatments.percent
ensuring index for: treatments.absolute
ensuring index for: treatments.duration
ensuring index for: treatments.[object Object]
ensuring index for: devicestatus.created_at
ensuring index for: devicestatus.NSCLIENT_ID
ensuring index for: profile.startDate
ensuring index for: food.type
ensuring index for: food.position
ensuring index for: food.hidden
ensuring index for: activity.created_at
Executing setupListeners
Executing setupConnect
Skipping disabled nightscout-connect
Executing setupBridge
Dexcom bridge not enabled
Executing setupMMConnect
MiniMed Connect not enabled
Executing finishBoot
tick 2026-01-18T05:43:10.273Z
ensuring index for: devicestatus.identifier
ensuring index for: devicestatus.srvModified
ensuring index for: devicestatus.isValid
ensuring index for: test_sgvs.identifier
ensuring index for: test_sgvs.srvModified
ensuring index for: test_sgvs.isValid
ensuring index for: food.identifier
ensuring index for: food.srvModified
ensuring index for: food.isValid
ensuring index for: profile.identifier
ensuring index for: profile.srvModified
ensuring index for: profile.isValid
ensuring index for: settings.identifier
ensuring index for: settings.srvModified
ensuring index for: settings.isValid
ensuring index for: treatments.identifier
ensuring index for: treatments.srvModified
ensuring index for: treatments.isValid
Started SSL instance on https://localhost:33821
Load Complete:
	 sgvs:2, treatments:3, devicestatus:2
data loaded: reloading sandbox data and updating plugins
Missing or bad access token or JWT
ok 266 API3 UPDATE should require authentication
ok 267 API3 UPDATE should not found not existing collection
APIv3: Identifier mismatch (expected: a6dcb00a-4456-58bc-8c8f-7d47fbbd707f, received: AVAou3n2WhcifFzMDrnPq448E92ezvKJ)
{
  identifier: 'AVAou3n2WhcifFzMDrnPq448E92ezvKJ',
  date: 1768714973178,
  utcOffset: -180,
  app: 'cgm-remote-monitor.test',
  device: 'Samsung XCover 4-123456735643809 API3 UPDATE',
  eventType: 'Correction Bolus',
  insulin: 0.3,
  created_at: '2026-01-18T05:42:53.178Z'
}
Missing permission api:treatments:create
ok 268 API3 UPDATE should require update permission for upsert
APIv3: Identifier mismatch (expected: a6dcb00a-4456-58bc-8c8f-7d47fbbd707f, received: AVAou3n2WhcifFzMDrnPq448E92ezvKJ)
{
  identifier: 'AVAou3n2WhcifFzMDrnPq448E92ezvKJ',
  date: 1768714973178,
  utcOffset: -180,
  app: 'cgm-remote-monitor.test',
  device: 'Samsung XCover 4-123456735643809 API3 UPDATE',
  eventType: 'Correction Bolus',
  insulin: 0.3,
  created_at: '2026-01-18T05:42:53.178Z'
}
got data-received event, requesting reload
Load Complete:
	 sgvs:2, treatments:4, devicestatus:2
data loaded: reloading sandbox data and updating plugins
ok 269 API3 UPDATE should upsert not existing document
APIv3: Identifier mismatch (expected: a6dcb00a-4456-58bc-8c8f-7d47fbbd707f, received: AVAou3n2WhcifFzMDrnPq448E92ezvKJ)
{
  identifier: 'AVAou3n2WhcifFzMDrnPq448E92ezvKJ',
  date: 1768714973178,
  utcOffset: -180,
  app: 'cgm-remote-monitor.test',
  device: 'Samsung XCover 4-123456735643809 API3 UPDATE',
  eventType: 'Correction Bolus',
  carbs: 10,
  created_at: '2026-01-18T05:42:53.178Z'
}
got data-received event, requesting reload
Load Complete:
	 sgvs:2, treatments:4, devicestatus:2
data loaded: reloading sandbox data and updating plugins
ok 270 API3 UPDATE should update the document
APIv3: Identifier mismatch (expected: a6dcb00a-4456-58bc-8c8f-7d47fbbd707f, received: AVAou3n2WhcifFzMDrnPq448E92ezvKJ)
{
  identifier: 'AVAou3n2WhcifFzMDrnPq448E92ezvKJ',
  date: 1768714973178,
  utcOffset: -180,
  app: 'cgm-remote-monitor.test',
  device: 'Samsung XCover 4-123456735643809 API3 UPDATE',
  eventType: 'Correction Bolus',
  carbs: 11,
  created_at: '2026-01-18T05:42:53.178Z'
}
got data-received event, requesting reload
Load Complete:
	 sgvs:2, treatments:4, devicestatus:2
data loaded: reloading sandbox data and updating plugins
ok 271 API3 UPDATE should update unmodified document since
APIv3: Identifier mismatch (expected: a6dcb00a-4456-58bc-8c8f-7d47fbbd707f, received: AVAou3n2WhcifFzMDrnPq448E92ezvKJ)
{
  identifier: 'AVAou3n2WhcifFzMDrnPq448E92ezvKJ',
  date: 1768714973178,
  utcOffset: -180,
  app: 'cgm-remote-monitor.test',
  device: 'Samsung XCover 4-123456735643809 API3 UPDATE',
  eventType: 'Correction Bolus',
  carbs: 12,
  created_at: '2026-01-18T05:42:53.178Z'
}
ok 272 API3 UPDATE should not update document modified since
APIv3: Identifier mismatch (expected: ba5c2c9e-05f7-5494-a757-5f82593ff781, received: AVAou3n2WhcifFzMDrnPq448E92ezvKJ)
{
  identifier: 'AVAou3n2WhcifFzMDrnPq448E92ezvKJ',
  date: 1768714983178,
  utcOffset: -180,
  app: 'cgm-remote-monitor.test',
  device: 'Samsung XCover 4-123456735643809 API3 UPDATE',
  eventType: 'Correction Bolus',
  carbs: 11,
  created_at: '2026-01-18T05:43:03.178Z',
  srvModified: 1768714990318,
  srvCreated: 1768714990297,
  subject: 'test-apiUpdate'
}
ok 273 API3 UPDATE should reject date alteration
APIv3: Identifier mismatch (expected: a6dcb00a-4456-58bc-8c8f-7d47fbbd707f, received: AVAou3n2WhcifFzMDrnPq448E92ezvKJ)
{
  identifier: 'AVAou3n2WhcifFzMDrnPq448E92ezvKJ',
  date: 1768714973178,
  utcOffset: null,
  app: 'cgm-remote-monitor.test',
  device: 'Samsung XCover 4-123456735643809 API3 UPDATE',
  eventType: 'Correction Bolus',
  carbs: 11,
  created_at: '2026-01-18T05:42:53.178Z',
  srvModified: 1768714990318,
  srvCreated: 1768714990297,
  subject: 'test-apiUpdate'
}
ok 274 API3 UPDATE should reject utcOffset alteration
APIv3: Identifier mismatch (expected: faa5d97d-65fd-5506-90a2-eb30d9fad4a2, received: AVAou3n2WhcifFzMDrnPq448E92ezvKJ)
{
  identifier: 'AVAou3n2WhcifFzMDrnPq448E92ezvKJ',
  date: 1768714973178,
  utcOffset: -180,
  app: 'cgm-remote-monitor.test',
  device: 'Samsung XCover 4-123456735643809 API3 UPDATE',
  eventType: 'MODIFIED',
  carbs: 11,
  created_at: '2026-01-18T05:42:53.178Z',
  srvModified: 1768714990318,
  srvCreated: 1768714990297,
  subject: 'test-apiUpdate'
}
ok 275 API3 UPDATE should reject eventType alteration
APIv3: Identifier mismatch (expected: c451dc22-2aba-54b5-bae9-be8166f9c532, received: AVAou3n2WhcifFzMDrnPq448E92ezvKJ)
{
  identifier: 'AVAou3n2WhcifFzMDrnPq448E92ezvKJ',
  date: 1768714973178,
  utcOffset: -180,
  app: 'cgm-remote-monitor.test',
  device: 'MODIFIED',
  eventType: 'Correction Bolus',
  carbs: 11,
  created_at: '2026-01-18T05:42:53.178Z',
  srvModified: 1768714990318,
  srvCreated: 1768714990297,
  subject: 'test-apiUpdate'
}
ok 276 API3 UPDATE should reject device alteration
APIv3: Identifier mismatch (expected: a6dcb00a-4456-58bc-8c8f-7d47fbbd707f, received: AVAou3n2WhcifFzMDrnPq448E92ezvKJ)
{
  identifier: 'AVAou3n2WhcifFzMDrnPq448E92ezvKJ',
  date: 1768714973178,
  utcOffset: -180,
  app: 'MODIFIED',
  device: 'Samsung XCover 4-123456735643809 API3 UPDATE',
  eventType: 'Correction Bolus',
  carbs: 11,
  created_at: '2026-01-18T05:42:53.178Z',
  srvModified: 1768714990318,
  srvCreated: 1768714990297,
  subject: 'test-apiUpdate'
}
ok 277 API3 UPDATE should reject app alteration
APIv3: Identifier mismatch (expected: a6dcb00a-4456-58bc-8c8f-7d47fbbd707f, received: AVAou3n2WhcifFzMDrnPq448E92ezvKJ)
{
  identifier: 'AVAou3n2WhcifFzMDrnPq448E92ezvKJ',
  date: 1768714973178,
  utcOffset: -180,
  app: 'cgm-remote-monitor.test',
  device: 'Samsung XCover 4-123456735643809 API3 UPDATE',
  eventType: 'Correction Bolus',
  carbs: 11,
  created_at: '2026-01-18T05:42:53.178Z',
  srvModified: 1768714990318,
  srvCreated: 1768714963178,
  subject: 'test-apiUpdate'
}
ok 278 API3 UPDATE should reject srvCreated alteration
APIv3: Identifier mismatch (expected: a6dcb00a-4456-58bc-8c8f-7d47fbbd707f, received: AVAou3n2WhcifFzMDrnPq448E92ezvKJ)
{
  identifier: 'AVAou3n2WhcifFzMDrnPq448E92ezvKJ',
  date: 1768714973178,
  utcOffset: -180,
  app: 'cgm-remote-monitor.test',
  device: 'Samsung XCover 4-123456735643809 API3 UPDATE',
  eventType: 'Correction Bolus',
  carbs: 11,
  created_at: '2026-01-18T05:42:53.178Z',
  srvModified: 1768714990318,
  srvCreated: 1768714990297,
  subject: 'MODIFIED'
}
ok 279 API3 UPDATE should reject subject alteration
APIv3: Identifier mismatch (expected: a6dcb00a-4456-58bc-8c8f-7d47fbbd707f, received: AVAou3n2WhcifFzMDrnPq448E92ezvKJ)
{
  identifier: 'AVAou3n2WhcifFzMDrnPq448E92ezvKJ',
  date: 1768714973178,
  utcOffset: -180,
  app: 'cgm-remote-monitor.test',
  device: 'Samsung XCover 4-123456735643809 API3 UPDATE',
  eventType: 'Correction Bolus',
  carbs: 11,
  created_at: '2026-01-18T05:42:53.178Z',
  srvModified: 1768714873178,
  srvCreated: 1768714990297,
  subject: 'test-apiUpdate'
}
ok 280 API3 UPDATE should reject srvModified alteration
APIv3: Identifier mismatch (expected: a6dcb00a-4456-58bc-8c8f-7d47fbbd707f, received: AVAou3n2WhcifFzMDrnPq448E92ezvKJ)
{
  identifier: 'AVAou3n2WhcifFzMDrnPq448E92ezvKJ',
  date: 1768714973178,
  utcOffset: -180,
  app: 'cgm-remote-monitor.test',
  device: 'Samsung XCover 4-123456735643809 API3 UPDATE',
  eventType: 'Correction Bolus',
  carbs: 11,
  created_at: '2026-01-18T05:42:53.178Z',
  srvModified: 1768714990318,
  srvCreated: 1768714990297,
  subject: 'test-apiUpdate',
  modifiedBy: 'MODIFIED'
}
ok 281 API3 UPDATE should reject modifiedBy alteration
APIv3: Identifier mismatch (expected: a6dcb00a-4456-58bc-8c8f-7d47fbbd707f, received: AVAou3n2WhcifFzMDrnPq448E92ezvKJ)
{
  identifier: 'AVAou3n2WhcifFzMDrnPq448E92ezvKJ',
  date: 1768714973178,
  utcOffset: -180,
  app: 'cgm-remote-monitor.test',
  device: 'Samsung XCover 4-123456735643809 API3 UPDATE',
  eventType: 'Correction Bolus',
  carbs: 11,
  created_at: '2026-01-18T05:42:53.178Z',
  srvModified: 1768714990318,
  srvCreated: 1768714990297,
  subject: 'test-apiUpdate',
  isValid: false
}
ok 282 API3 UPDATE should reject isValid alteration
APIv3: Identifier mismatch (expected: a6dcb00a-4456-58bc-8c8f-7d47fbbd707f, received: MODIFIED)
{
  identifier: 'MODIFIED',
  date: 1768714973178,
  utcOffset: -180,
  app: 'cgm-remote-monitor.test',
  device: 'Samsung XCover 4-123456735643809 API3 UPDATE',
  eventType: 'Correction Bolus',
  carbs: 11,
  created_at: '2026-01-18T05:42:53.178Z',
  srvModified: 1768714990318,
  srvCreated: 1768714990297,
  subject: 'test-apiUpdate'
}
got data-received event, requesting reload
Load Complete:
	 sgvs:2, treatments:4, devicestatus:2
data loaded: reloading sandbox data and updating plugins
ok 283 API3 UPDATE should ignore identifier alteration in body
got data-received event, requesting reload
Load Complete:
	 sgvs:2, treatments:4, devicestatus:2
data loaded: reloading sandbox data and updating plugins
APIv3: Identifier mismatch (expected: a6dcb00a-4456-58bc-8c8f-7d47fbbd707f, received: AVAou3n2WhcifFzMDrnPq448E92ezvKJ)
{
  identifier: 'AVAou3n2WhcifFzMDrnPq448E92ezvKJ',
  date: 1768714973178,
  utcOffset: -180,
  app: 'cgm-remote-monitor.test',
  device: 'Samsung XCover 4-123456735643809 API3 UPDATE',
  eventType: 'Correction Bolus',
  carbs: 11,
  created_at: '2026-01-18T05:42:53.178Z',
  srvCreated: 1768714990297,
  subject: 'test-apiUpdate'
}
ok 284 API3 UPDATE should not update deleted document
Initiating server teardown
ok 285 ar2 should plot a cone
ok 286 ar2 should plot a line if coneFactor is 0
ok 287 ar2 Not trigger an alarm when in range
ok 288 ar2 should trigger a warning when going above target
ok 289 ar2 should trigger a urgent alarm when going high fast
ok 290 ar2 should trigger a warning when below target
ok 291 ar2 should trigger a warning when almost below target
ok 292 ar2 should trigger a urgent alarm when falling fast
ok 293 ar2 should trigger a warning alarm by interpolating when more than 5mins apart
ok 294 ar2 should handle virtAsst requests
TIME1 2015-06-21T00:00:00.000Z
ok 295 basalprofile update basal profile pill
ok 296 basalprofile should handle virtAsst requests
ok 297 BG Now should calculate BG Delta
ok 298 BG Now should calculate BG Delta by interpolating when more than 5mins apart
ok 299 BG Now should calculate BG Delta in mmol
ok 300 BG Now should calculate BG Delta in mmol and not show a change because of rounding
ok 301 BG Now should calculate BG Delta in mmol by interpolating when more than 5mins apart
Profile not updated yet. Converted profile: {
  defaultProfile: 'Default',
  store: { Default: { dia: 3, sens: 90, target_high: 120, target_low: 100 } },
  startDate: '1980-01-01',
  _id: undefined,
  convertedOnTheFly: true
}
ok 302 boluswizardpreview should calculate IOB results correctly with 0 IOB
Profile not updated yet. Converted profile: {
  defaultProfile: 'Default',
  store: { Default: { dia: 3, sens: 50, target_high: 100, target_low: 50 } },
  startDate: '1980-01-01',
  _id: undefined,
  convertedOnTheFly: true
}
ok 303 boluswizardpreview should calculate IOB results correctly with 1.0 U IOB
Profile not updated yet. Converted profile: {
  defaultProfile: 'Default',
  store: {
    Default: { dia: 3, sens: 50, target_high: 200, target_low: 100, basal: 1 }
  },
  startDate: '1980-01-01',
  _id: undefined,
  convertedOnTheFly: true
}
ok 304 boluswizardpreview should calculate IOB results correctly with 1.0 U IOB resulting in going low
Profile not updated yet. Converted profile: {
  defaultProfile: 'Default',
  store: {
    Default: {
      dia: 3,
      units: 'mmol',
      sens: 10,
      target_high: 10,
      target_low: 5.6,
      basal: 1
    }
  },
  startDate: '1980-01-01',
  _id: undefined,
  convertedOnTheFly: true
}
ok 305 boluswizardpreview should calculate IOB results correctly with 1.0 U IOB resulting in going low in MMOL
Profile not updated yet. Converted profile: {
  defaultProfile: 'Default',
  store: {
    Default: {
      dia: 3,
      units: 'mmol',
      sens: 9,
      target_high: 6,
      target_low: 5,
      basal: 0.125
    }
  },
  startDate: '1980-01-01',
  _id: undefined,
  convertedOnTheFly: true
}
ok 306 boluswizardpreview should calculate IOB results correctly with 0.45 U IOB resulting in going low in MMOL
Profile not updated yet. Converted profile: {
  defaultProfile: 'Default',
  store: { Default: { dia: 3, sens: 90, target_high: 120, target_low: 100 } },
  startDate: '1980-01-01',
  _id: undefined,
  convertedOnTheFly: true
}
ok 307 boluswizardpreview Not trigger an alarm when in range
Profile not updated yet. Converted profile: {
  defaultProfile: 'Default',
  store: { Default: { dia: 3, sens: 90, target_high: 120, target_low: 100 } },
  startDate: '1980-01-01',
  _id: undefined,
  convertedOnTheFly: true
}
ok 308 boluswizardpreview trigger a warning when going out of range
Profile not updated yet. Converted profile: {
  defaultProfile: 'Default',
  store: { Default: { dia: 3, sens: 90, target_high: 120, target_low: 100 } },
  startDate: '1980-01-01',
  _id: undefined,
  convertedOnTheFly: true
}
ok 309 boluswizardpreview trigger an urgent alarms when going too high
resetting notifications state for tests
Profile not updated yet. Converted profile: {
  defaultProfile: 'Default',
  store: { Default: { dia: 3, sens: 90, target_high: 120, target_low: 100 } },
  startDate: '1980-01-01',
  _id: undefined,
  convertedOnTheFly: true
}
2026-01-18T05:43:10.408Z	SNOOZING ALARM:
  {"level":"Urgent","title":"Urgent, HIGH","message":"BG Now: 300 +5 ↗ mg/dl\nBG 15m: 300 mg/dl\nBWP: -2.76U\nIOB: 4.98U","group":"default","plugin":"ar2","debug":{"forecast":{"avgLoss":0.18657709797114397,"predicted":"302, 302, 300, 297, 294, 290"}}}
  BECAUSE:
    {"level":"Urgent","title":"Snoozing high alarm since there is enough IOB","message":"BWP: -2.76U\nIOB: 4.98U","group":"default"}
ok 310 boluswizardpreview request a snooze when there is enough IOB
2026-01-18T05:43:10.409Z	EMITTING ALL CLEAR:
  {"level":"Unknown","title":"All Clear","message":"default - Urgent was ack'd","group":"default","plugin":"<none>"}
Profile not updated yet. Converted profile: {
  defaultProfile: 'Default',
  store: { Default: { dia: 3, sens: 90, target_high: 120, target_low: 100 } },
  startDate: '1980-01-01',
  _id: undefined,
  convertedOnTheFly: true
}
ok 311 boluswizardpreview set a pill to the BWP with infos
ok 312 bridge be creatable
ok 313 bridge set options from env
ok 314 bridge store entries from share
Invalid interval set: [900ms]. Defaulting to 2.6 minutes.
ok 315 bridge set too low bridge interval option from env
Invalid interval set: [500000ms]. Defaulting to 2.6 minutes.
ok 316 bridge set too high bridge interval option from env
ok 317 bridge set no bridge interval option from env
ok 318 cage set a pill to the current cannula age
ok 319 cage set a pill to the current cannula age
ok 320 cage trigger a warning when cannula is 48 hours old
Starting headless setup for Careportal test
Headless init
Entering setup 0
Headless setup for Careportal test done
Setting up benv 2
Nightscout bundle ready
Bundle loaded 86
HTML set 142
Benv expose 142
Done called by headless 143
Careportal test client start
Careportal test client init
language is en
Application appears to be online
Authentication passed.
Client connected to server.
Authorizing socket
Careportal test client data update
got dataUpdate 2026-01-18T05:43:10.613Z
Careportal test saving
Validating careportal entry:  Snack Bolus
treatment saved { message: 'OK' }
ok 321 careportal open careportal, and enter a treatment
ok 322 renderer bubbleScale prevChartWidth < 400 scales correctly
ok 323 renderer bubbleScale prevChartWidth < 500 scales correctly
ok 324 renderer bubbleScale prevChartWidth < 900 scales correctly
ok 325 renderer highlightBrushPoints data.mills 100 and chart().brush.extent() times 200,300 Uses default opacity
ok 326 renderer highlightBrushPoints data.mills 300 and chart().brush.extent() times 100,200 Uses default opacity
ok 327 renderer highlightBrushPoints data.mills 200 and chart().brush.extent() times 100,300 Calculates opacity
ok 328 COB should calculate IOB, multiple treatments
ok 329 COB should calculate IOB, single treatment
ok 330 COB set a pill to the current COB
ok 331 COB should handle virtAsst requests
ok 332 COB from devicestatus should fall back to treatment data if no devicestatus data
ok 333 COB from devicestatus should fall back to treatments if openaps devicestatus is present but empty
ok 334 COB from devicestatus should fall back to treatments if openaps devicestatus is present but too stale
ok 335 COB from devicestatus should return COB data from OpenAPS
ok 336 COB from devicestatus should return COB data from Loop
API_SECRET has 159 bits of entropy
++++++++++++++++++++++++++++++
Nightscout Executing startBoot
++++++++++++++++++++++++++++++
Executing checkNodeVersion
Node LTS version v14.21.3 is supported
Executing checkEnv
Executing augmentSettings
Executing checkSettings
Checking settings
Executing setupStorage
Reusing MongoDB connection handler
Mongo Storage system ready
Executing setupAuthorization
ensuring index for: auth_roles.name
ensuring index for: auth_subjects.name
Reloading auth data
Loading { sort: { name: 1 } }
Roles listed
Loading { sort: { name: 1 } }
Executing setupInternals
Pushover was NOT configured
Executing ensureIndexes
Ensuring indexes
ensuring index for: test_sgvs.date
ensuring index for: test_sgvs.type
ensuring index for: test_sgvs.sgv
ensuring index for: test_sgvs.mbg
ensuring index for: test_sgvs.sysTime
ensuring index for: test_sgvs.dateString
ensuring index for: test_sgvs.[object Object]
ensuring index for: treatments.created_at
ensuring index for: treatments.eventType
ensuring index for: treatments.insulin
ensuring index for: treatments.carbs
ensuring index for: treatments.glucose
ensuring index for: treatments.enteredBy
ensuring index for: treatments.boluscalc.foods._id
ensuring index for: treatments.notes
ensuring index for: treatments.NSCLIENT_ID
ensuring index for: treatments.percent
ensuring index for: treatments.absolute
ensuring index for: treatments.duration
ensuring index for: treatments.[object Object]
ensuring index for: devicestatus.created_at
ensuring index for: devicestatus.NSCLIENT_ID
ensuring index for: profile.startDate
ensuring index for: food.type
ensuring index for: food.position
ensuring index for: food.hidden
ensuring index for: activity.created_at
Executing setupListeners
Executing setupConnect
Skipping disabled nightscout-connect
Executing setupBridge
Dexcom bridge not enabled
Executing setupMMConnect
MiniMed Connect not enabled
Executing finishBoot
tick 2026-01-18T05:43:10.651Z
API KEY present, enabling API
enabling feature: careportal
enabling feature: api
Load Complete:
	 sgvs:2, treatments:4, devicestatus:2
data loaded: reloading sandbox data and updating plugins
got data-received event, requesting reload
Load Complete:
	 sgvs:2, devicestatus:2
data loaded: reloading sandbox data and updating plugins
got data-received event, requesting reload
REST API treatment created [
  {
    eventType: 'Note',
    created_at: '2026-01-18T05:43:13.659Z',
    notes: 'concurrent single 3',
    utcOffset: 0,
    _id: new ObjectId("696c72eecc4c6d623670191e")
  }
]
got data-received event, requesting reload
REST API treatment created [
  {
    eventType: 'Note',
    created_at: '2026-01-18T05:43:12.659Z',
    notes: 'concurrent single 2',
    utcOffset: 0,
    _id: new ObjectId("696c72eecc4c6d623670191c")
  }
]
got data-received event, requesting reload
REST API treatment created [
  {
    eventType: 'Note',
    created_at: '2026-01-18T05:43:11.659Z',
    notes: 'concurrent single 1',
    utcOffset: 0,
    _id: new ObjectId("696c72eecc4c6d6236701919")
  }
]
got data-received event, requesting reload
REST API treatment created [
  {
    eventType: 'Note',
    created_at: '2026-01-18T05:43:10.659Z',
    notes: 'concurrent single 0',
    utcOffset: 0,
    _id: new ObjectId("696c72eecc4c6d6236701917")
  }
]
got data-received event, requesting reload
REST API treatment created [
  {
    eventType: 'Note',
    created_at: '2026-01-18T05:43:14.659Z',
    notes: 'concurrent single 4',
    utcOffset: 0,
    _id: new ObjectId("696c72eecc4c6d6236701920")
  }
]
Load Complete:
	 sgvs:2, treatments:5, devicestatus:2
data loaded: reloading sandbox data and updating plugins
Load Complete:
	 sgvs:2, treatments:5, devicestatus:2
data loaded: reloading sandbox data and updating plugins
Load Complete:
	 sgvs:2, treatments:5, devicestatus:2
data loaded: reloading sandbox data and updating plugins
Load Complete:
	 sgvs:2, treatments:5, devicestatus:2
data loaded: reloading sandbox data and updating plugins
ok 337 Concurrent Write Tests - MongoDB 5.x Compatibility Simultaneous POST requests to treatments handles 5 simultaneous single object POSTs
Load Complete:
	 sgvs:2, treatments:5, devicestatus:2
data loaded: reloading sandbox data and updating plugins
got data-received event, requesting reload
Load Complete:
	 sgvs:2, devicestatus:2
data loaded: reloading sandbox data and updating plugins
got data-received event, requesting reload
Load Complete:
	 sgvs:2, devicestatus:2
data loaded: reloading sandbox data and updating plugins
got data-received event, requesting reload
REST API treatment created [
  {
    eventType: 'Note',
    created_at: '2026-01-18T05:43:40.685Z',
    notes: 'concurrent array batch 3 item 1',
    utcOffset: 0,
    _id: new ObjectId("696c72eecc4c6d6236701991")
  },
  {
    eventType: 'Note',
    created_at: '2026-01-18T05:43:41.685Z',
    notes: 'concurrent array batch 3 item 2',
    utcOffset: 0,
    _id: new ObjectId("696c72eecc4c6d6236701995")
  }
]
got data-received event, requesting reload
REST API treatment created [
  {
    eventType: 'Note',
    created_at: '2026-01-18T05:43:30.685Z',
    notes: 'concurrent array batch 2 item 1',
    utcOffset: 0,
    _id: new ObjectId("696c72eecc4c6d623670198f")
  },
  {
    eventType: 'Note',
    created_at: '2026-01-18T05:43:31.685Z',
    notes: 'concurrent array batch 2 item 2',
    utcOffset: 0,
    _id: new ObjectId("696c72eecc4c6d6236701997")
  }
]
got data-received event, requesting reload
REST API treatment created [
  {
    eventType: 'Note',
    created_at: '2026-01-18T05:43:20.685Z',
    notes: 'concurrent array batch 1 item 1',
    utcOffset: 0,
    _id: new ObjectId("696c72eecc4c6d623670198c")
  },
  {
    eventType: 'Note',
    created_at: '2026-01-18T05:43:21.685Z',
    notes: 'concurrent array batch 1 item 2',
    utcOffset: 0,
    _id: new ObjectId("696c72eecc4c6d6236701999")
  }
]
got data-received event, requesting reload
REST API treatment created [
  {
    eventType: 'Note',
    created_at: '2026-01-18T05:43:10.685Z',
    notes: 'concurrent array batch 0 item 1',
    utcOffset: 0,
    _id: new ObjectId("696c72eecc4c6d623670198a")
  },
  {
    eventType: 'Note',
    created_at: '2026-01-18T05:43:11.685Z',
    notes: 'concurrent array batch 0 item 2',
    utcOffset: 0,
    _id: new ObjectId("696c72eecc4c6d623670199b")
  }
]
Load Complete:
	 sgvs:2, treatments:9, devicestatus:2
data loaded: reloading sandbox data and updating plugins
Load Complete:
	 sgvs:2, treatments:9, devicestatus:2
data loaded: reloading sandbox data and updating plugins
Load Complete:
	 sgvs:2, treatments:10, devicestatus:2
data loaded: reloading sandbox data and updating plugins
got data-received event, requesting reload
REST API treatment created [
  {
    eventType: 'Note',
    created_at: '2026-01-18T05:43:50.685Z',
    notes: 'concurrent array batch 4 item 1',
    utcOffset: 0,
    _id: new ObjectId("696c72eecc4c6d6236701993")
  },
  {
    eventType: 'Note',
    created_at: '2026-01-18T05:43:51.685Z',
    notes: 'concurrent array batch 4 item 2',
    utcOffset: 0,
    _id: new ObjectId("696c72eecc4c6d62367019c7")
  }
]
Load Complete:
	 sgvs:2, devicestatus:2
data loaded: reloading sandbox data and updating plugins
Load Complete:
	 sgvs:2, treatments:10, devicestatus:2
data loaded: reloading sandbox data and updating plugins
ok 338 Concurrent Write Tests - MongoDB 5.x Compatibility Simultaneous POST requests to treatments handles 5 simultaneous array POSTs
got data-received event, requesting reload
Load Complete:
	 sgvs:2, devicestatus:2
data loaded: reloading sandbox data and updating plugins
got data-received event, requesting reload
Load Complete:
	 sgvs:2, devicestatus:2
data loaded: reloading sandbox data and updating plugins
got data-received event, requesting reload
REST API treatment created [
  {
    eventType: 'Note',
    created_at: '2026-01-18T05:43:10.714Z',
    notes: 'rapid sequential 0',
    utcOffset: 0,
    _id: new ObjectId("696c72eecc4c6d6236701a04")
  }
]
Load Complete:
	 sgvs:2, treatments:1, devicestatus:2
data loaded: reloading sandbox data and updating plugins
got data-received event, requesting reload
REST API treatment created [
  {
    eventType: 'Note',
    created_at: '2026-01-18T05:43:10.814Z',
    notes: 'rapid sequential 1',
    utcOffset: 0,
    _id: new ObjectId("696c72eecc4c6d6236701a14")
  }
]
Load Complete:
	 sgvs:2, treatments:2, devicestatus:2
data loaded: reloading sandbox data and updating plugins
got data-received event, requesting reload
REST API treatment created [
  {
    eventType: 'Note',
    created_at: '2026-01-18T05:43:10.914Z',
    notes: 'rapid sequential 2',
    utcOffset: 0,
    _id: new ObjectId("696c72eecc4c6d6236701a24")
  }
]
Load Complete:
	 sgvs:2, treatments:3, devicestatus:2
data loaded: reloading sandbox data and updating plugins
got data-received event, requesting reload
REST API treatment created [
  {
    eventType: 'Note',
    created_at: '2026-01-18T05:43:11.014Z',
    notes: 'rapid sequential 3',
    utcOffset: 0,
    _id: new ObjectId("696c72eecc4c6d6236701a34")
  }
]
Load Complete:
	 sgvs:2, treatments:4, devicestatus:2
data loaded: reloading sandbox data and updating plugins
got data-received event, requesting reload
REST API treatment created [
  {
    eventType: 'Note',
    created_at: '2026-01-18T05:43:11.114Z',
    notes: 'rapid sequential 4',
    utcOffset: 0,
    _id: new ObjectId("696c72eecc4c6d6236701a44")
  }
]
Load Complete:
	 sgvs:2, treatments:5, devicestatus:2
data loaded: reloading sandbox data and updating plugins
got data-received event, requesting reload
REST API treatment created [
  {
    eventType: 'Note',
    created_at: '2026-01-18T05:43:11.214Z',
    notes: 'rapid sequential 5',
    utcOffset: 0,
    _id: new ObjectId("696c72eecc4c6d6236701a54")
  }
]
Load Complete:
	 sgvs:2, treatments:6, devicestatus:2
data loaded: reloading sandbox data and updating plugins
got data-received event, requesting reload
REST API treatment created [
  {
    eventType: 'Note',
    created_at: '2026-01-18T05:43:11.314Z',
    notes: 'rapid sequential 6',
    utcOffset: 0,
    _id: new ObjectId("696c72eecc4c6d6236701a64")
  }
]
Load Complete:
	 sgvs:2, treatments:7, devicestatus:2
data loaded: reloading sandbox data and updating plugins
got data-received event, requesting reload
REST API treatment created [
  {
    eventType: 'Note',
    created_at: '2026-01-18T05:43:11.414Z',
    notes: 'rapid sequential 7',
    utcOffset: 0,
    _id: new ObjectId("696c72eecc4c6d6236701a74")
  }
]
Load Complete:
	 sgvs:2, treatments:8, devicestatus:2
data loaded: reloading sandbox data and updating plugins
got data-received event, requesting reload
REST API treatment created [
  {
    eventType: 'Note',
    created_at: '2026-01-18T05:43:11.514Z',
    notes: 'rapid sequential 8',
    utcOffset: 0,
    _id: new ObjectId("696c72eecc4c6d6236701a84")
  }
]
Load Complete:
	 sgvs:2, treatments:9, devicestatus:2
data loaded: reloading sandbox data and updating plugins
got data-received event, requesting reload
REST API treatment created [
  {
    eventType: 'Note',
    created_at: '2026-01-18T05:43:11.614Z',
    notes: 'rapid sequential 9',
    utcOffset: 0,
    _id: new ObjectId("696c72eecc4c6d6236701a94")
  }
]
Load Complete:
	 sgvs:2, treatments:10, devicestatus:2
data loaded: reloading sandbox data and updating plugins
ok 339 Concurrent Write Tests - MongoDB 5.x Compatibility Simultaneous POST requests to treatments handles rapid sequential POSTs (10 in 100ms)
got data-received event, requesting reload
Load Complete:
	 sgvs:2, devicestatus:2
data loaded: reloading sandbox data and updating plugins
removed undefined { acknowledged: true, deletedCount: 2 }
got data-received event, requesting reload
got data-received event, requesting reload
got data-received event, requesting reload
got data-received event, requesting reload
got data-received event, requesting reload
Load Complete:
	 sgvs:2, devicestatus:5
data loaded: reloading sandbox data and updating plugins
Load Complete:
	 sgvs:2, devicestatus:5
data loaded: reloading sandbox data and updating plugins
Load Complete:
	 sgvs:2, devicestatus:5
data loaded: reloading sandbox data and updating plugins
Load Complete:
	 sgvs:2, devicestatus:5
data loaded: reloading sandbox data and updating plugins
ok 340 Concurrent Write Tests - MongoDB 5.x Compatibility Simultaneous POST requests to devicestatus handles 5 simultaneous single object POSTs
removed undefined { acknowledged: true, deletedCount: 5 }
Load Complete:
	 sgvs:2, devicestatus:5
data loaded: reloading sandbox data and updating plugins
removed undefined { acknowledged: true, deletedCount: 0 }
got data-received event, requesting reload
got data-received event, requesting reload
got data-received event, requesting reload
got data-received event, requesting reload
Load Complete:
	 sgvs:2, devicestatus:9
data loaded: reloading sandbox data and updating plugins
Load Complete:
	 sgvs:2, devicestatus:9
data loaded: reloading sandbox data and updating plugins
Load Complete:
	 sgvs:2, devicestatus:9
data loaded: reloading sandbox data and updating plugins
got data-received event, requesting reload
Load Complete:
	 sgvs:2, devicestatus:10
data loaded: reloading sandbox data and updating plugins
Load Complete:
	 sgvs:2, devicestatus:10
data loaded: reloading sandbox data and updating plugins
ok 341 Concurrent Write Tests - MongoDB 5.x Compatibility Simultaneous POST requests to devicestatus handles 5 simultaneous array POSTs
removed undefined { acknowledged: true, deletedCount: 10 }
got data-received event, requesting reload
got data-received event, requesting reload
got data-received event, requesting reload
got data-received event, requesting reload
got data-received event, requesting reload
Load Complete:
	 sgvs:5
data loaded: reloading sandbox data and updating plugins
Load Complete:
	 sgvs:5
data loaded: reloading sandbox data and updating plugins
Load Complete:
	 sgvs:5
data loaded: reloading sandbox data and updating plugins
Load Complete:
	 sgvs:5
data loaded: reloading sandbox data and updating plugins
Load Complete:
	 sgvs:5
data loaded: reloading sandbox data and updating plugins
ok 342 Concurrent Write Tests - MongoDB 5.x Compatibility Simultaneous POST requests to entries handles 5 simultaneous single entry POSTs
got data-received event, requesting reload
got data-received event, requesting reload
got data-received event, requesting reload
got data-received event, requesting reload
got data-received event, requesting reload
Load Complete:
	 sgvs:15
data loaded: reloading sandbox data and updating plugins
Load Complete:
	 sgvs:15
data loaded: reloading sandbox data and updating plugins
Load Complete:
	 sgvs:15
data loaded: reloading sandbox data and updating plugins
Load Complete:
	 sgvs:15
data loaded: reloading sandbox data and updating plugins
Load Complete:
	 sgvs:15
data loaded: reloading sandbox data and updating plugins
ok 343 Concurrent Write Tests - MongoDB 5.x Compatibility Simultaneous POST requests to entries handles 5 simultaneous array entry POSTs
got data-received event, requesting reload
Load Complete:
	 
data loaded: reloading sandbox data and updating plugins
removed undefined { acknowledged: true, deletedCount: 0 }
got data-received event, requesting reload
got data-received event, requesting reload
REST API treatment created [
  {
    eventType: 'Note',
    created_at: '2026-01-18T05:43:10.896Z',
    notes: 'cross-collection 1',
    utcOffset: 0,
    _id: new ObjectId("696c72eecc4c6d6236701c1c")
  },
  {
    eventType: 'Note',
    created_at: '2026-01-18T05:43:11.896Z',
    notes: 'cross-collection 2',
    utcOffset: 0,
    _id: new ObjectId("696c72eecc4c6d6236701c23")
  }
]
got data-received event, requesting reload
Load Complete:
	 sgvs:2, treatments:2, devicestatus:2
data loaded: reloading sandbox data and updating plugins
Load Complete:
	 sgvs:2, treatments:2, devicestatus:2
data loaded: reloading sandbox data and updating plugins
Load Complete:
	 sgvs:2, treatments:2, devicestatus:2
data loaded: reloading sandbox data and updating plugins
ok 344 Concurrent Write Tests - MongoDB 5.x Compatibility Cross-collection concurrent writes handles simultaneous writes to treatments, devicestatus, and entries
got data-received event, requesting reload
Load Complete:
	 sgvs:2, devicestatus:2
data loaded: reloading sandbox data and updating plugins
removed undefined { acknowledged: true, deletedCount: 2 }
got data-received event, requesting reload
Load Complete:
	 
data loaded: reloading sandbox data and updating plugins
got data-received event, requesting reload
REST API treatment created [
  {
    eventType: 'Note',
    created_at: '2026-01-18T05:43:15.832Z',
    notes: 'unique id test 0.5134567898578848',
    utcOffset: 0,
    _id: new ObjectId("696c72eecc4c6d6236701c77")
  }
]
got data-received event, requesting reload
REST API treatment created [
  {
    eventType: 'Note',
    created_at: '2026-01-18T05:43:20.016Z',
    notes: 'unique id test 0.2604336316070037',
    utcOffset: 0,
    _id: new ObjectId("696c72eecc4c6d6236701c75")
  }
]
got data-received event, requesting reload
REST API treatment created [
  {
    eventType: 'Note',
    created_at: '2026-01-18T05:43:11.977Z',
    notes: 'unique id test 0.058561266823884184',
    utcOffset: 0,
    _id: new ObjectId("696c72eecc4c6d6236701c73")
  }
]
got data-received event, requesting reload
REST API treatment created [
  {
    eventType: 'Note',
    created_at: '2026-01-18T05:43:12.886Z',
    notes: 'unique id test 0.5910813723622808',
    utcOffset: 0,
    _id: new ObjectId("696c72eecc4c6d6236701c71")
  }
]
got data-received event, requesting reload
REST API treatment created [
  {
    eventType: 'Note',
    created_at: '2026-01-18T05:43:19.653Z',
    notes: 'unique id test 0.8472598215415867',
    utcOffset: 0,
    _id: new ObjectId("696c72eecc4c6d6236701c79")
  }
]
got data-received event, requesting reload
REST API treatment created [
  {
    eventType: 'Note',
    created_at: '2026-01-18T05:43:16.247Z',
    notes: 'unique id test 0.948118047218012',
    utcOffset: 0,
    _id: new ObjectId("696c72eecc4c6d6236701c7b")
  }
]
got data-received event, requesting reload
REST API treatment created [
  {
    eventType: 'Note',
    created_at: '2026-01-18T05:43:16.056Z',
    notes: 'unique id test 0.07984452204134729',
    utcOffset: 0,
    _id: new ObjectId("696c72eecc4c6d6236701c7d")
  }
]
got data-received event, requesting reload
REST API treatment created [
  {
    eventType: 'Note',
    created_at: '2026-01-18T05:43:13.956Z',
    notes: 'unique id test 0.5048659984864232',
    utcOffset: 0,
    _id: new ObjectId("696c72eecc4c6d6236701c7f")
  }
]
got data-received event, requesting reload
REST API treatment created [
  {
    eventType: 'Note',
    created_at: '2026-01-18T05:43:17.768Z',
    notes: 'unique id test 0.06126238456784461',
    utcOffset: 0,
    _id: new ObjectId("696c72eecc4c6d6236701c81")
  }
]
got data-received event, requesting reload
REST API treatment created [
  {
    eventType: 'Note',
    created_at: '2026-01-18T05:43:19.599Z',
    notes: 'unique id test 0.2798045381901293',
    utcOffset: 0,
    _id: new ObjectId("696c72eecc4c6d6236701c83")
  }
]
Load Complete:
	 treatments:10
data loaded: reloading sandbox data and updating plugins
Load Complete:
	 treatments:10
data loaded: reloading sandbox data and updating plugins
Load Complete:
	 treatments:10
data loaded: reloading sandbox data and updating plugins
Load Complete:
	 treatments:10
data loaded: reloading sandbox data and updating plugins
Load Complete:
	 treatments:10
data loaded: reloading sandbox data and updating plugins
Load Complete:
	 treatments:10
data loaded: reloading sandbox data and updating plugins
Load Complete:
	 treatments:10
data loaded: reloading sandbox data and updating plugins
Load Complete:
	 treatments:10
data loaded: reloading sandbox data and updating plugins
ok 345 Concurrent Write Tests - MongoDB 5.x Compatibility Data integrity under concurrent load all documents have unique _id after concurrent inserts
Load Complete:
	 treatments:10
data loaded: reloading sandbox data and updating plugins
got data-received event, requesting reload
Load Complete:
	 
data loaded: reloading sandbox data and updating plugins
Load Complete:
	 
data loaded: reloading sandbox data and updating plugins
got data-received event, requesting reload
Load Complete:
	 
data loaded: reloading sandbox data and updating plugins
got data-received event, requesting reload
REST API treatment created [
  {
    eventType: 'Note',
    created_at: '2026-01-18T05:48:10.952Z',
    notes: 'batch 3 item 0',
    utcOffset: 0,
    _id: new ObjectId("696c72eecc4c6d6236701d37")
  },
  {
    eventType: 'Note',
    created_at: '2026-01-18T05:48:11.952Z',
    notes: 'batch 3 item 1',
    utcOffset: 0,
    _id: new ObjectId("696c72eecc4c6d6236701d3b")
  },
  {
    eventType: 'Note',
    created_at: '2026-01-18T05:48:12.952Z',
    notes: 'batch 3 item 2',
    utcOffset: 0,
    _id: new ObjectId("696c72eecc4c6d6236701d43")
  }
]
got data-received event, requesting reload
REST API treatment created [
  {
    eventType: 'Note',
    created_at: '2026-01-18T05:46:30.952Z',
    notes: 'batch 2 item 0',
    utcOffset: 0,
    _id: new ObjectId("696c72eecc4c6d6236701d35")
  },
  {
    eventType: 'Note',
    created_at: '2026-01-18T05:46:31.952Z',
    notes: 'batch 2 item 1',
    utcOffset: 0,
    _id: new ObjectId("696c72eecc4c6d6236701d3d")
  },
  {
    eventType: 'Note',
    created_at: '2026-01-18T05:46:32.952Z',
    notes: 'batch 2 item 2',
    utcOffset: 0,
    _id: new ObjectId("696c72eecc4c6d6236701d45")
  }
]
got data-received event, requesting reload
REST API treatment created [
  {
    eventType: 'Note',
    created_at: '2026-01-18T05:44:50.952Z',
    notes: 'batch 1 item 0',
    utcOffset: 0,
    _id: new ObjectId("696c72eecc4c6d6236701d33")
  },
  {
    eventType: 'Note',
    created_at: '2026-01-18T05:44:51.952Z',
    notes: 'batch 1 item 1',
    utcOffset: 0,
    _id: new ObjectId("696c72eecc4c6d6236701d3f")
  },
  {
    eventType: 'Note',
    created_at: '2026-01-18T05:44:52.952Z',
    notes: 'batch 1 item 2',
    utcOffset: 0,
    _id: new ObjectId("696c72eecc4c6d6236701d47")
  }
]
Load Complete:
	 treatments:13
data loaded: reloading sandbox data and updating plugins
Load Complete:
	 treatments:13
data loaded: reloading sandbox data and updating plugins
got data-received event, requesting reload
REST API treatment created [
  {
    eventType: 'Note',
    created_at: '2026-01-18T05:49:50.952Z',
    notes: 'batch 4 item 0',
    utcOffset: 0,
    _id: new ObjectId("696c72eecc4c6d6236701d39")
  },
  {
    eventType: 'Note',
    created_at: '2026-01-18T05:49:51.952Z',
    notes: 'batch 4 item 1',
    utcOffset: 0,
    _id: new ObjectId("696c72eecc4c6d6236701d49")
  },
  {
    eventType: 'Note',
    created_at: '2026-01-18T05:49:52.952Z',
    notes: 'batch 4 item 2',
    utcOffset: 0,
    _id: new ObjectId("696c72eecc4c6d6236701d77")
  }
]
Load Complete:
	 
data loaded: reloading sandbox data and updating plugins
got data-received event, requesting reload
REST API treatment created [
  {
    eventType: 'Note',
    created_at: '2026-01-18T05:43:10.952Z',
    notes: 'batch 0 item 0',
    utcOffset: 0,
    _id: new ObjectId("696c72eecc4c6d6236701d31")
  },
  {
    eventType: 'Note',
    created_at: '2026-01-18T05:43:11.952Z',
    notes: 'batch 0 item 1',
    utcOffset: 0,
    _id: new ObjectId("696c72eecc4c6d6236701d41")
  },
  {
    eventType: 'Note',
    created_at: '2026-01-18T05:43:12.952Z',
    notes: 'batch 0 item 2',
    utcOffset: 0,
    _id: new ObjectId("696c72eecc4c6d6236701d75")
  }
]
Load Complete:
	 treatments:15
data loaded: reloading sandbox data and updating plugins
ok 346 Concurrent Write Tests - MongoDB 5.x Compatibility Data integrity under concurrent load response count matches request count under concurrent load
Load Complete:
	 treatments:15
data loaded: reloading sandbox data and updating plugins
got data-received event, requesting reload
Load Complete:
	 
data loaded: reloading sandbox data and updating plugins
got data-received event, requesting reload
Load Complete:
	 
data loaded: reloading sandbox data and updating plugins
got data-received event, requesting reload
REST API treatment created [
  {
    eventType: 'Correction Bolus',
    insulin: 0.16807936175799298,
    isSMB: true,
    pumpId: 10000,
    pumpType: 'ACCU_CHEK_INSIGHT_BLUETOOTH',
    pumpSerial: '33013206',
    created_at: '2026-01-18T05:43:10.977Z',
    notes: 'AAPS sync catch-up 0',
    utcOffset: 0,
    _id: new ObjectId("696c72eecc4c6d6236701db4")
  }
]
Load Complete:
	 treatments:1
data loaded: reloading sandbox data and updating plugins
got data-received event, requesting reload
REST API treatment created [
  {
    eventType: 'Correction Bolus',
    insulin: 0.22669159120872032,
    isSMB: true,
    pumpId: 10001,
    pumpType: 'ACCU_CHEK_INSIGHT_BLUETOOTH',
    pumpSerial: '33013206',
    created_at: '2026-01-18T05:48:10.977Z',
    notes: 'AAPS sync catch-up 1',
    utcOffset: 0,
    _id: new ObjectId("696c72eecc4c6d6236701dc4")
  }
]
Load Complete:
	 treatments:2
data loaded: reloading sandbox data and updating plugins
got data-received event, requesting reload
REST API treatment created [
  {
    eventType: 'Correction Bolus',
    insulin: 0.17256247195739116,
    isSMB: true,
    pumpId: 10002,
    pumpType: 'ACCU_CHEK_INSIGHT_BLUETOOTH',
    pumpSerial: '33013206',
    created_at: '2026-01-18T05:53:10.977Z',
    notes: 'AAPS sync catch-up 2',
    utcOffset: 0,
    _id: new ObjectId("696c72eecc4c6d6236701dd4")
  }
]
Load Complete:
	 treatments:3
data loaded: reloading sandbox data and updating plugins
got data-received event, requesting reload
REST API treatment created [
  {
    eventType: 'Correction Bolus',
    insulin: 0.4439077681835504,
    isSMB: true,
    pumpId: 10003,
    pumpType: 'ACCU_CHEK_INSIGHT_BLUETOOTH',
    pumpSerial: '33013206',
    created_at: '2026-01-18T05:58:10.977Z',
    notes: 'AAPS sync catch-up 3',
    utcOffset: 0,
    _id: new ObjectId("696c72eecc4c6d6236701de4")
  }
]
Load Complete:
	 treatments:4
data loaded: reloading sandbox data and updating plugins
got data-received event, requesting reload
REST API treatment created [
  {
    eventType: 'Correction Bolus',
    insulin: 0.4566056769947089,
    isSMB: true,
    pumpId: 10004,
    pumpType: 'ACCU_CHEK_INSIGHT_BLUETOOTH',
    pumpSerial: '33013206',
    created_at: '2026-01-18T06:03:10.977Z',
    notes: 'AAPS sync catch-up 4',
    utcOffset: 0,
    _id: new ObjectId("696c72eecc4c6d6236701df4")
  }
]
Load Complete:
	 treatments:5
data loaded: reloading sandbox data and updating plugins
got data-received event, requesting reload
REST API treatment created [
  {
    eventType: 'Correction Bolus',
    insulin: 0.44936975980762817,
    isSMB: true,
    pumpId: 10005,
    pumpType: 'ACCU_CHEK_INSIGHT_BLUETOOTH',
    pumpSerial: '33013206',
    created_at: '2026-01-18T06:08:10.977Z',
    notes: 'AAPS sync catch-up 5',
    utcOffset: 0,
    _id: new ObjectId("696c72efcc4c6d6236701e04")
  }
]
Load Complete:
	 treatments:6
data loaded: reloading sandbox data and updating plugins
got data-received event, requesting reload
REST API treatment created [
  {
    eventType: 'Correction Bolus',
    insulin: 0.2681933075234515,
    isSMB: true,
    pumpId: 10006,
    pumpType: 'ACCU_CHEK_INSIGHT_BLUETOOTH',
    pumpSerial: '33013206',
    created_at: '2026-01-18T06:13:10.977Z',
    notes: 'AAPS sync catch-up 6',
    utcOffset: 0,
    _id: new ObjectId("696c72efcc4c6d6236701e14")
  }
]
Load Complete:
	 treatments:7
data loaded: reloading sandbox data and updating plugins
got data-received event, requesting reload
REST API treatment created [
  {
    eventType: 'Correction Bolus',
    insulin: 0.4236159553991956,
    isSMB: true,
    pumpId: 10007,
    pumpType: 'ACCU_CHEK_INSIGHT_BLUETOOTH',
    pumpSerial: '33013206',
    created_at: '2026-01-18T06:18:10.977Z',
    notes: 'AAPS sync catch-up 7',
    utcOffset: 0,
    _id: new ObjectId("696c72efcc4c6d6236701e24")
  }
]
Load Complete:
	 treatments:8
data loaded: reloading sandbox data and updating plugins
got data-received event, requesting reload
REST API treatment created [
  {
    eventType: 'Correction Bolus',
    insulin: 0.40050165148828953,
    isSMB: true,
    pumpId: 10008,
    pumpType: 'ACCU_CHEK_INSIGHT_BLUETOOTH',
    pumpSerial: '33013206',
    created_at: '2026-01-18T06:23:10.977Z',
    notes: 'AAPS sync catch-up 8',
    utcOffset: 0,
    _id: new ObjectId("696c72efcc4c6d6236701e34")
  }
]
Load Complete:
	 treatments:9
data loaded: reloading sandbox data and updating plugins
got data-received event, requesting reload
REST API treatment created [
  {
    eventType: 'Correction Bolus',
    insulin: 0.25312430536207964,
    isSMB: true,
    pumpId: 10009,
    pumpType: 'ACCU_CHEK_INSIGHT_BLUETOOTH',
    pumpSerial: '33013206',
    created_at: '2026-01-18T06:28:10.977Z',
    notes: 'AAPS sync catch-up 9',
    utcOffset: 0,
    _id: new ObjectId("696c72efcc4c6d6236701e44")
  }
]
Load Complete:
	 treatments:10
data loaded: reloading sandbox data and updating plugins
got data-received event, requesting reload
REST API treatment created [
  {
    eventType: 'Correction Bolus',
    insulin: 0.25394719898119816,
    isSMB: true,
    pumpId: 10010,
    pumpType: 'ACCU_CHEK_INSIGHT_BLUETOOTH',
    pumpSerial: '33013206',
    created_at: '2026-01-18T06:33:10.977Z',
    notes: 'AAPS sync catch-up 10',
    utcOffset: 0,
    _id: new ObjectId("696c72efcc4c6d6236701e54")
  }
]
Load Complete:
	 treatments:11
data loaded: reloading sandbox data and updating plugins
got data-received event, requesting reload
REST API treatment created [
  {
    eventType: 'Correction Bolus',
    insulin: 0.43702778011499765,
    isSMB: true,
    pumpId: 10011,
    pumpType: 'ACCU_CHEK_INSIGHT_BLUETOOTH',
    pumpSerial: '33013206',
    created_at: '2026-01-18T06:38:10.977Z',
    notes: 'AAPS sync catch-up 11',
    utcOffset: 0,
    _id: new ObjectId("696c72efcc4c6d6236701e64")
  }
]
Load Complete:
	 treatments:12
data loaded: reloading sandbox data and updating plugins
got data-received event, requesting reload
REST API treatment created [
  {
    eventType: 'Correction Bolus',
    insulin: 0.46816088532447175,
    isSMB: true,
    pumpId: 10012,
    pumpType: 'ACCU_CHEK_INSIGHT_BLUETOOTH',
    pumpSerial: '33013206',
    created_at: '2026-01-18T06:43:10.977Z',
    notes: 'AAPS sync catch-up 12',
    utcOffset: 0,
    _id: new ObjectId("696c72efcc4c6d6236701e74")
  }
]
Load Complete:
	 treatments:13
data loaded: reloading sandbox data and updating plugins
got data-received event, requesting reload
REST API treatment created [
  {
    eventType: 'Correction Bolus',
    insulin: 0.36089571022085365,
    isSMB: true,
    pumpId: 10013,
    pumpType: 'ACCU_CHEK_INSIGHT_BLUETOOTH',
    pumpSerial: '33013206',
    created_at: '2026-01-18T06:48:10.977Z',
    notes: 'AAPS sync catch-up 13',
    utcOffset: 0,
    _id: new ObjectId("696c72efcc4c6d6236701e84")
  }
]
Load Complete:
	 treatments:14
data loaded: reloading sandbox data and updating plugins
got data-received event, requesting reload
REST API treatment created [
  {
    eventType: 'Correction Bolus',
    insulin: 0.4509265269980184,
    isSMB: true,
    pumpId: 10014,
    pumpType: 'ACCU_CHEK_INSIGHT_BLUETOOTH',
    pumpSerial: '33013206',
    created_at: '2026-01-18T06:53:10.977Z',
    notes: 'AAPS sync catch-up 14',
    utcOffset: 0,
    _id: new ObjectId("696c72efcc4c6d6236701e94")
  }
]
Load Complete:
	 treatments:15
data loaded: reloading sandbox data and updating plugins
got data-received event, requesting reload
REST API treatment created [
  {
    eventType: 'Correction Bolus',
    insulin: 0.15049736020134122,
    isSMB: true,
    pumpId: 10015,
    pumpType: 'ACCU_CHEK_INSIGHT_BLUETOOTH',
    pumpSerial: '33013206',
    created_at: '2026-01-18T06:58:10.977Z',
    notes: 'AAPS sync catch-up 15',
    utcOffset: 0,
    _id: new ObjectId("696c72efcc4c6d6236701ea4")
  }
]
Load Complete:
	 treatments:16
data loaded: reloading sandbox data and updating plugins
got data-received event, requesting reload
REST API treatment created [
  {
    eventType: 'Correction Bolus',
    insulin: 0.34384924710508147,
    isSMB: true,
    pumpId: 10016,
    pumpType: 'ACCU_CHEK_INSIGHT_BLUETOOTH',
    pumpSerial: '33013206',
    created_at: '2026-01-18T07:03:10.977Z',
    notes: 'AAPS sync catch-up 16',
    utcOffset: 0,
    _id: new ObjectId("696c72efcc4c6d6236701eb4")
  }
]
Load Complete:
	 treatments:17
data loaded: reloading sandbox data and updating plugins
got data-received event, requesting reload
REST API treatment created [
  {
    eventType: 'Correction Bolus',
    insulin: 0.33472028569809176,
    isSMB: true,
    pumpId: 10017,
    pumpType: 'ACCU_CHEK_INSIGHT_BLUETOOTH',
    pumpSerial: '33013206',
    created_at: '2026-01-18T07:08:10.977Z',
    notes: 'AAPS sync catch-up 17',
    utcOffset: 0,
    _id: new ObjectId("696c72efcc4c6d6236701ec4")
  }
]
Load Complete:
	 treatments:18
data loaded: reloading sandbox data and updating plugins
got data-received event, requesting reload
REST API treatment created [
  {
    eventType: 'Correction Bolus',
    insulin: 0.4618641342494926,
    isSMB: true,
    pumpId: 10018,
    pumpType: 'ACCU_CHEK_INSIGHT_BLUETOOTH',
    pumpSerial: '33013206',
    created_at: '2026-01-18T07:13:10.977Z',
    notes: 'AAPS sync catch-up 18',
    utcOffset: 0,
    _id: new ObjectId("696c72efcc4c6d6236701ed4")
  }
]
Load Complete:
	 treatments:19
data loaded: reloading sandbox data and updating plugins
got data-received event, requesting reload
REST API treatment created [
  {
    eventType: 'Correction Bolus',
    insulin: 0.48583791391053077,
    isSMB: true,
    pumpId: 10019,
    pumpType: 'ACCU_CHEK_INSIGHT_BLUETOOTH',
    pumpSerial: '33013206',
    created_at: '2026-01-18T07:18:10.977Z',
    notes: 'AAPS sync catch-up 19',
    utcOffset: 0,
    _id: new ObjectId("696c72efcc4c6d6236701ee4")
  }
]
Load Complete:
	 treatments:20
data loaded: reloading sandbox data and updating plugins
got data-received event, requesting reload
REST API treatment created [
  {
    eventType: 'Correction Bolus',
    insulin: 0.27507187751157447,
    isSMB: true,
    pumpId: 10020,
    pumpType: 'ACCU_CHEK_INSIGHT_BLUETOOTH',
    pumpSerial: '33013206',
    created_at: '2026-01-18T07:23:10.977Z',
    notes: 'AAPS sync catch-up 20',
    utcOffset: 0,
    _id: new ObjectId("696c72efcc4c6d6236701ef4")
  }
]
Load Complete:
	 treatments:21
data loaded: reloading sandbox data and updating plugins
got data-received event, requesting reload
REST API treatment created [
  {
    eventType: 'Correction Bolus',
    insulin: 0.314415696238543,
    isSMB: true,
    pumpId: 10021,
    pumpType: 'ACCU_CHEK_INSIGHT_BLUETOOTH',
    pumpSerial: '33013206',
    created_at: '2026-01-18T07:28:10.977Z',
    notes: 'AAPS sync catch-up 21',
    utcOffset: 0,
    _id: new ObjectId("696c72efcc4c6d6236701f04")
  }
]
Load Complete:
	 treatments:22
data loaded: reloading sandbox data and updating plugins
got data-received event, requesting reload
REST API treatment created [
  {
    eventType: 'Correction Bolus',
    insulin: 0.4912674433283609,
    isSMB: true,
    pumpId: 10022,
    pumpType: 'ACCU_CHEK_INSIGHT_BLUETOOTH',
    pumpSerial: '33013206',
    created_at: '2026-01-18T07:33:10.977Z',
    notes: 'AAPS sync catch-up 22',
    utcOffset: 0,
    _id: new ObjectId("696c72efcc4c6d6236701f14")
  }
]
Load Complete:
	 treatments:23
data loaded: reloading sandbox data and updating plugins
got data-received event, requesting reload
REST API treatment created [
  {
    eventType: 'Correction Bolus',
    insulin: 0.10440208641928567,
    isSMB: true,
    pumpId: 10023,
    pumpType: 'ACCU_CHEK_INSIGHT_BLUETOOTH',
    pumpSerial: '33013206',
    created_at: '2026-01-18T07:38:10.977Z',
    notes: 'AAPS sync catch-up 23',
    utcOffset: 0,
    _id: new ObjectId("696c72efcc4c6d6236701f24")
  }
]
Load Complete:
	 treatments:24
data loaded: reloading sandbox data and updating plugins
got data-received event, requesting reload
REST API treatment created [
  {
    eventType: 'Correction Bolus',
    insulin: 0.41903048541132315,
    isSMB: true,
    pumpId: 10024,
    pumpType: 'ACCU_CHEK_INSIGHT_BLUETOOTH',
    pumpSerial: '33013206',
    created_at: '2026-01-18T07:43:10.977Z',
    notes: 'AAPS sync catch-up 24',
    utcOffset: 0,
    _id: new ObjectId("696c72efcc4c6d6236701f34")
  }
]
Load Complete:
	 treatments:25
data loaded: reloading sandbox data and updating plugins
got data-received event, requesting reload
REST API treatment created [
  {
    eventType: 'Correction Bolus',
    insulin: 0.24244878698837313,
    isSMB: true,
    pumpId: 10025,
    pumpType: 'ACCU_CHEK_INSIGHT_BLUETOOTH',
    pumpSerial: '33013206',
    created_at: '2026-01-18T07:48:10.977Z',
    notes: 'AAPS sync catch-up 25',
    utcOffset: 0,
    _id: new ObjectId("696c72efcc4c6d6236701f44")
  }
]
Load Complete:
	 treatments:26
data loaded: reloading sandbox data and updating plugins
got data-received event, requesting reload
REST API treatment created [
  {
    eventType: 'Correction Bolus',
    insulin: 0.4726580369338823,
    isSMB: true,
    pumpId: 10026,
    pumpType: 'ACCU_CHEK_INSIGHT_BLUETOOTH',
    pumpSerial: '33013206',
    created_at: '2026-01-18T07:53:10.977Z',
    notes: 'AAPS sync catch-up 26',
    utcOffset: 0,
    _id: new ObjectId("696c72efcc4c6d6236701f54")
  }
]
Load Complete:
	 treatments:27
data loaded: reloading sandbox data and updating plugins
got data-received event, requesting reload
REST API treatment created [
  {
    eventType: 'Correction Bolus',
    insulin: 0.16266177253591546,
    isSMB: true,
    pumpId: 10027,
    pumpType: 'ACCU_CHEK_INSIGHT_BLUETOOTH',
    pumpSerial: '33013206',
    created_at: '2026-01-18T07:58:10.977Z',
    notes: 'AAPS sync catch-up 27',
    utcOffset: 0,
    _id: new ObjectId("696c72efcc4c6d6236701f64")
  }
]
Load Complete:
	 treatments:28
data loaded: reloading sandbox data and updating plugins
got data-received event, requesting reload
REST API treatment created [
  {
    eventType: 'Correction Bolus',
    insulin: 0.25281065243095713,
    isSMB: true,
    pumpId: 10028,
    pumpType: 'ACCU_CHEK_INSIGHT_BLUETOOTH',
    pumpSerial: '33013206',
    created_at: '2026-01-18T08:03:10.977Z',
    notes: 'AAPS sync catch-up 28',
    utcOffset: 0,
    _id: new ObjectId("696c72efcc4c6d6236701f74")
  }
]
Load Complete:
	 treatments:29
data loaded: reloading sandbox data and updating plugins
got data-received event, requesting reload
REST API treatment created [
  {
    eventType: 'Correction Bolus',
    insulin: 0.40382378318220036,
    isSMB: true,
    pumpId: 10029,
    pumpType: 'ACCU_CHEK_INSIGHT_BLUETOOTH',
    pumpSerial: '33013206',
    created_at: '2026-01-18T08:08:10.977Z',
    notes: 'AAPS sync catch-up 29',
    utcOffset: 0,
    _id: new ObjectId("696c72efcc4c6d6236701f84")
  }
]
Load Complete:
	 treatments:30
data loaded: reloading sandbox data and updating plugins
got data-received event, requesting reload
REST API treatment created [
  {
    eventType: 'Correction Bolus',
    insulin: 0.21847691096850888,
    isSMB: true,
    pumpId: 10030,
    pumpType: 'ACCU_CHEK_INSIGHT_BLUETOOTH',
    pumpSerial: '33013206',
    created_at: '2026-01-18T08:13:10.977Z',
    notes: 'AAPS sync catch-up 30',
    utcOffset: 0,
    _id: new ObjectId("696c72efcc4c6d6236701f94")
  }
]
Load Complete:
	 treatments:31
data loaded: reloading sandbox data and updating plugins
got data-received event, requesting reload
REST API treatment created [
  {
    eventType: 'Correction Bolus',
    insulin: 0.4355401216304834,
    isSMB: true,
    pumpId: 10031,
    pumpType: 'ACCU_CHEK_INSIGHT_BLUETOOTH',
    pumpSerial: '33013206',
    created_at: '2026-01-18T08:18:10.977Z',
    notes: 'AAPS sync catch-up 31',
    utcOffset: 0,
    _id: new ObjectId("696c72efcc4c6d6236701fa4")
  }
]
Load Complete:
	 treatments:32
data loaded: reloading sandbox data and updating plugins
got data-received event, requesting reload
REST API treatment created [
  {
    eventType: 'Correction Bolus',
    insulin: 0.4891373344476311,
    isSMB: true,
    pumpId: 10032,
    pumpType: 'ACCU_CHEK_INSIGHT_BLUETOOTH',
    pumpSerial: '33013206',
    created_at: '2026-01-18T08:23:10.977Z',
    notes: 'AAPS sync catch-up 32',
    utcOffset: 0,
    _id: new ObjectId("696c72efcc4c6d6236701fb4")
  }
]
Load Complete:
	 treatments:33
data loaded: reloading sandbox data and updating plugins
got data-received event, requesting reload
REST API treatment created [
  {
    eventType: 'Correction Bolus',
    insulin: 0.18822880234063666,
    isSMB: true,
    pumpId: 10033,
    pumpType: 'ACCU_CHEK_INSIGHT_BLUETOOTH',
    pumpSerial: '33013206',
    created_at: '2026-01-18T08:28:10.977Z',
    notes: 'AAPS sync catch-up 33',
    utcOffset: 0,
    _id: new ObjectId("696c72efcc4c6d6236701fc4")
  }
]
Load Complete:
	 treatments:34
data loaded: reloading sandbox data and updating plugins
got data-received event, requesting reload
REST API treatment created [
  {
    eventType: 'Correction Bolus',
    insulin: 0.3913193455042592,
    isSMB: true,
    pumpId: 10034,
    pumpType: 'ACCU_CHEK_INSIGHT_BLUETOOTH',
    pumpSerial: '33013206',
    created_at: '2026-01-18T08:33:10.977Z',
    notes: 'AAPS sync catch-up 34',
    utcOffset: 0,
    _id: new ObjectId("696c72efcc4c6d6236701fd4")
  }
]
Load Complete:
	 treatments:35
data loaded: reloading sandbox data and updating plugins
got data-received event, requesting reload
REST API treatment created [
  {
    eventType: 'Correction Bolus',
    insulin: 0.23748625926333589,
    isSMB: true,
    pumpId: 10035,
    pumpType: 'ACCU_CHEK_INSIGHT_BLUETOOTH',
    pumpSerial: '33013206',
    created_at: '2026-01-18T08:38:10.977Z',
    notes: 'AAPS sync catch-up 35',
    utcOffset: 0,
    _id: new ObjectId("696c72efcc4c6d6236701fe4")
  }
]
Load Complete:
	 treatments:36
data loaded: reloading sandbox data and updating plugins
got data-received event, requesting reload
REST API treatment created [
  {
    eventType: 'Correction Bolus',
    insulin: 0.27138373854361514,
    isSMB: true,
    pumpId: 10036,
    pumpType: 'ACCU_CHEK_INSIGHT_BLUETOOTH',
    pumpSerial: '33013206',
    created_at: '2026-01-18T08:43:10.977Z',
    notes: 'AAPS sync catch-up 36',
    utcOffset: 0,
    _id: new ObjectId("696c72efcc4c6d6236701ff4")
  }
]
Load Complete:
	 treatments:37
data loaded: reloading sandbox data and updating plugins
got data-received event, requesting reload
REST API treatment created [
  {
    eventType: 'Correction Bolus',
    insulin: 0.33602550874660086,
    isSMB: true,
    pumpId: 10037,
    pumpType: 'ACCU_CHEK_INSIGHT_BLUETOOTH',
    pumpSerial: '33013206',
    created_at: '2026-01-18T08:48:10.977Z',
    notes: 'AAPS sync catch-up 37',
    utcOffset: 0,
    _id: new ObjectId("696c72efcc4c6d6236702004")
  }
]
Load Complete:
	 treatments:38
data loaded: reloading sandbox data and updating plugins
got data-received event, requesting reload
REST API treatment created [
  {
    eventType: 'Correction Bolus',
    insulin: 0.10111279377580572,
    isSMB: true,
    pumpId: 10038,
    pumpType: 'ACCU_CHEK_INSIGHT_BLUETOOTH',
    pumpSerial: '33013206',
    created_at: '2026-01-18T08:53:10.977Z',
    notes: 'AAPS sync catch-up 38',
    utcOffset: 0,
    _id: new ObjectId("696c72efcc4c6d6236702014")
  }
]
Load Complete:
	 treatments:39
data loaded: reloading sandbox data and updating plugins
got data-received event, requesting reload
REST API treatment created [
  {
    eventType: 'Correction Bolus',
    insulin: 0.2713388908773382,
    isSMB: true,
    pumpId: 10039,
    pumpType: 'ACCU_CHEK_INSIGHT_BLUETOOTH',
    pumpSerial: '33013206',
    created_at: '2026-01-18T08:58:10.977Z',
    notes: 'AAPS sync catch-up 39',
    utcOffset: 0,
    _id: new ObjectId("696c72efcc4c6d6236702024")
  }
]
Load Complete:
	 treatments:40
data loaded: reloading sandbox data and updating plugins
got data-received event, requesting reload
REST API treatment created [
  {
    eventType: 'Correction Bolus',
    insulin: 0.1477520681117211,
    isSMB: true,
    pumpId: 10040,
    pumpType: 'ACCU_CHEK_INSIGHT_BLUETOOTH',
    pumpSerial: '33013206',
    created_at: '2026-01-18T09:03:10.977Z',
    notes: 'AAPS sync catch-up 40',
    utcOffset: 0,
    _id: new ObjectId("696c72efcc4c6d6236702034")
  }
]
Load Complete:
	 treatments:41
data loaded: reloading sandbox data and updating plugins
got data-received event, requesting reload
REST API treatment created [
  {
    eventType: 'Correction Bolus',
    insulin: 0.3159183966168355,
    isSMB: true,
    pumpId: 10041,
    pumpType: 'ACCU_CHEK_INSIGHT_BLUETOOTH',
    pumpSerial: '33013206',
    created_at: '2026-01-18T09:08:10.977Z',
    notes: 'AAPS sync catch-up 41',
    utcOffset: 0,
    _id: new ObjectId("696c72efcc4c6d6236702044")
  }
]
Load Complete:
	 treatments:42
data loaded: reloading sandbox data and updating plugins
got data-received event, requesting reload
REST API treatment created [
  {
    eventType: 'Correction Bolus',
    insulin: 0.37850032570029024,
    isSMB: true,
    pumpId: 10042,
    pumpType: 'ACCU_CHEK_INSIGHT_BLUETOOTH',
    pumpSerial: '33013206',
    created_at: '2026-01-18T09:13:10.977Z',
    notes: 'AAPS sync catch-up 42',
    utcOffset: 0,
    _id: new ObjectId("696c72efcc4c6d6236702054")
  }
]
Load Complete:
	 treatments:43
data loaded: reloading sandbox data and updating plugins
got data-received event, requesting reload
REST API treatment created [
  {
    eventType: 'Correction Bolus',
    insulin: 0.34667428244315157,
    isSMB: true,
    pumpId: 10043,
    pumpType: 'ACCU_CHEK_INSIGHT_BLUETOOTH',
    pumpSerial: '33013206',
    created_at: '2026-01-18T09:18:10.977Z',
    notes: 'AAPS sync catch-up 43',
    utcOffset: 0,
    _id: new ObjectId("696c72efcc4c6d6236702064")
  }
]
Load Complete:
	 treatments:44
data loaded: reloading sandbox data and updating plugins
got data-received event, requesting reload
REST API treatment created [
  {
    eventType: 'Correction Bolus',
    insulin: 0.28008486565917795,
    isSMB: true,
    pumpId: 10044,
    pumpType: 'ACCU_CHEK_INSIGHT_BLUETOOTH',
    pumpSerial: '33013206',
    created_at: '2026-01-18T09:23:10.977Z',
    notes: 'AAPS sync catch-up 44',
    utcOffset: 0,
    _id: new ObjectId("696c72efcc4c6d6236702074")
  }
]
Load Complete:
	 treatments:45
data loaded: reloading sandbox data and updating plugins
got data-received event, requesting reload
REST API treatment created [
  {
    eventType: 'Correction Bolus',
    insulin: 0.2738569978353883,
    isSMB: true,
    pumpId: 10045,
    pumpType: 'ACCU_CHEK_INSIGHT_BLUETOOTH',
    pumpSerial: '33013206',
    created_at: '2026-01-18T09:28:10.977Z',
    notes: 'AAPS sync catch-up 45',
    utcOffset: 0,
    _id: new ObjectId("696c72efcc4c6d6236702084")
  }
]
Load Complete:
	 treatments:46
data loaded: reloading sandbox data and updating plugins
got data-received event, requesting reload
REST API treatment created [
  {
    eventType: 'Correction Bolus',
    insulin: 0.46088995840226044,
    isSMB: true,
    pumpId: 10046,
    pumpType: 'ACCU_CHEK_INSIGHT_BLUETOOTH',
    pumpSerial: '33013206',
    created_at: '2026-01-18T09:33:10.977Z',
    notes: 'AAPS sync catch-up 46',
    utcOffset: 0,
    _id: new ObjectId("696c72efcc4c6d6236702094")
  }
]
Load Complete:
	 treatments:47
data loaded: reloading sandbox data and updating plugins
got data-received event, requesting reload
REST API treatment created [
  {
    eventType: 'Correction Bolus',
    insulin: 0.13558257212358502,
    isSMB: true,
    pumpId: 10047,
    pumpType: 'ACCU_CHEK_INSIGHT_BLUETOOTH',
    pumpSerial: '33013206',
    created_at: '2026-01-18T09:38:10.977Z',
    notes: 'AAPS sync catch-up 47',
    utcOffset: 0,
    _id: new ObjectId("696c72efcc4c6d62367020a4")
  }
]
Load Complete:
	 treatments:48
data loaded: reloading sandbox data and updating plugins
got data-received event, requesting reload
REST API treatment created [
  {
    eventType: 'Correction Bolus',
    insulin: 0.3892491000027981,
    isSMB: true,
    pumpId: 10048,
    pumpType: 'ACCU_CHEK_INSIGHT_BLUETOOTH',
    pumpSerial: '33013206',
    created_at: '2026-01-18T09:43:10.977Z',
    notes: 'AAPS sync catch-up 48',
    utcOffset: 0,
    _id: new ObjectId("696c72efcc4c6d62367020b4")
  }
]
Load Complete:
	 treatments:49
data loaded: reloading sandbox data and updating plugins
got data-received event, requesting reload
REST API treatment created [
  {
    eventType: 'Correction Bolus',
    insulin: 0.4630813731843685,
    isSMB: true,
    pumpId: 10049,
    pumpType: 'ACCU_CHEK_INSIGHT_BLUETOOTH',
    pumpSerial: '33013206',
    created_at: '2026-01-18T09:48:10.977Z',
    notes: 'AAPS sync catch-up 49',
    utcOffset: 0,
    _id: new ObjectId("696c72efcc4c6d62367020c4")
  }
]
Load Complete:
	 treatments:50
data loaded: reloading sandbox data and updating plugins
ok 347 Concurrent Write Tests - MongoDB 5.x Compatibility AAPS Sync Catch-up Simulation handles 50 rapid sequential SMB-style POSTs (AAPS offline recovery simulation)
got data-received event, requesting reload
Load Complete:
	 
data loaded: reloading sandbox data and updating plugins
got data-received event, requesting reload
Load Complete:
	 
data loaded: reloading sandbox data and updating plugins
got data-received event, requesting reload
Load Complete:
	 sgvs:1
data loaded: reloading sandbox data and updating plugins
got data-received event, requesting reload
got data-received event, requesting reload
Load Complete:
	 sgvs:2
data loaded: reloading sandbox data and updating plugins
got data-received event, requesting reload
Load Complete:
	 sgvs:3
data loaded: reloading sandbox data and updating plugins
got data-received event, requesting reload
Load Complete:
	 sgvs:4
data loaded: reloading sandbox data and updating plugins
Load Complete:
	 sgvs:5
data loaded: reloading sandbox data and updating plugins
got data-received event, requesting reload
got data-received event, requesting reload
Load Complete:
	 sgvs:7
data loaded: reloading sandbox data and updating plugins
Load Complete:
	 sgvs:7
data loaded: reloading sandbox data and updating plugins
got data-received event, requesting reload
got data-received event, requesting reload
Load Complete:
	 sgvs:9
data loaded: reloading sandbox data and updating plugins
Load Complete:
	 sgvs:9
data loaded: reloading sandbox data and updating plugins
got data-received event, requesting reload
got data-received event, requesting reload
Load Complete:
	 sgvs:11
data loaded: reloading sandbox data and updating plugins
Load Complete:
	 sgvs:11
data loaded: reloading sandbox data and updating plugins
got data-received event, requesting reload
got data-received event, requesting reload
Load Complete:
	 sgvs:13
data loaded: reloading sandbox data and updating plugins
Load Complete:
	 sgvs:13
data loaded: reloading sandbox data and updating plugins
got data-received event, requesting reload
Load Complete:
	 sgvs:14
data loaded: reloading sandbox data and updating plugins
got data-received event, requesting reload
got data-received event, requesting reload
Load Complete:
	 sgvs:16
data loaded: reloading sandbox data and updating plugins
got data-received event, requesting reload
Load Complete:
	 sgvs:16
data loaded: reloading sandbox data and updating plugins
got data-received event, requesting reload
Load Complete:
	 sgvs:17
data loaded: reloading sandbox data and updating plugins
got data-received event, requesting reload
Load Complete:
	 sgvs:18
data loaded: reloading sandbox data and updating plugins
got data-received event, requesting reload
Load Complete:
	 sgvs:19
data loaded: reloading sandbox data and updating plugins
got data-received event, requesting reload
Load Complete:
	 sgvs:20
data loaded: reloading sandbox data and updating plugins
got data-received event, requesting reload
got data-received event, requesting reload
Load Complete:
	 sgvs:21
data loaded: reloading sandbox data and updating plugins
got data-received event, requesting reload
Load Complete:
	 sgvs:23
data loaded: reloading sandbox data and updating plugins
Load Complete:
	 sgvs:23
data loaded: reloading sandbox data and updating plugins
got data-received event, requesting reload
Load Complete:
	 sgvs:24
data loaded: reloading sandbox data and updating plugins
got data-received event, requesting reload
got data-received event, requesting reload
Load Complete:
	 sgvs:25
data loaded: reloading sandbox data and updating plugins
got data-received event, requesting reload
Load Complete:
	 sgvs:27
data loaded: reloading sandbox data and updating plugins
Load Complete:
	 sgvs:27
data loaded: reloading sandbox data and updating plugins
got data-received event, requesting reload
got data-received event, requesting reload
Load Complete:
	 sgvs:28
data loaded: reloading sandbox data and updating plugins
Load Complete:
	 sgvs:30
data loaded: reloading sandbox data and updating plugins
got data-received event, requesting reload
Load Complete:
	 sgvs:30
data loaded: reloading sandbox data and updating plugins
got data-received event, requesting reload
got data-received event, requesting reload
got data-received event, requesting reload
Load Complete:
	 sgvs:34
data loaded: reloading sandbox data and updating plugins
Load Complete:
	 sgvs:34
data loaded: reloading sandbox data and updating plugins
got data-received event, requesting reload
got data-received event, requesting reload
Load Complete:
	 sgvs:34
data loaded: reloading sandbox data and updating plugins
Load Complete:
	 sgvs:34
data loaded: reloading sandbox data and updating plugins
got data-received event, requesting reload
got data-received event, requesting reload
got data-received event, requesting reload
Load Complete:
	 sgvs:36
data loaded: reloading sandbox data and updating plugins
Load Complete:
	 sgvs:36
data loaded: reloading sandbox data and updating plugins
got data-received event, requesting reload
got data-received event, requesting reload
Load Complete:
	 sgvs:39
data loaded: reloading sandbox data and updating plugins
Load Complete:
	 sgvs:39
data loaded: reloading sandbox data and updating plugins
Load Complete:
	 sgvs:39
data loaded: reloading sandbox data and updating plugins
got data-received event, requesting reload
got data-received event, requesting reload
got data-received event, requesting reload
Load Complete:
	 sgvs:41
data loaded: reloading sandbox data and updating plugins
Load Complete:
	 sgvs:41
data loaded: reloading sandbox data and updating plugins
got data-received event, requesting reload
got data-received event, requesting reload
got data-received event, requesting reload
Load Complete:
	 sgvs:44
data loaded: reloading sandbox data and updating plugins
Load Complete:
	 sgvs:44
data loaded: reloading sandbox data and updating plugins
Load Complete:
	 sgvs:44
data loaded: reloading sandbox data and updating plugins
got data-received event, requesting reload
got data-received event, requesting reload
got data-received event, requesting reload
Load Complete:
	 sgvs:47
data loaded: reloading sandbox data and updating plugins
Load Complete:
	 sgvs:47
data loaded: reloading sandbox data and updating plugins
Load Complete:
	 sgvs:50
data loaded: reloading sandbox data and updating plugins
got data-received event, requesting reload
got data-received event, requesting reload
got data-received event, requesting reload
got data-received event, requesting reload
Load Complete:
	 sgvs:50
data loaded: reloading sandbox data and updating plugins
Load Complete:
	 sgvs:50
data loaded: reloading sandbox data and updating plugins
Load Complete:
	 sgvs:54
data loaded: reloading sandbox data and updating plugins
got data-received event, requesting reload
got data-received event, requesting reload
got data-received event, requesting reload
Load Complete:
	 sgvs:54
data loaded: reloading sandbox data and updating plugins
Load Complete:
	 sgvs:54
data loaded: reloading sandbox data and updating plugins
Load Complete:
	 sgvs:54
data loaded: reloading sandbox data and updating plugins
Load Complete:
	 sgvs:57
data loaded: reloading sandbox data and updating plugins
Load Complete:
	 sgvs:57
data loaded: reloading sandbox data and updating plugins
Load Complete:
	 sgvs:57
data loaded: reloading sandbox data and updating plugins
got data-received event, requesting reload
got data-received event, requesting reload
got data-received event, requesting reload
got data-received event, requesting reload
got data-received event, requesting reload
Load Complete:
	 sgvs:57
data loaded: reloading sandbox data and updating plugins
Load Complete:
	 sgvs:62
data loaded: reloading sandbox data and updating plugins
Load Complete:
	 sgvs:62
data loaded: reloading sandbox data and updating plugins
Load Complete:
	 sgvs:62
data loaded: reloading sandbox data and updating plugins
got data-received event, requesting reload
got data-received event, requesting reload
Load Complete:
	 sgvs:62
data loaded: reloading sandbox data and updating plugins
got data-received event, requesting reload
got data-received event, requesting reload
got data-received event, requesting reload
got data-received event, requesting reload
got data-received event, requesting reload
Load Complete:
	 sgvs:69
data loaded: reloading sandbox data and updating plugins
Load Complete:
	 sgvs:69
data loaded: reloading sandbox data and updating plugins
got data-received event, requesting reload
got data-received event, requesting reload
got data-received event, requesting reload
got data-received event, requesting reload
got data-received event, requesting reload
got data-received event, requesting reload
Load Complete:
	 sgvs:75
data loaded: reloading sandbox data and updating plugins
Load Complete:
	 sgvs:75
data loaded: reloading sandbox data and updating plugins
Load Complete:
	 sgvs:75
data loaded: reloading sandbox data and updating plugins
Load Complete:
	 sgvs:75
data loaded: reloading sandbox data and updating plugins
Load Complete:
	 sgvs:75
data loaded: reloading sandbox data and updating plugins
Load Complete:
	 sgvs:75
data loaded: reloading sandbox data and updating plugins
Load Complete:
	 sgvs:75
data loaded: reloading sandbox data and updating plugins
Load Complete:
	 sgvs:75
data loaded: reloading sandbox data and updating plugins
Load Complete:
	 sgvs:75
data loaded: reloading sandbox data and updating plugins
Load Complete:
	 sgvs:75
data loaded: reloading sandbox data and updating plugins
Load Complete:
	 sgvs:75
data loaded: reloading sandbox data and updating plugins
got data-received event, requesting reload
got data-received event, requesting reload
got data-received event, requesting reload
got data-received event, requesting reload
got data-received event, requesting reload
got data-received event, requesting reload
got data-received event, requesting reload
got data-received event, requesting reload
got data-received event, requesting reload
got data-received event, requesting reload
got data-received event, requesting reload
got data-received event, requesting reload
got data-received event, requesting reload
got data-received event, requesting reload
got data-received event, requesting reload
got data-received event, requesting reload
got data-received event, requesting reload
got data-received event, requesting reload
got data-received event, requesting reload
Load Complete:
	 sgvs:94
data loaded: reloading sandbox data and updating plugins
Load Complete:
	 sgvs:94
data loaded: reloading sandbox data and updating plugins
Load Complete:
	 sgvs:94
data loaded: reloading sandbox data and updating plugins
Load Complete:
	 sgvs:94
data loaded: reloading sandbox data and updating plugins
Load Complete:
	 sgvs:94
data loaded: reloading sandbox data and updating plugins
Load Complete:
	 sgvs:94
data loaded: reloading sandbox data and updating plugins
Load Complete:
	 sgvs:94
data loaded: reloading sandbox data and updating plugins
Load Complete:
	 sgvs:94
data loaded: reloading sandbox data and updating plugins
Load Complete:
	 sgvs:94
data loaded: reloading sandbox data and updating plugins
Load Complete:
	 sgvs:94
data loaded: reloading sandbox data and updating plugins
Load Complete:
	 sgvs:94
data loaded: reloading sandbox data and updating plugins
Load Complete:
	 sgvs:94
data loaded: reloading sandbox data and updating plugins
Load Complete:
	 sgvs:94
data loaded: reloading sandbox data and updating plugins
Load Complete:
	 sgvs:94
data loaded: reloading sandbox data and updating plugins
Load Complete:
	 sgvs:94
data loaded: reloading sandbox data and updating plugins
Load Complete:
	 sgvs:94
data loaded: reloading sandbox data and updating plugins
Load Complete:
	 sgvs:94
data loaded: reloading sandbox data and updating plugins
Load Complete:
	 sgvs:94
data loaded: reloading sandbox data and updating plugins
Load Complete:
	 sgvs:94
data loaded: reloading sandbox data and updating plugins
got data-received event, requesting reload
got data-received event, requesting reload
got data-received event, requesting reload
got data-received event, requesting reload
got data-received event, requesting reload
got data-received event, requesting reload
Load Complete:
	 sgvs:100
data loaded: reloading sandbox data and updating plugins
Load Complete:
	 sgvs:100
data loaded: reloading sandbox data and updating plugins
Load Complete:
	 sgvs:100
data loaded: reloading sandbox data and updating plugins
Load Complete:
	 sgvs:100
data loaded: reloading sandbox data and updating plugins
Load Complete:
	 sgvs:100
data loaded: reloading sandbox data and updating plugins
Load Complete:
	 sgvs:100
data loaded: reloading sandbox data and updating plugins
ok 348 Concurrent Write Tests - MongoDB 5.x Compatibility AAPS Sync Catch-up Simulation handles 100 rapid sequential SGV-style POSTs to entries
got data-received event, requesting reload
Load Complete:
	 sgvs:100
data loaded: reloading sandbox data and updating plugins
Load Complete:
	 sgvs:100
data loaded: reloading sandbox data and updating plugins
got data-received event, requesting reload
Load Complete:
	 sgvs:100
data loaded: reloading sandbox data and updating plugins
got data-received event, requesting reload
REST API treatment created [
  {
    eventType: 'Correction Bolus',
    insulin: 0.2,
    created_at: '2026-01-18T05:43:11.660Z',
    notes: 'cross-collection treatment 0',
    utcOffset: 0,
    _id: new ObjectId("696c72efcc4c6d623670275f")
  }
]
got data-received event, requesting reload
got data-received event, requesting reload
got data-received event, requesting reload
REST API treatment created [
  {
    eventType: 'Correction Bolus',
    insulin: 0.2,
    created_at: '2026-01-18T05:44:11.660Z',
    notes: 'cross-collection treatment 1',
    utcOffset: 0,
    _id: new ObjectId("696c72efcc4c6d6236702764")
  }
]
got data-received event, requesting reload
got data-received event, requesting reload
got data-received event, requesting reload
REST API treatment created [
  {
    eventType: 'Correction Bolus',
    insulin: 0.2,
    created_at: '2026-01-18T05:45:11.660Z',
    notes: 'cross-collection treatment 2',
    utcOffset: 0,
    _id: new ObjectId("696c72efcc4c6d623670276a")
  }
]
got data-received event, requesting reload
got data-received event, requesting reload
got data-received event, requesting reload
REST API treatment created [
  {
    eventType: 'Correction Bolus',
    insulin: 0.2,
    created_at: '2026-01-18T05:46:11.660Z',
    notes: 'cross-collection treatment 3',
    utcOffset: 0,
    _id: new ObjectId("696c72efcc4c6d6236702771")
  }
]
got data-received event, requesting reload
got data-received event, requesting reload
got data-received event, requesting reload
REST API treatment created [
  {
    eventType: 'Correction Bolus',
    insulin: 0.2,
    created_at: '2026-01-18T05:47:11.660Z',
    notes: 'cross-collection treatment 4',
    utcOffset: 0,
    _id: new ObjectId("696c72efcc4c6d6236702777")
  }
]
got data-received event, requesting reload
got data-received event, requesting reload
got data-received event, requesting reload
REST API treatment created [
  {
    eventType: 'Correction Bolus',
    insulin: 0.2,
    created_at: '2026-01-18T05:48:11.660Z',
    notes: 'cross-collection treatment 5',
    utcOffset: 0,
    _id: new ObjectId("696c72efcc4c6d623670277c")
  }
]
got data-received event, requesting reload
got data-received event, requesting reload
got data-received event, requesting reload
REST API treatment created [
  {
    eventType: 'Correction Bolus',
    insulin: 0.2,
    created_at: '2026-01-18T05:49:11.660Z',
    notes: 'cross-collection treatment 6',
    utcOffset: 0,
    _id: new ObjectId("696c72efcc4c6d6236702781")
  }
]
got data-received event, requesting reload
got data-received event, requesting reload
got data-received event, requesting reload
REST API treatment created [
  {
    eventType: 'Correction Bolus',
    insulin: 0.2,
    created_at: '2026-01-18T05:50:11.660Z',
    notes: 'cross-collection treatment 7',
    utcOffset: 0,
    _id: new ObjectId("696c72efcc4c6d6236702787")
  }
]
got data-received event, requesting reload
got data-received event, requesting reload
got data-received event, requesting reload
REST API treatment created [
  {
    eventType: 'Correction Bolus',
    insulin: 0.2,
    created_at: '2026-01-18T05:51:11.660Z',
    notes: 'cross-collection treatment 8',
    utcOffset: 0,
    _id: new ObjectId("696c72efcc4c6d623670278c")
  }
]
got data-received event, requesting reload
got data-received event, requesting reload
got data-received event, requesting reload
REST API treatment created [
  {
    eventType: 'Correction Bolus',
    insulin: 0.2,
    created_at: '2026-01-18T05:52:11.660Z',
    notes: 'cross-collection treatment 9',
    utcOffset: 0,
    _id: new ObjectId("696c72efcc4c6d6236702792")
  }
]
got data-received event, requesting reload
got data-received event, requesting reload
ok 349 Concurrent Write Tests - MongoDB 5.x Compatibility AAPS Sync Catch-up Simulation handles concurrent cross-collection sync (treatments + entries + devicestatus)
Load Complete:
	 sgvs:110, treatments:10, devicestatus:10
data loaded: reloading sandbox data and updating plugins
Load Complete:
	 sgvs:110, treatments:10, devicestatus:10
data loaded: reloading sandbox data and updating plugins
Load Complete:
	 sgvs:110, treatments:10, devicestatus:10
data loaded: reloading sandbox data and updating plugins
Load Complete:
	 sgvs:110, treatments:10, devicestatus:10
data loaded: reloading sandbox data and updating plugins
Load Complete:
	 sgvs:110, treatments:10, devicestatus:10
data loaded: reloading sandbox data and updating plugins
Load Complete:
	 sgvs:110, treatments:10, devicestatus:10
data loaded: reloading sandbox data and updating plugins
Load Complete:
	 sgvs:110, treatments:10, devicestatus:10
data loaded: reloading sandbox data and updating plugins
Load Complete:
	 sgvs:110, treatments:10, devicestatus:10
data loaded: reloading sandbox data and updating plugins
Load Complete:
	 sgvs:110, treatments:10, devicestatus:10
data loaded: reloading sandbox data and updating plugins
Load Complete:
	 sgvs:110, treatments:10, devicestatus:10
data loaded: reloading sandbox data and updating plugins
Load Complete:
	 sgvs:110, treatments:10, devicestatus:10
data loaded: reloading sandbox data and updating plugins
Load Complete:
	 sgvs:110, treatments:10, devicestatus:10
data loaded: reloading sandbox data and updating plugins
got data-received event, requesting reload
Load Complete:
	 sgvs:110
data loaded: reloading sandbox data and updating plugins
Load Complete:
	 sgvs:110
data loaded: reloading sandbox data and updating plugins
Load Complete:
	 sgvs:110
data loaded: reloading sandbox data and updating plugins
Load Complete:
	 sgvs:110
data loaded: reloading sandbox data and updating plugins
Load Complete:
	 sgvs:110
data loaded: reloading sandbox data and updating plugins
Load Complete:
	 sgvs:110
data loaded: reloading sandbox data and updating plugins
Load Complete:
	 sgvs:110
data loaded: reloading sandbox data and updating plugins
Load Complete:
	 sgvs:110
data loaded: reloading sandbox data and updating plugins
Load Complete:
	 sgvs:110
data loaded: reloading sandbox data and updating plugins
Load Complete:
	 sgvs:110
data loaded: reloading sandbox data and updating plugins
Load Complete:
	 sgvs:110
data loaded: reloading sandbox data and updating plugins
Load Complete:
	 sgvs:110
data loaded: reloading sandbox data and updating plugins
Load Complete:
	 sgvs:110
data loaded: reloading sandbox data and updating plugins
Load Complete:
	 sgvs:110
data loaded: reloading sandbox data and updating plugins
Load Complete:
	 sgvs:110
data loaded: reloading sandbox data and updating plugins
Load Complete:
	 sgvs:110
data loaded: reloading sandbox data and updating plugins
Load Complete:
	 sgvs:110
data loaded: reloading sandbox data and updating plugins
Load Complete:
	 sgvs:110, devicestatus:10
data loaded: reloading sandbox data and updating plugins
Initiating server teardown
Load Complete:
	 sgvs:110, devicestatus:10
data loaded: reloading sandbox data and updating plugins
ok 350 Data should return original data if there are no changes
ok 351 Data adding one sgv record should return delta with one sgv
ok 352 Data should update sgv if changed
ok 353 Data adding one treatment record should return delta with one treatment
ok 354 Data changes to treatments, mbgs and cals should be calculated even if sgvs is not changed
ok 355 Data delta should include profile
ok 356 Data update treatment display BGs
ok 357 Database Size display database size in range
ok 358 Database Size display database size warning
ok 359 Database Size display database size urgent
ok 360 Database Size display database size warning notiffication
ok 361 Database Size display database size urgent notiffication
ok 362 Database Size set a pill to the database size in percent
ok 363 Database Size set a pill to the database size in MiB
ok 364 Database Size configure warn level percentage
ok 365 Database Size configure urgent level percentage
ok 366 Database Size hide the pill if there is no info regarding database size
ok 367 Database Size should handle virtAsst requests
ok 368 ddata should be a module
ok 369 ddata has clone( )
ok 370 BG direction set the direction property - Flat
ok 371 BG direction set the direction property Double Up
ok 372 BG direction set a pill to the direction
ok 373 BG direction get the info for a direction
ok 374 env show the right plugins
ok 375 env get extended settings
ok 376 env add pushover to enable if one of the env vars is set
ok 377 env add pushover to enable if one of the weird azure env vars is set
ok 378 env readENVTruthy 
ok 379 env DISPLAY_UNITS mmol mmol => mmol
ok 380 env DISPLAY_UNITS mmol mmol/l => mmol
ok 381 env DISPLAY_UNITS mmol mmol/L => mmol
ok 382 env DISPLAY_UNITS mmol MMOL => mmol
ok 383 env DISPLAY_UNITS mg/dl mg/dl => mg/dl
ok 384 env DISPLAY_UNITS mg/dl mg/dL => mg/dl
ok 385 env DISPLAY_UNITS mg/dl MG/DL => mg/dl
ok 386 env DISPLAY_UNITS mg/dl mgdl => mg/dl
ok 387 env DISPLAY_UNITS default: mg/dl <random> => mg/dl
ok 388 env DISPLAY_UNITS default: mg/dl <null> => mg/dl
ok 389 errorcodes Not trigger an alarm when in range
ok 390 errorcodes should trigger a urgent alarm when ???
ok 391 errorcodes should trigger a urgent alarm when hourglass
ok 392 errorcodes should trigger a low notification when needing calibration
ok 393 errorcodes should trigger a low notification when code < 9
ok 394 errorcodes convert a code to display
ok 395 errorcodes have default code to level mappings
ok 396 errorcodes allow config of custom code to level mappings
ok 397 Express extension middleware Valid json request should be given accept header for application/json
ok 398 Express extension middleware Invalid json request should NOT be given accept header
ok 399 fail should not fail
Headless init
Entering setup 0
Setting up benv 0
Nightscout bundle ready
Bundle loaded 30
HTML set 71
Benv expose 71
language is en
Application appears to be online
Client connected to server.
Authorizing socket
ok 400 hashauth should make module unauthorized
Headless init
Entering setup 0
Setting up benv 0
Nightscout bundle ready
Bundle loaded 29
HTML set 61
Benv expose 61
language is en
Application appears to be online
Client connected to server.
Authorizing socket
ok 401 hashauth should make module authorized
Headless init
Entering setup 0
Setting up benv 0
Nightscout bundle ready
Bundle loaded 31
HTML set 60
Benv expose 60
language is en
Application appears to be online
Client connected to server.
Authorizing socket
ok 402 hashauth should store hash and the remove authentication
Headless init
Entering setup 0
Setting up benv 0
Nightscout bundle ready
Bundle loaded 29
HTML set 57
Benv expose 57
language is en
Application appears to be online
Client connected to server.
Authorizing socket
ok 403 hashauth should not store hash
Headless init
Entering setup 0
Setting up benv 0
Nightscout bundle ready
Bundle loaded 30
HTML set 55
Benv expose 55
language is en
Application appears to be online
Authentication passed.
Client connected to server.
Authorizing socket
ok 404 hashauth should report secret too short
ok 405 insulinage set a pill to the current insulin age
ok 406 insulinage set a pill to the current insulin age
ok 407 insulinage trigger a warning when insulin is 48 hours old
ok 408 IOB should handle virtAsst requests
Profile not updated yet. Converted profile: {
  defaultProfile: 'Default',
  store: { Default: { dia: 3, sens: 0 } },
  startDate: '1980-01-01',
  _id: undefined,
  convertedOnTheFly: true
}
ok 409 IOB from treatments should calculate IOB
ok 410 IOB from treatments should calculate IOB using defaults
ok 411 IOB from treatments should not show a negative IOB when approaching 0
Profile not updated yet. Converted profile: {
  defaultProfile: 'Default',
  store: { Default: { dia: 4, sens: 0 } },
  startDate: '1980-01-01',
  _id: undefined,
  convertedOnTheFly: true
}
ok 412 IOB from treatments should calculate IOB using a 4 hour duration
ok 413 IOB from devicestatus should fall back to treatment data if no devicestatus data
ok 414 IOB from devicestatus should fall back to treatments if openaps devicestatus is present but empty
ok 415 IOB from devicestatus should fall back to treatments if openaps devicestatus is present but too stale
ok 416 IOB from devicestatus should return IOB data from openaps
ok 417 IOB from devicestatus should not blow up with null IOB data from openaps
ok 418 IOB from devicestatus should return IOB data from openaps post AMA (an array)
ok 419 IOB from devicestatus should return IOB data from Loop
ok 420 IOB from devicestatus should return IOB data from openaps from multiple devices
ok 421 IOB from devicestatus should return IOB data from MiniMed Connect
ok 422 language use English by default
ok 423 language replace strings in translations
ok 424 language translate to French
ok 425 language translate to Czech
ok 426 language translate to Czech uppercase
ok 427 levels have levels
ok 428 levels convert to display
ok 429 levels convert to lowercase
 Prefs: { warn: 30, urgent: 60, enableAlerts: undefined }
ok 430 loop should set the property and update the pill and add forecast points
ok 431 loop should show errors
ok 432 loop should check the recieved flag to see if it was received
ok 433 loop should generate an alert for a stuck loop
{"enacted":{"timestamp":"2016-08-13T20:09:15Z","rate":0.875,"duration":30,"received":true,"moment":"2016-08-13T20:09:15.000Z"},"version":"0.9.1","recommendedBolus":0,"timestamp":"2016-08-13T20:09:15Z","predicted":{"startDate":"2016-08-13T20:03:47Z","values":[149,149,148,148,147,147]},"iob":{"timestamp":"2016-08-13T20:05:00Z","iob":0.1733152537837709},"name":"Loop","moment":"2016-08-13T20:09:15.000Z"}
ok 434 loop should handle virtAsst requests
ok 435 maker turn values to a query
ok 436 maker send a request
ok 437 maker not send a request without a name
ok 438 maker not send a request without a level
ok 439 maker send a allclear, but only once
ok 440 multi announcement maker send 2 requests for the 2 keys
ok 441 mmconnect init() should create a runner if env vars are present
MiniMed Connect not enabled
MiniMed Connect not enabled
MiniMed Connect not enabled
MiniMed Connect not enabled
ok 442 mmconnect init() should not create a runner if any env vars are absent
ok 443 mmconnect getOptions() should set the carelink client config from env
ok 444 mmconnect rawDataEntry() should generate a "carelink_raw" entry with sgs truncated and PII redacted
ok 445 mongo storage The module should be OK.
Reusing MongoDB connection handler
Reusing MongoDB connection handler
ok 446 mongo storage After initializing the storage class it should re-use the open connection
ok 447 mongo storage When no connection-string is given the storage-class should throw an error.
Setting up new connection to MongoDB
We have failed, this is good!
ok 448 mongo storage An invalid connection-string should throw an error.
API_SECRET has 159 bits of entropy
resetting notifications state for tests
2026-01-18T05:43:12.267Z	EMITTING ALARM:
  {"level":"Warning","title":"test","message":"testing","group":"default","plugin":"examplePlugin"}
got api ack, level:  1 , time:  undefined , query:  { level: '1' }
ok 449 Notifications API ack notifications
2026-01-18T05:43:12.268Z	EMITTING ALL CLEAR:
  {"level":"Unknown","title":"All Clear","message":"default - Warning was ack'd","group":"default","plugin":"<none>"}
got api ack, level:  1 , time:  undefined , query:  { level: '1' }
Alarm has already been snoozed, don't snooze it again, level: 1 , group: default
ok 450 notifications initAndReInit
resetting notifications state for tests
ok 451 notifications emitAWarning
2026-01-18T05:43:12.269Z	EMITTING ALARM:
  {"level":"Warning","title":"test","message":"testing","group":"default","plugin":"examplePlugin"}
resetting notifications state for tests
ok 452 notifications emitAnInfo
2026-01-18T05:43:12.270Z	EMITTING NOTIFICATION:
  {"level":"Info","title":"test","message":"testing","group":"default","plugin":"examplePlugin"}
resetting notifications state for tests
2026-01-18T05:43:12.270Z	EMITTING ALARM:
  {"level":"Warning","title":"test","message":"testing","group":"default","plugin":"examplePlugin"}
auto acking 1  -  default
ok 453 notifications emitAllClear 1 time after alarm is auto acked
2026-01-18T05:43:12.270Z	EMITTING ALL CLEAR:
  {"level":"Unknown","title":"All Clear","message":"Auto ack'd alarm(s)","group":"default","plugin":"<none>"}
got alarm for tests:  Alarm {
  level: 1,
  group: 'default',
  label: 'Warning',
  silenceTime: 1,
  lastAckTime: 1768714992270
}
resetting notifications state for tests
2026-01-18T05:43:12.270Z	SNOOZING ALARM:
  {"level":"Warning","title":"test","message":"testing","group":"default","plugin":"examplePlugin"}
  BECAUSE:
    {"level":"Warning","title":"exampleSnooze","message":"exampleSnooze message","group":"default"}
2026-01-18T05:43:12.270Z	EMITTING ALL CLEAR:
  {"level":"Unknown","title":"All Clear","message":"default - Warning was ack'd","group":"default","plugin":"<none>"}
ok 454 notifications Can be snoozed
resetting notifications state for tests
2026-01-18T05:43:12.270Z	SNOOZING ALARM:
  {"level":"Warning","title":"test","message":"testing","group":"default","plugin":"examplePlugin"}
  BECAUSE:
    {"level":"Warning","title":"exampleSnooze","message":"exampleSnooze message","group":"default"}
2026-01-18T05:43:12.270Z	EMITTING ALL CLEAR:
  {"level":"Unknown","title":"All Clear","message":"default - Warning was ack'd","group":"default","plugin":"<none>"}
ok 455 notifications Can be snoozed by last snooze
resetting notifications state for tests
2026-01-18T05:43:12.270Z	EMITTING ALARM:
  {"level":"Urgent","title":"test","message":"testing","group":"default","plugin":"examplePlugin"}
ok 456 notifications Urgent alarms can't be snoozed by warn
resetting notifications state for tests
2026-01-18T05:43:12.270Z	SNOOZING ALARM:
  {"level":"Warning","title":"test","message":"testing","group":"default","plugin":"examplePlugin"}
  BECAUSE:
    {"level":"Urgent","title":"exampleSnoozeUrgent","message":"exampleSnoozeUrgent message","group":"default"}
2026-01-18T05:43:12.270Z	EMITTING ALL CLEAR:
  {"level":"Unknown","title":"All Clear","message":"default - Urgent was ack'd","group":"default","plugin":"<none>"}
ok 457 notifications Warnings can be snoozed by urgent
ok 458 openaps set the property and update the pill and add forecast points
ok 459 openaps check the recieved flag to see if it was received
ok 460 openaps generate an alert for a stuck loop
OpenAPS known offline, not checking for alerts
ok 461 openaps not generate an alert for a stuck loop, when there is an offline marker
ok 462 openaps should handle virtAsst requests
API_SECRET has 159 bits of entropy
++++++++++++++++++++++++++++++
Nightscout Executing startBoot
++++++++++++++++++++++++++++++
Executing checkNodeVersion
Node LTS version v14.21.3 is supported
Executing checkEnv
Executing augmentSettings
Executing checkSettings
Checking settings
Executing setupStorage
Reusing MongoDB connection handler
Mongo Storage system ready
Executing setupAuthorization
ensuring index for: auth_roles.name
ensuring index for: auth_subjects.name
Reloading auth data
Loading { sort: { name: 1 } }
Roles listed
Loading { sort: { name: 1 } }
Executing setupInternals
Pushover was NOT configured
Executing ensureIndexes
Ensuring indexes
ensuring index for: test_sgvs.date
ensuring index for: test_sgvs.type
ensuring index for: test_sgvs.sgv
ensuring index for: test_sgvs.mbg
ensuring index for: test_sgvs.sysTime
ensuring index for: test_sgvs.dateString
ensuring index for: test_sgvs.[object Object]
ensuring index for: treatments.created_at
ensuring index for: treatments.eventType
ensuring index for: treatments.insulin
ensuring index for: treatments.carbs
ensuring index for: treatments.glucose
ensuring index for: treatments.enteredBy
ensuring index for: treatments.boluscalc.foods._id
ensuring index for: treatments.notes
ensuring index for: treatments.NSCLIENT_ID
ensuring index for: treatments.percent
ensuring index for: treatments.absolute
ensuring index for: treatments.duration
ensuring index for: treatments.[object Object]
ensuring index for: devicestatus.created_at
ensuring index for: devicestatus.NSCLIENT_ID
ensuring index for: profile.startDate
ensuring index for: food.type
ensuring index for: food.position
ensuring index for: food.hidden
ensuring index for: activity.created_at
Executing setupListeners
Executing setupConnect
Skipping disabled nightscout-connect
Executing setupBridge
Dexcom bridge not enabled
Executing setupMMConnect
MiniMed Connect not enabled
Executing finishBoot
tick 2026-01-18T05:43:12.279Z
Load Complete:
	 sgvs:110, devicestatus:10
data loaded: reloading sandbox data and updating plugins
Profile not updated yet. Converted profile: {
  defaultProfile: 'Default',
  store: { Default: { dia: 4, sens: 70, carbratio: 15, carbs_hr: 30 } },
  startDate: '1980-01-01',
  _id: undefined,
  convertedOnTheFly: true
}
For the Basal plugin to function you need a basal profile
Info alarm is silenced for 30 minutes more
Profile not updated yet. Converted profile: {
  defaultProfile: 'Default',
  store: { Default: { dia: 4, sens: 70, carbratio: 15, carbs_hr: 30 } },
  startDate: '1980-01-01',
  _id: undefined,
  convertedOnTheFly: true
}
ok 463 Pebble Endpoint /pebble default(1) count
Profile not updated yet. Converted profile: {
  defaultProfile: 'Default',
  store: { Default: { dia: 4, sens: 70, carbratio: 15, carbs_hr: 30 } },
  startDate: '1980-01-01',
  _id: undefined,
  convertedOnTheFly: true
}
ok 464 Pebble Endpoint /pebble with mmol param
Profile not updated yet. Converted profile: {
  defaultProfile: 'Default',
  store: { Default: { dia: 4, sens: 70, carbratio: 15, carbs_hr: 30 } },
  startDate: '1980-01-01',
  _id: undefined,
  convertedOnTheFly: true
}
ok 465 Pebble Endpoint /pebble?count=2
Profile not updated yet. Converted profile: {
  defaultProfile: 'Default',
  store: { Default: { dia: 4, sens: 70, carbratio: 15, carbs_hr: 30 } },
  startDate: '1980-01-01',
  _id: undefined,
  convertedOnTheFly: true
}
ok 466 Pebble Endpoint /pebble without battery
Profile not updated yet. Converted profile: {
  defaultProfile: 'Default',
  store: { Default: { dia: 4, sens: 70, carbratio: 15, carbs_hr: 30 } },
  startDate: '1980-01-01',
  _id: undefined,
  convertedOnTheFly: true
}
ok 467 Pebble Endpoint /pebble with a negative battery
Profile not updated yet. Converted profile: {
  defaultProfile: 'Default',
  store: { Default: { dia: 4, sens: 70, carbratio: 15, carbs_hr: 30 } },
  startDate: '1980-01-01',
  _id: undefined,
  convertedOnTheFly: true
}
ok 468 Pebble Endpoint /pebble with a false battery
API_SECRET has 159 bits of entropy
++++++++++++++++++++++++++++++
Nightscout Executing startBoot
++++++++++++++++++++++++++++++
Executing checkNodeVersion
Node LTS version v14.21.3 is supported
Executing checkEnv
Executing augmentSettings
Executing checkSettings
Checking settings
Executing setupStorage
Reusing MongoDB connection handler
Mongo Storage system ready
Executing setupAuthorization
ensuring index for: auth_roles.name
ensuring index for: auth_subjects.name
Reloading auth data
Loading { sort: { name: 1 } }
Roles listed
Loading { sort: { name: 1 } }
Executing setupInternals
Pushover was NOT configured
Executing ensureIndexes
Ensuring indexes
ensuring index for: test_sgvs.date
ensuring index for: test_sgvs.type
ensuring index for: test_sgvs.sgv
ensuring index for: test_sgvs.mbg
ensuring index for: test_sgvs.sysTime
ensuring index for: test_sgvs.dateString
ensuring index for: test_sgvs.[object Object]
ensuring index for: treatments.created_at
ensuring index for: treatments.eventType
ensuring index for: treatments.insulin
ensuring index for: treatments.carbs
ensuring index for: treatments.glucose
ensuring index for: treatments.enteredBy
ensuring index for: treatments.boluscalc.foods._id
ensuring index for: treatments.notes
ensuring index for: treatments.NSCLIENT_ID
ensuring index for: treatments.percent
ensuring index for: treatments.absolute
ensuring index for: treatments.duration
ensuring index for: treatments.[object Object]
ensuring index for: devicestatus.created_at
ensuring index for: devicestatus.NSCLIENT_ID
ensuring index for: profile.startDate
ensuring index for: food.type
ensuring index for: food.position
ensuring index for: food.hidden
ensuring index for: activity.created_at
Executing setupListeners
Executing setupConnect
Skipping disabled nightscout-connect
Executing setupBridge
Dexcom bridge not enabled
Executing setupMMConnect
MiniMed Connect not enabled
Executing finishBoot
tick 2026-01-18T05:43:12.298Z
Load Complete:
	 sgvs:110, devicestatus:10
data loaded: reloading sandbox data and updating plugins
Profile not updated yet. Converted profile: {
  defaultProfile: 'Default',
  store: { Default: { dia: 4, sens: 70, carbratio: 15, carbs_hr: 30 } },
  startDate: '1980-01-01',
  _id: undefined,
  convertedOnTheFly: true
}
Profile not updated yet. Converted profile: {
  defaultProfile: 'Default',
  store: { Default: { dia: 4, sens: 70, carbratio: 15, carbs_hr: 30 } },
  startDate: '1980-01-01',
  _id: undefined,
  convertedOnTheFly: true
}
ok 469 Pebble Endpoint with Raw and IOB and COB /pebble
Profile not updated yet. Converted profile: {
  defaultProfile: 'Default',
  store: { Default: { dia: 4, sens: 70, carbratio: 15, carbs_hr: 30 } },
  startDate: '1980-01-01',
  _id: undefined,
  convertedOnTheFly: true
}
ok 470 Pebble Endpoint with Raw and IOB and COB /pebble with no treatments
Profile not updated yet. Converted profile: {
  defaultProfile: 'Default',
  store: { Default: { dia: 4, sens: 70, carbratio: 15, carbs_hr: 30 } },
  startDate: '1980-01-01',
  _id: undefined,
  convertedOnTheFly: true
}
ok 471 Pebble Endpoint with Raw and IOB and COB /pebble with IOB from devicestatus
Headless init
Entering setup 0
Setting up benv 0
Nightscout bundle ready
Bundle loaded 29
HTML set 53
Benv expose 53
ok 472 pluginbase does stuff
ok 473 Plugins should find client plugins, but not server only plugins
ok 474 Plugins should find sever plugins, but not client only plugins
ok 475 Profile should say it does not have data before it has data
ok 476 Profile should return undefined if asking for keys before init
ok 477 Profile should return undefined if asking for missing keys
ok 478 Profile should know what the DIA is with old style profiles
ok 479 Profile should know what the DIA is with old style profiles, with missing date argument
ok 480 Profile should know what the carbs_hr is with old style profiles
ok 481 Profile should know what the carbratio is with old style profiles
ok 482 Profile should know what the sensitivity is with old style profiles
ok 483 Profile should know what the low target is with old style profiles
ok 484 Profile should know what the high target is with old style profiles
Profile not updated yet. Converted profile: {
  defaultProfile: 'Default',
  store: {
    Default: {
      dia: 3,
      carbs_hr: 30,
      carbratio: 7,
      sens: 35,
      target_low: 95,
      target_high: 120
    }
  },
  startDate: '1980-01-01',
  _id: undefined,
  convertedOnTheFly: true
}
Profile not updated yet. Converted profile: {
  defaultProfile: 'Default',
  store: {
    Default: {
      dia: 3,
      carbs_hr: 30,
      carbratio: 7,
      sens: 35,
      target_low: 50,
      target_high: 120
    }
  },
  startDate: '1980-01-01',
  _id: undefined,
  convertedOnTheFly: true
}
ok 485 Profile should know how to reload data and still know what the low target is with old style profiles
ok 486 Profile should return profile units when configured
Moment Timezone has no data for Coordinated Universal Time. See http://momentjs.com/timezone/docs/#/data-loading/.
ok 487 Profile should know what the basal rate is at 12:00 with complex style profiles
Moment Timezone has no data for Coordinated Universal Time. See http://momentjs.com/timezone/docs/#/data-loading/.
ok 488 Profile should know what the basal rate is at 15:00 with complex style profiles
Moment Timezone has no data for Coordinated Universal Time. See http://momentjs.com/timezone/docs/#/data-loading/.
ok 489 Profile should know what the carbratio is at 12:00 with complex style profiles
Moment Timezone has no data for Coordinated Universal Time. See http://momentjs.com/timezone/docs/#/data-loading/.
ok 490 Profile should know what the sensitivity is at 12:00 with complex style profiles
ok 491 Profile should return profile units when configured
Moment Timezone has no data for Coordinated Universal Time. See http://momentjs.com/timezone/docs/#/data-loading/.
ok 492 Profile should know what the basal rate is at 12:00 with multiple profiles
Moment Timezone has no data for Coordinated Universal Time. See http://momentjs.com/timezone/docs/#/data-loading/.
ok 493 Profile should know what the basal rate is at 15:00 with multiple profiles
Moment Timezone has no data for Coordinated Universal Time. See http://momentjs.com/timezone/docs/#/data-loading/.
ok 494 Profile should know what the carbratio is at 12:00 with multiple profiles
Moment Timezone has no data for Coordinated Universal Time. See http://momentjs.com/timezone/docs/#/data-loading/.
ok 495 Profile should know what the carbratio is at 15:00 with multiple profiles
Moment Timezone has no data for Coordinated Universal Time. See http://momentjs.com/timezone/docs/#/data-loading/.
ok 496 Profile should know what the sensitivity is at 12:00 with multiple profiles
Moment Timezone has no data for Coordinated Universal Time. See http://momentjs.com/timezone/docs/#/data-loading/.
ok 497 Profile should know what the sensitivity is at 15:00 with multiple profiles
ok 498 Profile should select the correct profile for 15:00 with multiple profiles
Headless init
Entering setup 0
Setting up benv 0
Nightscout bundle ready
Bundle loaded 32
HTML set 40
Benv expose 40
language is en
Application appears to be online
Authentication passed.
Client connected to server.
Authorizing socket
LOADING CLIENT INIT
+++++Data for /api/v1/profile.json?count=20 sent
Done initeditor()
language is en
Application appears to be online
Client connected to server.
Authorizing socket
got dataUpdate 2026-01-18T05:43:12.580Z
Unable to find element for #chartContainer
Unable to find element for #chartContainer
Confirm: Save current record before switching to new?
saving profile
profile saved { message: 'OK' }
Confirm: Delete record?
saving profile
profile saved { message: 'OK' }
ok 499 Profile editor should produce some html
Application got ready event
language is en
Application appears to be online
Authentication passed.
ok 500 pump set the property and update the pill
ok 501 pump use reservoir_display_override when available
ok 502 pump not generate an alert when pump is ok
ok 503 pump generate an alert when reservoir is low
ok 504 pump generate an alert when reservoir is 0
ok 505 pump generate an alert when battery is low
ok 506 pump generate an urgent alarm when battery is really low
Profile not updated yet. Converted profile: {
  defaultProfile: 'Default',
  store: { Default: { timezone: 'America/Los_Angeles' } },
  startDate: '1980-01-01',
  _id: undefined,
  convertedOnTheFly: true
}
ok 507 pump not generate a battery alarm during night when PUMP_WARN_BATT_QUIET_NIGHT is true
OpenAPS known offline, not checking for alerts
OpenAPS known offline, not checking for alerts
ok 508 pump not generate an alert for a stale pump data, when there is an offline marker
ok 509 pump should handle virtAsst requests
storing pushover receipt abcd12345 {
  title: 'Warning, this is a test!',
  message: 'details details details details',
  level: 1,
  pushoverSound: 'climb',
  plugin: { name: 'test' },
  key: 'test_1'
}
ok 510 pushnotify send a pushover alarm, but only 1 time
notify: test_1 has ALREADY been sent
ok 511 pushnotify send a pushover notification, but only 1 time
notify: ee000545fa59f998f464b89d466b71e45bff011f has ALREADY been sent
storing pushover receipt abcd12345 {
  title: 'Warning, this is a test!',
  message: 'details details details details',
  level: 1,
  pushoverSound: 'climb',
  plugin: { name: 'test' },
  key: 'test_1'
}
ok 512 pushnotify send a pushover alarm, and then cancel
ok 513 pushover convert a warning to a message and send it
ok 514 pushover convert an urgent to a message and send it
ok 515 support legacy pushover groupkey send
ok 516 multi announcement pushover send multiple pushes if there are multiple keys
ok 517 announcement only pushover send push if announcement
ok 518 announcement only pushover not send push if not announcement and no user key
ok 519 query should provide default options
ok 520 query should not override non default options
ok 521 query should not enforce date filter if query includes id
ok 522 Raw BG should calculate Raw BG
ok 523 Raw BG should handle virtAsst requests
Headless init
Entering setup 0
Setting up benv 1
Nightscout bundle ready
Bundle loaded 29
HTML set 36
Benv expose 36
language is en
Application appears to be online
Authentication passed.
Client connected to server.
Authorizing socket
language is en
Application appears to be online
Authentication passed.
Client connected to server.
Authorizing socket
got dataUpdate 2026-01-18T05:43:13.178Z
Unable to find element for #chartContainer
Unable to find element for #chartContainer
Sending profile to client
Profile not updated yet. Converted profile: {
  defaultProfile: 'Default',
  store: {
    Default: {
      dia: 3,
      carbratio: [Array],
      carbs_hr: 30,
      delay: 20,
      sens: [Array],
      timezone: 'UTC',
      perGIvalues: false,
      carbs_hr_high: 30,
      carbs_hr_medium: 30,
      carbs_hr_low: 30,
      delay_high: 15,
      delay_medium: 20,
      delay_low: 20,
      basal: [Array],
      target_low: [Array],
      target_high: [Array]
    }
  },
  startDate: 2026-01-18T05:42:00.000Z,
  _id: undefined,
  convertedOnTheFly: true
}
FROM 2015-08-08T00:00:00Z TO 2015-09-08T23:59:59Z timerange &find[created_at][$gte]=2015-08-08T00:00:00.000Z&find[created_at][$lt]=2015-09-08T23:59:59.999Z
Adding 2015-08-07 for loading treatments
Drawing  daytoday
DAY2DAY sorteddaystoshow [
  '2015-09-07', '2015-09-06', '2015-09-05',
  '2015-09-04', '2015-09-03', '2015-09-02',
  '2015-09-01', '2015-08-31', '2015-08-30',
  '2015-08-29', '2015-08-28', '2015-08-27',
  '2015-08-26', '2015-08-25', '2015-08-24',
  '2015-08-23', '2015-08-22', '2015-08-21',
  '2015-08-20', '2015-08-19', '2015-08-18',
  '2015-08-17', '2015-08-16', '2015-08-15',
  '2015-08-14', '2015-08-13', '2015-08-12',
  '2015-08-11', '2015-08-10', '2015-08-09',
  '2015-08-08'
]
Device COB status available:  false
Device IOB status available:  false
Insulin for day: 2015-09-07 bolus: 0 basebasal: 2.399999999999994 positiveTemps: 0 negativeTemps: 0
Rendering 2015-09-07 120 msecs
Device COB status available:  false
Device IOB status available:  false
Insulin for day: 2015-09-06 bolus: 0 basebasal: 2.399999999999994 positiveTemps: 0 negativeTemps: 0
Rendering 2015-09-06 78 msecs
Device COB status available:  false
Device IOB status available:  false
Insulin for day: 2015-09-05 bolus: 0 basebasal: 2.399999999999994 positiveTemps: 0 negativeTemps: 0
Rendering 2015-09-05 57 msecs
Device COB status available:  false
Device IOB status available:  false
Insulin for day: 2015-09-04 bolus: 0 basebasal: 2.399999999999994 positiveTemps: 0 negativeTemps: 0
Rendering 2015-09-04 48 msecs
Device COB status available:  false
Device IOB status available:  false
Insulin for day: 2015-09-03 bolus: 0 basebasal: 2.399999999999994 positiveTemps: 0 negativeTemps: 0
Rendering 2015-09-03 50 msecs
Device COB status available:  false
Device IOB status available:  false
Insulin for day: 2015-09-02 bolus: 0 basebasal: 2.399999999999994 positiveTemps: 0 negativeTemps: 0
Rendering 2015-09-02 42 msecs
Device COB status available:  false
Device IOB status available:  false
Insulin for day: 2015-09-01 bolus: 0 basebasal: 2.399999999999994 positiveTemps: 0 negativeTemps: 0
Rendering 2015-09-01 47 msecs
Device COB status available:  false
Device IOB status available:  false
Insulin for day: 2015-08-31 bolus: 0 basebasal: 2.399999999999994 positiveTemps: 0 negativeTemps: 0
Rendering 2015-08-31 39 msecs
Device COB status available:  false
Device IOB status available:  false
Insulin for day: 2015-08-30 bolus: 0 basebasal: 2.399999999999994 positiveTemps: 0 negativeTemps: 0
Rendering 2015-08-30 35 msecs
Device COB status available:  false
Device IOB status available:  false
Insulin for day: 2015-08-29 bolus: 0 basebasal: 2.399999999999994 positiveTemps: 0 negativeTemps: 0
Rendering 2015-08-29 34 msecs
Device COB status available:  false
Device IOB status available:  false
Insulin for day: 2015-08-28 bolus: 0 basebasal: 2.399999999999994 positiveTemps: 0 negativeTemps: 0
Rendering 2015-08-28 39 msecs
Device COB status available:  false
Device IOB status available:  false
Insulin for day: 2015-08-27 bolus: 0 basebasal: 2.399999999999994 positiveTemps: 0 negativeTemps: 0
Rendering 2015-08-27 49 msecs
Device COB status available:  false
Device IOB status available:  false
Insulin for day: 2015-08-26 bolus: 0 basebasal: 2.399999999999994 positiveTemps: 0 negativeTemps: 0
Rendering 2015-08-26 36 msecs
Device COB status available:  false
Device IOB status available:  false
Insulin for day: 2015-08-25 bolus: 0 basebasal: 2.399999999999994 positiveTemps: 0 negativeTemps: 0
Rendering 2015-08-25 32 msecs
Device COB status available:  false
Device IOB status available:  false
Insulin for day: 2015-08-24 bolus: 0 basebasal: 2.399999999999994 positiveTemps: 0 negativeTemps: 0
Rendering 2015-08-24 34 msecs
Device COB status available:  false
Device IOB status available:  false
Insulin for day: 2015-08-23 bolus: 0 basebasal: 2.399999999999994 positiveTemps: 0 negativeTemps: 0
Rendering 2015-08-23 35 msecs
Device COB status available:  false
Device IOB status available:  false
Insulin for day: 2015-08-22 bolus: 0 basebasal: 2.399999999999994 positiveTemps: 0 negativeTemps: 0
Rendering 2015-08-22 36 msecs
Device COB status available:  false
Device IOB status available:  false
Insulin for day: 2015-08-21 bolus: 0 basebasal: 2.399999999999994 positiveTemps: 0 negativeTemps: 0
Rendering 2015-08-21 32 msecs
Device COB status available:  false
Device IOB status available:  false
Insulin for day: 2015-08-20 bolus: 0 basebasal: 2.399999999999994 positiveTemps: 0 negativeTemps: 0
Rendering 2015-08-20 31 msecs
Device COB status available:  false
Device IOB status available:  false
Insulin for day: 2015-08-19 bolus: 0 basebasal: 2.399999999999994 positiveTemps: 0 negativeTemps: 0
Rendering 2015-08-19 33 msecs
Device COB status available:  false
Device IOB status available:  false
Insulin for day: 2015-08-18 bolus: 0 basebasal: 2.399999999999994 positiveTemps: 0 negativeTemps: 0
Rendering 2015-08-18 33 msecs
Device COB status available:  false
Device IOB status available:  false
Insulin for day: 2015-08-17 bolus: 0 basebasal: 2.399999999999994 positiveTemps: 0 negativeTemps: 0
Rendering 2015-08-17 34 msecs
Device COB status available:  false
Device IOB status available:  false
Insulin for day: 2015-08-16 bolus: 0 basebasal: 2.399999999999994 positiveTemps: 0 negativeTemps: 0
Rendering 2015-08-16 36 msecs
Device COB status available:  false
Device IOB status available:  false
Insulin for day: 2015-08-15 bolus: 0 basebasal: 2.399999999999994 positiveTemps: 0 negativeTemps: 0
Rendering 2015-08-15 43 msecs
Device COB status available:  false
Device IOB status available:  false
Insulin for day: 2015-08-14 bolus: 4.9 basebasal: 2.399999999999994 positiveTemps: 0 negativeTemps: 0
Rendering 2015-08-14 39 msecs
Device COB status available:  false
Device IOB status available:  false
Insulin for day: 2015-08-13 bolus: 1.85 basebasal: 2.399999999999994 positiveTemps: 0 negativeTemps: 0
Rendering 2015-08-13 38 msecs
Device COB status available:  false
Device IOB status available:  false
Insulin for day: 2015-08-12 bolus: 0.8 basebasal: 2.399999999999994 positiveTemps: 0 negativeTemps: 0
Rendering 2015-08-12 42 msecs
Device COB status available:  false
Device IOB status available:  false
Insulin for day: 2015-08-11 bolus: 1 basebasal: 2.399999999999994 positiveTemps: 0 negativeTemps: 0
Rendering 2015-08-11 45 msecs
Device COB status available:  false
Device IOB status available:  false
Insulin for day: 2015-08-10 bolus: 5.3 basebasal: 2.399999999999994 positiveTemps: 0 negativeTemps: 0
Rendering 2015-08-10 41 msecs
Device COB status available:  false
Device IOB status available:  false
Insulin for day: 2015-08-09 bolus: 1.1 basebasal: 2.399999999999994 positiveTemps: 0 negativeTemps: 0
Rendering 2015-08-09 37 msecs
Device COB status available:  false
Device IOB status available:  false
Insulin for day: 2015-08-08 bolus: 1.35 basebasal: 2.399999999999994 positiveTemps: 0 negativeTemps: 0
Rendering 2015-08-08 32 msecs
Drawing  weektoweek
Skipping  weektoweek
Drawing  dailystats
Drawing  glucosedistribution
GVI 1 GVIIdeal 111.48992106912624 GVITotal 111.93891111364029 GVIIdeal_Time 59.95
glucoseMean 188 tirMultiplier 0.47600000000000003 PGS 98.51
Drawing  hourlystats
Drawing  percentile
Drawing  success
Drawing  calibrations
Drawing  treatments
Drawing  profiles
Drawing  loopalyzer
Skipping  loopalyzer
FROM 2015-08-08T00:00:00Z TO 2015-09-08T23:59:59Z timerange &find[created_at][$gte]=2015-08-08T00:00:00.000Z&find[created_at][$lt]=2015-09-08T23:59:59.999Z
Adding 2015-08-07 for loading treatments
Drawing  daytoday
DAY2DAY sorteddaystoshow [
  '2015-09-07', '2015-09-06', '2015-09-05',
  '2015-09-04', '2015-09-03', '2015-09-02',
  '2015-09-01', '2015-08-31', '2015-08-30',
  '2015-08-29', '2015-08-28', '2015-08-27',
  '2015-08-26', '2015-08-25', '2015-08-24',
  '2015-08-23', '2015-08-22', '2015-08-21',
  '2015-08-20', '2015-08-19', '2015-08-18',
  '2015-08-17', '2015-08-16', '2015-08-15',
  '2015-08-14', '2015-08-13', '2015-08-12',
  '2015-08-11', '2015-08-10', '2015-08-09',
  '2015-08-08'
]
Device COB status available:  false
Device IOB status available:  false
Insulin for day: 2015-09-07 bolus: 0 basebasal: 2.399999999999994 positiveTemps: 0 negativeTemps: 0
Rendering 2015-09-07 48 msecs
Device COB status available:  false
Device IOB status available:  false
Insulin for day: 2015-09-06 bolus: 0 basebasal: 2.399999999999994 positiveTemps: 0 negativeTemps: 0
Rendering 2015-09-06 47 msecs
Device COB status available:  false
Device IOB status available:  false
Insulin for day: 2015-09-05 bolus: 0 basebasal: 2.399999999999994 positiveTemps: 0 negativeTemps: 0
Rendering 2015-09-05 41 msecs
Device COB status available:  false
Device IOB status available:  false
Insulin for day: 2015-09-04 bolus: 0 basebasal: 2.399999999999994 positiveTemps: 0 negativeTemps: 0
Rendering 2015-09-04 39 msecs
Device COB status available:  false
Device IOB status available:  false
Insulin for day: 2015-09-03 bolus: 0 basebasal: 2.399999999999994 positiveTemps: 0 negativeTemps: 0
Rendering 2015-09-03 40 msecs
Device COB status available:  false
Device IOB status available:  false
Insulin for day: 2015-09-02 bolus: 0 basebasal: 2.399999999999994 positiveTemps: 0 negativeTemps: 0
Rendering 2015-09-02 41 msecs
Device COB status available:  false
Device IOB status available:  false
Insulin for day: 2015-09-01 bolus: 0 basebasal: 2.399999999999994 positiveTemps: 0 negativeTemps: 0
Rendering 2015-09-01 40 msecs
Device COB status available:  false
Device IOB status available:  false
Insulin for day: 2015-08-31 bolus: 0 basebasal: 2.399999999999994 positiveTemps: 0 negativeTemps: 0
Rendering 2015-08-31 41 msecs
Device COB status available:  false
Device IOB status available:  false
Insulin for day: 2015-08-30 bolus: 0 basebasal: 2.399999999999994 positiveTemps: 0 negativeTemps: 0
Rendering 2015-08-30 41 msecs
Device COB status available:  false
Device IOB status available:  false
Insulin for day: 2015-08-29 bolus: 0 basebasal: 2.399999999999994 positiveTemps: 0 negativeTemps: 0
Rendering 2015-08-29 41 msecs
Device COB status available:  false
Device IOB status available:  false
Insulin for day: 2015-08-28 bolus: 0 basebasal: 2.399999999999994 positiveTemps: 0 negativeTemps: 0
Rendering 2015-08-28 43 msecs
Device COB status available:  false
Device IOB status available:  false
Insulin for day: 2015-08-27 bolus: 0 basebasal: 2.399999999999994 positiveTemps: 0 negativeTemps: 0
Rendering 2015-08-27 43 msecs
Device COB status available:  false
Device IOB status available:  false
Insulin for day: 2015-08-26 bolus: 0 basebasal: 2.399999999999994 positiveTemps: 0 negativeTemps: 0
Rendering 2015-08-26 42 msecs
Device COB status available:  false
Device IOB status available:  false
Insulin for day: 2015-08-25 bolus: 0 basebasal: 2.399999999999994 positiveTemps: 0 negativeTemps: 0
Rendering 2015-08-25 41 msecs
Device COB status available:  false
Device IOB status available:  false
Insulin for day: 2015-08-24 bolus: 0 basebasal: 2.399999999999994 positiveTemps: 0 negativeTemps: 0
Rendering 2015-08-24 43 msecs
Device COB status available:  false
Device IOB status available:  false
Insulin for day: 2015-08-23 bolus: 0 basebasal: 2.399999999999994 positiveTemps: 0 negativeTemps: 0
Rendering 2015-08-23 42 msecs
Device COB status available:  false
Device IOB status available:  false
Insulin for day: 2015-08-22 bolus: 0 basebasal: 2.399999999999994 positiveTemps: 0 negativeTemps: 0
Rendering 2015-08-22 45 msecs
Device COB status available:  false
Device IOB status available:  false
Insulin for day: 2015-08-21 bolus: 0 basebasal: 2.399999999999994 positiveTemps: 0 negativeTemps: 0
Rendering 2015-08-21 43 msecs
Device COB status available:  false
Device IOB status available:  false
Insulin for day: 2015-08-20 bolus: 0 basebasal: 2.399999999999994 positiveTemps: 0 negativeTemps: 0
Rendering 2015-08-20 43 msecs
Device COB status available:  false
Device IOB status available:  false
Insulin for day: 2015-08-19 bolus: 0 basebasal: 2.399999999999994 positiveTemps: 0 negativeTemps: 0
Rendering 2015-08-19 42 msecs
Device COB status available:  false
Device IOB status available:  false
Insulin for day: 2015-08-18 bolus: 0 basebasal: 2.399999999999994 positiveTemps: 0 negativeTemps: 0
Rendering 2015-08-18 42 msecs
Device COB status available:  false
Device IOB status available:  false
Insulin for day: 2015-08-17 bolus: 0 basebasal: 2.399999999999994 positiveTemps: 0 negativeTemps: 0
Rendering 2015-08-17 43 msecs
Device COB status available:  false
Device IOB status available:  false
Insulin for day: 2015-08-16 bolus: 0 basebasal: 2.399999999999994 positiveTemps: 0 negativeTemps: 0
Rendering 2015-08-16 46 msecs
Device COB status available:  false
Device IOB status available:  false
Insulin for day: 2015-08-15 bolus: 0 basebasal: 2.399999999999994 positiveTemps: 0 negativeTemps: 0
Rendering 2015-08-15 48 msecs
Device COB status available:  false
Device IOB status available:  false
Insulin for day: 2015-08-14 bolus: 4.9 basebasal: 2.399999999999994 positiveTemps: 0 negativeTemps: 0
Rendering 2015-08-14 46 msecs
Device COB status available:  false
Device IOB status available:  false
Insulin for day: 2015-08-13 bolus: 1.85 basebasal: 2.399999999999994 positiveTemps: 0 negativeTemps: 0
Rendering 2015-08-13 59 msecs
Device COB status available:  false
Device IOB status available:  false
Insulin for day: 2015-08-12 bolus: 0.8 basebasal: 2.399999999999994 positiveTemps: 0 negativeTemps: 0
Rendering 2015-08-12 52 msecs
Device COB status available:  false
Device IOB status available:  false
Insulin for day: 2015-08-11 bolus: 1 basebasal: 2.399999999999994 positiveTemps: 0 negativeTemps: 0
Rendering 2015-08-11 54 msecs
Device COB status available:  false
Device IOB status available:  false
Insulin for day: 2015-08-10 bolus: 5.3 basebasal: 2.399999999999994 positiveTemps: 0 negativeTemps: 0
Rendering 2015-08-10 48 msecs
Device COB status available:  false
Device IOB status available:  false
Insulin for day: 2015-08-09 bolus: 1.1 basebasal: 2.399999999999994 positiveTemps: 0 negativeTemps: 0
Rendering 2015-08-09 42 msecs
Device COB status available:  false
Device IOB status available:  false
Insulin for day: 2015-08-08 bolus: 1.35 basebasal: 2.399999999999994 positiveTemps: 0 negativeTemps: 0
Rendering 2015-08-08 38 msecs
Drawing  weektoweek
Skipping  weektoweek
Drawing  dailystats
Drawing  glucosedistribution
GVI 1 GVIIdeal 111.48992106912624 GVITotal 111.93891111364029 GVIIdeal_Time 59.95
glucoseMean 188 tirMultiplier 0.47600000000000003 PGS 98.51
Drawing  hourlystats
Drawing  percentile
Drawing  success
Drawing  calibrations
Drawing  treatments
Drawing  profiles
Drawing  loopalyzer
Skipping  loopalyzer
treatment deleted { message: 'OK' }
FROM 2015-08-08T00:00:00Z TO 2015-09-08T23:59:59Z timerange &find[created_at][$gte]=2015-08-08T00:00:00.000Z&find[created_at][$lt]=2015-09-08T23:59:59.999Z
Adding 2015-08-07 for loading treatments
Drawing  daytoday
Skipping  daytoday
Drawing  weektoweek
Skipping  weektoweek
Drawing  dailystats
Drawing  glucosedistribution
GVI 1 GVIIdeal 111.48992106912624 GVITotal 111.93891111364029 GVIIdeal_Time 59.95
glucoseMean 188 tirMultiplier 0.47600000000000003 PGS 98.51
Drawing  hourlystats
Drawing  percentile
Drawing  success
Drawing  calibrations
Drawing  treatments
Skipping  treatments
Drawing  profiles
Drawing  loopalyzer
Skipping  loopalyzer
treatment saved { message: 'OK' }
FROM 2015-08-08T00:00:00Z TO 2015-09-08T23:59:59Z timerange &find[created_at][$gte]=2015-08-08T00:00:00.000Z&find[created_at][$lt]=2015-09-08T23:59:59.999Z
Adding 2015-08-07 for loading treatments
Drawing  daytoday
Skipping  daytoday
Drawing  weektoweek
Skipping  weektoweek
Drawing  dailystats
Drawing  glucosedistribution
GVI 1 GVIIdeal 111.48992106912624 GVITotal 111.93891111364029 GVIIdeal_Time 59.95
glucoseMean 188 tirMultiplier 0.47600000000000003 PGS 98.51
Drawing  hourlystats
Drawing  percentile
Drawing  success
Drawing  calibrations
Drawing  treatments
Skipping  treatments
Drawing  profiles
Drawing  loopalyzer
Skipping  loopalyzer
ok 524 reports should produce some html
Application got ready event
language is en
Application appears to be online
Authentication passed.
Client connected to server.
Authorizing socket
Headless init
Entering setup 0
Setting up benv 0
Nightscout bundle ready
Bundle loaded 37
HTML set 43
Benv expose 43
Application got ready event
language is en
Application appears to be online
Authentication passed.
Client connected to server.
Authorizing socket
language is en
Application appears to be online
Authentication passed.
Client connected to server.
Authorizing socket
got dataUpdate 2026-01-18T05:43:18.432Z
Unable to find element for #chartContainer
Unable to find element for #chartContainer
Sending profile to client
Profile not updated yet. Converted profile: {
  defaultProfile: 'Default',
  store: {
    Default: {
      dia: 3,
      carbratio: [Array],
      carbs_hr: 30,
      delay: 20,
      sens: [Array],
      timezone: 'UTC',
      perGIvalues: false,
      carbs_hr_high: 30,
      carbs_hr_medium: 30,
      carbs_hr_low: 30,
      delay_high: 15,
      delay_medium: 20,
      delay_low: 20,
      basal: [Array],
      target_low: [Array],
      target_high: [Array]
    }
  },
  startDate: '1980-01-01',
  _id: undefined,
  convertedOnTheFly: true
}
FROM 2015-08-08T00:00:00Z TO 2015-09-08T23:59:59Z timerange &find[created_at][$gte]=2015-08-08T00:00:00.000Z&find[created_at][$lt]=2015-09-08T23:59:59.999Z
Adding 2015-08-07 for loading treatments
Drawing  daytoday
DAY2DAY sorteddaystoshow [
  '2015-09-08', '2015-09-07', '2015-09-06',
  '2015-09-05', '2015-09-04', '2015-09-03',
  '2015-09-02', '2015-09-01', '2015-08-31',
  '2015-08-30', '2015-08-29', '2015-08-28',
  '2015-08-27', '2015-08-26', '2015-08-25',
  '2015-08-24', '2015-08-23', '2015-08-22',
  '2015-08-21', '2015-08-20', '2015-08-19',
  '2015-08-18', '2015-08-17', '2015-08-16',
  '2015-08-15', '2015-08-14', '2015-08-13',
  '2015-08-12', '2015-08-11', '2015-08-10',
  '2015-08-09', '2015-08-08'
]
Device COB status available:  false
Device IOB status available:  false
Insulin for day: 2015-09-08 bolus: 0 basebasal: 2.399999999999994 positiveTemps: 0 negativeTemps: 0
Rendering 2015-09-08 100 msecs
Device COB status available:  false
Device IOB status available:  false
Insulin for day: 2015-09-07 bolus: 0 basebasal: 2.399999999999994 positiveTemps: 0 negativeTemps: 0
Rendering 2015-09-07 71 msecs
Device COB status available:  false
Device IOB status available:  false
Insulin for day: 2015-09-06 bolus: 0 basebasal: 2.399999999999994 positiveTemps: 0 negativeTemps: 0
Rendering 2015-09-06 53 msecs
Device COB status available:  false
Device IOB status available:  false
Insulin for day: 2015-09-05 bolus: 0 basebasal: 2.399999999999994 positiveTemps: 0 negativeTemps: 0
Rendering 2015-09-05 48 msecs
Device COB status available:  false
Device IOB status available:  false
Insulin for day: 2015-09-04 bolus: 0 basebasal: 2.399999999999994 positiveTemps: 0 negativeTemps: 0
Rendering 2015-09-04 45 msecs
Device COB status available:  false
Device IOB status available:  false
Insulin for day: 2015-09-03 bolus: 0 basebasal: 2.399999999999994 positiveTemps: 0 negativeTemps: 0
Rendering 2015-09-03 42 msecs
Device COB status available:  false
Device IOB status available:  false
Insulin for day: 2015-09-02 bolus: 0 basebasal: 2.399999999999994 positiveTemps: 0 negativeTemps: 0
Rendering 2015-09-02 42 msecs
Device COB status available:  false
Device IOB status available:  false
Insulin for day: 2015-09-01 bolus: 0 basebasal: 2.399999999999994 positiveTemps: 0 negativeTemps: 0
Rendering 2015-09-01 38 msecs
Device COB status available:  false
Device IOB status available:  false
Insulin for day: 2015-08-31 bolus: 0 basebasal: 2.399999999999994 positiveTemps: 0 negativeTemps: 0
Rendering 2015-08-31 36 msecs
Device COB status available:  false
Device IOB status available:  false
Insulin for day: 2015-08-30 bolus: 0 basebasal: 2.399999999999994 positiveTemps: 0 negativeTemps: 0
Rendering 2015-08-30 35 msecs
Device COB status available:  false
Device IOB status available:  false
Insulin for day: 2015-08-29 bolus: 0 basebasal: 2.399999999999994 positiveTemps: 0 negativeTemps: 0
Rendering 2015-08-29 34 msecs
Device COB status available:  false
Device IOB status available:  false
Insulin for day: 2015-08-28 bolus: 0 basebasal: 2.399999999999994 positiveTemps: 0 negativeTemps: 0
Rendering 2015-08-28 36 msecs
Device COB status available:  false
Device IOB status available:  false
Insulin for day: 2015-08-27 bolus: 0 basebasal: 2.399999999999994 positiveTemps: 0 negativeTemps: 0
Rendering 2015-08-27 43 msecs
Device COB status available:  false
Device IOB status available:  false
Insulin for day: 2015-08-26 bolus: 0 basebasal: 2.399999999999994 positiveTemps: 0 negativeTemps: 0
Rendering 2015-08-26 34 msecs
Device COB status available:  false
Device IOB status available:  false
Insulin for day: 2015-08-25 bolus: 0 basebasal: 2.399999999999994 positiveTemps: 0 negativeTemps: 0
Rendering 2015-08-25 34 msecs
Device COB status available:  false
Device IOB status available:  false
Insulin for day: 2015-08-24 bolus: 0 basebasal: 2.399999999999994 positiveTemps: 0 negativeTemps: 0
Rendering 2015-08-24 32 msecs
Device COB status available:  false
Device IOB status available:  false
Insulin for day: 2015-08-23 bolus: 0 basebasal: 2.399999999999994 positiveTemps: 0 negativeTemps: 0
Rendering 2015-08-23 33 msecs
Device COB status available:  false
Device IOB status available:  false
Insulin for day: 2015-08-22 bolus: 0 basebasal: 2.399999999999994 positiveTemps: 0 negativeTemps: 0
Rendering 2015-08-22 34 msecs
Device COB status available:  false
Device IOB status available:  false
Insulin for day: 2015-08-21 bolus: 0 basebasal: 2.399999999999994 positiveTemps: 0 negativeTemps: 0
Rendering 2015-08-21 33 msecs
Device COB status available:  false
Device IOB status available:  false
Insulin for day: 2015-08-20 bolus: 0 basebasal: 2.399999999999994 positiveTemps: 0 negativeTemps: 0
Rendering 2015-08-20 33 msecs
Device COB status available:  false
Device IOB status available:  false
Insulin for day: 2015-08-19 bolus: 0 basebasal: 2.399999999999994 positiveTemps: 0 negativeTemps: 0
Rendering 2015-08-19 34 msecs
Device COB status available:  false
Device IOB status available:  false
Insulin for day: 2015-08-18 bolus: 0 basebasal: 2.399999999999994 positiveTemps: 0 negativeTemps: 0
Rendering 2015-08-18 33 msecs
Device COB status available:  false
Device IOB status available:  false
Insulin for day: 2015-08-17 bolus: 0 basebasal: 2.399999999999994 positiveTemps: 0 negativeTemps: 0
Rendering 2015-08-17 33 msecs
Device COB status available:  false
Device IOB status available:  false
Insulin for day: 2015-08-16 bolus: 0 basebasal: 2.399999999999994 positiveTemps: 0 negativeTemps: 0
Rendering 2015-08-16 33 msecs
Device COB status available:  false
Device IOB status available:  false
Insulin for day: 2015-08-15 bolus: 0 basebasal: 2.399999999999994 positiveTemps: 0 negativeTemps: 0
Rendering 2015-08-15 43 msecs
Device COB status available:  false
Device IOB status available:  false
Insulin for day: 2015-08-14 bolus: 4.9 basebasal: 2.399999999999994 positiveTemps: 0 negativeTemps: 0
Rendering 2015-08-14 41 msecs
Device COB status available:  false
Device IOB status available:  false
Insulin for day: 2015-08-13 bolus: 1.85 basebasal: 2.399999999999994 positiveTemps: 0 negativeTemps: 0
Rendering 2015-08-13 39 msecs
Device COB status available:  false
Device IOB status available:  false
Insulin for day: 2015-08-12 bolus: 0.8 basebasal: 2.399999999999994 positiveTemps: 0 negativeTemps: 0
Rendering 2015-08-12 41 msecs
Device COB status available:  false
Device IOB status available:  false
Insulin for day: 2015-08-11 bolus: 1 basebasal: 2.399999999999994 positiveTemps: 0 negativeTemps: 0
Rendering 2015-08-11 43 msecs
Device COB status available:  false
Device IOB status available:  false
Insulin for day: 2015-08-10 bolus: 5.3 basebasal: 2.399999999999994 positiveTemps: 0 negativeTemps: 0
Rendering 2015-08-10 42 msecs
Device COB status available:  false
Device IOB status available:  false
Insulin for day: 2015-08-09 bolus: 1.1 basebasal: 2.399999999999994 positiveTemps: 0 negativeTemps: 0
Rendering 2015-08-09 36 msecs
Device COB status available:  false
Device IOB status available:  false
Insulin for day: 2015-08-08 bolus: 1.35 basebasal: 2.399999999999994 positiveTemps: 0 negativeTemps: 0
Rendering 2015-08-08 28 msecs
Drawing  weektoweek
Drawing  dailystats
Drawing  glucosedistribution
GVI 1 GVIIdeal 111.48992106912624 GVITotal 111.93891111364029 GVIIdeal_Time 59.95
glucoseMean 188 tirMultiplier 0.47600000000000003 PGS 98.51
Drawing  hourlystats
Drawing  percentile
Drawing  success
Drawing  calibrations
Drawing  treatments
Skipping  treatments
Drawing  profiles
Drawing  loopalyzer
Skipping  loopalyzer
FROM 2015-08-08T00:00:00Z TO 2015-09-08T23:59:59Z timerange &find[created_at][$gte]=2015-08-08T00:00:00.000Z&find[created_at][$lt]=2015-09-08T23:59:59.999Z
Adding 2015-08-07 for loading treatments
Drawing  daytoday
DAY2DAY sorteddaystoshow [
  '2015-09-08', '2015-09-07', '2015-09-06',
  '2015-09-05', '2015-09-04', '2015-09-03',
  '2015-09-02', '2015-09-01', '2015-08-31',
  '2015-08-30', '2015-08-29', '2015-08-28',
  '2015-08-27', '2015-08-26', '2015-08-25',
  '2015-08-24', '2015-08-23', '2015-08-22',
  '2015-08-21', '2015-08-20', '2015-08-19',
  '2015-08-18', '2015-08-17', '2015-08-16',
  '2015-08-15', '2015-08-14', '2015-08-13',
  '2015-08-12', '2015-08-11', '2015-08-10',
  '2015-08-09', '2015-08-08'
]
Device COB status available:  false
Device IOB status available:  false
Insulin for day: 2015-09-08 bolus: 0 basebasal: 2.399999999999994 positiveTemps: 0 negativeTemps: 0
Rendering 2015-09-08 48 msecs
Device COB status available:  false
Device IOB status available:  false
Insulin for day: 2015-09-07 bolus: 0 basebasal: 2.399999999999994 positiveTemps: 0 negativeTemps: 0
Rendering 2015-09-07 49 msecs
Device COB status available:  false
Device IOB status available:  false
Insulin for day: 2015-09-06 bolus: 0 basebasal: 2.399999999999994 positiveTemps: 0 negativeTemps: 0
Rendering 2015-09-06 45 msecs
Device COB status available:  false
Device IOB status available:  false
Insulin for day: 2015-09-05 bolus: 0 basebasal: 2.399999999999994 positiveTemps: 0 negativeTemps: 0
Rendering 2015-09-05 41 msecs
Device COB status available:  false
Device IOB status available:  false
Insulin for day: 2015-09-04 bolus: 0 basebasal: 2.399999999999994 positiveTemps: 0 negativeTemps: 0
Rendering 2015-09-04 44 msecs
Device COB status available:  false
Device IOB status available:  false
Insulin for day: 2015-09-03 bolus: 0 basebasal: 2.399999999999994 positiveTemps: 0 negativeTemps: 0
Rendering 2015-09-03 42 msecs
Device COB status available:  false
Device IOB status available:  false
Insulin for day: 2015-09-02 bolus: 0 basebasal: 2.399999999999994 positiveTemps: 0 negativeTemps: 0
Rendering 2015-09-02 43 msecs
Device COB status available:  false
Device IOB status available:  false
Insulin for day: 2015-09-01 bolus: 0 basebasal: 2.399999999999994 positiveTemps: 0 negativeTemps: 0
Rendering 2015-09-01 42 msecs
Device COB status available:  false
Device IOB status available:  false
Insulin for day: 2015-08-31 bolus: 0 basebasal: 2.399999999999994 positiveTemps: 0 negativeTemps: 0
Rendering 2015-08-31 42 msecs
Device COB status available:  false
Device IOB status available:  false
Insulin for day: 2015-08-30 bolus: 0 basebasal: 2.399999999999994 positiveTemps: 0 negativeTemps: 0
Rendering 2015-08-30 42 msecs
Device COB status available:  false
Device IOB status available:  false
Insulin for day: 2015-08-29 bolus: 0 basebasal: 2.399999999999994 positiveTemps: 0 negativeTemps: 0
Rendering 2015-08-29 42 msecs
Device COB status available:  false
Device IOB status available:  false
Insulin for day: 2015-08-28 bolus: 0 basebasal: 2.399999999999994 positiveTemps: 0 negativeTemps: 0
Rendering 2015-08-28 44 msecs
Device COB status available:  false
Device IOB status available:  false
Insulin for day: 2015-08-27 bolus: 0 basebasal: 2.399999999999994 positiveTemps: 0 negativeTemps: 0
Rendering 2015-08-27 43 msecs
Device COB status available:  false
Device IOB status available:  false
Insulin for day: 2015-08-26 bolus: 0 basebasal: 2.399999999999994 positiveTemps: 0 negativeTemps: 0
Rendering 2015-08-26 41 msecs
Device COB status available:  false
Device IOB status available:  false
Insulin for day: 2015-08-25 bolus: 0 basebasal: 2.399999999999994 positiveTemps: 0 negativeTemps: 0
Rendering 2015-08-25 42 msecs
Device COB status available:  false
Device IOB status available:  false
Insulin for day: 2015-08-24 bolus: 0 basebasal: 2.399999999999994 positiveTemps: 0 negativeTemps: 0
Rendering 2015-08-24 42 msecs
Device COB status available:  false
Device IOB status available:  false
Insulin for day: 2015-08-23 bolus: 0 basebasal: 2.399999999999994 positiveTemps: 0 negativeTemps: 0
Rendering 2015-08-23 42 msecs
Device COB status available:  false
Device IOB status available:  false
Insulin for day: 2015-08-22 bolus: 0 basebasal: 2.399999999999994 positiveTemps: 0 negativeTemps: 0
Rendering 2015-08-22 42 msecs
Device COB status available:  false
Device IOB status available:  false
Insulin for day: 2015-08-21 bolus: 0 basebasal: 2.399999999999994 positiveTemps: 0 negativeTemps: 0
Rendering 2015-08-21 43 msecs
Device COB status available:  false
Device IOB status available:  false
Insulin for day: 2015-08-20 bolus: 0 basebasal: 2.399999999999994 positiveTemps: 0 negativeTemps: 0
Rendering 2015-08-20 42 msecs
Device COB status available:  false
Device IOB status available:  false
Insulin for day: 2015-08-19 bolus: 0 basebasal: 2.399999999999994 positiveTemps: 0 negativeTemps: 0
Rendering 2015-08-19 42 msecs
Device COB status available:  false
Device IOB status available:  false
Insulin for day: 2015-08-18 bolus: 0 basebasal: 2.399999999999994 positiveTemps: 0 negativeTemps: 0
Rendering 2015-08-18 43 msecs
Device COB status available:  false
Device IOB status available:  false
Insulin for day: 2015-08-17 bolus: 0 basebasal: 2.399999999999994 positiveTemps: 0 negativeTemps: 0
Rendering 2015-08-17 44 msecs
Device COB status available:  false
Device IOB status available:  false
Insulin for day: 2015-08-16 bolus: 0 basebasal: 2.399999999999994 positiveTemps: 0 negativeTemps: 0
Rendering 2015-08-16 43 msecs
Device COB status available:  false
Device IOB status available:  false
Insulin for day: 2015-08-15 bolus: 0 basebasal: 2.399999999999994 positiveTemps: 0 negativeTemps: 0
Rendering 2015-08-15 47 msecs
Device COB status available:  false
Device IOB status available:  false
Insulin for day: 2015-08-14 bolus: 4.9 basebasal: 2.399999999999994 positiveTemps: 0 negativeTemps: 0
Rendering 2015-08-14 45 msecs
Device COB status available:  false
Device IOB status available:  false
Insulin for day: 2015-08-13 bolus: 1.85 basebasal: 2.399999999999994 positiveTemps: 0 negativeTemps: 0
Rendering 2015-08-13 44 msecs
Device COB status available:  false
Device IOB status available:  false
Insulin for day: 2015-08-12 bolus: 0.8 basebasal: 2.399999999999994 positiveTemps: 0 negativeTemps: 0
Rendering 2015-08-12 50 msecs
Device COB status available:  false
Device IOB status available:  false
Insulin for day: 2015-08-11 bolus: 1 basebasal: 2.399999999999994 positiveTemps: 0 negativeTemps: 0
Rendering 2015-08-11 53 msecs
Device COB status available:  false
Device IOB status available:  false
Insulin for day: 2015-08-10 bolus: 5.3 basebasal: 2.399999999999994 positiveTemps: 0 negativeTemps: 0
Rendering 2015-08-10 48 msecs
Device COB status available:  false
Device IOB status available:  false
Insulin for day: 2015-08-09 bolus: 1.1 basebasal: 2.399999999999994 positiveTemps: 0 negativeTemps: 0
Rendering 2015-08-09 42 msecs
Device COB status available:  false
Device IOB status available:  false
Insulin for day: 2015-08-08 bolus: 1.35 basebasal: 2.399999999999994 positiveTemps: 0 negativeTemps: 0
Rendering 2015-08-08 38 msecs
Drawing  weektoweek
Drawing  dailystats
Drawing  glucosedistribution
GVI 1 GVIIdeal 111.48992106912624 GVITotal 111.93891111364029 GVIIdeal_Time 59.95
glucoseMean 188 tirMultiplier 0.47600000000000003 PGS 98.51
Drawing  hourlystats
Drawing  percentile
Drawing  success
Drawing  calibrations
Drawing  treatments
Skipping  treatments
Drawing  profiles
Drawing  loopalyzer
Skipping  loopalyzer
ok 525 reports should produce week to week report
ok 526 reportstorage unit tests reportstorage definition - returns saveProps and getValue function
ok 527 reportstorage unit tests reportstorage.getValue returns default properties
ok 528 reportstorage unit tests reportstorage.saveProps sets property in localstorage
ok 529 reportstorage unit tests reportstorage.saveProps ignores property not tracked
ok 530 sandbox init on client
ok 531 sandbox init on server
ok 532 sandbox display 39 as LOW and 401 as HIGH
ok 533 sandbox build BG Now line using properties
ok 534 sandbox build default message using properties
API_SECRET has 159 bits of entropy
++++++++++++++++++++++++++++++
Nightscout Executing startBoot
++++++++++++++++++++++++++++++
Executing checkNodeVersion
Node LTS version v14.21.3 is supported
Executing checkEnv
Executing augmentSettings
Executing checkSettings
Checking settings
Executing setupStorage
Reusing MongoDB connection handler
Mongo Storage system ready
Executing setupAuthorization
ensuring index for: auth_roles.name
ensuring index for: auth_subjects.name
Reloading auth data
Loading { sort: { name: 1 } }
Roles listed
Loading { sort: { name: 1 } }
Executing setupInternals
Pushover was NOT configured
Executing ensureIndexes
Ensuring indexes
ensuring index for: test_sgvs.date
ensuring index for: test_sgvs.type
ensuring index for: test_sgvs.sgv
ensuring index for: test_sgvs.mbg
ensuring index for: test_sgvs.sysTime
ensuring index for: test_sgvs.dateString
ensuring index for: test_sgvs.[object Object]
ensuring index for: treatments.created_at
ensuring index for: treatments.eventType
ensuring index for: treatments.insulin
ensuring index for: treatments.carbs
ensuring index for: treatments.glucose
ensuring index for: treatments.enteredBy
ensuring index for: treatments.boluscalc.foods._id
ensuring index for: treatments.notes
ensuring index for: treatments.NSCLIENT_ID
ensuring index for: treatments.percent
ensuring index for: treatments.absolute
ensuring index for: treatments.duration
ensuring index for: treatments.[object Object]
ensuring index for: devicestatus.created_at
ensuring index for: devicestatus.NSCLIENT_ID
ensuring index for: profile.startDate
ensuring index for: food.type
ensuring index for: food.position
ensuring index for: food.hidden
ensuring index for: activity.created_at
Executing setupListeners
Executing setupConnect
Skipping disabled nightscout-connect
Executing setupBridge
Dexcom bridge not enabled
Executing setupMMConnect
MiniMed Connect not enabled
Executing finishBoot
tick 2026-01-18T05:43:22.937Z
API KEY present, enabling API
enabling feature: pushover
enabling feature: treatmentnotify
enabling feature: bgnow
enabling feature: delta
enabling feature: direction
enabling feature: timeago
enabling feature: devicestatus
enabling feature: upbat
enabling feature: errorcodes
enabling feature: profile
enabling feature: bolus
enabling feature: dbsize
enabling feature: runtimestate
enabling feature: basal
enabling feature: careportal
enabling feature: ar2
Load Complete:
	 sgvs:110, devicestatus:10
data loaded: reloading sandbox data and updating plugins
For the Basal plugin to function you need a treatment profile
ok 535 API_SECRET should fail when unauthorized
API_SECRET has 159 bits of entropy
++++++++++++++++++++++++++++++
Nightscout Executing startBoot
++++++++++++++++++++++++++++++
Executing checkNodeVersion
Node LTS version v14.21.3 is supported
Executing checkEnv
Executing augmentSettings
Executing checkSettings
Checking settings
Executing setupStorage
Reusing MongoDB connection handler
Mongo Storage system ready
Executing setupAuthorization
ensuring index for: auth_roles.name
ensuring index for: auth_subjects.name
Reloading auth data
Loading { sort: { name: 1 } }
Roles listed
Loading { sort: { name: 1 } }
Executing setupInternals
Pushover was NOT configured
Executing ensureIndexes
Ensuring indexes
ensuring index for: test_sgvs.date
ensuring index for: test_sgvs.type
ensuring index for: test_sgvs.sgv
ensuring index for: test_sgvs.mbg
ensuring index for: test_sgvs.sysTime
ensuring index for: test_sgvs.dateString
ensuring index for: test_sgvs.[object Object]
ensuring index for: treatments.created_at
ensuring index for: treatments.eventType
ensuring index for: treatments.insulin
ensuring index for: treatments.carbs
ensuring index for: treatments.glucose
ensuring index for: treatments.enteredBy
ensuring index for: treatments.boluscalc.foods._id
ensuring index for: treatments.notes
ensuring index for: treatments.NSCLIENT_ID
ensuring index for: treatments.percent
ensuring index for: treatments.absolute
ensuring index for: treatments.duration
ensuring index for: treatments.[object Object]
ensuring index for: devicestatus.created_at
ensuring index for: devicestatus.NSCLIENT_ID
ensuring index for: profile.startDate
ensuring index for: food.type
ensuring index for: food.position
ensuring index for: food.hidden
ensuring index for: activity.created_at
Executing setupListeners
Executing setupConnect
Skipping disabled nightscout-connect
Executing setupBridge
Dexcom bridge not enabled
Executing setupMMConnect
MiniMed Connect not enabled
Executing finishBoot
tick 2026-01-18T05:43:22.953Z
API KEY present, enabling API
enabling feature: pushover
enabling feature: treatmentnotify
enabling feature: bgnow
enabling feature: delta
enabling feature: direction
enabling feature: timeago
enabling feature: devicestatus
enabling feature: upbat
enabling feature: errorcodes
enabling feature: profile
enabling feature: bolus
enabling feature: dbsize
enabling feature: runtimestate
enabling feature: basal
enabling feature: careportal
enabling feature: ar2
Load Complete:
	 sgvs:110, devicestatus:10
data loaded: reloading sandbox data and updating plugins
For the Basal plugin to function you need a treatment profile
ok 536 API_SECRET should work fine set
API_SECRET should be at least 12 characters
ok 537 API_SECRET should not work short
{"value":"1d0h","label":"SAGE","info":[{"label":"Sensor Insert","value":"1/15/2026, 9:43:22 PM"},{"label":"Duration","value":"2 days 0 hours"},{"label":"Notes","value":"Foo"},{"label":"Sensor Start","value":"1/16/2026, 9:43:22 PM"},{"label":"Duration","value":"1 days 0 hours"},{"label":"Notes","value":"Bar"}],"pillClass":null}
ok 538 sage set a pill to the current age since start with change
ok 539 sage set a pill to the current age since start without change
ok 540 sage set a pill to the current age since change without start
ok 541 sage set a pill to the current age since change after start
ok 542 sage trigger an alarm when sensor is 6 days and 22 hours old
ok 543 sage not trigger an alarm when sensor is 6 days and 23 hours old
ok 544 settings have defaults ready
ok 545 settings support setting from env vars
ok 546 settings support setting each
ok 547 settings have default features
disabling [
  'bgnow',        'delta',
  'direction',    'timeago',
  'devicestatus', 'upbat',
  'errorcodes',   'profile',
  'bolus',        'dbsize',
  'runtimestate', 'basal',
  'careportal',   'ar2'
]
ok 548 settings support disabling default features
ok 549 settings parse custom snooze mins
ok 550 settings set thresholds
ok 551 settings default to predict if no thresholds are set
ok 552 settings ignore junk alarm types
ok 553 settings allow multiple alarm types to be set
BG_TARGET_BOTTOM(95) was >= BG_TARGET_TOP(90)
BG_TARGET_BOTTOM is now 89
BG_LOW(96) was >= BG_TARGET_BOTTOM(89)
BG_LOW is now 88
BG_HIGH(89) was <= BG_TARGET_TOP(90)
BG_HIGH is now 91
ok 554 settings handle screwed up thresholds in a way that will display something that looks wrong
ok 555 settings check if a feature isEnabled
ok 556 settings check if any listed feature isEnabled
ok 557 simplealarms Not trigger an alarm when in range
ok 558 simplealarms should trigger a warning when above target
ok 559 simplealarms should trigger a urgent alarm when really high
ok 560 simplealarms should trigger a warning when below target
ok 561 simplealarms should trigger a urgent alarm when really low
API_SECRET has 159 bits of entropy
++++++++++++++++++++++++++++++
Nightscout Executing startBoot
++++++++++++++++++++++++++++++
Executing checkNodeVersion
Node LTS version v14.21.3 is supported
Executing checkEnv
Executing augmentSettings
Executing checkSettings
Checking settings
Executing setupStorage
Reusing MongoDB connection handler
Mongo Storage system ready
Executing setupAuthorization
ensuring index for: auth_roles.name
ensuring index for: auth_subjects.name
Reloading auth data
Loading { sort: { name: 1 } }
Roles listed
Loading { sort: { name: 1 } }
Executing setupInternals
Pushover was NOT configured
Executing ensureIndexes
Ensuring indexes
ensuring index for: test_sgvs.date
ensuring index for: test_sgvs.type
ensuring index for: test_sgvs.sgv
ensuring index for: test_sgvs.mbg
ensuring index for: test_sgvs.sysTime
ensuring index for: test_sgvs.dateString
ensuring index for: test_sgvs.[object Object]
ensuring index for: treatments.created_at
ensuring index for: treatments.eventType
ensuring index for: treatments.insulin
ensuring index for: treatments.carbs
ensuring index for: treatments.glucose
ensuring index for: treatments.enteredBy
ensuring index for: treatments.boluscalc.foods._id
ensuring index for: treatments.notes
ensuring index for: treatments.NSCLIENT_ID
ensuring index for: treatments.percent
ensuring index for: treatments.absolute
ensuring index for: treatments.duration
ensuring index for: treatments.[object Object]
ensuring index for: devicestatus.created_at
ensuring index for: devicestatus.NSCLIENT_ID
ensuring index for: profile.startDate
ensuring index for: food.type
ensuring index for: food.position
ensuring index for: food.hidden
ensuring index for: activity.created_at
Executing setupListeners
Executing setupConnect
Skipping disabled nightscout-connect
Executing setupBridge
Dexcom bridge not enabled
Executing setupMMConnect
MiniMed Connect not enabled
Executing finishBoot
tick 2026-01-18T05:43:22.979Z
Load Complete:
	 sgvs:110, devicestatus:10
data loaded: reloading sandbox data and updating plugins
got data-received event, requesting reload
Load Complete:
	 sgvs:110, devicestatus:10
data loaded: reloading sandbox data and updating plugins
got data-received event, requesting reload
ok 562 Storage Layer Shape Handling - Direct Storage Tests Treatments Storage - lib/server/treatments.js create() accepts single object
Load Complete:
	 sgvs:110, treatments:1, devicestatus:10
data loaded: reloading sandbox data and updating plugins
API_SECRET has 159 bits of entropy
++++++++++++++++++++++++++++++
Nightscout Executing startBoot
++++++++++++++++++++++++++++++
Executing checkNodeVersion
Node LTS version v14.21.3 is supported
Executing checkEnv
Executing augmentSettings
Executing checkSettings
Checking settings
Executing setupStorage
Reusing MongoDB connection handler
Mongo Storage system ready
Executing setupAuthorization
ensuring index for: auth_roles.name
ensuring index for: auth_subjects.name
Reloading auth data
Loading { sort: { name: 1 } }
Roles listed
Loading { sort: { name: 1 } }
Executing setupInternals
Pushover was NOT configured
Executing ensureIndexes
Ensuring indexes
ensuring index for: test_sgvs.date
ensuring index for: test_sgvs.type
ensuring index for: test_sgvs.sgv
ensuring index for: test_sgvs.mbg
ensuring index for: test_sgvs.sysTime
ensuring index for: test_sgvs.dateString
ensuring index for: test_sgvs.[object Object]
ensuring index for: treatments.created_at
ensuring index for: treatments.eventType
ensuring index for: treatments.insulin
ensuring index for: treatments.carbs
ensuring index for: treatments.glucose
ensuring index for: treatments.enteredBy
ensuring index for: treatments.boluscalc.foods._id
ensuring index for: treatments.notes
ensuring index for: treatments.NSCLIENT_ID
ensuring index for: treatments.percent
ensuring index for: treatments.absolute
ensuring index for: treatments.duration
ensuring index for: treatments.[object Object]
ensuring index for: devicestatus.created_at
ensuring index for: devicestatus.NSCLIENT_ID
ensuring index for: profile.startDate
ensuring index for: food.type
ensuring index for: food.position
ensuring index for: food.hidden
ensuring index for: activity.created_at
Executing setupListeners
Executing setupConnect
Skipping disabled nightscout-connect
Executing setupBridge
Dexcom bridge not enabled
Executing setupMMConnect
MiniMed Connect not enabled
Executing finishBoot
tick 2026-01-18T05:43:22.999Z
Load Complete:
	 sgvs:110, treatments:1, devicestatus:10
data loaded: reloading sandbox data and updating plugins
got data-received event, requesting reload
Load Complete:
	 sgvs:110, devicestatus:10
data loaded: reloading sandbox data and updating plugins
got data-received event, requesting reload
ok 563 Storage Layer Shape Handling - Direct Storage Tests Treatments Storage - lib/server/treatments.js create() accepts array with single element
Load Complete:
	 sgvs:110, treatments:1, devicestatus:10
data loaded: reloading sandbox data and updating plugins
API_SECRET has 159 bits of entropy
++++++++++++++++++++++++++++++
Nightscout Executing startBoot
++++++++++++++++++++++++++++++
Executing checkNodeVersion
Node LTS version v14.21.3 is supported
Executing checkEnv
Executing augmentSettings
Executing checkSettings
Checking settings
Executing setupStorage
Reusing MongoDB connection handler
Mongo Storage system ready
Executing setupAuthorization
ensuring index for: auth_roles.name
ensuring index for: auth_subjects.name
Reloading auth data
Loading { sort: { name: 1 } }
Roles listed
Loading { sort: { name: 1 } }
Executing setupInternals
Pushover was NOT configured
Executing ensureIndexes
Ensuring indexes
ensuring index for: test_sgvs.date
ensuring index for: test_sgvs.type
ensuring index for: test_sgvs.sgv
ensuring index for: test_sgvs.mbg
ensuring index for: test_sgvs.sysTime
ensuring index for: test_sgvs.dateString
ensuring index for: test_sgvs.[object Object]
ensuring index for: treatments.created_at
ensuring index for: treatments.eventType
ensuring index for: treatments.insulin
ensuring index for: treatments.carbs
ensuring index for: treatments.glucose
ensuring index for: treatments.enteredBy
ensuring index for: treatments.boluscalc.foods._id
ensuring index for: treatments.notes
ensuring index for: treatments.NSCLIENT_ID
ensuring index for: treatments.percent
ensuring index for: treatments.absolute
ensuring index for: treatments.duration
ensuring index for: treatments.[object Object]
ensuring index for: devicestatus.created_at
ensuring index for: devicestatus.NSCLIENT_ID
ensuring index for: profile.startDate
ensuring index for: food.type
ensuring index for: food.position
ensuring index for: food.hidden
ensuring index for: activity.created_at
Executing setupListeners
Executing setupConnect
Skipping disabled nightscout-connect
Executing setupBridge
Dexcom bridge not enabled
Executing setupMMConnect
MiniMed Connect not enabled
Executing finishBoot
tick 2026-01-18T05:43:23.023Z
Load Complete:
	 sgvs:110, treatments:1, devicestatus:10
data loaded: reloading sandbox data and updating plugins
got data-received event, requesting reload
Load Complete:
	 sgvs:110, devicestatus:10
data loaded: reloading sandbox data and updating plugins
got data-received event, requesting reload
ok 564 Storage Layer Shape Handling - Direct Storage Tests Treatments Storage - lib/server/treatments.js create() accepts array with multiple elements
Load Complete:
	 sgvs:110, treatments:3, devicestatus:10
data loaded: reloading sandbox data and updating plugins
API_SECRET has 159 bits of entropy
++++++++++++++++++++++++++++++
Nightscout Executing startBoot
++++++++++++++++++++++++++++++
Executing checkNodeVersion
Node LTS version v14.21.3 is supported
Executing checkEnv
Executing augmentSettings
Executing checkSettings
Checking settings
Executing setupStorage
Reusing MongoDB connection handler
Mongo Storage system ready
Executing setupAuthorization
ensuring index for: auth_roles.name
ensuring index for: auth_subjects.name
Reloading auth data
Loading { sort: { name: 1 } }
Roles listed
Loading { sort: { name: 1 } }
Executing setupInternals
Pushover was NOT configured
Executing ensureIndexes
Ensuring indexes
ensuring index for: test_sgvs.date
ensuring index for: test_sgvs.type
ensuring index for: test_sgvs.sgv
ensuring index for: test_sgvs.mbg
ensuring index for: test_sgvs.sysTime
ensuring index for: test_sgvs.dateString
ensuring index for: test_sgvs.[object Object]
ensuring index for: treatments.created_at
ensuring index for: treatments.eventType
ensuring index for: treatments.insulin
ensuring index for: treatments.carbs
ensuring index for: treatments.glucose
ensuring index for: treatments.enteredBy
ensuring index for: treatments.boluscalc.foods._id
ensuring index for: treatments.notes
ensuring index for: treatments.NSCLIENT_ID
ensuring index for: treatments.percent
ensuring index for: treatments.absolute
ensuring index for: treatments.duration
ensuring index for: treatments.[object Object]
ensuring index for: devicestatus.created_at
ensuring index for: devicestatus.NSCLIENT_ID
ensuring index for: profile.startDate
ensuring index for: food.type
ensuring index for: food.position
ensuring index for: food.hidden
ensuring index for: activity.created_at
Executing setupListeners
Executing setupConnect
Skipping disabled nightscout-connect
Executing setupBridge
Dexcom bridge not enabled
Executing setupMMConnect
MiniMed Connect not enabled
Executing finishBoot
tick 2026-01-18T05:43:23.043Z
Load Complete:
	 sgvs:110, treatments:3, devicestatus:10
data loaded: reloading sandbox data and updating plugins
got data-received event, requesting reload
Load Complete:
	 sgvs:110, devicestatus:10
data loaded: reloading sandbox data and updating plugins
got data-received event, requesting reload
ok 565 Storage Layer Shape Handling - Direct Storage Tests Treatments Storage - lib/server/treatments.js create() handles large batch
Load Complete:
	 sgvs:110, treatments:20, devicestatus:10
data loaded: reloading sandbox data and updating plugins
API_SECRET has 159 bits of entropy
++++++++++++++++++++++++++++++
Nightscout Executing startBoot
++++++++++++++++++++++++++++++
Executing checkNodeVersion
Node LTS version v14.21.3 is supported
Executing checkEnv
Executing augmentSettings
Executing checkSettings
Checking settings
Executing setupStorage
Reusing MongoDB connection handler
Mongo Storage system ready
Executing setupAuthorization
ensuring index for: auth_roles.name
ensuring index for: auth_subjects.name
Reloading auth data
Loading { sort: { name: 1 } }
Roles listed
Loading { sort: { name: 1 } }
Executing setupInternals
Pushover was NOT configured
Executing ensureIndexes
Ensuring indexes
ensuring index for: test_sgvs.date
ensuring index for: test_sgvs.type
ensuring index for: test_sgvs.sgv
ensuring index for: test_sgvs.mbg
ensuring index for: test_sgvs.sysTime
ensuring index for: test_sgvs.dateString
ensuring index for: test_sgvs.[object Object]
ensuring index for: treatments.created_at
ensuring index for: treatments.eventType
ensuring index for: treatments.insulin
ensuring index for: treatments.carbs
ensuring index for: treatments.glucose
ensuring index for: treatments.enteredBy
ensuring index for: treatments.boluscalc.foods._id
ensuring index for: treatments.notes
ensuring index for: treatments.NSCLIENT_ID
ensuring index for: treatments.percent
ensuring index for: treatments.absolute
ensuring index for: treatments.duration
ensuring index for: treatments.[object Object]
ensuring index for: devicestatus.created_at
ensuring index for: devicestatus.NSCLIENT_ID
ensuring index for: profile.startDate
ensuring index for: food.type
ensuring index for: food.position
ensuring index for: food.hidden
ensuring index for: activity.created_at
Executing setupListeners
Executing setupConnect
Skipping disabled nightscout-connect
Executing setupBridge
Dexcom bridge not enabled
Executing setupMMConnect
MiniMed Connect not enabled
Executing finishBoot
tick 2026-01-18T05:43:23.074Z
Load Complete:
	 sgvs:110, treatments:20, devicestatus:10
data loaded: reloading sandbox data and updating plugins
removed undefined { acknowledged: true, deletedCount: 10 }
ok 566 Storage Layer Shape Handling - Direct Storage Tests Devicestatus Storage - lib/server/devicestatus.js create() accepts single object
got data-received event, requesting reload
Load Complete:
	 sgvs:110, treatments:20, devicestatus:1
data loaded: reloading sandbox data and updating plugins
API_SECRET has 159 bits of entropy
++++++++++++++++++++++++++++++
Nightscout Executing startBoot
++++++++++++++++++++++++++++++
Executing checkNodeVersion
Node LTS version v14.21.3 is supported
Executing checkEnv
Executing augmentSettings
Executing checkSettings
Checking settings
Executing setupStorage
Reusing MongoDB connection handler
Mongo Storage system ready
Executing setupAuthorization
ensuring index for: auth_roles.name
ensuring index for: auth_subjects.name
Reloading auth data
Loading { sort: { name: 1 } }
Roles listed
Loading { sort: { name: 1 } }
Executing setupInternals
Pushover was NOT configured
Executing ensureIndexes
Ensuring indexes
ensuring index for: test_sgvs.date
ensuring index for: test_sgvs.type
ensuring index for: test_sgvs.sgv
ensuring index for: test_sgvs.mbg
ensuring index for: test_sgvs.sysTime
ensuring index for: test_sgvs.dateString
ensuring index for: test_sgvs.[object Object]
ensuring index for: treatments.created_at
ensuring index for: treatments.eventType
ensuring index for: treatments.insulin
ensuring index for: treatments.carbs
ensuring index for: treatments.glucose
ensuring index for: treatments.enteredBy
ensuring index for: treatments.boluscalc.foods._id
ensuring index for: treatments.notes
ensuring index for: treatments.NSCLIENT_ID
ensuring index for: treatments.percent
ensuring index for: treatments.absolute
ensuring index for: treatments.duration
ensuring index for: treatments.[object Object]
ensuring index for: devicestatus.created_at
ensuring index for: devicestatus.NSCLIENT_ID
ensuring index for: profile.startDate
ensuring index for: food.type
ensuring index for: food.position
ensuring index for: food.hidden
ensuring index for: activity.created_at
Executing setupListeners
Executing setupConnect
Skipping disabled nightscout-connect
Executing setupBridge
Dexcom bridge not enabled
Executing setupMMConnect
MiniMed Connect not enabled
Executing finishBoot
tick 2026-01-18T05:43:23.092Z
Load Complete:
	 sgvs:110, treatments:20, devicestatus:1
data loaded: reloading sandbox data and updating plugins
removed undefined { acknowledged: true, deletedCount: 1 }
ok 567 Storage Layer Shape Handling - Direct Storage Tests Devicestatus Storage - lib/server/devicestatus.js create() accepts array with single element
got data-received event, requesting reload
Load Complete:
	 sgvs:110, treatments:20, devicestatus:1
data loaded: reloading sandbox data and updating plugins
API_SECRET has 159 bits of entropy
++++++++++++++++++++++++++++++
Nightscout Executing startBoot
++++++++++++++++++++++++++++++
Executing checkNodeVersion
Node LTS version v14.21.3 is supported
Executing checkEnv
Executing augmentSettings
Executing checkSettings
Checking settings
Executing setupStorage
Reusing MongoDB connection handler
Mongo Storage system ready
Executing setupAuthorization
ensuring index for: auth_roles.name
ensuring index for: auth_subjects.name
Reloading auth data
Loading { sort: { name: 1 } }
Roles listed
Loading { sort: { name: 1 } }
Executing setupInternals
Pushover was NOT configured
Executing ensureIndexes
Ensuring indexes
ensuring index for: test_sgvs.date
ensuring index for: test_sgvs.type
ensuring index for: test_sgvs.sgv
ensuring index for: test_sgvs.mbg
ensuring index for: test_sgvs.sysTime
ensuring index for: test_sgvs.dateString
ensuring index for: test_sgvs.[object Object]
ensuring index for: treatments.created_at
ensuring index for: treatments.eventType
ensuring index for: treatments.insulin
ensuring index for: treatments.carbs
ensuring index for: treatments.glucose
ensuring index for: treatments.enteredBy
ensuring index for: treatments.boluscalc.foods._id
ensuring index for: treatments.notes
ensuring index for: treatments.NSCLIENT_ID
ensuring index for: treatments.percent
ensuring index for: treatments.absolute
ensuring index for: treatments.duration
ensuring index for: treatments.[object Object]
ensuring index for: devicestatus.created_at
ensuring index for: devicestatus.NSCLIENT_ID
ensuring index for: profile.startDate
ensuring index for: food.type
ensuring index for: food.position
ensuring index for: food.hidden
ensuring index for: activity.created_at
Executing setupListeners
Executing setupConnect
Skipping disabled nightscout-connect
Executing setupBridge
Dexcom bridge not enabled
Executing setupMMConnect
MiniMed Connect not enabled
Executing finishBoot
tick 2026-01-18T05:43:23.110Z
Load Complete:
	 sgvs:110, treatments:20, devicestatus:1
data loaded: reloading sandbox data and updating plugins
removed undefined { acknowledged: true, deletedCount: 1 }
ok 568 Storage Layer Shape Handling - Direct Storage Tests Devicestatus Storage - lib/server/devicestatus.js create() accepts array with multiple elements
got data-received event, requesting reload
Load Complete:
	 sgvs:110, treatments:20, devicestatus:3
data loaded: reloading sandbox data and updating plugins
API_SECRET has 159 bits of entropy
++++++++++++++++++++++++++++++
Nightscout Executing startBoot
++++++++++++++++++++++++++++++
Executing checkNodeVersion
Node LTS version v14.21.3 is supported
Executing checkEnv
Executing augmentSettings
Executing checkSettings
Checking settings
Executing setupStorage
Reusing MongoDB connection handler
Mongo Storage system ready
Executing setupAuthorization
ensuring index for: auth_roles.name
ensuring index for: auth_subjects.name
Reloading auth data
Loading { sort: { name: 1 } }
Roles listed
Loading { sort: { name: 1 } }
Executing setupInternals
Pushover was NOT configured
Executing ensureIndexes
Ensuring indexes
ensuring index for: test_sgvs.date
ensuring index for: test_sgvs.type
ensuring index for: test_sgvs.sgv
ensuring index for: test_sgvs.mbg
ensuring index for: test_sgvs.sysTime
ensuring index for: test_sgvs.dateString
ensuring index for: test_sgvs.[object Object]
ensuring index for: treatments.created_at
ensuring index for: treatments.eventType
ensuring index for: treatments.insulin
ensuring index for: treatments.carbs
ensuring index for: treatments.glucose
ensuring index for: treatments.enteredBy
ensuring index for: treatments.boluscalc.foods._id
ensuring index for: treatments.notes
ensuring index for: treatments.NSCLIENT_ID
ensuring index for: treatments.percent
ensuring index for: treatments.absolute
ensuring index for: treatments.duration
ensuring index for: treatments.[object Object]
ensuring index for: devicestatus.created_at
ensuring index for: devicestatus.NSCLIENT_ID
ensuring index for: profile.startDate
ensuring index for: food.type
ensuring index for: food.position
ensuring index for: food.hidden
ensuring index for: activity.created_at
Executing setupListeners
Executing setupConnect
Skipping disabled nightscout-connect
Executing setupBridge
Dexcom bridge not enabled
Executing setupMMConnect
MiniMed Connect not enabled
Executing finishBoot
tick 2026-01-18T05:43:23.129Z
Load Complete:
	 sgvs:110, treatments:20, devicestatus:3
data loaded: reloading sandbox data and updating plugins
removed undefined { acknowledged: true, deletedCount: 3 }
ok 569 Storage Layer Shape Handling - Direct Storage Tests Devicestatus Storage - lib/server/devicestatus.js create() handles large batch
got data-received event, requesting reload
Load Complete:
	 sgvs:110, treatments:20, devicestatus:20
data loaded: reloading sandbox data and updating plugins
API_SECRET has 159 bits of entropy
++++++++++++++++++++++++++++++
Nightscout Executing startBoot
++++++++++++++++++++++++++++++
Executing checkNodeVersion
Node LTS version v14.21.3 is supported
Executing checkEnv
Executing augmentSettings
Executing checkSettings
Checking settings
Executing setupStorage
Reusing MongoDB connection handler
Mongo Storage system ready
Executing setupAuthorization
ensuring index for: auth_roles.name
ensuring index for: auth_subjects.name
Reloading auth data
Loading { sort: { name: 1 } }
Roles listed
Loading { sort: { name: 1 } }
Executing setupInternals
Pushover was NOT configured
Executing ensureIndexes
Ensuring indexes
ensuring index for: test_sgvs.date
ensuring index for: test_sgvs.type
ensuring index for: test_sgvs.sgv
ensuring index for: test_sgvs.mbg
ensuring index for: test_sgvs.sysTime
ensuring index for: test_sgvs.dateString
ensuring index for: test_sgvs.[object Object]
ensuring index for: treatments.created_at
ensuring index for: treatments.eventType
ensuring index for: treatments.insulin
ensuring index for: treatments.carbs
ensuring index for: treatments.glucose
ensuring index for: treatments.enteredBy
ensuring index for: treatments.boluscalc.foods._id
ensuring index for: treatments.notes
ensuring index for: treatments.NSCLIENT_ID
ensuring index for: treatments.percent
ensuring index for: treatments.absolute
ensuring index for: treatments.duration
ensuring index for: treatments.[object Object]
ensuring index for: devicestatus.created_at
ensuring index for: devicestatus.NSCLIENT_ID
ensuring index for: profile.startDate
ensuring index for: food.type
ensuring index for: food.position
ensuring index for: food.hidden
ensuring index for: activity.created_at
Executing setupListeners
Executing setupConnect
Skipping disabled nightscout-connect
Executing setupBridge
Dexcom bridge not enabled
Executing setupMMConnect
MiniMed Connect not enabled
Executing finishBoot
tick 2026-01-18T05:43:23.153Z
Load Complete:
	 sgvs:105, treatments:20, devicestatus:20
data loaded: reloading sandbox data and updating plugins
got data-received event, requesting reload
ok 570 Storage Layer Shape Handling - Direct Storage Tests Entries Storage - lib/server/entries.js create() accepts single entry in array
Load Complete:
	 sgvs:106, treatments:20, devicestatus:20
data loaded: reloading sandbox data and updating plugins
API_SECRET has 159 bits of entropy
++++++++++++++++++++++++++++++
Nightscout Executing startBoot
++++++++++++++++++++++++++++++
Executing checkNodeVersion
Node LTS version v14.21.3 is supported
Executing checkEnv
Executing augmentSettings
Executing checkSettings
Checking settings
Executing setupStorage
Reusing MongoDB connection handler
Mongo Storage system ready
Executing setupAuthorization
ensuring index for: auth_roles.name
ensuring index for: auth_subjects.name
Reloading auth data
Loading { sort: { name: 1 } }
Roles listed
Loading { sort: { name: 1 } }
Executing setupInternals
Pushover was NOT configured
Executing ensureIndexes
Ensuring indexes
ensuring index for: test_sgvs.date
ensuring index for: test_sgvs.type
ensuring index for: test_sgvs.sgv
ensuring index for: test_sgvs.mbg
ensuring index for: test_sgvs.sysTime
ensuring index for: test_sgvs.dateString
ensuring index for: test_sgvs.[object Object]
ensuring index for: treatments.created_at
ensuring index for: treatments.eventType
ensuring index for: treatments.insulin
ensuring index for: treatments.carbs
ensuring index for: treatments.glucose
ensuring index for: treatments.enteredBy
ensuring index for: treatments.boluscalc.foods._id
ensuring index for: treatments.notes
ensuring index for: treatments.NSCLIENT_ID
ensuring index for: treatments.percent
ensuring index for: treatments.absolute
ensuring index for: treatments.duration
ensuring index for: treatments.[object Object]
ensuring index for: devicestatus.created_at
ensuring index for: devicestatus.NSCLIENT_ID
ensuring index for: profile.startDate
ensuring index for: food.type
ensuring index for: food.position
ensuring index for: food.hidden
ensuring index for: activity.created_at
Executing setupListeners
Executing setupConnect
Skipping disabled nightscout-connect
Executing setupBridge
Dexcom bridge not enabled
Executing setupMMConnect
MiniMed Connect not enabled
Executing finishBoot
tick 2026-01-18T05:43:23.170Z
Load Complete:
	 treatments:20, devicestatus:20
data loaded: reloading sandbox data and updating plugins
got data-received event, requesting reload
ok 571 Storage Layer Shape Handling - Direct Storage Tests Entries Storage - lib/server/entries.js create() accepts array with multiple entries
Load Complete:
	 sgvs:3, treatments:20, devicestatus:20
data loaded: reloading sandbox data and updating plugins
API_SECRET has 159 bits of entropy
++++++++++++++++++++++++++++++
Nightscout Executing startBoot
++++++++++++++++++++++++++++++
Executing checkNodeVersion
Node LTS version v14.21.3 is supported
Executing checkEnv
Executing augmentSettings
Executing checkSettings
Checking settings
Executing setupStorage
Reusing MongoDB connection handler
Mongo Storage system ready
Executing setupAuthorization
ensuring index for: auth_roles.name
ensuring index for: auth_subjects.name
Reloading auth data
Loading { sort: { name: 1 } }
Roles listed
Loading { sort: { name: 1 } }
Executing setupInternals
Pushover was NOT configured
Executing ensureIndexes
Ensuring indexes
ensuring index for: test_sgvs.date
ensuring index for: test_sgvs.type
ensuring index for: test_sgvs.sgv
ensuring index for: test_sgvs.mbg
ensuring index for: test_sgvs.sysTime
ensuring index for: test_sgvs.dateString
ensuring index for: test_sgvs.[object Object]
ensuring index for: treatments.created_at
ensuring index for: treatments.eventType
ensuring index for: treatments.insulin
ensuring index for: treatments.carbs
ensuring index for: treatments.glucose
ensuring index for: treatments.enteredBy
ensuring index for: treatments.boluscalc.foods._id
ensuring index for: treatments.notes
ensuring index for: treatments.NSCLIENT_ID
ensuring index for: treatments.percent
ensuring index for: treatments.absolute
ensuring index for: treatments.duration
ensuring index for: treatments.[object Object]
ensuring index for: devicestatus.created_at
ensuring index for: devicestatus.NSCLIENT_ID
ensuring index for: profile.startDate
ensuring index for: food.type
ensuring index for: food.position
ensuring index for: food.hidden
ensuring index for: activity.created_at
Executing setupListeners
Executing setupConnect
Skipping disabled nightscout-connect
Executing setupBridge
Dexcom bridge not enabled
Executing setupMMConnect
MiniMed Connect not enabled
Executing finishBoot
tick 2026-01-18T05:43:23.184Z
Load Complete:
	 treatments:20, devicestatus:20
data loaded: reloading sandbox data and updating plugins
got data-received event, requesting reload
ok 572 Storage Layer Shape Handling - Direct Storage Tests Profile Storage - lib/server/profile.js create() accepts single profile object
Load Complete:
	 treatments:20, profiles:1, devicestatus:20
data loaded: reloading sandbox data and updating plugins
API_SECRET has 159 bits of entropy
++++++++++++++++++++++++++++++
Nightscout Executing startBoot
++++++++++++++++++++++++++++++
Executing checkNodeVersion
Node LTS version v14.21.3 is supported
Executing checkEnv
Executing augmentSettings
Executing checkSettings
Checking settings
Executing setupStorage
Reusing MongoDB connection handler
Mongo Storage system ready
Executing setupAuthorization
ensuring index for: auth_roles.name
ensuring index for: auth_subjects.name
Reloading auth data
Loading { sort: { name: 1 } }
Roles listed
Loading { sort: { name: 1 } }
Executing setupInternals
Pushover was NOT configured
Executing ensureIndexes
Ensuring indexes
ensuring index for: test_sgvs.date
ensuring index for: test_sgvs.type
ensuring index for: test_sgvs.sgv
ensuring index for: test_sgvs.mbg
ensuring index for: test_sgvs.sysTime
ensuring index for: test_sgvs.dateString
ensuring index for: test_sgvs.[object Object]
ensuring index for: treatments.created_at
ensuring index for: treatments.eventType
ensuring index for: treatments.insulin
ensuring index for: treatments.carbs
ensuring index for: treatments.glucose
ensuring index for: treatments.enteredBy
ensuring index for: treatments.boluscalc.foods._id
ensuring index for: treatments.notes
ensuring index for: treatments.NSCLIENT_ID
ensuring index for: treatments.percent
ensuring index for: treatments.absolute
ensuring index for: treatments.duration
ensuring index for: treatments.[object Object]
ensuring index for: devicestatus.created_at
ensuring index for: devicestatus.NSCLIENT_ID
ensuring index for: profile.startDate
ensuring index for: food.type
ensuring index for: food.position
ensuring index for: food.hidden
ensuring index for: activity.created_at
Executing setupListeners
Executing setupConnect
Skipping disabled nightscout-connect
Executing setupBridge
Dexcom bridge not enabled
Executing setupMMConnect
MiniMed Connect not enabled
Executing finishBoot
tick 2026-01-18T05:43:23.196Z
Load Complete:
	 treatments:20, devicestatus:20
data loaded: reloading sandbox data and updating plugins
ok 573 Storage Layer Shape Handling - Direct Storage Tests Food Storage - lib/server/food.js create() accepts single food object
API_SECRET has 159 bits of entropy
++++++++++++++++++++++++++++++
Nightscout Executing startBoot
++++++++++++++++++++++++++++++
Executing checkNodeVersion
Node LTS version v14.21.3 is supported
Executing checkEnv
Executing augmentSettings
Executing checkSettings
Checking settings
Executing setupStorage
Reusing MongoDB connection handler
Mongo Storage system ready
Executing setupAuthorization
ensuring index for: auth_roles.name
ensuring index for: auth_subjects.name
Reloading auth data
Loading { sort: { name: 1 } }
Roles listed
Loading { sort: { name: 1 } }
Executing setupInternals
Pushover was NOT configured
Executing ensureIndexes
Ensuring indexes
ensuring index for: test_sgvs.date
ensuring index for: test_sgvs.type
ensuring index for: test_sgvs.sgv
ensuring index for: test_sgvs.mbg
ensuring index for: test_sgvs.sysTime
ensuring index for: test_sgvs.dateString
ensuring index for: test_sgvs.[object Object]
ensuring index for: treatments.created_at
ensuring index for: treatments.eventType
ensuring index for: treatments.insulin
ensuring index for: treatments.carbs
ensuring index for: treatments.glucose
ensuring index for: treatments.enteredBy
ensuring index for: treatments.boluscalc.foods._id
ensuring index for: treatments.notes
ensuring index for: treatments.NSCLIENT_ID
ensuring index for: treatments.percent
ensuring index for: treatments.absolute
ensuring index for: treatments.duration
ensuring index for: treatments.[object Object]
ensuring index for: devicestatus.created_at
ensuring index for: devicestatus.NSCLIENT_ID
ensuring index for: profile.startDate
ensuring index for: food.type
ensuring index for: food.position
ensuring index for: food.hidden
ensuring index for: activity.created_at
Executing setupListeners
Executing setupConnect
Skipping disabled nightscout-connect
Executing setupBridge
Dexcom bridge not enabled
Executing setupMMConnect
MiniMed Connect not enabled
Executing finishBoot
tick 2026-01-18T05:43:23.208Z
Load Complete:
	 treatments:20, devicestatus:20
data loaded: reloading sandbox data and updating plugins
ok 574 Storage Layer Shape Handling - Direct Storage Tests Activity Storage - lib/server/activity.js create() accepts array of activity objects (single object not supported)
API_SECRET has 159 bits of entropy
++++++++++++++++++++++++++++++
Nightscout Executing startBoot
++++++++++++++++++++++++++++++
Executing checkNodeVersion
Node LTS version v14.21.3 is supported
Executing checkEnv
Executing augmentSettings
Executing checkSettings
Checking settings
Executing setupStorage
Reusing MongoDB connection handler
Mongo Storage system ready
Executing setupAuthorization
ensuring index for: auth_roles.name
ensuring index for: auth_subjects.name
Reloading auth data
Loading { sort: { name: 1 } }
Roles listed
Loading { sort: { name: 1 } }
Executing setupInternals
Pushover was NOT configured
Executing ensureIndexes
Ensuring indexes
ensuring index for: test_sgvs.date
ensuring index for: test_sgvs.type
ensuring index for: test_sgvs.sgv
ensuring index for: test_sgvs.mbg
ensuring index for: test_sgvs.sysTime
ensuring index for: test_sgvs.dateString
ensuring index for: test_sgvs.[object Object]
ensuring index for: treatments.created_at
ensuring index for: treatments.eventType
ensuring index for: treatments.insulin
ensuring index for: treatments.carbs
ensuring index for: treatments.glucose
ensuring index for: treatments.enteredBy
ensuring index for: treatments.boluscalc.foods._id
ensuring index for: treatments.notes
ensuring index for: treatments.NSCLIENT_ID
ensuring index for: treatments.percent
ensuring index for: treatments.absolute
ensuring index for: treatments.duration
ensuring index for: treatments.[object Object]
ensuring index for: devicestatus.created_at
ensuring index for: devicestatus.NSCLIENT_ID
ensuring index for: profile.startDate
ensuring index for: food.type
ensuring index for: food.position
ensuring index for: food.hidden
ensuring index for: activity.created_at
Executing setupListeners
Executing setupConnect
Skipping disabled nightscout-connect
Executing setupBridge
Dexcom bridge not enabled
Executing setupMMConnect
MiniMed Connect not enabled
Executing finishBoot
tick 2026-01-18T05:43:23.218Z
Load Complete:
	 treatments:20, devicestatus:20
data loaded: reloading sandbox data and updating plugins
ok 575 MongoDB insertOne vs insertMany Behavior Direct MongoDB operations - testing insertOne with array data insertOne with object inserts correctly
API_SECRET has 159 bits of entropy
++++++++++++++++++++++++++++++
Nightscout Executing startBoot
++++++++++++++++++++++++++++++
Executing checkNodeVersion
Node LTS version v14.21.3 is supported
Executing checkEnv
Executing augmentSettings
Executing checkSettings
Checking settings
Executing setupStorage
Reusing MongoDB connection handler
Mongo Storage system ready
Executing setupAuthorization
ensuring index for: auth_roles.name
ensuring index for: auth_subjects.name
Reloading auth data
Loading { sort: { name: 1 } }
Roles listed
Loading { sort: { name: 1 } }
Executing setupInternals
Pushover was NOT configured
Executing ensureIndexes
Ensuring indexes
ensuring index for: test_sgvs.date
ensuring index for: test_sgvs.type
ensuring index for: test_sgvs.sgv
ensuring index for: test_sgvs.mbg
ensuring index for: test_sgvs.sysTime
ensuring index for: test_sgvs.dateString
ensuring index for: test_sgvs.[object Object]
ensuring index for: treatments.created_at
ensuring index for: treatments.eventType
ensuring index for: treatments.insulin
ensuring index for: treatments.carbs
ensuring index for: treatments.glucose
ensuring index for: treatments.enteredBy
ensuring index for: treatments.boluscalc.foods._id
ensuring index for: treatments.notes
ensuring index for: treatments.NSCLIENT_ID
ensuring index for: treatments.percent
ensuring index for: treatments.absolute
ensuring index for: treatments.duration
ensuring index for: treatments.[object Object]
ensuring index for: devicestatus.created_at
ensuring index for: devicestatus.NSCLIENT_ID
ensuring index for: profile.startDate
ensuring index for: food.type
ensuring index for: food.position
ensuring index for: food.hidden
ensuring index for: activity.created_at
Executing setupListeners
Executing setupConnect
Skipping disabled nightscout-connect
Executing setupBridge
Dexcom bridge not enabled
Executing setupMMConnect
MiniMed Connect not enabled
Executing finishBoot
tick 2026-01-18T05:43:23.228Z
Load Complete:
	 treatments:20, devicestatus:20
data loaded: reloading sandbox data and updating plugins
insertOne with array error: BSON field 'insert.documents.0' is the wrong type 'array', expected type 'object'
ok 576 MongoDB insertOne vs insertMany Behavior Direct MongoDB operations - testing insertOne with array data insertOne with array creates single document containing array (NOT multiple docs)
API_SECRET has 159 bits of entropy
++++++++++++++++++++++++++++++
Nightscout Executing startBoot
++++++++++++++++++++++++++++++
Executing checkNodeVersion
Node LTS version v14.21.3 is supported
Executing checkEnv
Executing augmentSettings
Executing checkSettings
Checking settings
Executing setupStorage
Reusing MongoDB connection handler
Mongo Storage system ready
Executing setupAuthorization
ensuring index for: auth_roles.name
ensuring index for: auth_subjects.name
Reloading auth data
Loading { sort: { name: 1 } }
Roles listed
Loading { sort: { name: 1 } }
Executing setupInternals
Pushover was NOT configured
Executing ensureIndexes
Ensuring indexes
ensuring index for: test_sgvs.date
ensuring index for: test_sgvs.type
ensuring index for: test_sgvs.sgv
ensuring index for: test_sgvs.mbg
ensuring index for: test_sgvs.sysTime
ensuring index for: test_sgvs.dateString
ensuring index for: test_sgvs.[object Object]
ensuring index for: treatments.created_at
ensuring index for: treatments.eventType
ensuring index for: treatments.insulin
ensuring index for: treatments.carbs
ensuring index for: treatments.glucose
ensuring index for: treatments.enteredBy
ensuring index for: treatments.boluscalc.foods._id
ensuring index for: treatments.notes
ensuring index for: treatments.NSCLIENT_ID
ensuring index for: treatments.percent
ensuring index for: treatments.absolute
ensuring index for: treatments.duration
ensuring index for: treatments.[object Object]
ensuring index for: devicestatus.created_at
ensuring index for: devicestatus.NSCLIENT_ID
ensuring index for: profile.startDate
ensuring index for: food.type
ensuring index for: food.position
ensuring index for: food.hidden
ensuring index for: activity.created_at
Executing setupListeners
Executing setupConnect
Skipping disabled nightscout-connect
Executing setupBridge
Dexcom bridge not enabled
Executing setupMMConnect
MiniMed Connect not enabled
Executing finishBoot
tick 2026-01-18T05:43:23.239Z
Load Complete:
	 treatments:20, devicestatus:20
data loaded: reloading sandbox data and updating plugins
ok 577 MongoDB insertOne vs insertMany Behavior Direct MongoDB operations - testing insertOne with array data insertMany with array creates multiple documents
ok 578 timeago Not trigger an alarm when data is current
ok 579 timeago Not trigger an alarm with future data
ok 580 timeago should trigger a warning when data older than 15m
ok 581 timeago should trigger an urgent alarm when data older than 30m
ok 582 timeago calc timeago displays
ok 583 times hours to mins, secs, and msecs
ok 584 times mins to secs and msecs
ok 585 times secs as msecs
ok 586 treatmentnotify Request a snooze for a recent treatment and request an info notify
ok 587 treatmentnotify Not Request a snooze for an older treatment and not request an info notification
requestMBGNotify for { mgdl: '100', mills: 1768714973346, scaled: '100' }
ok 588 treatmentnotify Request a snooze for a recent calibration and request an info notify
ok 589 treatmentnotify Not Request a snooze for an older calibration treatment and not request an info notification
ok 590 treatmentnotify Request a notification for an announcement even there is an active snooze
ok 591 treatmentnotify Request a notification for a non-error announcement
ok 592 units should convert 99 to 5.5
ok 593 units should convert 180 to 10.0
ok 594 units should convert 5.5 to 99
ok 595 units should convert 10.0 to 180
ok 596 units should convert 5.5 mmol and then convert back to 5.5 mmol
ok 597 units should convert 99 mgdl and then convert back to 99 mgdl
ok 598 Uploader Battery display uploader battery status
ok 599 Uploader Battery set a pill to the uploader battery status
ok 600 Uploader Battery hide the pill if there is no uploader battery status
ok 601 Uploader Battery hide the pill if there is uploader battery status is -1
ok 602 Uploader Battery should handle virtAsst requests
ok 603 utils format numbers
ok 604 utils format numbers short
ok 605 utils merge date and time
API_SECRET has 159 bits of entropy
++++++++++++++++++++++++++++++
Nightscout Executing startBoot
++++++++++++++++++++++++++++++
Executing checkNodeVersion
Node LTS version v14.21.3 is supported
Executing checkEnv
Executing augmentSettings
Executing checkSettings
Checking settings
Executing setupStorage
Reusing MongoDB connection handler
Mongo Storage system ready
Executing setupAuthorization
ensuring index for: auth_roles.name
ensuring index for: auth_subjects.name
Reloading auth data
Loading { sort: { name: 1 } }
Roles listed
Loading { sort: { name: 1 } }
Executing setupInternals
Pushover was NOT configured
Executing ensureIndexes
Ensuring indexes
ensuring index for: test_sgvs.date
ensuring index for: test_sgvs.type
ensuring index for: test_sgvs.sgv
ensuring index for: test_sgvs.mbg
ensuring index for: test_sgvs.sysTime
ensuring index for: test_sgvs.dateString
ensuring index for: test_sgvs.[object Object]
ensuring index for: treatments.created_at
ensuring index for: treatments.eventType
ensuring index for: treatments.insulin
ensuring index for: treatments.carbs
ensuring index for: treatments.glucose
ensuring index for: treatments.enteredBy
ensuring index for: treatments.boluscalc.foods._id
ensuring index for: treatments.notes
ensuring index for: treatments.NSCLIENT_ID
ensuring index for: treatments.percent
ensuring index for: treatments.absolute
ensuring index for: treatments.duration
ensuring index for: treatments.[object Object]
ensuring index for: devicestatus.created_at
ensuring index for: devicestatus.NSCLIENT_ID
ensuring index for: profile.startDate
ensuring index for: food.type
ensuring index for: food.position
ensuring index for: food.hidden
ensuring index for: activity.created_at
Executing setupListeners
Executing setupConnect
Skipping disabled nightscout-connect
Executing setupBridge
Dexcom bridge not enabled
Executing setupMMConnect
MiniMed Connect not enabled
Executing finishBoot
tick 2026-01-18T05:43:23.262Z
API KEY present, enabling API
enabling feature: pushover
enabling feature: treatmentnotify
enabling feature: bgnow
enabling feature: delta
enabling feature: direction
enabling feature: timeago
enabling feature: devicestatus
enabling feature: upbat
enabling feature: errorcodes
enabling feature: profile
enabling feature: bolus
enabling feature: dbsize
enabling feature: runtimestate
enabling feature: basal
enabling feature: careportal
enabling feature: ar2
Load Complete:
	 treatments:20, devicestatus:20
data loaded: reloading sandbox data and updating plugins
For the Basal plugin to function you need a treatment profile
2026-01-18T05:43:23.270Z	EMITTING NOTIFICATION:
  {"level":"Info","title":"Note","message":"\nNotes: batch 0","group":"default","plugin":"treatmentnotify"}
ok 606 verifyauth should return defaults when called without secret
API_SECRET has 159 bits of entropy
++++++++++++++++++++++++++++++
Nightscout Executing startBoot
++++++++++++++++++++++++++++++
Executing checkNodeVersion
Node LTS version v14.21.3 is supported
Executing checkEnv
Executing augmentSettings
Executing checkSettings
Checking settings
Executing setupStorage
Reusing MongoDB connection handler
Mongo Storage system ready
Executing setupAuthorization
ensuring index for: auth_roles.name
ensuring index for: auth_subjects.name
Reloading auth data
Loading { sort: { name: 1 } }
Roles listed
Loading { sort: { name: 1 } }
Executing setupInternals
Pushover was NOT configured
Executing ensureIndexes
Ensuring indexes
ensuring index for: test_sgvs.date
ensuring index for: test_sgvs.type
ensuring index for: test_sgvs.sgv
ensuring index for: test_sgvs.mbg
ensuring index for: test_sgvs.sysTime
ensuring index for: test_sgvs.dateString
ensuring index for: test_sgvs.[object Object]
ensuring index for: treatments.created_at
ensuring index for: treatments.eventType
ensuring index for: treatments.insulin
ensuring index for: treatments.carbs
ensuring index for: treatments.glucose
ensuring index for: treatments.enteredBy
ensuring index for: treatments.boluscalc.foods._id
ensuring index for: treatments.notes
ensuring index for: treatments.NSCLIENT_ID
ensuring index for: treatments.percent
ensuring index for: treatments.absolute
ensuring index for: treatments.duration
ensuring index for: treatments.[object Object]
ensuring index for: devicestatus.created_at
ensuring index for: devicestatus.NSCLIENT_ID
ensuring index for: profile.startDate
ensuring index for: food.type
ensuring index for: food.position
ensuring index for: food.hidden
ensuring index for: activity.created_at
Executing setupListeners
Executing setupConnect
Skipping disabled nightscout-connect
Executing setupBridge
Dexcom bridge not enabled
Executing setupMMConnect
MiniMed Connect not enabled
Executing finishBoot
tick 2026-01-18T05:43:23.275Z
API KEY present, enabling API
enabling feature: pushover
enabling feature: treatmentnotify
enabling feature: bgnow
enabling feature: delta
enabling feature: direction
enabling feature: timeago
enabling feature: devicestatus
enabling feature: upbat
enabling feature: errorcodes
enabling feature: profile
enabling feature: bolus
enabling feature: dbsize
enabling feature: runtimestate
enabling feature: basal
enabling feature: careportal
enabling feature: ar2
Load Complete:
	 treatments:20, devicestatus:20
data loaded: reloading sandbox data and updating plugins
For the Basal plugin to function you need a treatment profile
2026-01-18T05:43:23.283Z	EMITTING NOTIFICATION:
  {"level":"Info","title":"Note","message":"\nNotes: batch 0","group":"default","plugin":"treatmentnotify"}
Resolving secret/token to permissions failed
ok 607 verifyauth should fail when calling with wrong secret
API_SECRET has 159 bits of entropy
++++++++++++++++++++++++++++++
Nightscout Executing startBoot
++++++++++++++++++++++++++++++
Executing checkNodeVersion
Node LTS version v14.21.3 is supported
Executing checkEnv
Executing augmentSettings
Executing checkSettings
Checking settings
Executing setupStorage
Reusing MongoDB connection handler
Mongo Storage system ready
Executing setupAuthorization
ensuring index for: auth_roles.name
ensuring index for: auth_subjects.name
Reloading auth data
Loading { sort: { name: 1 } }
Roles listed
Loading { sort: { name: 1 } }
Executing setupInternals
Pushover was NOT configured
Executing ensureIndexes
Ensuring indexes
ensuring index for: test_sgvs.date
ensuring index for: test_sgvs.type
ensuring index for: test_sgvs.sgv
ensuring index for: test_sgvs.mbg
ensuring index for: test_sgvs.sysTime
ensuring index for: test_sgvs.dateString
ensuring index for: test_sgvs.[object Object]
ensuring index for: treatments.created_at
ensuring index for: treatments.eventType
ensuring index for: treatments.insulin
ensuring index for: treatments.carbs
ensuring index for: treatments.glucose
ensuring index for: treatments.enteredBy
ensuring index for: treatments.boluscalc.foods._id
ensuring index for: treatments.notes
ensuring index for: treatments.NSCLIENT_ID
ensuring index for: treatments.percent
ensuring index for: treatments.absolute
ensuring index for: treatments.duration
ensuring index for: treatments.[object Object]
ensuring index for: devicestatus.created_at
ensuring index for: devicestatus.NSCLIENT_ID
ensuring index for: profile.startDate
ensuring index for: food.type
ensuring index for: food.position
ensuring index for: food.hidden
ensuring index for: activity.created_at
Executing setupListeners
Executing setupConnect
Skipping disabled nightscout-connect
Executing setupBridge
Dexcom bridge not enabled
Executing setupMMConnect
MiniMed Connect not enabled
Executing finishBoot
tick 2026-01-18T05:43:23.288Z
API KEY present, enabling API
enabling feature: pushover
enabling feature: treatmentnotify
enabling feature: bgnow
enabling feature: delta
enabling feature: direction
enabling feature: timeago
enabling feature: devicestatus
enabling feature: upbat
enabling feature: errorcodes
enabling feature: profile
enabling feature: bolus
enabling feature: dbsize
enabling feature: runtimestate
enabling feature: basal
enabling feature: careportal
enabling feature: ar2
Load Complete:
	 treatments:20, devicestatus:20
data loaded: reloading sandbox data and updating plugins
For the Basal plugin to function you need a treatment profile
2026-01-18T05:43:23.299Z	EMITTING NOTIFICATION:
  {"level":"Info","title":"Note","message":"\nNotes: batch 0","group":"default","plugin":"treatmentnotify"}
Resolving secret/token to permissions failed
Resolving secret/token to permissions failed
ok 608 verifyauth should fail unauthorized and delay subsequent attempts
API_SECRET has 159 bits of entropy
++++++++++++++++++++++++++++++
Nightscout Executing startBoot
++++++++++++++++++++++++++++++
Executing checkNodeVersion
Node LTS version v14.21.3 is supported
Executing checkEnv
Executing augmentSettings
Executing checkSettings
Checking settings
Executing setupStorage
Reusing MongoDB connection handler
Mongo Storage system ready
Executing setupAuthorization
ensuring index for: auth_roles.name
ensuring index for: auth_subjects.name
Reloading auth data
Loading { sort: { name: 1 } }
Roles listed
Loading { sort: { name: 1 } }
Executing setupInternals
Pushover was NOT configured
Executing ensureIndexes
Ensuring indexes
ensuring index for: test_sgvs.date
ensuring index for: test_sgvs.type
ensuring index for: test_sgvs.sgv
ensuring index for: test_sgvs.mbg
ensuring index for: test_sgvs.sysTime
ensuring index for: test_sgvs.dateString
ensuring index for: test_sgvs.[object Object]
ensuring index for: treatments.created_at
ensuring index for: treatments.eventType
ensuring index for: treatments.insulin
ensuring index for: treatments.carbs
ensuring index for: treatments.glucose
ensuring index for: treatments.enteredBy
ensuring index for: treatments.boluscalc.foods._id
ensuring index for: treatments.notes
ensuring index for: treatments.NSCLIENT_ID
ensuring index for: treatments.percent
ensuring index for: treatments.absolute
ensuring index for: treatments.duration
ensuring index for: treatments.[object Object]
ensuring index for: devicestatus.created_at
ensuring index for: devicestatus.NSCLIENT_ID
ensuring index for: profile.startDate
ensuring index for: food.type
ensuring index for: food.position
ensuring index for: food.hidden
ensuring index for: activity.created_at
Executing setupListeners
Executing setupConnect
Skipping disabled nightscout-connect
Executing setupBridge
Dexcom bridge not enabled
Executing setupMMConnect
MiniMed Connect not enabled
Executing finishBoot
tick 2026-01-18T05:43:28.308Z
API KEY present, enabling API
enabling feature: pushover
enabling feature: treatmentnotify
enabling feature: bgnow
enabling feature: delta
enabling feature: direction
enabling feature: timeago
enabling feature: devicestatus
enabling feature: upbat
enabling feature: errorcodes
enabling feature: profile
enabling feature: bolus
enabling feature: dbsize
enabling feature: runtimestate
enabling feature: basal
enabling feature: careportal
enabling feature: ar2
Load Complete:
	 treatments:20, devicestatus:20
data loaded: reloading sandbox data and updating plugins
For the Basal plugin to function you need a treatment profile
2026-01-18T05:43:28.322Z	EMITTING NOTIFICATION:
  {"level":"Info","title":"Note","message":"\nNotes: batch 5","group":"default","plugin":"treatmentnotify"}
ok 609 verifyauth should work fine authorized
API_SECRET has 159 bits of entropy
++++++++++++++++++++++++++++++
Nightscout Executing startBoot
++++++++++++++++++++++++++++++
Executing checkNodeVersion
Node LTS version v14.21.3 is supported
Executing checkEnv
Executing augmentSettings
Executing checkSettings
Checking settings
Executing setupStorage
Reusing MongoDB connection handler
Mongo Storage system ready
Executing setupAuthorization
ensuring index for: auth_roles.name
ensuring index for: auth_subjects.name
Reloading auth data
Loading { sort: { name: 1 } }
Roles listed
Loading { sort: { name: 1 } }
Executing setupInternals
Pushover was NOT configured
Executing ensureIndexes
Ensuring indexes
ensuring index for: test_sgvs.date
ensuring index for: test_sgvs.type
ensuring index for: test_sgvs.sgv
ensuring index for: test_sgvs.mbg
ensuring index for: test_sgvs.sysTime
ensuring index for: test_sgvs.dateString
ensuring index for: test_sgvs.[object Object]
ensuring index for: treatments.created_at
ensuring index for: treatments.eventType
ensuring index for: treatments.insulin
ensuring index for: treatments.carbs
ensuring index for: treatments.glucose
ensuring index for: treatments.enteredBy
ensuring index for: treatments.boluscalc.foods._id
ensuring index for: treatments.notes
ensuring index for: treatments.NSCLIENT_ID
ensuring index for: treatments.percent
ensuring index for: treatments.absolute
ensuring index for: treatments.duration
ensuring index for: treatments.[object Object]
ensuring index for: devicestatus.created_at
ensuring index for: devicestatus.NSCLIENT_ID
ensuring index for: profile.startDate
ensuring index for: food.type
ensuring index for: food.position
ensuring index for: food.hidden
ensuring index for: activity.created_at
Executing setupListeners
Executing setupConnect
Skipping disabled nightscout-connect
Executing setupBridge
Dexcom bridge not enabled
Executing setupMMConnect
MiniMed Connect not enabled
Executing finishBoot
tick 2026-01-18T05:43:28.327Z
Load Complete:
	 treatments:20, devicestatus:20
data loaded: reloading sandbox data and updating plugins
got data-received event, requesting reload
Load Complete:
	 devicestatus:20
data loaded: reloading sandbox data and updating plugins
[32mWS: [0mConnection from client ID:  FD6TyQ8riL4VzYcoAAAC  IP:  ::ffff:127.0.0.1
[32mWS: [0mdbAdd client ID:  FD6TyQ8riL4VzYcoAAAC  data:  {
  collection: 'treatments',
  data: {
    eventType: 'Note',
    created_at: '2026-01-18T05:43:28.343Z',
    notes: 'ws single object test'
  }
}
[35mDEDUPE: [0mAdding new record
got data-received event, requesting reload
ok 610 WebSocket Shape Handling - dbAdd Single vs Array Input dbAdd with treatments collection dbAdd accepts single object for treatments
Load Complete:
	 treatments:1, devicestatus:20
data loaded: reloading sandbox data and updating plugins
[32mWS: [0mDisconnected client ID:  FD6TyQ8riL4VzYcoAAAC
API_SECRET has 159 bits of entropy
++++++++++++++++++++++++++++++
Nightscout Executing startBoot
++++++++++++++++++++++++++++++
Executing checkNodeVersion
Node LTS version v14.21.3 is supported
Executing checkEnv
Executing augmentSettings
Executing checkSettings
Checking settings
Executing setupStorage
Reusing MongoDB connection handler
Mongo Storage system ready
Executing setupAuthorization
ensuring index for: auth_roles.name
ensuring index for: auth_subjects.name
Reloading auth data
Loading { sort: { name: 1 } }
Roles listed
Loading { sort: { name: 1 } }
Executing setupInternals
Pushover was NOT configured
Executing ensureIndexes
Ensuring indexes
ensuring index for: test_sgvs.date
ensuring index for: test_sgvs.type
ensuring index for: test_sgvs.sgv
ensuring index for: test_sgvs.mbg
ensuring index for: test_sgvs.sysTime
ensuring index for: test_sgvs.dateString
ensuring index for: test_sgvs.[object Object]
ensuring index for: treatments.created_at
ensuring index for: treatments.eventType
ensuring index for: treatments.insulin
ensuring index for: treatments.carbs
ensuring index for: treatments.glucose
ensuring index for: treatments.enteredBy
ensuring index for: treatments.boluscalc.foods._id
ensuring index for: treatments.notes
ensuring index for: treatments.NSCLIENT_ID
ensuring index for: treatments.percent
ensuring index for: treatments.absolute
ensuring index for: treatments.duration
ensuring index for: treatments.[object Object]
ensuring index for: devicestatus.created_at
ensuring index for: devicestatus.NSCLIENT_ID
ensuring index for: profile.startDate
ensuring index for: food.type
ensuring index for: food.position
ensuring index for: food.hidden
ensuring index for: activity.created_at
Executing setupListeners
Executing setupConnect
Skipping disabled nightscout-connect
Executing setupBridge
Dexcom bridge not enabled
Executing setupMMConnect
MiniMed Connect not enabled
Executing finishBoot
tick 2026-01-18T05:43:28.357Z
Load Complete:
	 treatments:1, devicestatus:20
data loaded: reloading sandbox data and updating plugins
got data-received event, requesting reload
Load Complete:
	 devicestatus:20
data loaded: reloading sandbox data and updating plugins
[32mWS: [0mConnection from client ID:  fYxGh0FPGO7wR7omAAAE  IP:  ::ffff:127.0.0.1
[32mWS: [0mdbAdd client ID:  fYxGh0FPGO7wR7omAAAE  data:  {
  collection: 'treatments',
  data: [
    {
      eventType: 'Note',
      created_at: '2026-01-18T05:43:28.371Z',
      notes: 'ws array item 1'
    },
    {
      eventType: 'Note',
      created_at: '2026-01-18T05:43:29.371Z',
      notes: 'ws array item 2'
    }
  ]
}
[32mWS: [0mdbAdd received array with 2 items
[35mDEDUPE: [0mAdding new record
got data-received event, requesting reload
[35mDEDUPE: [0mFound similiar {
  _id: new ObjectId("696c7300dd4dc41f4351bfa4"),
  eventType: 'Note',
  created_at: '2026-01-18T05:43:28.371Z',
  notes: 'ws array item 1'
}
got data-received event, requesting reload
Load Complete:
	 devicestatus:20
data loaded: reloading sandbox data and updating plugins
dbAdd array result: [{"eventType":"Note","created_at":"2026-01-18T05:43:28.371Z","notes":"ws array item 1","_id":"696c7300dd4dc41f4351bfa4"},{"_id":"696c7300dd4dc41f4351bfa4","eventType":"Note","created_at":"2026-01-18T05:43:29.371Z","notes":"ws array item 1"}]
ok 611 WebSocket Shape Handling - dbAdd Single vs Array Input dbAdd with treatments collection dbAdd with array input for treatments - current behavior test
Load Complete:
	 treatments:1, devicestatus:20
data loaded: reloading sandbox data and updating plugins
[32mWS: [0mDisconnected client ID:  fYxGh0FPGO7wR7omAAAE
API_SECRET has 159 bits of entropy
++++++++++++++++++++++++++++++
Nightscout Executing startBoot
++++++++++++++++++++++++++++++
Executing checkNodeVersion
Node LTS version v14.21.3 is supported
Executing checkEnv
Executing augmentSettings
Executing checkSettings
Checking settings
Executing setupStorage
Reusing MongoDB connection handler
Mongo Storage system ready
Executing setupAuthorization
ensuring index for: auth_roles.name
ensuring index for: auth_subjects.name
Reloading auth data
Loading { sort: { name: 1 } }
Roles listed
Loading { sort: { name: 1 } }
Executing setupInternals
Pushover was NOT configured
Executing ensureIndexes
Ensuring indexes
ensuring index for: test_sgvs.date
ensuring index for: test_sgvs.type
ensuring index for: test_sgvs.sgv
ensuring index for: test_sgvs.mbg
ensuring index for: test_sgvs.sysTime
ensuring index for: test_sgvs.dateString
ensuring index for: test_sgvs.[object Object]
ensuring index for: treatments.created_at
ensuring index for: treatments.eventType
ensuring index for: treatments.insulin
ensuring index for: treatments.carbs
ensuring index for: treatments.glucose
ensuring index for: treatments.enteredBy
ensuring index for: treatments.boluscalc.foods._id
ensuring index for: treatments.notes
ensuring index for: treatments.NSCLIENT_ID
ensuring index for: treatments.percent
ensuring index for: treatments.absolute
ensuring index for: treatments.duration
ensuring index for: treatments.[object Object]
ensuring index for: devicestatus.created_at
ensuring index for: devicestatus.NSCLIENT_ID
ensuring index for: profile.startDate
ensuring index for: food.type
ensuring index for: food.position
ensuring index for: food.hidden
ensuring index for: activity.created_at
Executing setupListeners
Executing setupConnect
Skipping disabled nightscout-connect
Executing setupBridge
Dexcom bridge not enabled
Executing setupMMConnect
MiniMed Connect not enabled
Executing finishBoot
tick 2026-01-18T05:43:28.384Z
Load Complete:
	 treatments:1, devicestatus:20
data loaded: reloading sandbox data and updating plugins
removed undefined { acknowledged: true, deletedCount: 20 }
[32mWS: [0mConnection from client ID:  sC0DmJD3CGPgv9oXAAAG  IP:  ::ffff:127.0.0.1
[32mWS: [0mdbAdd client ID:  sC0DmJD3CGPgv9oXAAAG  data:  {
  collection: 'devicestatus',
  data: {
    device: 'ws-test-device',
    created_at: '2026-01-18T05:43:28.392Z',
    uploaderBattery: 99
  }
}
got data-received event, requesting reload
ok 612 WebSocket Shape Handling - dbAdd Single vs Array Input dbAdd with devicestatus collection dbAdd accepts single object for devicestatus
Load Complete:
	 treatments:1, devicestatus:1
data loaded: reloading sandbox data and updating plugins
[32mWS: [0mDisconnected client ID:  sC0DmJD3CGPgv9oXAAAG
API_SECRET has 159 bits of entropy
++++++++++++++++++++++++++++++
Nightscout Executing startBoot
++++++++++++++++++++++++++++++
Executing checkNodeVersion
Node LTS version v14.21.3 is supported
Executing checkEnv
Executing augmentSettings
Executing checkSettings
Checking settings
Executing setupStorage
Reusing MongoDB connection handler
Mongo Storage system ready
Executing setupAuthorization
ensuring index for: auth_roles.name
ensuring index for: auth_subjects.name
Reloading auth data
Loading { sort: { name: 1 } }
Roles listed
Loading { sort: { name: 1 } }
Executing setupInternals
Pushover was NOT configured
Executing ensureIndexes
Ensuring indexes
ensuring index for: test_sgvs.date
ensuring index for: test_sgvs.type
ensuring index for: test_sgvs.sgv
ensuring index for: test_sgvs.mbg
ensuring index for: test_sgvs.sysTime
ensuring index for: test_sgvs.dateString
ensuring index for: test_sgvs.[object Object]
ensuring index for: treatments.created_at
ensuring index for: treatments.eventType
ensuring index for: treatments.insulin
ensuring index for: treatments.carbs
ensuring index for: treatments.glucose
ensuring index for: treatments.enteredBy
ensuring index for: treatments.boluscalc.foods._id
ensuring index for: treatments.notes
ensuring index for: treatments.NSCLIENT_ID
ensuring index for: treatments.percent
ensuring index for: treatments.absolute
ensuring index for: treatments.duration
ensuring index for: treatments.[object Object]
ensuring index for: devicestatus.created_at
ensuring index for: devicestatus.NSCLIENT_ID
ensuring index for: profile.startDate
ensuring index for: food.type
ensuring index for: food.position
ensuring index for: food.hidden
ensuring index for: activity.created_at
Executing setupListeners
Executing setupConnect
Skipping disabled nightscout-connect
Executing setupBridge
Dexcom bridge not enabled
Executing setupMMConnect
MiniMed Connect not enabled
Executing finishBoot
tick 2026-01-18T05:43:28.403Z
Load Complete:
	 treatments:1, devicestatus:1
data loaded: reloading sandbox data and updating plugins
removed undefined { acknowledged: true, deletedCount: 1 }
[32mWS: [0mConnection from client ID:  0TxrHudtPvqebHf7AAAI  IP:  ::ffff:127.0.0.1
[32mWS: [0mdbAdd client ID:  0TxrHudtPvqebHf7AAAI  data:  {
  collection: 'devicestatus',
  data: [
    {
      device: 'ws-device-1',
      created_at: '2026-01-18T05:43:28.410Z',
      uploaderBattery: 80
    },
    {
      device: 'ws-device-2',
      created_at: '2026-01-18T05:43:29.410Z',
      uploaderBattery: 75
    }
  ]
}
[32mWS: [0mdbAdd received array with 2 items
got data-received event, requesting reload
got data-received event, requesting reload
dbAdd devicestatus array result: [{"device":"ws-device-1","created_at":"2026-01-18T05:43:28.410Z","uploaderBattery":80,"_id":"696c7300dd4dc41f4351bfa6"},{"device":"ws-device-2","created_at":"2026-01-18T05:43:29.410Z","uploaderBattery":75,"_id":"696c7300dd4dc41f4351bfa7"}]
ok 613 WebSocket Shape Handling - dbAdd Single vs Array Input dbAdd with devicestatus collection dbAdd with array input for devicestatus - current behavior test
Load Complete:
	 treatments:1, devicestatus:2
data loaded: reloading sandbox data and updating plugins
Load Complete:
	 treatments:1, devicestatus:2
data loaded: reloading sandbox data and updating plugins
[32mWS: [0mDisconnected client ID:  0TxrHudtPvqebHf7AAAI
API_SECRET has 159 bits of entropy
++++++++++++++++++++++++++++++
Nightscout Executing startBoot
++++++++++++++++++++++++++++++
Executing checkNodeVersion
Node LTS version v14.21.3 is supported
Executing checkEnv
Executing augmentSettings
Executing checkSettings
Checking settings
Executing setupStorage
Reusing MongoDB connection handler
Mongo Storage system ready
Executing setupAuthorization
ensuring index for: auth_roles.name
ensuring index for: auth_subjects.name
Reloading auth data
Loading { sort: { name: 1 } }
Roles listed
Loading { sort: { name: 1 } }
Executing setupInternals
Pushover was NOT configured
Executing ensureIndexes
Ensuring indexes
ensuring index for: test_sgvs.date
ensuring index for: test_sgvs.type
ensuring index for: test_sgvs.sgv
ensuring index for: test_sgvs.mbg
ensuring index for: test_sgvs.sysTime
ensuring index for: test_sgvs.dateString
ensuring index for: test_sgvs.[object Object]
ensuring index for: treatments.created_at
ensuring index for: treatments.eventType
ensuring index for: treatments.insulin
ensuring index for: treatments.carbs
ensuring index for: treatments.glucose
ensuring index for: treatments.enteredBy
ensuring index for: treatments.boluscalc.foods._id
ensuring index for: treatments.notes
ensuring index for: treatments.NSCLIENT_ID
ensuring index for: treatments.percent
ensuring index for: treatments.absolute
ensuring index for: treatments.duration
ensuring index for: treatments.[object Object]
ensuring index for: devicestatus.created_at
ensuring index for: devicestatus.NSCLIENT_ID
ensuring index for: profile.startDate
ensuring index for: food.type
ensuring index for: food.position
ensuring index for: food.hidden
ensuring index for: activity.created_at
Executing setupListeners
Executing setupConnect
Skipping disabled nightscout-connect
Executing setupBridge
Dexcom bridge not enabled
Executing setupMMConnect
MiniMed Connect not enabled
Executing finishBoot
tick 2026-01-18T05:43:28.422Z
Load Complete:
	 treatments:1, devicestatus:2
data loaded: reloading sandbox data and updating plugins
[32mWS: [0mConnection from client ID:  ye1qlQWimTJeMgRWAAAK  IP:  ::ffff:127.0.0.1
[32mWS: [0mdbAdd client ID:  ye1qlQWimTJeMgRWAAAK  data:  {
  collection: 'entries',
  data: {
    type: 'sgv',
    sgv: 120,
    date: 1768715008429,
    dateString: '2026-01-18T05:43:28.429Z'
  }
}
got data-received event, requesting reload
ok 614 WebSocket Shape Handling - dbAdd Single vs Array Input dbAdd with entries collection dbAdd accepts single object for entries
Load Complete:
	 sgvs:1, treatments:1, devicestatus:2
data loaded: reloading sandbox data and updating plugins
[32mWS: [0mDisconnected client ID:  ye1qlQWimTJeMgRWAAAK
API_SECRET has 159 bits of entropy
++++++++++++++++++++++++++++++
Nightscout Executing startBoot
++++++++++++++++++++++++++++++
Executing checkNodeVersion
Node LTS version v14.21.3 is supported
Executing checkEnv
Executing augmentSettings
Executing checkSettings
Checking settings
Executing setupStorage
Reusing MongoDB connection handler
Mongo Storage system ready
Executing setupAuthorization
ensuring index for: auth_roles.name
ensuring index for: auth_subjects.name
Reloading auth data
Loading { sort: { name: 1 } }
Roles listed
Loading { sort: { name: 1 } }
Executing setupInternals
Pushover was NOT configured
Executing ensureIndexes
Ensuring indexes
ensuring index for: test_sgvs.date
ensuring index for: test_sgvs.type
ensuring index for: test_sgvs.sgv
ensuring index for: test_sgvs.mbg
ensuring index for: test_sgvs.sysTime
ensuring index for: test_sgvs.dateString
ensuring index for: test_sgvs.[object Object]
ensuring index for: treatments.created_at
ensuring index for: treatments.eventType
ensuring index for: treatments.insulin
ensuring index for: treatments.carbs
ensuring index for: treatments.glucose
ensuring index for: treatments.enteredBy
ensuring index for: treatments.boluscalc.foods._id
ensuring index for: treatments.notes
ensuring index for: treatments.NSCLIENT_ID
ensuring index for: treatments.percent
ensuring index for: treatments.absolute
ensuring index for: treatments.duration
ensuring index for: treatments.[object Object]
ensuring index for: devicestatus.created_at
ensuring index for: devicestatus.NSCLIENT_ID
ensuring index for: profile.startDate
ensuring index for: food.type
ensuring index for: food.position
ensuring index for: food.hidden
ensuring index for: activity.created_at
Executing setupListeners
Executing setupConnect
Skipping disabled nightscout-connect
Executing setupBridge
Dexcom bridge not enabled
Executing setupMMConnect
MiniMed Connect not enabled
Executing finishBoot
tick 2026-01-18T05:43:28.437Z
Load Complete:
	 sgvs:1, treatments:1, devicestatus:2
data loaded: reloading sandbox data and updating plugins
[32mWS: [0mConnection from client ID:  Cmk2ymLAJOPVcro9AAAM  IP:  ::ffff:127.0.0.1
[32mWS: [0mdbAdd client ID:  Cmk2ymLAJOPVcro9AAAM  data:  {
  collection: 'entries',
  data: [
    {
      type: 'sgv',
      sgv: 115,
      date: 1768715008445,
      dateString: '2026-01-18T05:43:28.445Z'
    },
    {
      type: 'sgv',
      sgv: 120,
      date: 1768715308445,
      dateString: '2026-01-18T05:48:28.445Z'
    }
  ]
}
[32mWS: [0mdbAdd received array with 2 items
got data-received event, requesting reload
got data-received event, requesting reload
dbAdd entries array result: [{"type":"sgv","sgv":115,"date":1768715008445,"dateString":"2026-01-18T05:43:28.445Z","created_at":"2026-01-18T05:43:28.445Z","_id":"696c7300dd4dc41f4351bfa9"},{"type":"sgv","sgv":120,"date":1768715308445,"dateString":"2026-01-18T05:48:28.445Z","created_at":"2026-01-18T05:43:28.445Z","_id":"696c7300dd4dc41f4351bfaa"}]
ok 615 WebSocket Shape Handling - dbAdd Single vs Array Input dbAdd with entries collection dbAdd with array input for entries - current behavior test
Load Complete:
	 sgvs:3, treatments:1, devicestatus:2
data loaded: reloading sandbox data and updating plugins
Load Complete:
	 sgvs:3, treatments:1, devicestatus:2
data loaded: reloading sandbox data and updating plugins
[32mWS: [0mDisconnected client ID:  Cmk2ymLAJOPVcro9AAAM
API_SECRET has 159 bits of entropy
++++++++++++++++++++++++++++++
Nightscout Executing startBoot
++++++++++++++++++++++++++++++
Executing checkNodeVersion
Node LTS version v14.21.3 is supported
Executing checkEnv
Executing augmentSettings
Executing checkSettings
Checking settings
Executing setupStorage
Reusing MongoDB connection handler
Mongo Storage system ready
Executing setupAuthorization
ensuring index for: auth_roles.name
ensuring index for: auth_subjects.name
Reloading auth data
Loading { sort: { name: 1 } }
Roles listed
Loading { sort: { name: 1 } }
Executing setupInternals
Pushover was NOT configured
Executing ensureIndexes
Ensuring indexes
ensuring index for: test_sgvs.date
ensuring index for: test_sgvs.type
ensuring index for: test_sgvs.sgv
ensuring index for: test_sgvs.mbg
ensuring index for: test_sgvs.sysTime
ensuring index for: test_sgvs.dateString
ensuring index for: test_sgvs.[object Object]
ensuring index for: treatments.created_at
ensuring index for: treatments.eventType
ensuring index for: treatments.insulin
ensuring index for: treatments.carbs
ensuring index for: treatments.glucose
ensuring index for: treatments.enteredBy
ensuring index for: treatments.boluscalc.foods._id
ensuring index for: treatments.notes
ensuring index for: treatments.NSCLIENT_ID
ensuring index for: treatments.percent
ensuring index for: treatments.absolute
ensuring index for: treatments.duration
ensuring index for: treatments.[object Object]
ensuring index for: devicestatus.created_at
ensuring index for: devicestatus.NSCLIENT_ID
ensuring index for: profile.startDate
ensuring index for: food.type
ensuring index for: food.position
ensuring index for: food.hidden
ensuring index for: activity.created_at
Executing setupListeners
Executing setupConnect
Skipping disabled nightscout-connect
Executing setupBridge
Dexcom bridge not enabled
Executing setupMMConnect
MiniMed Connect not enabled
Executing finishBoot
tick 2026-01-18T05:43:28.458Z
Load Complete:
	 sgvs:3, treatments:1, devicestatus:2
data loaded: reloading sandbox data and updating plugins
got data-received event, requesting reload
Load Complete:
	 sgvs:3, devicestatus:2
data loaded: reloading sandbox data and updating plugins
[32mWS: [0mConnection from client ID:  JQrbcJAwrr8lpPzoAAAO  IP:  ::ffff:127.0.0.1
[32mWS: [0mdbAdd client ID:  JQrbcJAwrr8lpPzoAAAO  data:  {
  collection: 'treatments',
  data: {
    eventType: 'Note',
    created_at: '2026-01-18T05:43:28.468Z',
    notes: 'original note'
  }
}
[35mDEDUPE: [0mAdding new record
got data-received event, requesting reload
[32mWS: [0mdbUpdate client ID:  JQrbcJAwrr8lpPzoAAAO  data:  {
  collection: 'treatments',
  _id: '696c7300dd4dc41f4351bfab',
  data: { notes: 'updated note' }
}
got data-received event, requesting reload
Load Complete:
	 sgvs:3
data loaded: reloading sandbox data and updating plugins
ok 616 WebSocket Shape Handling - dbAdd Single vs Array Input dbUpdate operations dbUpdate modifies single treatment
Got results {
  _id: new ObjectId("696c7300dd4dc41f4351bfab"),
  eventType: 'Note',
  created_at: '2026-01-18T05:43:28.468Z',
  notes: 'updated note'
}
Load Complete:
	 sgvs:3, treatments:1, devicestatus:2
data loaded: reloading sandbox data and updating plugins
[32mWS: [0mDisconnected client ID:  JQrbcJAwrr8lpPzoAAAO
API_SECRET has 159 bits of entropy
++++++++++++++++++++++++++++++
Nightscout Executing startBoot
++++++++++++++++++++++++++++++
Executing checkNodeVersion
Node LTS version v14.21.3 is supported
Executing checkEnv
Executing augmentSettings
Executing checkSettings
Checking settings
Executing setupStorage
Reusing MongoDB connection handler
Mongo Storage system ready
Executing setupAuthorization
ensuring index for: auth_roles.name
ensuring index for: auth_subjects.name
Reloading auth data
Loading { sort: { name: 1 } }
Roles listed
Loading { sort: { name: 1 } }
Executing setupInternals
Pushover was NOT configured
Executing ensureIndexes
Ensuring indexes
ensuring index for: test_sgvs.date
ensuring index for: test_sgvs.type
ensuring index for: test_sgvs.sgv
ensuring index for: test_sgvs.mbg
ensuring index for: test_sgvs.sysTime
ensuring index for: test_sgvs.dateString
ensuring index for: test_sgvs.[object Object]
ensuring index for: treatments.created_at
ensuring index for: treatments.eventType
ensuring index for: treatments.insulin
ensuring index for: treatments.carbs
ensuring index for: treatments.glucose
ensuring index for: treatments.enteredBy
ensuring index for: treatments.boluscalc.foods._id
ensuring index for: treatments.notes
ensuring index for: treatments.NSCLIENT_ID
ensuring index for: treatments.percent
ensuring index for: treatments.absolute
ensuring index for: treatments.duration
ensuring index for: treatments.[object Object]
ensuring index for: devicestatus.created_at
ensuring index for: devicestatus.NSCLIENT_ID
ensuring index for: profile.startDate
ensuring index for: food.type
ensuring index for: food.position
ensuring index for: food.hidden
ensuring index for: activity.created_at
Executing setupListeners
Executing setupConnect
Skipping disabled nightscout-connect
Executing setupBridge
Dexcom bridge not enabled
Executing setupMMConnect
MiniMed Connect not enabled
Executing finishBoot
tick 2026-01-18T05:43:28.481Z
Load Complete:
	 sgvs:3, treatments:1, devicestatus:2
data loaded: reloading sandbox data and updating plugins
got data-received event, requesting reload
Load Complete:
	 sgvs:3, devicestatus:2
data loaded: reloading sandbox data and updating plugins
[32mWS: [0mConnection from client ID:  ibZrrS4o5mriBvvVAAAQ  IP:  ::ffff:127.0.0.1
[32mWS: [0mdbAdd client ID:  ibZrrS4o5mriBvvVAAAQ  data:  {
  collection: 'treatments',
  data: {
    eventType: 'Note',
    created_at: '2026-01-18T05:43:28.491Z',
    notes: 'to be deleted'
  }
}
[35mDEDUPE: [0mAdding new record
got data-received event, requesting reload
[32mWS: [0mdbRemove client ID:  ibZrrS4o5mriBvvVAAAQ  data:  { collection: 'treatments', _id: '696c7300dd4dc41f4351bfac' }
got data-received event, requesting reload
Load Complete:
	 sgvs:3
data loaded: reloading sandbox data and updating plugins
ok 617 WebSocket Shape Handling - dbAdd Single vs Array Input dbRemove operations dbRemove deletes single treatment
Load Complete:
	 sgvs:3, devicestatus:2
data loaded: reloading sandbox data and updating plugins
[32mWS: [0mDisconnected client ID:  ibZrrS4o5mriBvvVAAAQ
API_SECRET has 159 bits of entropy
++++++++++++++++++++++++++++++
Nightscout Executing startBoot
++++++++++++++++++++++++++++++
Executing checkNodeVersion
Node LTS version v14.21.3 is supported
Executing checkEnv
Executing augmentSettings
Executing checkSettings
Checking settings
Executing setupStorage
Reusing MongoDB connection handler
Mongo Storage system ready
Executing setupAuthorization
ensuring index for: auth_roles.name
ensuring index for: auth_subjects.name
Reloading auth data
Loading { sort: { name: 1 } }
Roles listed
Loading { sort: { name: 1 } }
Executing setupInternals
Pushover was NOT configured
Executing ensureIndexes
Ensuring indexes
ensuring index for: test_sgvs.date
ensuring index for: test_sgvs.type
ensuring index for: test_sgvs.sgv
ensuring index for: test_sgvs.mbg
ensuring index for: test_sgvs.sysTime
ensuring index for: test_sgvs.dateString
ensuring index for: test_sgvs.[object Object]
ensuring index for: treatments.created_at
ensuring index for: treatments.eventType
ensuring index for: treatments.insulin
ensuring index for: treatments.carbs
ensuring index for: treatments.glucose
ensuring index for: treatments.enteredBy
ensuring index for: treatments.boluscalc.foods._id
ensuring index for: treatments.notes
ensuring index for: treatments.NSCLIENT_ID
ensuring index for: treatments.percent
ensuring index for: treatments.absolute
ensuring index for: treatments.duration
ensuring index for: treatments.[object Object]
ensuring index for: devicestatus.created_at
ensuring index for: devicestatus.NSCLIENT_ID
ensuring index for: profile.startDate
ensuring index for: food.type
ensuring index for: food.position
ensuring index for: food.hidden
ensuring index for: activity.created_at
Executing setupListeners
Executing setupConnect
Skipping disabled nightscout-connect
Executing setupBridge
Dexcom bridge not enabled
Executing setupMMConnect
MiniMed Connect not enabled
Executing finishBoot
tick 2026-01-18T05:43:28.504Z
Load Complete:
	 sgvs:3, devicestatus:2
data loaded: reloading sandbox data and updating plugins
got data-received event, requesting reload
Load Complete:
	 sgvs:3, devicestatus:2
data loaded: reloading sandbox data and updating plugins
[32mWS: [0mConnection from client ID:  XHslLNOggSir6CPQAAAS  IP:  ::ffff:127.0.0.1
[32mWS: [0mdbAdd client ID:  XHslLNOggSir6CPQAAAS  data:  {
  collection: 'treatments',
  data: [
    {
      eventType: 'Note',
      created_at: '2026-01-18T05:43:28.514Z',
      notes: 'array item 1'
    },
    {
      eventType: 'Note',
      created_at: '2026-01-18T05:43:29.514Z',
      notes: 'array item 2'
    },
    {
      eventType: 'Note',
      created_at: '2026-01-18T05:43:30.514Z',
      notes: 'array item 3'
    }
  ]
}
[32mWS: [0mdbAdd received array with 3 items
[35mDEDUPE: [0mAdding new record
got data-received event, requesting reload
[35mDEDUPE: [0mFound similiar {
  _id: new ObjectId("696c7300dd4dc41f4351bfad"),
  eventType: 'Note',
  created_at: '2026-01-18T05:43:28.514Z',
  notes: 'array item 1'
}
got data-received event, requesting reload
Load Complete:
	 sgvs:3, devicestatus:2
data loaded: reloading sandbox data and updating plugins
Load Complete:
	 sgvs:3, treatments:1, devicestatus:2
data loaded: reloading sandbox data and updating plugins
[35mDEDUPE: [0mFound similiar {
  _id: new ObjectId("696c7300dd4dc41f4351bfad"),
  eventType: 'Note',
  created_at: '2026-01-18T05:43:29.514Z',
  notes: 'array item 1'
}
got data-received event, requesting reload
Array input result type: object
Array input result: [
  {
    "eventType": "Note",
    "created_at": "2026-01-18T05:43:28.514Z",
    "notes": "array item 1",
    "_id": "696c7300dd4dc41f4351bfad"
  },
  {
    "_id": "696c7300dd4dc41f4351bfad",
    "eventType": "Note",
    "created_at": "2026-01-18T05:43:29.514Z",
    "notes": "array item 1"
  },
  {
    "_id": "696c7300dd4dc41f4351bfad",
    "eventType": "Note",
    "created_at": "2026-01-18T05:43:30.514Z",
    "notes": "array item 1"
  }
]
Load Complete:
	 sgvs:3, treatments:1, devicestatus:2
data loaded: reloading sandbox data and updating plugins
Total treatments in DB after array dbAdd: 1
Treatments: [
  {
    "_id": "696c7300dd4dc41f4351bfad",
    "eventType": "Note",
    "created_at": "2026-01-18T05:43:30.514Z",
    "notes": "array item 1"
  }
]
ok 618 WebSocket dbAdd Array Handling Investigation Array input behavior with insertOne (MongoDB 5.x migration) verify insertOne behavior when array is passed - EXPECTED TO DEMONSTRATE ISSUE
[32mWS: [0mDisconnected client ID:  XHslLNOggSir6CPQAAAS
API_SECRET has 159 bits of entropy
++++++++++++++++++++++++++++++
Nightscout Executing startBoot
++++++++++++++++++++++++++++++
Executing checkNodeVersion
Node LTS version v14.21.3 is supported
Executing checkEnv
Executing augmentSettings
Executing checkSettings
Checking settings
Executing setupStorage
Reusing MongoDB connection handler
Mongo Storage system ready
Executing setupAuthorization
ensuring index for: auth_roles.name
ensuring index for: auth_subjects.name
Reloading auth data
Loading { sort: { name: 1 } }
Roles listed
Loading { sort: { name: 1 } }
Executing setupInternals
Pushover was NOT configured
Executing ensureIndexes
Ensuring indexes
ensuring index for: test_sgvs.date
ensuring index for: test_sgvs.type
ensuring index for: test_sgvs.sgv
ensuring index for: test_sgvs.mbg
ensuring index for: test_sgvs.sysTime
ensuring index for: test_sgvs.dateString
ensuring index for: test_sgvs.[object Object]
ensuring index for: treatments.created_at
ensuring index for: treatments.eventType
ensuring index for: treatments.insulin
ensuring index for: treatments.carbs
ensuring index for: treatments.glucose
ensuring index for: treatments.enteredBy
ensuring index for: treatments.boluscalc.foods._id
ensuring index for: treatments.notes
ensuring index for: treatments.NSCLIENT_ID
ensuring index for: treatments.percent
ensuring index for: treatments.absolute
ensuring index for: treatments.duration
ensuring index for: treatments.[object Object]
ensuring index for: devicestatus.created_at
ensuring index for: devicestatus.NSCLIENT_ID
ensuring index for: profile.startDate
ensuring index for: food.type
ensuring index for: food.position
ensuring index for: food.hidden
ensuring index for: activity.created_at
Executing setupListeners
Executing setupConnect
Skipping disabled nightscout-connect
Executing setupBridge
Dexcom bridge not enabled
Executing setupMMConnect
MiniMed Connect not enabled
Executing finishBoot
tick 2026-01-18T05:43:29.036Z
Load Complete:
	 sgvs:3, treatments:1, devicestatus:2
data loaded: reloading sandbox data and updating plugins
got data-received event, requesting reload
Load Complete:
	 sgvs:3, devicestatus:2
data loaded: reloading sandbox data and updating plugins
[32mWS: [0mConnection from client ID:  BDFBykrnDylUv8OIAAAU  IP:  ::ffff:127.0.0.1
[32mWS: [0mdbAdd client ID:  BDFBykrnDylUv8OIAAAU  data:  {
  collection: 'treatments',
  data: {
    eventType: 'Note',
    created_at: '2026-01-18T05:43:29.050Z',
    notes: 'individual item 0'
  }
}
[32mWS: [0mdbAdd client ID:  BDFBykrnDylUv8OIAAAU  data:  {
  collection: 'treatments',
  data: {
    eventType: 'Note',
    created_at: '2026-01-18T05:43:30.050Z',
    notes: 'individual item 1'
  }
}
[32mWS: [0mdbAdd client ID:  BDFBykrnDylUv8OIAAAU  data:  {
  collection: 'treatments',
  data: {
    eventType: 'Note',
    created_at: '2026-01-18T05:43:31.050Z',
    notes: 'individual item 2'
  }
}
[35mDEDUPE: [0mAdding new record
[35mDEDUPE: [0mAdding new record
[35mDEDUPE: [0mAdding new record
got data-received event, requesting reload
got data-received event, requesting reload
got data-received event, requesting reload
Load Complete:
	 sgvs:3, treatments:3, devicestatus:2
data loaded: reloading sandbox data and updating plugins
Load Complete:
	 sgvs:3, treatments:3, devicestatus:2
data loaded: reloading sandbox data and updating plugins
Load Complete:
	 sgvs:3, treatments:3, devicestatus:2
data loaded: reloading sandbox data and updating plugins
Total treatments after 3 individual dbAdd calls: 3
ok 619 WebSocket dbAdd Array Handling Investigation Array input behavior with insertOne (MongoDB 5.x migration) compare single dbAdd calls vs one array dbAdd call
[32mWS: [0mDisconnected client ID:  BDFBykrnDylUv8OIAAAU
# tests 618
# pass 618
# fail 0
1..619
